Archive member included because of file (symbol)

.\ARM_GCC_493\Debug\USB_UART01.a(cyfitter_cfg.o)
                              .\ARM_GCC_493\Debug\Cm3Start.o (cyfitter_cfg)
.\ARM_GCC_493\Debug\USB_UART01.a(USBUART_1.o)
                              .\ARM_GCC_493\Debug\main.o (USBUART_1_Start)
.\ARM_GCC_493\Debug\USB_UART01.a(USBUART_1_cdc.o)
                              .\ARM_GCC_493\Debug\main.o (USBUART_1_CDC_Init)
.\ARM_GCC_493\Debug\USB_UART01.a(USBUART_1_drv.o)
                              .\ARM_GCC_493\Debug\USB_UART01.a(USBUART_1.o) (USBUART_1_EP)
.\ARM_GCC_493\Debug\USB_UART01.a(USBUART_1_episr.o)
                              .\ARM_GCC_493\Debug\USB_UART01.a(USBUART_1.o) (USBUART_1_EP_1_ISR)
.\ARM_GCC_493\Debug\USB_UART01.a(USBUART_1_hid.o)
                              .\ARM_GCC_493\Debug\USB_UART01.a(USBUART_1.o) (USBUART_1_hidProtocol)
.\ARM_GCC_493\Debug\USB_UART01.a(USBUART_1_std.o)
                              .\ARM_GCC_493\Debug\USB_UART01.a(USBUART_1_drv.o) (USBUART_1_HandleStandardRqst)
.\ARM_GCC_493\Debug\USB_UART01.a(USBUART_1_vnd.o)
                              .\ARM_GCC_493\Debug\USB_UART01.a(USBUART_1_drv.o) (USBUART_1_HandleVendorRqst)
.\ARM_GCC_493\Debug\USB_UART01.a(LCD.o)
                              .\ARM_GCC_493\Debug\main.o (LCD_Start)
.\ARM_GCC_493\Debug\USB_UART01.a(CyBootAsmGnu.o)
                              .\ARM_GCC_493\Debug\USB_UART01.a(cyfitter_cfg.o) (CyDelayCycles)
.\ARM_GCC_493\Debug\USB_UART01.a(CyLib.o)
                              .\ARM_GCC_493\Debug\Cm3Start.o (CyResetStatus)
.\ARM_GCC_493\Debug\USB_UART01.a(cyPm.o)
                              .\ARM_GCC_493\Debug\USB_UART01.a(CyLib.o) (CyPmReadStatus)
.\ARM_GCC_493\Debug\USB_UART01.a(TX_pin.o)
                              .\ARM_GCC_493\Debug\main.o (TX_pin_Write)
.\ARM_GCC_493\Debug\USB_UART01.a(Timer.o)
                              .\ARM_GCC_493\Debug\main.o (Timer_Start)
.\ARM_GCC_493\Debug\USB_UART01.a(TimerISR.o)
                              .\ARM_GCC_493\Debug\main.o (TimerISR_StartEx)
.\ARM_GCC_493\Debug\USB_UART01.a(LED4.o)
                              .\ARM_GCC_493\Debug\main.o (LED4_Write)
.\ARM_GCC_493\Debug\USB_UART01.a(Idle_Collision_Timer.o)
                              .\ARM_GCC_493\Debug\main.o (Idle_Collision_Timer_Start)
.\ARM_GCC_493\Debug\USB_UART01.a(Receive.o)
                              .\ARM_GCC_493\Debug\main.o (Receive_Read)
.\ARM_GCC_493\Debug\USB_UART01.a(Edge_detect_IRQ.o)
                              .\ARM_GCC_493\Debug\main.o (Edge_detect_IRQ_StartEx)
.\ARM_GCC_493\Debug\USB_UART01.a(Idle_Collision_IRQ.o)
                              .\ARM_GCC_493\Debug\main.o (Idle_Collision_IRQ_StartEx)
.\ARM_GCC_493\Debug\USB_UART01.a(LED3.o)
                              .\ARM_GCC_493\Debug\main.o (LED3_Write)
.\ARM_GCC_493\Debug\USB_UART01.a(LED2.o)
                              .\ARM_GCC_493\Debug\main.o (LED2_Write)
.\ARM_GCC_493\Debug\USB_UART01.a(Counter.o)
                              .\ARM_GCC_493\Debug\main.o (Counter_Start)
.\ARM_GCC_493\Debug\USB_UART01.a(USBUART_1_cls.o)
                              .\ARM_GCC_493\Debug\USB_UART01.a(USBUART_1_drv.o) (USBUART_1_DispatchClassRqst)
.\ARM_GCC_493\Debug\USB_UART01.a(USBUART_1_descr.o)
                              .\ARM_GCC_493\Debug\USB_UART01.a(USBUART_1_std.o) (USBUART_1_DEVICE0_DESCR)
.\ARM_GCC_493\Debug\USB_UART01.a(CyFlash.o)
                              .\ARM_GCC_493\Debug\USB_UART01.a(cyPm.o) (CyFlash_SetWaitCycles)
.\ARM_GCC_493\Debug\USB_UART01.a(CySpc.o)
                              .\ARM_GCC_493\Debug\USB_UART01.a(CyFlash.o) (CySpcStart)
d:/program files/cypress/psoc creator/3.3/psoc creator/import/gnu/arm/4.9.3/bin/../lib/gcc/arm-none-eabi/4.9.3/armv7-m\libgcc.a(_arm_addsubdf3.o)
                              .\ARM_GCC_493\Debug\main.o (__aeabi_i2d)
d:/program files/cypress/psoc creator/3.3/psoc creator/import/gnu/arm/4.9.3/bin/../lib/gcc/arm-none-eabi/4.9.3/armv7-m\libgcc.a(_arm_muldivdf3.o)
                              .\ARM_GCC_493\Debug\main.o (__aeabi_dmul)
d:/program files/cypress/psoc creator/3.3/psoc creator/import/gnu/arm/4.9.3/bin/../lib/gcc/arm-none-eabi/4.9.3/armv7-m\libgcc.a(_arm_fixdfsi.o)
                              .\ARM_GCC_493\Debug\main.o (__aeabi_d2iz)
d:/program files/cypress/psoc creator/3.3/psoc creator/import/gnu/arm/4.9.3/bin/../lib/gcc/arm-none-eabi/4.9.3/../../../../arm-none-eabi/lib/armv7-m\libg_nano.a(lib_a-errno.o)
                              .\ARM_GCC_493\Debug\Cm3Start.o (__errno)
d:/program files/cypress/psoc creator/3.3/psoc creator/import/gnu/arm/4.9.3/bin/../lib/gcc/arm-none-eabi/4.9.3/../../../../arm-none-eabi/lib/armv7-m\libg_nano.a(lib_a-exit.o)
                              d:/program files/cypress/psoc creator/3.3/psoc creator/import/gnu/arm/4.9.3/bin/../lib/gcc/arm-none-eabi/4.9.3/../../../../arm-none-eabi/lib/armv7-m/crt0.o (exit)
[...]
Memory Configuration

Name             Origin             Length             Attributes
rom              0x00000000         0x00040000         xr
ram              0x1fff8000         0x00010000         xrw
*default*        0x00000000         0xffffffff

Linker script and memory map

LOAD d:/program files/cypress/psoc creator/3.3/psoc creator/import/gnu/arm/4.9.3/bin/../lib/gcc/arm-none-eabi/4.9.3/armv7-m/crti.o
LOAD d:/program files/cypress/psoc creator/3.3/psoc creator/import/gnu/arm/4.9.3/bin/../lib/gcc/arm-none-eabi/4.9.3/armv7-m/crtbegin.o
LOAD d:/program files/cypress/psoc creator/3.3/psoc creator/import/gnu/arm/4.9.3/bin/../lib/gcc/arm-none-eabi/4.9.3/../../../../arm-none-eabi/lib/armv7-m/crt0.o
START GROUP
LOAD .\ARM_GCC_493\Debug\main.o
LOAD .\ARM_GCC_493\Debug\cymetadata.o
LOAD .\ARM_GCC_493\Debug\Cm3Start.o
LOAD .\ARM_GCC_493\Debug\USB_UART01.a
LOAD D:\Program Files\Cypress\PSoC Creator\3.3\PSoC Creator\psoc\content\cycomponentlibrary\CyComponentLibrary.cylib\CortexM3\ARM_GCC_493\Debug\CyComponentLibrary.a
END GROUP
START GROUP
LOAD d:/program files/cypress/psoc creator/3.3/psoc creator/import/gnu/arm/4.9.3/bin/../lib/gcc/arm-none-eabi/4.9.3/armv7-m\libgcc.a
LOAD d:/program files/cypress/psoc creator/3.3/psoc creator/import/gnu/arm/4.9.3/bin/../lib/gcc/arm-none-eabi/4.9.3/../../../../arm-none-eabi/lib/armv7-m\libg_nano.a
LOAD d:/program files/cypress/psoc creator/3.3/psoc creator/import/gnu/arm/4.9.3/bin/../lib/gcc/arm-none-eabi/4.9.3/../../../../arm-none-eabi/lib/armv7-m\libc_nano.a
END GROUP
START GROUP
LOAD d:/program files/cypress/psoc creator/3.3/psoc creator/import/gnu/arm/4.9.3/bin/../lib/gcc/arm-none-eabi/4.9.3/armv7-m\libgcc.a
LOAD d:/program files/cypress/psoc creator/3.3/psoc creator/import/gnu/arm/4.9.3/bin/../lib/gcc/arm-none-eabi/4.9.3/../../../../arm-none-eabi/lib/armv7-m\libc_nano.a
END GROUP
LOAD d:/program files/cypress/psoc creator/3.3/psoc creator/import/gnu/arm/4.9.3/bin/../lib/gcc/arm-none-eabi/4.9.3/armv7-m/crtend.o
LOAD d:/program files/cypress/psoc creator/3.3/psoc creator/import/gnu/arm/4.9.3/bin/../lib/gcc/arm-none-eabi/4.9.3/armv7-m/crtn.o
START GROUP
LOAD d:/program files/cypress/psoc creator/3.3/psoc creator/import/gnu/arm/4.9.3/bin/../lib/gcc/arm-none-eabi/4.9.3/armv7-m\libgcc.a
LOAD d:/program files/cypress/psoc creator/3.3/psoc creator/import/gnu/arm/4.9.3/bin/../lib/gcc/arm-none-eabi/4.9.3/../../../../arm-none-eabi/lib/armv7-m\libc.a
LOAD d:/program files/cypress/psoc creator/3.3/psoc creator/import/gnu/arm/4.9.3/bin/../lib/gcc/arm-none-eabi/4.9.3/../../../../arm-none-eabi/lib/armv7-m\libnosys.a
END GROUP
                0x00000000                CY_APPL_ORIGIN = 0x0
                0x00000100                CY_FLASH_ROW_SIZE = 0x100
                0x00000020                CY_ECC_ROW_SIZE = 0x20
                0x00000000                CY_EE_IN_BTLDR = 0x0
                0x00000000                CY_APPL_LOADABLE = 0x0
                0x00000800                CY_EE_SIZE = 0x800
                0x00000001                CY_APPL_NUM = 0x1
                0x00000001                CY_APPL_MAX = 0x1
                0x00000040                CY_METADATA_SIZE = 0x40
                0x00000000                CY_APPL_LOADABLE = 0x0
                0x00000000                CY_CHECKSUM_EXCLUDE_SIZE = ALIGN (0x0, CY_FLASH_ROW_SIZE)
                0x1fff8f30                PROVIDE (__cy_heap_start, _end)
                0x00000001                PROVIDE (__cy_region_num, ((__cy_regions_end - __cy_regions) / 0x10))
                0x20008000                PROVIDE (__cy_stack, (ORIGIN (ram) + 0x10000))
                0x20007800                PROVIDE (__cy_heap_end, (__cy_stack - 0x800))

.cybootloader   0x00000000        0x0
 *(.cybootloader)
                0x00000000                appl1_start = CY_APPL_ORIGIN?CY_APPL_ORIGIN:ALIGN (CY_FLASH_ROW_SIZE)
                0x0001ff00                appl2_start = (appl1_start + ALIGN ((((0x40000 - appl1_start) - (0x2 * CY_FLASH_ROW_SIZE)) / 0x2), CY_FLASH_ROW_SIZE))
                0x00000000                appl_start = (CY_APPL_NUM == 0x1)?appl1_start:appl2_start
                0x00000000                ecc_offset = ((appl_start / CY_FLASH_ROW_SIZE) * CY_ECC_ROW_SIZE)
                0x00000000                ee_offset = (CY_APPL_LOADABLE && ! (CY_EE_IN_BTLDR))?((CY_EE_SIZE / CY_APPL_MAX) * (CY_APPL_NUM - 0x1)):0x0
                0x00000800                ee_size = (CY_APPL_LOADABLE && ! (CY_EE_IN_BTLDR))?(CY_EE_SIZE / CY_APPL_MAX):CY_EE_SIZE
                0x00000000                PROVIDE (CY_ECC_OFFSET, ecc_offset)

.text           0x00000000     0x46c4
 CREATE_OBJECT_SYMBOLS
                0x00000000                PROVIDE (__cy_interrupt_vector, RomVectors)
 *(.romvectors)
 .romvectors    0x00000000       0x10 .\ARM_GCC_493\Debug\Cm3Start.o
                0x00000000                RomVectors
                0x00000001                ASSERT ((. != __cy_interrupt_vector), No interrupt vector)
                0x00000001                ASSERT (CY_APPL_ORIGIN?(SIZEOF (.cybootloader) <= CY_APPL_ORIGIN):0x1, Wrong image location)
                0x00000010                PROVIDE (__cy_reset, Reset)
 *(.text.Reset)
 .text.Reset    0x00000010       0x18 .\ARM_GCC_493\Debug\Cm3Start.o
                0x00000010                Reset
                0x00000001                ASSERT ((. != __cy_reset), No reset code)
 *(.dma_init)
                0x00000001                ASSERT ((((appl_start + .) <= 0x10000) || 0x1), DMA Init must be within the first 64k of flash)
 *(.text .text.* .gnu.linkonce.t.*)
 .text          0x00000028       0x5c d:/program files/cypress/psoc creator/3.3/psoc creator/import/gnu/arm/4.9.3/bin/../lib/gcc/arm-none-eabi/4.9.3/armv7-m/crtbegin.o
 .text.Idle_Collision_ISR
                0x00000084       0x28 .\ARM_GCC_493\Debug\main.o
                0x00000084                Idle_Collision_ISR
 .text.Edge_detect_ISR
                0x000000ac       0x18 .\ARM_GCC_493\Debug\main.o
                0x000000ac                Edge_detect_ISR
 .text.TimerHandler
                0x000000c4       0x1c .\ARM_GCC_493\Debug\main.o
                0x000000c4                TimerHandler
 .text.main     0x000000e0      0x18c .\ARM_GCC_493\Debug\main.o
                0x000000e0                main
 .text.initDiffManEncodedArray
                0x0000026c       0x48 .\ARM_GCC_493\Debug\main.o
                0x0000026c                initDiffManEncodedArray
 .text.stringToDiffMan
                0x000002b4       0x38 .\ARM_GCC_493\Debug\main.o
                0x000002b4                stringToDiffMan
 .text.asciiToDiffMan
                0x000002ec      0x1c4 .\ARM_GCC_493\Debug\main.o
                0x000002ec                asciiToDiffMan
 .text.transmitData
                0x000004b0       0xec .\ARM_GCC_493\Debug\main.o
                0x000004b0                transmitData
 .text.setNetworkStateOnLEDs
                0x0000059c       0x58 .\ARM_GCC_493\Debug\main.o
                0x0000059c                setNetworkStateOnLEDs
 .text.getRandomNumber
                0x000005f4       0x38 .\ARM_GCC_493\Debug\main.o
                0x000005f4                getRandomNumber
 .text.IntDefaultHandler
                0x0000062c        0x8 .\ARM_GCC_493\Debug\Cm3Start.o
                0x0000062c                IntDefaultHandler
 .text._sbrk    0x00000634       0x50 .\ARM_GCC_493\Debug\Cm3Start.o
                0x00000634                _sbrk
 .text.Start_c  0x00000684       0x98 .\ARM_GCC_493\Debug\Cm3Start.o
                0x00000684                Start_c
 .text.initialize_psoc
                0x0000071c       0x8c .\ARM_GCC_493\Debug\Cm3Start.o
                0x0000071c                initialize_psoc
 .text.CYMEMZERO
                0x000007a8       0x1c .\ARM_GCC_493\Debug\USB_UART01.a(cyfitter_cfg.o)
 .text.CYCONFIGCPY
                0x000007c4       0x1c .\ARM_GCC_493\Debug\USB_UART01.a(cyfitter_cfg.o)
 .text.CYCONFIGCPYCODE
                0x000007e0       0x1c .\ARM_GCC_493\Debug\USB_UART01.a(cyfitter_cfg.o)
 .text.CyClockStartupError
                0x000007fc        0xc .\ARM_GCC_493\Debug\USB_UART01.a(cyfitter_cfg.o)
 .text.cfg_write_bytes32
                0x00000808       0x74 .\ARM_GCC_493\Debug\USB_UART01.a(cyfitter_cfg.o)
 .text.ClockSetup
                0x0000087c      0x12c .\ARM_GCC_493\Debug\USB_UART01.a(cyfitter_cfg.o)
 .text.AnalogSetDefault
                0x000009a8       0x44 .\ARM_GCC_493\Debug\USB_UART01.a(cyfitter_cfg.o)
 .text.cyfitter_cfg
                0x000009ec      0x16c .\ARM_GCC_493\Debug\USB_UART01.a(cyfitter_cfg.o)
                0x000009ec                cyfitter_cfg
 .text.USBUART_1_Start
                0x00000b58       0x38 .\ARM_GCC_493\Debug\USB_UART01.a(USBUART_1.o)
                0x00000b58                USBUART_1_Start
 .text.USBUART_1_Init
                0x00000b90      0x18c .\ARM_GCC_493\Debug\USB_UART01.a(USBUART_1.o)
                0x00000b90                USBUART_1_Init
 .text.USBUART_1_InitComponent
                0x00000d1c       0xf8 .\ARM_GCC_493\Debug\USB_UART01.a(USBUART_1.o)
                0x00000d1c                USBUART_1_InitComponent
 .text.USBUART_1_ReInitComponent
                0x00000e14       0x88 .\ARM_GCC_493\Debug\USB_UART01.a(USBUART_1.o)
                0x00000e14                USBUART_1_ReInitComponent
 .text.USBUART_1_GetConfiguration
                0x00000e9c       0x18 .\ARM_GCC_493\Debug\USB_UART01.a(USBUART_1.o)
                0x00000e9c                USBUART_1_GetConfiguration
 .text.USBUART_1_IsConfigurationChanged
                0x00000eb4       0x34 .\ARM_GCC_493\Debug\USB_UART01.a(USBUART_1.o)
                0x00000eb4                USBUART_1_IsConfigurationChanged
 .text.USBUART_1_GetEPCount
                0x00000ee8       0x6c .\ARM_GCC_493\Debug\USB_UART01.a(USBUART_1.o)
                0x00000ee8                USBUART_1_GetEPCount
 .text.USBUART_1_LoadInEP
                0x00000f54      0x108 .\ARM_GCC_493\Debug\USB_UART01.a(USBUART_1.o)
                0x00000f54                USBUART_1_LoadInEP
 .text.USBUART_1_ReadOutEP
                0x0000105c       0x8c .\ARM_GCC_493\Debug\USB_UART01.a(USBUART_1.o)
                0x0000105c                USBUART_1_ReadOutEP
 .text.USBUART_1_EnableOutEP
                0x000010e8       0x60 .\ARM_GCC_493\Debug\USB_UART01.a(USBUART_1.o)
                0x000010e8                USBUART_1_EnableOutEP
 .text.USBUART_1_DispatchCDCClassRqst
                0x00001148       0xcc .\ARM_GCC_493\Debug\USB_UART01.a(USBUART_1_cdc.o)
                0x00001148                USBUART_1_DispatchCDCClassRqst
 .text.USBUART_1_CDC_Init
                0x00001214       0x20 .\ARM_GCC_493\Debug\USB_UART01.a(USBUART_1_cdc.o)
                0x00001214                USBUART_1_CDC_Init
 .text.USBUART_1_PutChar
                0x00001234       0x2c .\ARM_GCC_493\Debug\USB_UART01.a(USBUART_1_cdc.o)
                0x00001234                USBUART_1_PutChar
 .text.USBUART_1_PutCRLF
                0x00001260       0x30 .\ARM_GCC_493\Debug\USB_UART01.a(USBUART_1_cdc.o)
                0x00001260                USBUART_1_PutCRLF
 .text.USBUART_1_DataIsReady
                0x00001290       0x30 .\ARM_GCC_493\Debug\USB_UART01.a(USBUART_1_cdc.o)
                0x00001290                USBUART_1_DataIsReady
 .text.USBUART_1_CDCIsReady
                0x000012c0       0x30 .\ARM_GCC_493\Debug\USB_UART01.a(USBUART_1_cdc.o)
                0x000012c0                USBUART_1_CDCIsReady
 .text.USBUART_1_GetChar
                0x000012f0       0x28 .\ARM_GCC_493\Debug\USB_UART01.a(USBUART_1_cdc.o)
                0x000012f0                USBUART_1_GetChar
 .text.USBUART_1_EP_0_ISR
                0x00001318       0xf8 .\ARM_GCC_493\Debug\USB_UART01.a(USBUART_1_drv.o)
                0x00001318                USBUART_1_EP_0_ISR
 .text.USBUART_1_HandleSetup
                0x00001410       0x88 .\ARM_GCC_493\Debug\USB_UART01.a(USBUART_1_drv.o)
                0x00001410                USBUART_1_HandleSetup
 .text.USBUART_1_HandleIN
                0x00001498       0x4c .\ARM_GCC_493\Debug\USB_UART01.a(USBUART_1_drv.o)
                0x00001498                USBUART_1_HandleIN
 .text.USBUART_1_HandleOUT
                0x000014e4       0x58 .\ARM_GCC_493\Debug\USB_UART01.a(USBUART_1_drv.o)
                0x000014e4                USBUART_1_HandleOUT
 .text.USBUART_1_LoadEP0
                0x0000153c       0xd4 .\ARM_GCC_493\Debug\USB_UART01.a(USBUART_1_drv.o)
                0x0000153c                USBUART_1_LoadEP0
 .text.USBUART_1_InitControlRead
                0x00001610       0x74 .\ARM_GCC_493\Debug\USB_UART01.a(USBUART_1_drv.o)
                0x00001610                USBUART_1_InitControlRead
 .text.USBUART_1_InitZeroLengthControlTransfer
                0x00001684       0x44 .\ARM_GCC_493\Debug\USB_UART01.a(USBUART_1_drv.o)
                0x00001684                USBUART_1_InitZeroLengthControlTransfer
 .text.USBUART_1_ControlReadDataStage
                0x000016c8        0xc .\ARM_GCC_493\Debug\USB_UART01.a(USBUART_1_drv.o)
                0x000016c8                USBUART_1_ControlReadDataStage
 .text.USBUART_1_ControlReadStatusStage
                0x000016d4       0x40 .\ARM_GCC_493\Debug\USB_UART01.a(USBUART_1_drv.o)
                0x000016d4                USBUART_1_ControlReadStatusStage
 .text.USBUART_1_InitControlWrite
                0x00001714       0x68 .\ARM_GCC_493\Debug\USB_UART01.a(USBUART_1_drv.o)
                0x00001714                USBUART_1_InitControlWrite
 .text.USBUART_1_ControlWriteDataStage
                0x0000177c       0xb8 .\ARM_GCC_493\Debug\USB_UART01.a(USBUART_1_drv.o)
                0x0000177c                USBUART_1_ControlWriteDataStage
 .text.USBUART_1_ControlWriteStatusStage
                0x00001834       0x20 .\ARM_GCC_493\Debug\USB_UART01.a(USBUART_1_drv.o)
                0x00001834                USBUART_1_ControlWriteStatusStage
 .text.USBUART_1_InitNoDataControlTransfer
                0x00001854       0x38 .\ARM_GCC_493\Debug\USB_UART01.a(USBUART_1_drv.o)
                0x00001854                USBUART_1_InitNoDataControlTransfer
 .text.USBUART_1_NoDataControlStatusStage
                0x0000188c       0x48 .\ARM_GCC_493\Debug\USB_UART01.a(USBUART_1_drv.o)
                0x0000188c                USBUART_1_NoDataControlStatusStage
 .text.USBUART_1_UpdateStatusBlock
                0x000018d4       0x40 .\ARM_GCC_493\Debug\USB_UART01.a(USBUART_1_drv.o)
                0x000018d4                USBUART_1_UpdateStatusBlock
 .text.USBUART_1_InitializeStatusBlock
                0x00001914       0x34 .\ARM_GCC_493\Debug\USB_UART01.a(USBUART_1_drv.o)
                0x00001914                USBUART_1_InitializeStatusBlock
 .text.USBUART_1_EP_1_ISR
                0x00001948       0x54 .\ARM_GCC_493\Debug\USB_UART01.a(USBUART_1_episr.o)
                0x00001948                USBUART_1_EP_1_ISR
 .text.USBUART_1_EP_2_ISR
                0x0000199c       0x54 .\ARM_GCC_493\Debug\USB_UART01.a(USBUART_1_episr.o)
                0x0000199c                USBUART_1_EP_2_ISR
 .text.USBUART_1_EP_3_ISR
                0x000019f0       0x5c .\ARM_GCC_493\Debug\USB_UART01.a(USBUART_1_episr.o)
                0x000019f0                USBUART_1_EP_3_ISR
 .text.USBUART_1_SOF_ISR
                0x00001a4c        0xc .\ARM_GCC_493\Debug\USB_UART01.a(USBUART_1_episr.o)
                0x00001a4c                USBUART_1_SOF_ISR
 .text.USBUART_1_BUS_RESET_ISR
                0x00001a58        0xc .\ARM_GCC_493\Debug\USB_UART01.a(USBUART_1_episr.o)
                0x00001a58                USBUART_1_BUS_RESET_ISR
 .text.USBUART_1_DispatchHIDClassRqst
                0x00001a64      0x1ec .\ARM_GCC_493\Debug\USB_UART01.a(USBUART_1_hid.o)
                0x00001a64                USBUART_1_DispatchHIDClassRqst
 .text.USBUART_1_FindHidClassDecriptor
                0x00001c50       0x7c .\ARM_GCC_493\Debug\USB_UART01.a(USBUART_1_hid.o)
                0x00001c50                USBUART_1_FindHidClassDecriptor
 .text.USBUART_1_FindReportDescriptor
                0x00001ccc       0x90 .\ARM_GCC_493\Debug\USB_UART01.a(USBUART_1_hid.o)
                0x00001ccc                USBUART_1_FindReportDescriptor
 .text.USBUART_1_FindReport
                0x00001d5c       0xd4 .\ARM_GCC_493\Debug\USB_UART01.a(USBUART_1_hid.o)
                0x00001d5c                USBUART_1_FindReport
 .text.USBUART_1_HandleStandardRqst
                0x00001e30      0x4a4 .\ARM_GCC_493\Debug\USB_UART01.a(USBUART_1_std.o)
                0x00001e30                USBUART_1_HandleStandardRqst
 .text.USBUART_1_ReadDieID
                0x000022d4       0x90 .\ARM_GCC_493\Debug\USB_UART01.a(USBUART_1_std.o)
                0x000022d4                USBUART_1_ReadDieID
 .text.USBUART_1_ConfigReg
                0x00002364      0x180 .\ARM_GCC_493\Debug\USB_UART01.a(USBUART_1_std.o)
                0x00002364                USBUART_1_ConfigReg
 .text.USBUART_1_Config
                0x000024e4      0x348 .\ARM_GCC_493\Debug\USB_UART01.a(USBUART_1_std.o)
                0x000024e4                USBUART_1_Config
 .text.USBUART_1_ConfigAltChanged
                0x0000282c      0x27c .\ARM_GCC_493\Debug\USB_UART01.a(USBUART_1_std.o)
                0x0000282c                USBUART_1_ConfigAltChanged
 .text.USBUART_1_GetConfigTablePtr
                0x00002aa8       0x54 .\ARM_GCC_493\Debug\USB_UART01.a(USBUART_1_std.o)
                0x00002aa8                USBUART_1_GetConfigTablePtr
 .text.USBUART_1_GetDeviceTablePtr
                0x00002afc       0x24 .\ARM_GCC_493\Debug\USB_UART01.a(USBUART_1_std.o)
                0x00002afc                USBUART_1_GetDeviceTablePtr
 .text.USBUART_1_GetInterfaceClassTablePtr
                0x00002b20       0x4c .\ARM_GCC_493\Debug\USB_UART01.a(USBUART_1_std.o)
                0x00002b20                USBUART_1_GetInterfaceClassTablePtr
 .text.USBUART_1_SetEndpointHalt
                0x00002b6c       0xe0 .\ARM_GCC_493\Debug\USB_UART01.a(USBUART_1_std.o)
                0x00002b6c                USBUART_1_SetEndpointHalt
 .text.USBUART_1_ClearEndpointHalt
                0x00002c4c      0x144 .\ARM_GCC_493\Debug\USB_UART01.a(USBUART_1_std.o)
                0x00002c4c                USBUART_1_ClearEndpointHalt
 .text.USBUART_1_ValidateAlternateSetting
                0x00002d90       0x78 .\ARM_GCC_493\Debug\USB_UART01.a(USBUART_1_std.o)
                0x00002d90                USBUART_1_ValidateAlternateSetting
 .text.USBUART_1_HandleVendorRqst
                0x00002e08       0x58 .\ARM_GCC_493\Debug\USB_UART01.a(USBUART_1_vnd.o)
                0x00002e08                USBUART_1_HandleVendorRqst
 .text.LCD_Init
                0x00002e60       0x6c .\ARM_GCC_493\Debug\USB_UART01.a(LCD.o)
                0x00002e60                LCD_Init
 .text.LCD_Enable
                0x00002ecc       0x18 .\ARM_GCC_493\Debug\USB_UART01.a(LCD.o)
                0x00002ecc                LCD_Enable
 .text.LCD_Start
                0x00002ee4       0x20 .\ARM_GCC_493\Debug\USB_UART01.a(LCD.o)
                0x00002ee4                LCD_Start
 .text.LCD_Position
                0x00002f04       0x6c .\ARM_GCC_493\Debug\USB_UART01.a(LCD.o)
                0x00002f04                LCD_Position
 .text.LCD_PrintString
                0x00002f70       0x38 .\ARM_GCC_493\Debug\USB_UART01.a(LCD.o)
                0x00002f70                LCD_PrintString
 .text.LCD_WriteData
                0x00002fa8       0x34 .\ARM_GCC_493\Debug\USB_UART01.a(LCD.o)
                0x00002fa8                LCD_WriteData
 .text.LCD_WriteControl
                0x00002fdc       0x34 .\ARM_GCC_493\Debug\USB_UART01.a(LCD.o)
                0x00002fdc                LCD_WriteControl
 .text.LCD_IsReady
                0x00003010      0x178 .\ARM_GCC_493\Debug\USB_UART01.a(LCD.o)
                0x00003010                LCD_IsReady
 .text.LCD_WrDatNib
                0x00003188       0x78 .\ARM_GCC_493\Debug\USB_UART01.a(LCD.o)
 .text.LCD_WrCntrlNib
                0x00003200       0x60 .\ARM_GCC_493\Debug\USB_UART01.a(LCD.o)
 .text.LCD_PrintU32Number
                0x00003260       0xa4 .\ARM_GCC_493\Debug\USB_UART01.a(LCD.o)
                0x00003260                LCD_PrintU32Number
 *fill*         0x00003304        0x4 
 .text          0x00003308       0x58 .\ARM_GCC_493\Debug\USB_UART01.a(CyBootAsmGnu.o)
                0x00003308                CyDelayCycles
                0x00003346                CyEnterCriticalSection
                0x0000334e                CyExitCriticalSection
 .text.CyHalt   0x00003360       0x18 .\ARM_GCC_493\Debug\USB_UART01.a(CyLib.o)
                0x00003360                CyHalt
 .text.CyDelay  0x00003378       0x44 .\ARM_GCC_493\Debug\USB_UART01.a(CyLib.o)
                0x00003378                CyDelay
 .text.CyDelayUs
                0x000033bc       0x24 .\ARM_GCC_493\Debug\USB_UART01.a(CyLib.o)
                0x000033bc                CyDelayUs
 .text.CyIntSetVector
                0x000033e0       0x50 .\ARM_GCC_493\Debug\USB_UART01.a(CyLib.o)
                0x000033e0                CyIntSetVector
 .text.CyIntSetPriority
                0x00003430       0x44 .\ARM_GCC_493\Debug\USB_UART01.a(CyLib.o)
                0x00003430                CyIntSetPriority
 .text.TX_pin_Write
                0x00003474       0x3c .\ARM_GCC_493\Debug\USB_UART01.a(TX_pin.o)
                0x00003474                TX_pin_Write
 .text.Timer_Init
                0x000034b0       0x4c .\ARM_GCC_493\Debug\USB_UART01.a(Timer.o)
                0x000034b0                Timer_Init
 .text.Timer_Enable
                0x000034fc       0x20 .\ARM_GCC_493\Debug\USB_UART01.a(Timer.o)
                0x000034fc                Timer_Enable
 .text.Timer_Start
                0x0000351c       0x20 .\ARM_GCC_493\Debug\USB_UART01.a(Timer.o)
                0x0000351c                Timer_Start
 .text.Timer_Stop
                0x0000353c       0x20 .\ARM_GCC_493\Debug\USB_UART01.a(Timer.o)
                0x0000353c                Timer_Stop
 .text.Timer_SetInterruptMode
                0x0000355c       0x20 .\ARM_GCC_493\Debug\USB_UART01.a(Timer.o)
                0x0000355c                Timer_SetInterruptMode
 .text.Timer_ReadStatusRegister
                0x0000357c       0x18 .\ARM_GCC_493\Debug\USB_UART01.a(Timer.o)
                0x0000357c                Timer_ReadStatusRegister
 .text.Timer_WritePeriod
                0x00003594       0x20 .\ARM_GCC_493\Debug\USB_UART01.a(Timer.o)
                0x00003594                Timer_WritePeriod
 .text.Timer_ReadCapture
                0x000035b4       0x18 .\ARM_GCC_493\Debug\USB_UART01.a(Timer.o)
                0x000035b4                Timer_ReadCapture
 .text.Timer_WriteCounter
                0x000035cc       0x20 .\ARM_GCC_493\Debug\USB_UART01.a(Timer.o)
                0x000035cc                Timer_WriteCounter
 .text.Timer_ClearFIFO
                0x000035ec       0x1c .\ARM_GCC_493\Debug\USB_UART01.a(Timer.o)
                0x000035ec                Timer_ClearFIFO
 .text.TimerISR_StartEx
                0x00003608       0x24 .\ARM_GCC_493\Debug\USB_UART01.a(TimerISR.o)
                0x00003608                TimerISR_StartEx
 .text.TimerISR_SetVector
                0x0000362c       0x24 .\ARM_GCC_493\Debug\USB_UART01.a(TimerISR.o)
                0x0000362c                TimerISR_SetVector
 .text.TimerISR_SetPriority
                0x00003650       0x24 .\ARM_GCC_493\Debug\USB_UART01.a(TimerISR.o)
                0x00003650                TimerISR_SetPriority
 .text.TimerISR_Enable
                0x00003674       0x18 .\ARM_GCC_493\Debug\USB_UART01.a(TimerISR.o)
                0x00003674                TimerISR_Enable
 .text.TimerISR_Disable
                0x0000368c       0x18 .\ARM_GCC_493\Debug\USB_UART01.a(TimerISR.o)
                0x0000368c                TimerISR_Disable
 .text.LED4_Write
                0x000036a4       0x3c .\ARM_GCC_493\Debug\USB_UART01.a(LED4.o)
                0x000036a4                LED4_Write
 .text.Idle_Collision_Timer_Init
                0x000036e0       0xac .\ARM_GCC_493\Debug\USB_UART01.a(Idle_Collision_Timer.o)
                0x000036e0                Idle_Collision_Timer_Init
 .text.Idle_Collision_Timer_Enable
                0x0000378c       0x48 .\ARM_GCC_493\Debug\USB_UART01.a(Idle_Collision_Timer.o)
                0x0000378c                Idle_Collision_Timer_Enable
 .text.Idle_Collision_Timer_Start
                0x000037d4       0x20 .\ARM_GCC_493\Debug\USB_UART01.a(Idle_Collision_Timer.o)
                0x000037d4                Idle_Collision_Timer_Start
 .text.Idle_Collision_Timer_SetInterruptMode
                0x000037f4       0x20 .\ARM_GCC_493\Debug\USB_UART01.a(Idle_Collision_Timer.o)
                0x000037f4                Idle_Collision_Timer_SetInterruptMode
 .text.Idle_Collision_Timer_WritePeriod
                0x00003814       0x24 .\ARM_GCC_493\Debug\USB_UART01.a(Idle_Collision_Timer.o)
                0x00003814                Idle_Collision_Timer_WritePeriod
 .text.Idle_Collision_Timer_WriteCounter
                0x00003838       0x20 .\ARM_GCC_493\Debug\USB_UART01.a(Idle_Collision_Timer.o)
                0x00003838                Idle_Collision_Timer_WriteCounter
 .text.Receive_Read
                0x00003858       0x20 .\ARM_GCC_493\Debug\USB_UART01.a(Receive.o)
                0x00003858                Receive_Read
 .text.Receive_ClearInterrupt
                0x00003878       0x20 .\ARM_GCC_493\Debug\USB_UART01.a(Receive.o)
                0x00003878                Receive_ClearInterrupt
 .text.Edge_detect_IRQ_StartEx
                0x00003898       0x24 .\ARM_GCC_493\Debug\USB_UART01.a(Edge_detect_IRQ.o)
                0x00003898                Edge_detect_IRQ_StartEx
 .text.Edge_detect_IRQ_SetVector
                0x000038bc       0x24 .\ARM_GCC_493\Debug\USB_UART01.a(Edge_detect_IRQ.o)
                0x000038bc                Edge_detect_IRQ_SetVector
 .text.Edge_detect_IRQ_SetPriority
                0x000038e0       0x24 .\ARM_GCC_493\Debug\USB_UART01.a(Edge_detect_IRQ.o)
                0x000038e0                Edge_detect_IRQ_SetPriority
 .text.Edge_detect_IRQ_Enable
                0x00003904       0x18 .\ARM_GCC_493\Debug\USB_UART01.a(Edge_detect_IRQ.o)
                0x00003904                Edge_detect_IRQ_Enable
 .text.Edge_detect_IRQ_Disable
                0x0000391c       0x18 .\ARM_GCC_493\Debug\USB_UART01.a(Edge_detect_IRQ.o)
                0x0000391c                Edge_detect_IRQ_Disable
 .text.Idle_Collision_IRQ_StartEx
                0x00003934       0x24 .\ARM_GCC_493\Debug\USB_UART01.a(Idle_Collision_IRQ.o)
                0x00003934                Idle_Collision_IRQ_StartEx
 .text.Idle_Collision_IRQ_SetVector
                0x00003958       0x24 .\ARM_GCC_493\Debug\USB_UART01.a(Idle_Collision_IRQ.o)
                0x00003958                Idle_Collision_IRQ_SetVector
 .text.Idle_Collision_IRQ_SetPriority
                0x0000397c       0x24 .\ARM_GCC_493\Debug\USB_UART01.a(Idle_Collision_IRQ.o)
                0x0000397c                Idle_Collision_IRQ_SetPriority
 .text.Idle_Collision_IRQ_Enable
                0x000039a0       0x18 .\ARM_GCC_493\Debug\USB_UART01.a(Idle_Collision_IRQ.o)
                0x000039a0                Idle_Collision_IRQ_Enable
 .text.Idle_Collision_IRQ_Disable
                0x000039b8       0x18 .\ARM_GCC_493\Debug\USB_UART01.a(Idle_Collision_IRQ.o)
                0x000039b8                Idle_Collision_IRQ_Disable
 .text.LED3_Write
                0x000039d0       0x3c .\ARM_GCC_493\Debug\USB_UART01.a(LED3.o)
                0x000039d0                LED3_Write
 .text.LED2_Write
                0x00003a0c       0x34 .\ARM_GCC_493\Debug\USB_UART01.a(LED2.o)
                0x00003a0c                LED2_Write
 .text.Counter_Init
                0x00003a40       0x98 .\ARM_GCC_493\Debug\USB_UART01.a(Counter.o)
                0x00003a40                Counter_Init
 .text.Counter_Enable
                0x00003ad8       0x48 .\ARM_GCC_493\Debug\USB_UART01.a(Counter.o)
                0x00003ad8                Counter_Enable
 .text.Counter_Start
                0x00003b20       0x20 .\ARM_GCC_493\Debug\USB_UART01.a(Counter.o)
                0x00003b20                Counter_Start
 .text.Counter_SetInterruptMode
                0x00003b40       0x20 .\ARM_GCC_493\Debug\USB_UART01.a(Counter.o)
                0x00003b40                Counter_SetInterruptMode
 .text.Counter_WriteCounter
                0x00003b60       0x54 .\ARM_GCC_493\Debug\USB_UART01.a(Counter.o)
                0x00003b60                Counter_WriteCounter
 .text.Counter_WritePeriod
                0x00003bb4       0x20 .\ARM_GCC_493\Debug\USB_UART01.a(Counter.o)
                0x00003bb4                Counter_WritePeriod
 .text.USBUART_1_DispatchClassRqst
                0x00003bd4       0x90 .\ARM_GCC_493\Debug\USB_UART01.a(USBUART_1_cls.o)
                0x00003bd4                USBUART_1_DispatchClassRqst
 .text          0x00003c64      0x370 d:/program files/cypress/psoc creator/3.3/psoc creator/import/gnu/arm/4.9.3/bin/../lib/gcc/arm-none-eabi/4.9.3/armv7-m\libgcc.a(_arm_addsubdf3.o)
                0x00003c64                __aeabi_drsub
                0x00003c6c                __aeabi_dsub
                0x00003c6c                __subdf3
                0x00003c70                __aeabi_dadd
                0x00003c70                __adddf3
                0x00003ee8                __floatunsidf
                0x00003ee8                __aeabi_ui2d
                0x00003f08                __floatsidf
                0x00003f08                __aeabi_i2d
                0x00003f2c                __aeabi_f2d
                0x00003f2c                __extendsfdf2
                0x00003f68                __floatundidf
                0x00003f68                __aeabi_ul2d
                0x00003f78                __floatdidf
                0x00003f78                __aeabi_l2d
 .text          0x00003fd4      0x424 d:/program files/cypress/psoc creator/3.3/psoc creator/import/gnu/arm/4.9.3/bin/../lib/gcc/arm-none-eabi/4.9.3/armv7-m\libgcc.a(_arm_muldivdf3.o)
                0x00003fd4                __aeabi_dmul
                0x00003fd4                __muldf3
                0x00004228                __divdf3
                0x00004228                __aeabi_ddiv
 .text          0x000043f8       0x50 d:/program files/cypress/psoc creator/3.3/psoc creator/import/gnu/arm/4.9.3/bin/../lib/gcc/arm-none-eabi/4.9.3/armv7-m\libgcc.a(_arm_fixdfsi.o)
                0x000043f8                __aeabi_d2iz
                0x000043f8                __fixdfsi
 .text.__errno  0x00004448        0xc d:/program files/cypress/psoc creator/3.3/psoc creator/import/gnu/arm/4.9.3/bin/../lib/gcc/arm-none-eabi/4.9.3/../../../../arm-none-eabi/lib/armv7-m\libg_nano.a(lib_a-errno.o)
                0x00004448                __errno
 .text.__libc_init_array
                0x00004454       0x4c d:/program files/cypress/psoc creator/3.3/psoc creator/import/gnu/arm/4.9.3/bin/../lib/gcc/arm-none-eabi/4.9.3/../../../../arm-none-eabi/lib/armv7-m\libg_nano.a(lib_a-init.o)
                0x00004454                __libc_init_array
 .text.memcpy   0x000044a0       0x16 d:/program files/cypress/psoc creator/3.3/psoc creator/import/gnu/arm/4.9.3/bin/../lib/gcc/arm-none-eabi/4.9.3/../../../../arm-none-eabi/lib/armv7-m\libg_nano.a(lib_a-memcpy.o)
                0x000044a0                memcpy
 .text.memset   0x000044b6       0x10 d:/program files/cypress/psoc creator/3.3/psoc creator/import/gnu/arm/4.9.3/bin/../lib/gcc/arm-none-eabi/4.9.3/../../../../arm-none-eabi/lib/armv7-m\libg_nano.a(lib_a-memset.o)
                0x000044b6                memset
 *fill*         0x000044c6        0x2 
 .text.srand    0x000044c8       0x50 d:/program files/cypress/psoc creator/3.3/psoc creator/import/gnu/arm/4.9.3/bin/../lib/gcc/arm-none-eabi/4.9.3/../../../../arm-none-eabi/lib/armv7-m\libg_nano.a(lib_a-rand.o)
                0x000044c8                srand
 .text.rand     0x00004518       0x74 d:/program files/cypress/psoc creator/3.3/psoc creator/import/gnu/arm/4.9.3/bin/../lib/gcc/arm-none-eabi/4.9.3/../../../../arm-none-eabi/lib/armv7-m\libg_nano.a(lib_a-rand.o)
                0x00004518                rand
 .text.time     0x0000458c       0x28 d:/program files/cypress/psoc creator/3.3/psoc creator/import/gnu/arm/4.9.3/bin/../lib/gcc/arm-none-eabi/4.9.3/../../../../arm-none-eabi/lib/armv7-m\libg_nano.a(lib_a-time.o)
                0x0000458c                time
 .text._gettimeofday_r
                0x000045b4       0x24 d:/program files/cypress/psoc creator/3.3/psoc creator/import/gnu/arm/4.9.3/bin/../lib/gcc/arm-none-eabi/4.9.3/../../../../arm-none-eabi/lib/armv7-m\libg_nano.a(lib_a-gettimeofdayr.o)
                0x000045b4                _gettimeofday_r
 .text.malloc   0x000045d8       0x10 d:/program files/cypress/psoc creator/3.3/psoc creator/import/gnu/arm/4.9.3/bin/../lib/gcc/arm-none-eabi/4.9.3/../../../../arm-none-eabi/lib/armv7-m\libg_nano.a(lib_a-malloc.o)
                0x000045d8                malloc
 .text._malloc_r
                0x000045e8       0xac d:/program files/cypress/psoc creator/3.3/psoc creator/import/gnu/arm/4.9.3/bin/../lib/gcc/arm-none-eabi/4.9.3/../../../../arm-none-eabi/lib/armv7-m\libg_nano.a(lib_a-nano-mallocr.o)
                0x000045e8                _malloc_r
 .text._sbrk_r  0x00004694       0x20 d:/program files/cypress/psoc creator/3.3/psoc creator/import/gnu/arm/4.9.3/bin/../lib/gcc/arm-none-eabi/4.9.3/../../../../arm-none-eabi/lib/armv7-m\libg_nano.a(lib_a-sbrkr.o)
                0x00004694                _sbrk_r
 .text._gettimeofday
                0x000046b4       0x10 d:/program files/cypress/psoc creator/3.3/psoc creator/import/gnu/arm/4.9.3/bin/../lib/gcc/arm-none-eabi/4.9.3/../../../../arm-none-eabi/lib/armv7-m\libnosys.a(gettod.o)
                0x000046b4                _gettimeofday
 *(.plt)
 *(.gnu.warning)
 *(.glue_7t)
 .glue_7t       0x00000000        0x0 linker stubs
 *(.glue_7)
 .glue_7        0x00000000        0x0 linker stubs
 *(.vfp11_veneer)
 .vfp11_veneer  0x00000000        0x0 linker stubs
 *(.bootloader)
 *(.ARM.extab* .gnu.linkonce.armextab.*)
 *(.gcc_except_table)

.v4_bx          0x000046c4        0x0
 .v4_bx         0x00000000        0x0 linker stubs

.iplt           0x000046c4        0x0
 .iplt          0x00000000        0x0 d:/program files/cypress/psoc creator/3.3/psoc creator/import/gnu/arm/4.9.3/bin/../lib/gcc/arm-none-eabi/4.9.3/armv7-m/crtbegin.o

.eh_frame_hdr
 *(.eh_frame_hdr)

.eh_frame       0x000046c4        0x4
 *(.eh_frame)
 .eh_frame      0x000046c4        0x0 d:/program files/cypress/psoc creator/3.3/psoc creator/import/gnu/arm/4.9.3/bin/../lib/gcc/arm-none-eabi/4.9.3/armv7-m/crtbegin.o
 .eh_frame      0x000046c4        0x4 d:/program files/cypress/psoc creator/3.3/psoc creator/import/gnu/arm/4.9.3/bin/../lib/gcc/arm-none-eabi/4.9.3/armv7-m/crtend.o
                0x000046c8                PROVIDE (__exidx_start, .)

.ARM.exidx
 *(.ARM.exidx* .gnu.linkonce.armexidx.*)
                0x000046c8                __exidx_end = .

.rodata         0x000046c8      0x428
 *(.rodata .rodata.* .gnu.linkonce.r.*)
 .rodata        0x000046c8      0x20c .\ARM_GCC_493\Debug\USB_UART01.a(cyfitter_cfg.o)
 .rodata        0x000048d4        0x4 .\ARM_GCC_493\Debug\USB_UART01.a(USBUART_1_cdc.o)
 .rodata        0x000048d8       0x14 .\ARM_GCC_493\Debug\USB_UART01.a(USBUART_1_std.o)
 .rodata        0x000048ec      0x1cc .\ARM_GCC_493\Debug\USB_UART01.a(USBUART_1_descr.o)
                0x000048ec                USBUART_1_DEVICE0_DESCR
                0x00004900                USBUART_1_DEVICE0_CONFIGURATION0_DESCR
                0x00004944                USBUART_1_STRING_DESCRIPTORS
                0x000049e4                USBUART_1_SN_STRING_DESCRIPTOR
                0x000049e8                USBUART_1_HIDREPORT_DESCRIPTOR1
                0x00004a20                USBUART_1_DEVICE0_CONFIGURATION0_EP_SETTINGS_TABLE
                0x00004a38                USBUART_1_DEVICE0_CONFIGURATION0_INTERFACE_CLASS
                0x00004a3c                USBUART_1_DEVICE0_CONFIGURATION0_TABLE
                0x00004a64                USBUART_1_DEVICE0_TABLE
                0x00004a74                USBUART_1_TABLE
                0x00004a7c                USBUART_1_MSOS_DESCRIPTOR
                0x00004a90                USBUART_1_MSOS_CONFIGURATION_DESCR
 .rodata.str1.1
                0x00004ab8        0x2 d:/program files/cypress/psoc creator/3.3/psoc creator/import/gnu/arm/4.9.3/bin/../lib/gcc/arm-none-eabi/4.9.3/../../../../arm-none-eabi/lib/armv7-m\libg_nano.a(lib_a-impure.o)
                0x00004abc                . = ALIGN (0x4)
 *fill*         0x00004aba        0x2 
 *(.init)
 .init          0x00004abc        0x4 d:/program files/cypress/psoc creator/3.3/psoc creator/import/gnu/arm/4.9.3/bin/../lib/gcc/arm-none-eabi/4.9.3/armv7-m/crti.o
                0x00004abc                _init
 .init          0x00004ac0        0x8 d:/program files/cypress/psoc creator/3.3/psoc creator/import/gnu/arm/4.9.3/bin/../lib/gcc/arm-none-eabi/4.9.3/armv7-m/crtn.o
                0x00004ac8                . = ALIGN (0x4)
                0x00004ac8                __preinit_array_start = .
 *(.preinit_array)
                0x00004ac8                __preinit_array_end = .
                0x00004ac8                . = ALIGN (0x4)
                0x00004ac8                __init_array_start = .
 *(SORT(.init_array.*))
 *(.init_array)
 .init_array    0x00004ac8        0x4 d:/program files/cypress/psoc creator/3.3/psoc creator/import/gnu/arm/4.9.3/bin/../lib/gcc/arm-none-eabi/4.9.3/armv7-m/crtbegin.o
 .init_array    0x00004acc        0x4 .\ARM_GCC_493\Debug\Cm3Start.o
                0x00004ad0                __init_array_end = .
                0x00004ad0                . = ALIGN (0x4)
 *(.fini)
 .fini          0x00004ad0        0x4 d:/program files/cypress/psoc creator/3.3/psoc creator/import/gnu/arm/4.9.3/bin/../lib/gcc/arm-none-eabi/4.9.3/armv7-m/crti.o
                0x00004ad0                _fini
 .fini          0x00004ad4        0x8 d:/program files/cypress/psoc creator/3.3/psoc creator/import/gnu/arm/4.9.3/bin/../lib/gcc/arm-none-eabi/4.9.3/armv7-m/crtn.o
                0x00004adc                . = ALIGN (0x4)
                0x00004adc                __fini_array_start = .
 *(.fini_array)
 .fini_array    0x00004adc        0x4 d:/program files/cypress/psoc creator/3.3/psoc creator/import/gnu/arm/4.9.3/bin/../lib/gcc/arm-none-eabi/4.9.3/armv7-m/crtbegin.o
 *(SORT(.fini_array.*))
                0x00004ae0                __fini_array_end = .
                0x00004ae0                . = ALIGN (0x4)
 *crtbegin.o(.ctors)
 *(EXCLUDE_FILE(*crtend.o) .ctors)
 *(SORT(.ctors.*))
 *crtend.o(.ctors)
                0x00004ae0                . = ALIGN (0x4)
 *crtbegin.o(.dtors)
 *(EXCLUDE_FILE(*crtend.o) .dtors)
 *(SORT(.dtors.*))
 *crtend.o(.dtors)
                0x00004ae0                . = ALIGN (0x4)
                0x00004ae0                __cy_regions = .
                0x00004ae0        0x4 LONG 0x4af0 __cy_region_init_ram
                0x00004ae4        0x4 LONG 0x1fff8108 __cy_region_start_data
                0x00004ae8        0x4 LONG 0x88 __cy_region_init_size_ram
                0x00004aec        0x4 LONG 0xda0 __cy_region_zero_size_ram
                0x00004af0                __cy_regions_end = .
                0x00004af0                . = ALIGN (0x8)
                0x00004af0                _etext = .

.cy_checksum_exclude
                0x00004af0        0x0
 *(.cy_checksum_exclude)

.ramvectors     0x1fff8000      0x100
                0x1fff8000                __cy_region_start_ram = .
 *(.ramvectors)
 .ramvectors    0x1fff8000      0x100 .\ARM_GCC_493\Debug\Cm3Start.o
                0x1fff8000                CyRamVectors

.noinit         0x1fff8100        0x5
 *(.noinit)
 .noinit        0x1fff8100        0x4 .\ARM_GCC_493\Debug\Cm3Start.o
 .noinit        0x1fff8104        0x1 .\ARM_GCC_493\Debug\USB_UART01.a(CyLib.o)
                0x1fff8104                CyResetStatus

.data           0x1fff8108       0x88 load address 0x00004af0
                0x1fff8108                __cy_region_start_data = .
 *(.jcr)
 .jcr           0x1fff8108        0x0 d:/program files/cypress/psoc creator/3.3/psoc creator/import/gnu/arm/4.9.3/bin/../lib/gcc/arm-none-eabi/4.9.3/armv7-m/crtbegin.o
 .jcr           0x1fff8108        0x4 d:/program files/cypress/psoc creator/3.3/psoc creator/import/gnu/arm/4.9.3/bin/../lib/gcc/arm-none-eabi/4.9.3/armv7-m/crtend.o
 *(.got.plt)
 *(.got)
 *(.shdata)
 *(.data .data.* .gnu.linkonce.d.*)
 .data          0x1fff810c        0x4 .\ARM_GCC_493\Debug\Cm3Start.o
 .data          0x1fff8110        0x8 .\ARM_GCC_493\Debug\USB_UART01.a(USBUART_1_cdc.o)
                0x1fff8110                USBUART_1_lineCoding
 .data          0x1fff8118       0x10 .\ARM_GCC_493\Debug\USB_UART01.a(CyLib.o)
                0x1fff8118                cydelay_freq_hz
                0x1fff811c                cydelay_freq_khz
                0x1fff8120                cydelay_freq_mhz
                0x1fff8124                cydelay_32k_ms
 .data.impure_data
                0x1fff8128       0x60 d:/program files/cypress/psoc creator/3.3/psoc creator/import/gnu/arm/4.9.3/bin/../lib/gcc/arm-none-eabi/4.9.3/../../../../arm-none-eabi/lib/armv7-m\libg_nano.a(lib_a-impure.o)
 .data._impure_ptr
                0x1fff8188        0x4 d:/program files/cypress/psoc creator/3.3/psoc creator/import/gnu/arm/4.9.3/bin/../lib/gcc/arm-none-eabi/4.9.3/../../../../arm-none-eabi/lib/armv7-m\libg_nano.a(lib_a-impure.o)
                0x1fff8188                _impure_ptr
                0x1fff8190                . = ALIGN (0x8)
 *fill*         0x1fff818c        0x4 
 *(.ram)
                0x1fff8190                _edata = .

.igot.plt       0x1fff8190        0x0 load address 0x00004b78
 .igot.plt      0x00000000        0x0 d:/program files/cypress/psoc creator/3.3/psoc creator/import/gnu/arm/4.9.3/bin/../lib/gcc/arm-none-eabi/4.9.3/armv7-m/crtbegin.o

.bss            0x1fff8190      0xda0 load address 0x00004b78
                0x1fff8190                PROVIDE (__bss_start__, .)
 *(.shbss)
 *(.bss .bss.* .gnu.linkonce.b.*)
 .bss           0x1fff8190       0x1c d:/program files/cypress/psoc creator/3.3/psoc creator/import/gnu/arm/4.9.3/bin/../lib/gcc/arm-none-eabi/4.9.3/armv7-m/crtbegin.o
 .bss           0x1fff81ac        0x8 .\ARM_GCC_493\Debug\main.o
                0x1fff81ac                halfBitIndex
                0x1fff81b0                currentDataPos
 .bss           0x1fff81b4        0x1 .\ARM_GCC_493\Debug\USB_UART01.a(USBUART_1.o)
                0x1fff81b4                USBUART_1_initVar
 *fill*         0x1fff81b5        0x3 
 .bss           0x1fff81b8        0x4 .\ARM_GCC_493\Debug\USB_UART01.a(USBUART_1_std.o)
 .bss           0x1fff81bc        0x2 .\ARM_GCC_493\Debug\USB_UART01.a(LCD.o)
                0x1fff81bc                LCD_enableState
                0x1fff81bd                LCD_initVar
 .bss           0x1fff81be        0x1 .\ARM_GCC_493\Debug\USB_UART01.a(Timer.o)
                0x1fff81be                Timer_initVar
 .bss           0x1fff81bf        0x1 .\ARM_GCC_493\Debug\USB_UART01.a(Idle_Collision_Timer.o)
                0x1fff81bf                Idle_Collision_Timer_initVar
 .bss           0x1fff81c0        0x1 .\ARM_GCC_493\Debug\USB_UART01.a(Counter.o)
                0x1fff81c0                Counter_initVar
 *fill*         0x1fff81c1        0x3 
 .bss.__malloc_sbrk_start
                0x1fff81c4        0x4 d:/program files/cypress/psoc creator/3.3/psoc creator/import/gnu/arm/4.9.3/bin/../lib/gcc/arm-none-eabi/4.9.3/../../../../arm-none-eabi/lib/armv7-m\libg_nano.a(lib_a-nano-mallocr.o)
                0x1fff81c4                __malloc_sbrk_start
 .bss.__malloc_free_list
                0x1fff81c8        0x4 d:/program files/cypress/psoc creator/3.3/psoc creator/import/gnu/arm/4.9.3/bin/../lib/gcc/arm-none-eabi/4.9.3/../../../../arm-none-eabi/lib/armv7-m\libg_nano.a(lib_a-nano-mallocr.o)
                0x1fff81c8                __malloc_free_list
 *(COMMON)
 COMMON         0x1fff81cc      0xc8e .\ARM_GCC_493\Debug\main.o
                0x1fff81cc                lengthOfData
                0x1fff81d0                dataTransmissionComplete
                0x1fff81d4                diffManEncodedData
                0x1fff8e54                seconds
                0x1fff8e58                networkState
                0x1fff8e59                timerExpired
 COMMON         0x1fff8e5a        0x5 .\ARM_GCC_493\Debug\USB_UART01.a(USBUART_1_cdc.o)
                0x1fff8e5a                USBUART_1_cdc_data_out_ep
                0x1fff8e5b                USBUART_1_cdc_data_in_ep
                0x1fff8e5c                USBUART_1_lineControlBitmap
                0x1fff8e5e                USBUART_1_lineChanged
 *fill*         0x1fff8e5f        0x1 
 COMMON         0x1fff8e60       0x97 .\ARM_GCC_493\Debug\USB_UART01.a(USBUART_1_drv.o)
                0x1fff8e60                USBUART_1_ep0Mode
                0x1fff8e61                USBUART_1_lastPacketSize
                0x1fff8e62                USBUART_1_configurationChanged
                0x1fff8e63                USBUART_1_configuration
                0x1fff8e64                USBUART_1_interfaceNumber
                0x1fff8e65                USBUART_1_deviceStatus
                0x1fff8e66                USBUART_1_ep0Toggle
                0x1fff8e68                USBUART_1_interfaceClass
                0x1fff8e6c                USBUART_1_interfaceSetting
                0x1fff8e70                USBUART_1_currentTD
                0x1fff8e7c                USBUART_1_ep0Count
                0x1fff8e80                USBUART_1_EP
                0x1fff8eec                USBUART_1_interfaceSetting_last
                0x1fff8eee                USBUART_1_transferByteCount
                0x1fff8ef0                USBUART_1_transferState
                0x1fff8ef1                USBUART_1_device
                0x1fff8ef4                USBUART_1_interfaceStatus
                0x1fff8ef6                USBUART_1_deviceAddress
 *fill*         0x1fff8ef7        0x1 
 COMMON         0x1fff8ef8        0xa .\ARM_GCC_493\Debug\USB_UART01.a(USBUART_1_hid.o)
                0x1fff8ef8                USBUART_1_hidProtocol
                0x1fff8efc                USBUART_1_hidIdleTimer
                0x1fff8f00                USBUART_1_hidIdleRate
 *fill*         0x1fff8f02        0x2 
 COMMON         0x1fff8f04       0x22 .\ARM_GCC_493\Debug\USB_UART01.a(USBUART_1_descr.o)
                0x1fff8f04                USBUART_1_idSerialNumberStringDescriptor
 *fill*         0x1fff8f26        0x2 
 COMMON         0x1fff8f28        0x4 d:/program files/cypress/psoc creator/3.3/psoc creator/import/gnu/arm/4.9.3/bin/../lib/gcc/arm-none-eabi/4.9.3/../../../../arm-none-eabi/lib/armv7-m\libg_nano.a(lib_a-reent.o)
                0x1fff8f28                errno
                0x1fff8f30                . = ALIGN (0x8)
 *fill*         0x1fff8f2c        0x4 
 *(.ram.b)
                0x1fff8f30                _end = .
                0x1fff8f30                __end = .
                0x1fff8f30                PROVIDE (end, .)
                0x1fff8f30                PROVIDE (__bss_end__, .)
                0x00004af0                __cy_region_init_ram = LOADADDR (.data)
                0x00000088                __cy_region_init_size_ram = (_edata - ADDR (.data))
                0x00000da0                __cy_region_zero_size_ram = (_end - _edata)

.heap           0x1fff8f30       0x80 load address 0x00004b78
                0x1fff8f30                . = _end
                0x1fff8fb0                . = (. + 0x80)
 *fill*         0x1fff8f30       0x80 
                0x1fff8fb0                __cy_heap_limit = .

.stack          0x20007800      0x800
                0x20007800                __cy_stack_limit = .
                0x20008000                . = (. + 0x800)
 *fill*         0x20007800      0x800 
                0x00000001                ASSERT ((__cy_stack_limit >= __cy_heap_limit), region RAM overflowed with stack)
                0x00000000                cy_checksum_exclude_size = (CY_APPL_LOADABLE == 0x1)?SIZEOF (.cy_checksum_exclude):0x0
                0x00000001                ASSERT ((cy_checksum_exclude_size <= CY_CHECKSUM_EXCLUDE_SIZE), CY_BOOT: Section .cy_checksum_exclude size exceedes specified limit.)

.cyloadermeta
 *(.cyloadermeta)

.cyloadablemeta
 *(.cyloadablemeta)

.cyconfigecc    0x80000000        0x4
 *(.cyconfigecc)
 .cyconfigecc   0x80000000        0x4 .\ARM_GCC_493\Debug\cymetadata.o
                0x80000000                cy_meta_configecc

.cycustnvl      0x90000000        0x4
 *(.cycustnvl)
 .cycustnvl     0x90000000        0x4 .\ARM_GCC_493\Debug\cymetadata.o
                0x90000000                cy_meta_custnvl

.cywolatch      0x90100000        0x4
 *(.cywolatch)
 .cywolatch     0x90100000        0x4 .\ARM_GCC_493\Debug\cymetadata.o
                0x90100000                cy_meta_wonvl

.cyeeprom       0x90200000        0x0
 *(.cyeeprom)
                0x00000001                ASSERT ((. <= ((0x90200000 + ee_offset) + ee_size)), .cyeeprom data will not fit in EEPROM)

.cyflashprotect
                0x90400000      0x100
 *(.cyflashprotect)
 .cyflashprotect
                0x90400000      0x100 .\ARM_GCC_493\Debug\cymetadata.o
                0x90400000                cy_meta_flashprotect

.cymeta         0x90500000        0xc
 *(.cymeta)
 .cymeta        0x90500000        0xc .\ARM_GCC_493\Debug\cymetadata.o
                0x90500000                cy_metadata

.rel.dyn        0x00004b78        0x0 load address 0x9050000c
 .rel.iplt      0x00000000        0x0 d:/program files/cypress/psoc creator/3.3/psoc creator/import/gnu/arm/4.9.3/bin/../lib/gcc/arm-none-eabi/4.9.3/armv7-m/crtbegin.o

.stab           0x00000000       0x24
 *(.stab)
 .stab          0x00000000       0x24 d:/program files/cypress/psoc creator/3.3/psoc creator/import/gnu/arm/4.9.3/bin/../lib/gcc/arm-none-eabi/4.9.3/../../../../arm-none-eabi/lib/armv7-m\libnosys.a(gettod.o)

.stabstr        0x00000000       0x4e
 *(.stabstr)
 .stabstr       0x00000000       0x4e d:/program files/cypress/psoc creator/3.3/psoc creator/import/gnu/arm/4.9.3/bin/../lib/gcc/arm-none-eabi/4.9.3/../../../../arm-none-eabi/lib/armv7-m\libnosys.a(gettod.o)

.debug
 *(.debug)

.line
 *(.line)

.debug_srcinfo
 *(.debug_srcinfo)

.debug_sfnames
 *(.debug_sfnames)

.debug_aranges  0x00000000      0xd98
 *(.debug_aranges)
 .debug_aranges
                0x00000000       0x68 .\ARM_GCC_493\Debug\main.o
 .debug_aranges
                0x00000068       0x18 .\ARM_GCC_493\Debug\cymetadata.o
 .debug_aranges
                0x00000080       0x48 .\ARM_GCC_493\Debug\Cm3Start.o
 .debug_aranges
                0x000000c8       0x60 .\ARM_GCC_493\Debug\USB_UART01.a(cyfitter_cfg.o)
 .debug_aranges
                0x00000128       0xb0 .\ARM_GCC_493\Debug\USB_UART01.a(USBUART_1.o)
 .debug_aranges
                0x000001d8       0xb0 .\ARM_GCC_493\Debug\USB_UART01.a(USBUART_1_cdc.o)
 .debug_aranges
                0x00000288       0x98 .\ARM_GCC_493\Debug\USB_UART01.a(USBUART_1_drv.o)
 .debug_aranges
                0x00000320       0x40 .\ARM_GCC_493\Debug\USB_UART01.a(USBUART_1_episr.o)
 .debug_aranges
                0x00000360       0x48 .\ARM_GCC_493\Debug\USB_UART01.a(USBUART_1_hid.o)
 .debug_aranges
                0x000003a8       0x78 .\ARM_GCC_493\Debug\USB_UART01.a(USBUART_1_std.o)
 .debug_aranges
                0x00000420       0x20 .\ARM_GCC_493\Debug\USB_UART01.a(USBUART_1_vnd.o)
 .debug_aranges
                0x00000440       0x98 .\ARM_GCC_493\Debug\USB_UART01.a(LCD.o)
 .debug_aranges
                0x000004d8       0x20 .\ARM_GCC_493\Debug\USB_UART01.a(CyBootAsmGnu.o)
 .debug_aranges
                0x000004f8      0x298 .\ARM_GCC_493\Debug\USB_UART01.a(CyLib.o)
 .debug_aranges
                0x00000790       0x98 .\ARM_GCC_493\Debug\USB_UART01.a(cyPm.o)
 .debug_aranges
                0x00000828       0x38 .\ARM_GCC_493\Debug\USB_UART01.a(TX_pin.o)
 .debug_aranges
                0x00000860       0x90 .\ARM_GCC_493\Debug\USB_UART01.a(Timer.o)
 .debug_aranges
                0x000008f0       0x80 .\ARM_GCC_493\Debug\USB_UART01.a(TimerISR.o)
 .debug_aranges
                0x00000970       0x38 .\ARM_GCC_493\Debug\USB_UART01.a(LED4.o)
 .debug_aranges
                0x000009a8       0x88 .\ARM_GCC_493\Debug\USB_UART01.a(Idle_Collision_Timer.o)
 .debug_aranges
                0x00000a30       0x40 .\ARM_GCC_493\Debug\USB_UART01.a(Receive.o)
 .debug_aranges
                0x00000a70       0x80 .\ARM_GCC_493\Debug\USB_UART01.a(Edge_detect_IRQ.o)
 .debug_aranges
                0x00000af0       0x80 .\ARM_GCC_493\Debug\USB_UART01.a(Idle_Collision_IRQ.o)
 .debug_aranges
                0x00000b70       0x38 .\ARM_GCC_493\Debug\USB_UART01.a(LED3.o)
 .debug_aranges
                0x00000ba8       0x38 .\ARM_GCC_493\Debug\USB_UART01.a(LED2.o)
 .debug_aranges
                0x00000be0       0x80 .\ARM_GCC_493\Debug\USB_UART01.a(Counter.o)
 .debug_aranges
                0x00000c60       0x20 .\ARM_GCC_493\Debug\USB_UART01.a(USBUART_1_cls.o)
 .debug_aranges
                0x00000c80       0x18 .\ARM_GCC_493\Debug\USB_UART01.a(USBUART_1_descr.o)
 .debug_aranges
                0x00000c98       0x88 .\ARM_GCC_493\Debug\USB_UART01.a(CyFlash.o)
 .debug_aranges
                0x00000d20       0x78 .\ARM_GCC_493\Debug\USB_UART01.a(CySpc.o)

.debug_pubnames
 *(.debug_pubnames)

.debug_info     0x00000000     0x626a
 *(.debug_info .gnu.linkonce.wi.*)
 .debug_info    0x00000000      0x380 .\ARM_GCC_493\Debug\main.o
 .debug_info    0x00000380      0x139 .\ARM_GCC_493\Debug\cymetadata.o
 .debug_info    0x000004b9      0x317 .\ARM_GCC_493\Debug\Cm3Start.o
 .debug_info    0x000007d0      0x4a2 .\ARM_GCC_493\Debug\USB_UART01.a(cyfitter_cfg.o)
 .debug_info    0x00000c72      0x601 .\ARM_GCC_493\Debug\USB_UART01.a(USBUART_1.o)
 .debug_info    0x00001273      0x56f .\ARM_GCC_493\Debug\USB_UART01.a(USBUART_1_cdc.o)
 .debug_info    0x000017e2      0x4ed .\ARM_GCC_493\Debug\USB_UART01.a(USBUART_1_drv.o)
 .debug_info    0x00001ccf      0x1a6 .\ARM_GCC_493\Debug\USB_UART01.a(USBUART_1_episr.o)
 .debug_info    0x00001e75      0x34e .\ARM_GCC_493\Debug\USB_UART01.a(USBUART_1_hid.o)
 .debug_info    0x000021c3      0x7bb .\ARM_GCC_493\Debug\USB_UART01.a(USBUART_1_std.o)
 .debug_info    0x0000297e      0x177 .\ARM_GCC_493\Debug\USB_UART01.a(USBUART_1_vnd.o)
 .debug_info    0x00002af5      0x3c4 .\ARM_GCC_493\Debug\USB_UART01.a(LCD.o)
 .debug_info    0x00002eb9       0x87 .\ARM_GCC_493\Debug\USB_UART01.a(CyBootAsmGnu.o)
 .debug_info    0x00002f40      0xe31 .\ARM_GCC_493\Debug\USB_UART01.a(CyLib.o)
 .debug_info    0x00003d71      0x55f .\ARM_GCC_493\Debug\USB_UART01.a(cyPm.o)
 .debug_info    0x000042d0      0x11d .\ARM_GCC_493\Debug\USB_UART01.a(TX_pin.o)
 .debug_info    0x000043ed      0x252 .\ARM_GCC_493\Debug\USB_UART01.a(Timer.o)
 .debug_info    0x0000463f      0x238 .\ARM_GCC_493\Debug\USB_UART01.a(TimerISR.o)
 .debug_info    0x00004877      0x11d .\ARM_GCC_493\Debug\USB_UART01.a(LED4.o)
 .debug_info    0x00004994      0x23c .\ARM_GCC_493\Debug\USB_UART01.a(Idle_Collision_Timer.o)
 .debug_info    0x00004bd0      0x132 .\ARM_GCC_493\Debug\USB_UART01.a(Receive.o)
 .debug_info    0x00004d02      0x238 .\ARM_GCC_493\Debug\USB_UART01.a(Edge_detect_IRQ.o)
 .debug_info    0x00004f3a      0x238 .\ARM_GCC_493\Debug\USB_UART01.a(Idle_Collision_IRQ.o)
 .debug_info    0x00005172      0x11d .\ARM_GCC_493\Debug\USB_UART01.a(LED3.o)
 .debug_info    0x0000528f      0x11d .\ARM_GCC_493\Debug\USB_UART01.a(LED2.o)
 .debug_info    0x000053ac      0x219 .\ARM_GCC_493\Debug\USB_UART01.a(Counter.o)
 .debug_info    0x000055c5      0x19b .\ARM_GCC_493\Debug\USB_UART01.a(USBUART_1_cls.o)
 .debug_info    0x00005760      0x2f3 .\ARM_GCC_493\Debug\USB_UART01.a(USBUART_1_descr.o)
 .debug_info    0x00005a53      0x3c1 .\ARM_GCC_493\Debug\USB_UART01.a(CyFlash.o)
 .debug_info    0x00005e14      0x456 .\ARM_GCC_493\Debug\USB_UART01.a(CySpc.o)

.debug_abbrev   0x00000000     0x22ac
 *(.debug_abbrev)
 .debug_abbrev  0x00000000      0x1c8 .\ARM_GCC_493\Debug\main.o
 .debug_abbrev  0x000001c8       0x5d .\ARM_GCC_493\Debug\cymetadata.o
 .debug_abbrev  0x00000225      0x1b6 .\ARM_GCC_493\Debug\Cm3Start.o
 .debug_abbrev  0x000003db      0x187 .\ARM_GCC_493\Debug\USB_UART01.a(cyfitter_cfg.o)
 .debug_abbrev  0x00000562      0x1bf .\ARM_GCC_493\Debug\USB_UART01.a(USBUART_1.o)
 .debug_abbrev  0x00000721      0x1db .\ARM_GCC_493\Debug\USB_UART01.a(USBUART_1_cdc.o)
 .debug_abbrev  0x000008fc      0x179 .\ARM_GCC_493\Debug\USB_UART01.a(USBUART_1_drv.o)
 .debug_abbrev  0x00000a75       0xd2 .\ARM_GCC_493\Debug\USB_UART01.a(USBUART_1_episr.o)
 .debug_abbrev  0x00000b47      0x15e .\ARM_GCC_493\Debug\USB_UART01.a(USBUART_1_hid.o)
 .debug_abbrev  0x00000ca5      0x1ac .\ARM_GCC_493\Debug\USB_UART01.a(USBUART_1_std.o)
 .debug_abbrev  0x00000e51       0xc5 .\ARM_GCC_493\Debug\USB_UART01.a(USBUART_1_vnd.o)
 .debug_abbrev  0x00000f16      0x12d .\ARM_GCC_493\Debug\USB_UART01.a(LCD.o)
 .debug_abbrev  0x00001043       0x14 .\ARM_GCC_493\Debug\USB_UART01.a(CyBootAsmGnu.o)
 .debug_abbrev  0x00001057      0x217 .\ARM_GCC_493\Debug\USB_UART01.a(CyLib.o)
 .debug_abbrev  0x0000126e      0x16e .\ARM_GCC_493\Debug\USB_UART01.a(cyPm.o)
 .debug_abbrev  0x000013dc       0x9d .\ARM_GCC_493\Debug\USB_UART01.a(TX_pin.o)
 .debug_abbrev  0x00001479      0x128 .\ARM_GCC_493\Debug\USB_UART01.a(Timer.o)
 .debug_abbrev  0x000015a1      0x17f .\ARM_GCC_493\Debug\USB_UART01.a(TimerISR.o)
 .debug_abbrev  0x00001720       0x9d .\ARM_GCC_493\Debug\USB_UART01.a(LED4.o)
 .debug_abbrev  0x000017bd       0xf6 .\ARM_GCC_493\Debug\USB_UART01.a(Idle_Collision_Timer.o)
 .debug_abbrev  0x000018b3       0x9d .\ARM_GCC_493\Debug\USB_UART01.a(Receive.o)
 .debug_abbrev  0x00001950      0x17f .\ARM_GCC_493\Debug\USB_UART01.a(Edge_detect_IRQ.o)
 .debug_abbrev  0x00001acf      0x17f .\ARM_GCC_493\Debug\USB_UART01.a(Idle_Collision_IRQ.o)
 .debug_abbrev  0x00001c4e       0x9d .\ARM_GCC_493\Debug\USB_UART01.a(LED3.o)
 .debug_abbrev  0x00001ceb       0x9d .\ARM_GCC_493\Debug\USB_UART01.a(LED2.o)
 .debug_abbrev  0x00001d88      0x112 .\ARM_GCC_493\Debug\USB_UART01.a(Counter.o)
 .debug_abbrev  0x00001e9a       0xc5 .\ARM_GCC_493\Debug\USB_UART01.a(USBUART_1_cls.o)
 .debug_abbrev  0x00001f5f       0xa7 .\ARM_GCC_493\Debug\USB_UART01.a(USBUART_1_descr.o)
 .debug_abbrev  0x00002006      0x12d .\ARM_GCC_493\Debug\USB_UART01.a(CyFlash.o)
 .debug_abbrev  0x00002133      0x179 .\ARM_GCC_493\Debug\USB_UART01.a(CySpc.o)

.debug_line     0x00000000     0x3553
 *(.debug_line)
 .debug_line    0x00000000      0x35c .\ARM_GCC_493\Debug\main.o
 .debug_line    0x0000035c       0x53 .\ARM_GCC_493\Debug\cymetadata.o
 .debug_line    0x000003af      0x1d0 .\ARM_GCC_493\Debug\Cm3Start.o
 .debug_line    0x0000057f      0x1f2 .\ARM_GCC_493\Debug\USB_UART01.a(cyfitter_cfg.o)
 .debug_line    0x00000771      0x2e2 .\ARM_GCC_493\Debug\USB_UART01.a(USBUART_1.o)
 .debug_line    0x00000a53      0x242 .\ARM_GCC_493\Debug\USB_UART01.a(USBUART_1_cdc.o)
 .debug_line    0x00000c95      0x21a .\ARM_GCC_493\Debug\USB_UART01.a(USBUART_1_drv.o)
 .debug_line    0x00000eaf       0xec .\ARM_GCC_493\Debug\USB_UART01.a(USBUART_1_episr.o)
 .debug_line    0x00000f9b      0x199 .\ARM_GCC_493\Debug\USB_UART01.a(USBUART_1_hid.o)
 .debug_line    0x00001134      0x459 .\ARM_GCC_493\Debug\USB_UART01.a(USBUART_1_std.o)
 .debug_line    0x0000158d       0x97 .\ARM_GCC_493\Debug\USB_UART01.a(USBUART_1_vnd.o)
 .debug_line    0x00001624      0x1e3 .\ARM_GCC_493\Debug\USB_UART01.a(LCD.o)
 .debug_line    0x00001807       0x7f .\ARM_GCC_493\Debug\USB_UART01.a(CyBootAsmGnu.o)
 .debug_line    0x00001886      0x872 .\ARM_GCC_493\Debug\USB_UART01.a(CyLib.o)
 .debug_line    0x000020f8      0x381 .\ARM_GCC_493\Debug\USB_UART01.a(cyPm.o)
 .debug_line    0x00002479       0x97 .\ARM_GCC_493\Debug\USB_UART01.a(TX_pin.o)
 .debug_line    0x00002510      0x170 .\ARM_GCC_493\Debug\USB_UART01.a(Timer.o)
 .debug_line    0x00002680      0x16c .\ARM_GCC_493\Debug\USB_UART01.a(TimerISR.o)
 .debug_line    0x000027ec       0x95 .\ARM_GCC_493\Debug\USB_UART01.a(LED4.o)
 .debug_line    0x00002881      0x16f .\ARM_GCC_493\Debug\USB_UART01.a(Idle_Collision_Timer.o)
 .debug_line    0x000029f0       0xaa .\ARM_GCC_493\Debug\USB_UART01.a(Receive.o)
 .debug_line    0x00002a9a      0x163 .\ARM_GCC_493\Debug\USB_UART01.a(Edge_detect_IRQ.o)
 .debug_line    0x00002bfd      0x176 .\ARM_GCC_493\Debug\USB_UART01.a(Idle_Collision_IRQ.o)
 .debug_line    0x00002d73       0x95 .\ARM_GCC_493\Debug\USB_UART01.a(LED3.o)
 .debug_line    0x00002e08       0x95 .\ARM_GCC_493\Debug\USB_UART01.a(LED2.o)
 .debug_line    0x00002e9d      0x15c .\ARM_GCC_493\Debug\USB_UART01.a(Counter.o)
 .debug_line    0x00002ff9       0xa2 .\ARM_GCC_493\Debug\USB_UART01.a(USBUART_1_cls.o)
 .debug_line    0x0000309b       0x67 .\ARM_GCC_493\Debug\USB_UART01.a(USBUART_1_descr.o)
 .debug_line    0x00003102      0x21a .\ARM_GCC_493\Debug\USB_UART01.a(CyFlash.o)
 .debug_line    0x0000331c      0x237 .\ARM_GCC_493\Debug\USB_UART01.a(CySpc.o)

.debug_frame    0x00000000     0x3664
 *(.debug_frame)
 .debug_frame   0x00000000      0x164 .\ARM_GCC_493\Debug\main.o
 .debug_frame   0x00000164       0xd8 .\ARM_GCC_493\Debug\Cm3Start.o
 .debug_frame   0x0000023c      0x16c .\ARM_GCC_493\Debug\USB_UART01.a(cyfitter_cfg.o)
 .debug_frame   0x000003a8      0x308 .\ARM_GCC_493\Debug\USB_UART01.a(USBUART_1.o)
 .debug_frame   0x000006b0      0x2e4 .\ARM_GCC_493\Debug\USB_UART01.a(USBUART_1_cdc.o)
 .debug_frame   0x00000994      0x23c .\ARM_GCC_493\Debug\USB_UART01.a(USBUART_1_drv.o)
 .debug_frame   0x00000bd0       0xbc .\ARM_GCC_493\Debug\USB_UART01.a(USBUART_1_episr.o)
 .debug_frame   0x00000c8c      0x100 .\ARM_GCC_493\Debug\USB_UART01.a(USBUART_1_hid.o)
 .debug_frame   0x00000d8c      0x1f4 .\ARM_GCC_493\Debug\USB_UART01.a(USBUART_1_std.o)
 .debug_frame   0x00000f80       0x38 .\ARM_GCC_493\Debug\USB_UART01.a(USBUART_1_vnd.o)
 .debug_frame   0x00000fb8      0x260 .\ARM_GCC_493\Debug\USB_UART01.a(LCD.o)
 .debug_frame   0x00001218      0xbe8 .\ARM_GCC_493\Debug\USB_UART01.a(CyLib.o)
 .debug_frame   0x00001e00      0x234 .\ARM_GCC_493\Debug\USB_UART01.a(cyPm.o)
 .debug_frame   0x00002034       0xa8 .\ARM_GCC_493\Debug\USB_UART01.a(TX_pin.o)
 .debug_frame   0x000020dc      0x230 .\ARM_GCC_493\Debug\USB_UART01.a(Timer.o)
 .debug_frame   0x0000230c      0x1e8 .\ARM_GCC_493\Debug\USB_UART01.a(TimerISR.o)
 .debug_frame   0x000024f4       0xa8 .\ARM_GCC_493\Debug\USB_UART01.a(LED4.o)
 .debug_frame   0x0000259c      0x208 .\ARM_GCC_493\Debug\USB_UART01.a(Idle_Collision_Timer.o)
 .debug_frame   0x000027a4       0xcc .\ARM_GCC_493\Debug\USB_UART01.a(Receive.o)
 .debug_frame   0x00002870      0x1e8 .\ARM_GCC_493\Debug\USB_UART01.a(Edge_detect_IRQ.o)
 .debug_frame   0x00002a58      0x1e8 .\ARM_GCC_493\Debug\USB_UART01.a(Idle_Collision_IRQ.o)
 .debug_frame   0x00002c40       0xa8 .\ARM_GCC_493\Debug\USB_UART01.a(LED3.o)
 .debug_frame   0x00002ce8       0xa8 .\ARM_GCC_493\Debug\USB_UART01.a(LED2.o)
 .debug_frame   0x00002d90      0x1e4 .\ARM_GCC_493\Debug\USB_UART01.a(Counter.o)
 .debug_frame   0x00002f74       0x38 .\ARM_GCC_493\Debug\USB_UART01.a(USBUART_1_cls.o)
 .debug_frame   0x00002fac      0x238 .\ARM_GCC_493\Debug\USB_UART01.a(CyFlash.o)
 .debug_frame   0x000031e4      0x1f8 .\ARM_GCC_493\Debug\USB_UART01.a(CySpc.o)
 .debug_frame   0x000033dc       0x20 d:/program files/cypress/psoc creator/3.3/psoc creator/import/gnu/arm/4.9.3/bin/../lib/gcc/arm-none-eabi/4.9.3/../../../../arm-none-eabi/lib/armv7-m\libg_nano.a(lib_a-errno.o)
 .debug_frame   0x000033fc       0x28 d:/program files/cypress/psoc creator/3.3/psoc creator/import/gnu/arm/4.9.3/bin/../lib/gcc/arm-none-eabi/4.9.3/../../../../arm-none-eabi/lib/armv7-m\libg_nano.a(lib_a-exit.o)
 .debug_frame   0x00003424       0x2c d:/program files/cypress/psoc creator/3.3/psoc creator/import/gnu/arm/4.9.3/bin/../lib/gcc/arm-none-eabi/4.9.3/../../../../arm-none-eabi/lib/armv7-m\libg_nano.a(lib_a-init.o)
 .debug_frame   0x00003450       0x28 d:/program files/cypress/psoc creator/3.3/psoc creator/import/gnu/arm/4.9.3/bin/../lib/gcc/arm-none-eabi/4.9.3/../../../../arm-none-eabi/lib/armv7-m\libg_nano.a(lib_a-memcpy.o)
 .debug_frame   0x00003478       0x20 d:/program files/cypress/psoc creator/3.3/psoc creator/import/gnu/arm/4.9.3/bin/../lib/gcc/arm-none-eabi/4.9.3/../../../../arm-none-eabi/lib/armv7-m\libg_nano.a(lib_a-memset.o)
 .debug_frame   0x00003498       0x44 d:/program files/cypress/psoc creator/3.3/psoc creator/import/gnu/arm/4.9.3/bin/../lib/gcc/arm-none-eabi/4.9.3/../../../../arm-none-eabi/lib/armv7-m\libg_nano.a(lib_a-rand.o)
 .debug_frame   0x000034dc       0x2c d:/program files/cypress/psoc creator/3.3/psoc creator/import/gnu/arm/4.9.3/bin/../lib/gcc/arm-none-eabi/4.9.3/../../../../arm-none-eabi/lib/armv7-m\libg_nano.a(lib_a-time.o)
 .debug_frame   0x00003508       0x2c d:/program files/cypress/psoc creator/3.3/psoc creator/import/gnu/arm/4.9.3/bin/../lib/gcc/arm-none-eabi/4.9.3/../../../../arm-none-eabi/lib/armv7-m\libg_nano.a(lib_a-gettimeofdayr.o)
 .debug_frame   0x00003534       0x30 d:/program files/cypress/psoc creator/3.3/psoc creator/import/gnu/arm/4.9.3/bin/../lib/gcc/arm-none-eabi/4.9.3/../../../../arm-none-eabi/lib/armv7-m\libg_nano.a(lib_a-malloc.o)
 .debug_frame   0x00003564       0x2c d:/program files/cypress/psoc creator/3.3/psoc creator/import/gnu/arm/4.9.3/bin/../lib/gcc/arm-none-eabi/4.9.3/../../../../arm-none-eabi/lib/armv7-m\libg_nano.a(lib_a-nano-freer.o)
 .debug_frame   0x00003590       0x2c d:/program files/cypress/psoc creator/3.3/psoc creator/import/gnu/arm/4.9.3/bin/../lib/gcc/arm-none-eabi/4.9.3/../../../../arm-none-eabi/lib/armv7-m\libg_nano.a(lib_a-nano-mallocr.o)
 .debug_frame   0x000035bc       0x5c d:/program files/cypress/psoc creator/3.3/psoc creator/import/gnu/arm/4.9.3/bin/../lib/gcc/arm-none-eabi/4.9.3/../../../../arm-none-eabi/lib/armv7-m\libg_nano.a(lib_a-reent.o)
 .debug_frame   0x00003618       0x2c d:/program files/cypress/psoc creator/3.3/psoc creator/import/gnu/arm/4.9.3/bin/../lib/gcc/arm-none-eabi/4.9.3/../../../../arm-none-eabi/lib/armv7-m\libg_nano.a(lib_a-sbrkr.o)
 .debug_frame   0x00003644       0x20 d:/program files/cypress/psoc creator/3.3/psoc creator/import/gnu/arm/4.9.3/bin/../lib/gcc/arm-none-eabi/4.9.3/../../../../arm-none-eabi/lib/armv7-m\libnosys.a(gettod.o)

.debug_str      0x00000000     0x2f37
 *(.debug_str)
 .debug_str     0x00000000      0x2ea .\ARM_GCC_493\Debug\main.o
                                0x333 (size before relaxing)
 .debug_str     0x000002ea       0x77 .\ARM_GCC_493\Debug\cymetadata.o
                                0x1e1 (size before relaxing)
 .debug_str     0x00000361      0x139 .\ARM_GCC_493\Debug\Cm3Start.o
                                0x2c2 (size before relaxing)
 .debug_str     0x0000049a      0x1d6 .\ARM_GCC_493\Debug\USB_UART01.a(cyfitter_cfg.o)
                                0x389 (size before relaxing)
 .debug_str     0x00000670      0x397 .\ARM_GCC_493\Debug\USB_UART01.a(USBUART_1.o)
                                0x531 (size before relaxing)
 .debug_str     0x00000a07      0x2e9 .\ARM_GCC_493\Debug\USB_UART01.a(USBUART_1_cdc.o)
                                0x515 (size before relaxing)
 .debug_str     0x00000cf0      0x2c0 .\ARM_GCC_493\Debug\USB_UART01.a(USBUART_1_drv.o)
                                0x614 (size before relaxing)
 .debug_str     0x00000fb0       0x8e .\ARM_GCC_493\Debug\USB_UART01.a(USBUART_1_episr.o)
                                0x27b (size before relaxing)
 .debug_str     0x0000103e      0x136 .\ARM_GCC_493\Debug\USB_UART01.a(USBUART_1_hid.o)
                                0x386 (size before relaxing)
 .debug_str     0x00001174      0x2c8 .\ARM_GCC_493\Debug\USB_UART01.a(USBUART_1_std.o)
                                0x69d (size before relaxing)
 .debug_str     0x0000143c       0x67 .\ARM_GCC_493\Debug\USB_UART01.a(USBUART_1_vnd.o)
                                0x254 (size before relaxing)
 .debug_str     0x000014a3      0x16c .\ARM_GCC_493\Debug\USB_UART01.a(LCD.o)
                                0x304 (size before relaxing)
 .debug_str     0x0000160f      0x7cd .\ARM_GCC_493\Debug\USB_UART01.a(CyLib.o)
                                0x9bd (size before relaxing)
 .debug_str     0x00001ddc      0x367 .\ARM_GCC_493\Debug\USB_UART01.a(cyPm.o)
                                0x522 (size before relaxing)
 .debug_str     0x00002143       0x6d .\ARM_GCC_493\Debug\USB_UART01.a(TX_pin.o)
                                0x1de (size before relaxing)
 .debug_str     0x000021b0       0x6b .\ARM_GCC_493\Debug\USB_UART01.a(Timer.o)
                                0x2f9 (size before relaxing)
 .debug_str     0x0000221b      0x112 .\ARM_GCC_493\Debug\USB_UART01.a(TimerISR.o)
                                0x2bb (size before relaxing)
 .debug_str     0x0000232d       0x58 .\ARM_GCC_493\Debug\USB_UART01.a(LED4.o)
                                0x1d4 (size before relaxing)
 .debug_str     0x00002385      0x22f .\ARM_GCC_493\Debug\USB_UART01.a(Idle_Collision_Timer.o)
                                0x3d0 (size before relaxing)
 .debug_str     0x000025b4       0x7e .\ARM_GCC_493\Debug\USB_UART01.a(Receive.o)
                                0x1fa (size before relaxing)
 .debug_str     0x00002632      0x174 .\ARM_GCC_493\Debug\USB_UART01.a(Edge_detect_IRQ.o)
                                0x31d (size before relaxing)
 .debug_str     0x000027a6      0x19e .\ARM_GCC_493\Debug\USB_UART01.a(Idle_Collision_IRQ.o)
                                0x347 (size before relaxing)
 .debug_str     0x00002944       0x58 .\ARM_GCC_493\Debug\USB_UART01.a(LED3.o)
                                0x1d4 (size before relaxing)
 .debug_str     0x0000299c       0x58 .\ARM_GCC_493\Debug\USB_UART01.a(LED2.o)
                                0x1d4 (size before relaxing)
 .debug_str     0x000029f4      0x14a .\ARM_GCC_493\Debug\USB_UART01.a(Counter.o)
                                0x2dd (size before relaxing)
 .debug_str     0x00002b3e       0x45 .\ARM_GCC_493\Debug\USB_UART01.a(USBUART_1_cls.o)
                                0x26a (size before relaxing)
 .debug_str     0x00002b83      0x134 .\ARM_GCC_493\Debug\USB_UART01.a(USBUART_1_descr.o)
                                0x3bb (size before relaxing)
 .debug_str     0x00002cb7      0x15f .\ARM_GCC_493\Debug\USB_UART01.a(CyFlash.o)
                                0x2f9 (size before relaxing)
 .debug_str     0x00002e16      0x121 .\ARM_GCC_493\Debug\USB_UART01.a(CySpc.o)
                                0x2de (size before relaxing)

.debug_loc
 *(.debug_loc)

.debug_macinfo
 *(.debug_macinfo)

.debug_ranges   0x00000000      0xb98
 *(.debug_ranges)
 .debug_ranges  0x00000000       0x58 .\ARM_GCC_493\Debug\main.o
 .debug_ranges  0x00000058       0x38 .\ARM_GCC_493\Debug\Cm3Start.o
 .debug_ranges  0x00000090       0x50 .\ARM_GCC_493\Debug\USB_UART01.a(cyfitter_cfg.o)
 .debug_ranges  0x000000e0       0xa0 .\ARM_GCC_493\Debug\USB_UART01.a(USBUART_1.o)
 .debug_ranges  0x00000180       0xa0 .\ARM_GCC_493\Debug\USB_UART01.a(USBUART_1_cdc.o)
 .debug_ranges  0x00000220       0x88 .\ARM_GCC_493\Debug\USB_UART01.a(USBUART_1_drv.o)
 .debug_ranges  0x000002a8       0x30 .\ARM_GCC_493\Debug\USB_UART01.a(USBUART_1_episr.o)
 .debug_ranges  0x000002d8       0x38 .\ARM_GCC_493\Debug\USB_UART01.a(USBUART_1_hid.o)
 .debug_ranges  0x00000310       0x68 .\ARM_GCC_493\Debug\USB_UART01.a(USBUART_1_std.o)
 .debug_ranges  0x00000378       0x10 .\ARM_GCC_493\Debug\USB_UART01.a(USBUART_1_vnd.o)
 .debug_ranges  0x00000388       0x88 .\ARM_GCC_493\Debug\USB_UART01.a(LCD.o)
 .debug_ranges  0x00000410      0x288 .\ARM_GCC_493\Debug\USB_UART01.a(CyLib.o)
 .debug_ranges  0x00000698       0x88 .\ARM_GCC_493\Debug\USB_UART01.a(cyPm.o)
 .debug_ranges  0x00000720       0x28 .\ARM_GCC_493\Debug\USB_UART01.a(TX_pin.o)
 .debug_ranges  0x00000748       0x80 .\ARM_GCC_493\Debug\USB_UART01.a(Timer.o)
 .debug_ranges  0x000007c8       0x70 .\ARM_GCC_493\Debug\USB_UART01.a(TimerISR.o)
 .debug_ranges  0x00000838       0x28 .\ARM_GCC_493\Debug\USB_UART01.a(LED4.o)
 .debug_ranges  0x00000860       0x78 .\ARM_GCC_493\Debug\USB_UART01.a(Idle_Collision_Timer.o)
 .debug_ranges  0x000008d8       0x30 .\ARM_GCC_493\Debug\USB_UART01.a(Receive.o)
 .debug_ranges  0x00000908       0x70 .\ARM_GCC_493\Debug\USB_UART01.a(Edge_detect_IRQ.o)
 .debug_ranges  0x00000978       0x70 .\ARM_GCC_493\Debug\USB_UART01.a(Idle_Collision_IRQ.o)
 .debug_ranges  0x000009e8       0x28 .\ARM_GCC_493\Debug\USB_UART01.a(LED3.o)
 .debug_ranges  0x00000a10       0x28 .\ARM_GCC_493\Debug\USB_UART01.a(LED2.o)
 .debug_ranges  0x00000a38       0x70 .\ARM_GCC_493\Debug\USB_UART01.a(Counter.o)
 .debug_ranges  0x00000aa8       0x10 .\ARM_GCC_493\Debug\USB_UART01.a(USBUART_1_cls.o)
 .debug_ranges  0x00000ab8       0x78 .\ARM_GCC_493\Debug\USB_UART01.a(CyFlash.o)
 .debug_ranges  0x00000b30       0x68 .\ARM_GCC_493\Debug\USB_UART01.a(CySpc.o)

.comment        0x00000000       0x70
 .comment       0x00000000       0x70 .\ARM_GCC_493\Debug\main.o
                                 0x71 (size before relaxing)
 .comment       0x00000000       0x71 .\ARM_GCC_493\Debug\cymetadata.o
 .comment       0x00000000       0x71 .\ARM_GCC_493\Debug\Cm3Start.o
 .comment       0x00000000       0x71 .\ARM_GCC_493\Debug\USB_UART01.a(cyfitter_cfg.o)
 .comment       0x00000000       0x71 .\ARM_GCC_493\Debug\USB_UART01.a(USBUART_1.o)
 .comment       0x00000000       0x71 .\ARM_GCC_493\Debug\USB_UART01.a(USBUART_1_cdc.o)
 .comment       0x00000000       0x71 .\ARM_GCC_493\Debug\USB_UART01.a(USBUART_1_drv.o)
 .comment       0x00000000       0x71 .\ARM_GCC_493\Debug\USB_UART01.a(USBUART_1_episr.o)
 .comment       0x00000000       0x71 .\ARM_GCC_493\Debug\USB_UART01.a(USBUART_1_hid.o)
 .comment       0x00000000       0x71 .\ARM_GCC_493\Debug\USB_UART01.a(USBUART_1_std.o)
 .comment       0x00000000       0x71 .\ARM_GCC_493\Debug\USB_UART01.a(USBUART_1_vnd.o)
 .comment       0x00000000       0x71 .\ARM_GCC_493\Debug\USB_UART01.a(LCD.o)
 .comment       0x00000000       0x71 .\ARM_GCC_493\Debug\USB_UART01.a(CyLib.o)
 .comment       0x00000000       0x71 .\ARM_GCC_493\Debug\USB_UART01.a(cyPm.o)
 .comment       0x00000000       0x71 .\ARM_GCC_493\Debug\USB_UART01.a(TX_pin.o)
 .comment       0x00000000       0x71 .\ARM_GCC_493\Debug\USB_UART01.a(Timer.o)
 .comment       0x00000000       0x71 .\ARM_GCC_493\Debug\USB_UART01.a(TimerISR.o)
 .comment       0x00000000       0x71 .\ARM_GCC_493\Debug\USB_UART01.a(LED4.o)
 .comment       0x00000000       0x71 .\ARM_GCC_493\Debug\USB_UART01.a(Idle_Collision_Timer.o)
 .comment       0x00000000       0x71 .\ARM_GCC_493\Debug\USB_UART01.a(Receive.o)
 .comment       0x00000000       0x71 .\ARM_GCC_493\Debug\USB_UART01.a(Edge_detect_IRQ.o)
 .comment       0x00000000       0x71 .\ARM_GCC_493\Debug\USB_UART01.a(Idle_Collision_IRQ.o)
 .comment       0x00000000       0x71 .\ARM_GCC_493\Debug\USB_UART01.a(LED3.o)
 .comment       0x00000000       0x71 .\ARM_GCC_493\Debug\USB_UART01.a(LED2.o)
 .comment       0x00000000       0x71 .\ARM_GCC_493\Debug\USB_UART01.a(Counter.o)
 .comment       0x00000000       0x71 .\ARM_GCC_493\Debug\USB_UART01.a(USBUART_1_cls.o)
 .comment       0x00000000       0x71 .\ARM_GCC_493\Debug\USB_UART01.a(USBUART_1_descr.o)
 .comment       0x00000000       0x71 .\ARM_GCC_493\Debug\USB_UART01.a(CyFlash.o)
 .comment       0x00000000       0x71 .\ARM_GCC_493\Debug\USB_UART01.a(CySpc.o)

.debug_weaknames
 *(.debug_weaknames)

.debug_funcnames
 *(.debug_funcnames)

.debug_typenames
 *(.debug_typenames)

.debug_varnames
 *(.debug_varnames)

.note.gnu.arm.ident
 *(.note.gnu.arm.ident)

.ARM.attributes
                0x00000000       0x29
 *(.ARM.attributes)
 .ARM.attributes
                0x00000000       0x1d d:/program files/cypress/psoc creator/3.3/psoc creator/import/gnu/arm/4.9.3/bin/../lib/gcc/arm-none-eabi/4.9.3/armv7-m/crti.o
 .ARM.attributes
                0x0000001d       0x2d d:/program files/cypress/psoc creator/3.3/psoc creator/import/gnu/arm/4.9.3/bin/../lib/gcc/arm-none-eabi/4.9.3/armv7-m/crtbegin.o
 .ARM.attributes
                0x0000004a       0x1b d:/program files/cypress/psoc creator/3.3/psoc creator/import/gnu/arm/4.9.3/bin/../lib/gcc/arm-none-eabi/4.9.3/../../../../arm-none-eabi/lib/armv7-m/crt0.o
 .ARM.attributes
                0x00000065       0x33 .\ARM_GCC_493\Debug\main.o
 .ARM.attributes
                0x00000098       0x33 .\ARM_GCC_493\Debug\cymetadata.o
 .ARM.attributes
                0x000000cb       0x33 .\ARM_GCC_493\Debug\Cm3Start.o
 .ARM.attributes
                0x000000fe       0x33 .\ARM_GCC_493\Debug\USB_UART01.a(cyfitter_cfg.o)
 .ARM.attributes
                0x00000131       0x33 .\ARM_GCC_493\Debug\USB_UART01.a(USBUART_1.o)
 .ARM.attributes
                0x00000164       0x33 .\ARM_GCC_493\Debug\USB_UART01.a(USBUART_1_cdc.o)
 .ARM.attributes
                0x00000197       0x33 .\ARM_GCC_493\Debug\USB_UART01.a(USBUART_1_drv.o)
 .ARM.attributes
                0x000001ca       0x33 .\ARM_GCC_493\Debug\USB_UART01.a(USBUART_1_episr.o)
 .ARM.attributes
                0x000001fd       0x33 .\ARM_GCC_493\Debug\USB_UART01.a(USBUART_1_hid.o)
 .ARM.attributes
                0x00000230       0x33 .\ARM_GCC_493\Debug\USB_UART01.a(USBUART_1_std.o)
 .ARM.attributes
                0x00000263       0x33 .\ARM_GCC_493\Debug\USB_UART01.a(USBUART_1_vnd.o)
 .ARM.attributes
                0x00000296       0x33 .\ARM_GCC_493\Debug\USB_UART01.a(LCD.o)
 .ARM.attributes
                0x000002c9       0x21 .\ARM_GCC_493\Debug\USB_UART01.a(CyBootAsmGnu.o)
 .ARM.attributes
                0x000002ea       0x33 .\ARM_GCC_493\Debug\USB_UART01.a(CyLib.o)
 .ARM.attributes
                0x0000031d       0x33 .\ARM_GCC_493\Debug\USB_UART01.a(cyPm.o)
 .ARM.attributes
                0x00000350       0x33 .\ARM_GCC_493\Debug\USB_UART01.a(TX_pin.o)
 .ARM.attributes
                0x00000383       0x33 .\ARM_GCC_493\Debug\USB_UART01.a(Timer.o)
 .ARM.attributes
                0x000003b6       0x33 .\ARM_GCC_493\Debug\USB_UART01.a(TimerISR.o)
 .ARM.attributes
                0x000003e9       0x33 .\ARM_GCC_493\Debug\USB_UART01.a(LED4.o)
 .ARM.attributes
                0x0000041c       0x33 .\ARM_GCC_493\Debug\USB_UART01.a(Idle_Collision_Timer.o)
 .ARM.attributes
                0x0000044f       0x33 .\ARM_GCC_493\Debug\USB_UART01.a(Receive.o)
 .ARM.attributes
                0x00000482       0x33 .\ARM_GCC_493\Debug\USB_UART01.a(Edge_detect_IRQ.o)
 .ARM.attributes
                0x000004b5       0x33 .\ARM_GCC_493\Debug\USB_UART01.a(Idle_Collision_IRQ.o)
 .ARM.attributes
                0x000004e8       0x33 .\ARM_GCC_493\Debug\USB_UART01.a(LED3.o)
 .ARM.attributes
                0x0000051b       0x33 .\ARM_GCC_493\Debug\USB_UART01.a(LED2.o)
 .ARM.attributes
                0x0000054e       0x33 .\ARM_GCC_493\Debug\USB_UART01.a(Counter.o)
 .ARM.attributes
                0x00000581       0x33 .\ARM_GCC_493\Debug\USB_UART01.a(USBUART_1_cls.o)
 .ARM.attributes
                0x000005b4       0x33 .\ARM_GCC_493\Debug\USB_UART01.a(USBUART_1_descr.o)
 .ARM.attributes
                0x000005e7       0x33 .\ARM_GCC_493\Debug\USB_UART01.a(CyFlash.o)
 .ARM.attributes
                0x0000061a       0x33 .\ARM_GCC_493\Debug\USB_UART01.a(CySpc.o)
 .ARM.attributes
                0x0000064d       0x1d d:/program files/cypress/psoc creator/3.3/psoc creator/import/gnu/arm/4.9.3/bin/../lib/gcc/arm-none-eabi/4.9.3/armv7-m\libgcc.a(_arm_addsubdf3.o)
 .ARM.attributes
                0x0000066a       0x1d d:/program files/cypress/psoc creator/3.3/psoc creator/import/gnu/arm/4.9.3/bin/../lib/gcc/arm-none-eabi/4.9.3/armv7-m\libgcc.a(_arm_muldivdf3.o)
 .ARM.attributes
                0x00000687       0x1d d:/program files/cypress/psoc creator/3.3/psoc creator/import/gnu/arm/4.9.3/bin/../lib/gcc/arm-none-eabi/4.9.3/armv7-m\libgcc.a(_arm_fixdfsi.o)
 .ARM.attributes
                0x000006a4       0x2d d:/program files/cypress/psoc creator/3.3/psoc creator/import/gnu/arm/4.9.3/bin/../lib/gcc/arm-none-eabi/4.9.3/../../../../arm-none-eabi/lib/armv7-m\libg_nano.a(lib_a-errno.o)
 .ARM.attributes
                0x000006d1       0x2d d:/program files/cypress/psoc creator/3.3/psoc creator/import/gnu/arm/4.9.3/bin/../lib/gcc/arm-none-eabi/4.9.3/../../../../arm-none-eabi/lib/armv7-m\libg_nano.a(lib_a-exit.o)
 .ARM.attributes
                0x000006fe       0x2d d:/program files/cypress/psoc creator/3.3/psoc creator/import/gnu/arm/4.9.3/bin/../lib/gcc/arm-none-eabi/4.9.3/../../../../arm-none-eabi/lib/armv7-m\libg_nano.a(lib_a-impure.o)
 .ARM.attributes
                0x0000072b       0x2d d:/program files/cypress/psoc creator/3.3/psoc creator/import/gnu/arm/4.9.3/bin/../lib/gcc/arm-none-eabi/4.9.3/../../../../arm-none-eabi/lib/armv7-m\libg_nano.a(lib_a-init.o)
 .ARM.attributes
                0x00000758       0x2d d:/program files/cypress/psoc creator/3.3/psoc creator/import/gnu/arm/4.9.3/bin/../lib/gcc/arm-none-eabi/4.9.3/../../../../arm-none-eabi/lib/armv7-m\libg_nano.a(lib_a-memcpy.o)
 .ARM.attributes
                0x00000785       0x2d d:/program files/cypress/psoc creator/3.3/psoc creator/import/gnu/arm/4.9.3/bin/../lib/gcc/arm-none-eabi/4.9.3/../../../../arm-none-eabi/lib/armv7-m\libg_nano.a(lib_a-memset.o)
 .ARM.attributes
                0x000007b2       0x2d d:/program files/cypress/psoc creator/3.3/psoc creator/import/gnu/arm/4.9.3/bin/../lib/gcc/arm-none-eabi/4.9.3/../../../../arm-none-eabi/lib/armv7-m\libg_nano.a(lib_a-rand.o)
 .ARM.attributes
                0x000007df       0x2d d:/program files/cypress/psoc creator/3.3/psoc creator/import/gnu/arm/4.9.3/bin/../lib/gcc/arm-none-eabi/4.9.3/../../../../arm-none-eabi/lib/armv7-m\libg_nano.a(lib_a-time.o)
 .ARM.attributes
                0x0000080c       0x2d d:/program files/cypress/psoc creator/3.3/psoc creator/import/gnu/arm/4.9.3/bin/../lib/gcc/arm-none-eabi/4.9.3/../../../../arm-none-eabi/lib/armv7-m\libg_nano.a(lib_a-gettimeofdayr.o)
 .ARM.attributes
                0x00000839       0x2d d:/program files/cypress/psoc creator/3.3/psoc creator/import/gnu/arm/4.9.3/bin/../lib/gcc/arm-none-eabi/4.9.3/../../../../arm-none-eabi/lib/armv7-m\libg_nano.a(lib_a-malloc.o)
 .ARM.attributes
                0x00000866       0x2d d:/program files/cypress/psoc creator/3.3/psoc creator/import/gnu/arm/4.9.3/bin/../lib/gcc/arm-none-eabi/4.9.3/../../../../arm-none-eabi/lib/armv7-m\libg_nano.a(lib_a-nano-freer.o)
 .ARM.attributes
                0x00000893       0x2d d:/program files/cypress/psoc creator/3.3/psoc creator/import/gnu/arm/4.9.3/bin/../lib/gcc/arm-none-eabi/4.9.3/../../../../arm-none-eabi/lib/armv7-m\libg_nano.a(lib_a-nano-mallocr.o)
 .ARM.attributes
                0x000008c0       0x2d d:/program files/cypress/psoc creator/3.3/psoc creator/import/gnu/arm/4.9.3/bin/../lib/gcc/arm-none-eabi/4.9.3/../../../../arm-none-eabi/lib/armv7-m\libg_nano.a(lib_a-reent.o)
 .ARM.attributes
                0x000008ed       0x2d d:/program files/cypress/psoc creator/3.3/psoc creator/import/gnu/arm/4.9.3/bin/../lib/gcc/arm-none-eabi/4.9.3/../../../../arm-none-eabi/lib/armv7-m\libg_nano.a(lib_a-sbrkr.o)
 .ARM.attributes
                0x0000091a       0x2d d:/program files/cypress/psoc creator/3.3/psoc creator/import/gnu/arm/4.9.3/bin/../lib/gcc/arm-none-eabi/4.9.3/armv7-m/crtend.o
 .ARM.attributes
                0x00000947       0x1d d:/program files/cypress/psoc creator/3.3/psoc creator/import/gnu/arm/4.9.3/bin/../lib/gcc/arm-none-eabi/4.9.3/armv7-m/crtn.o
 .ARM.attributes
                0x00000964       0x2d d:/program files/cypress/psoc creator/3.3/psoc creator/import/gnu/arm/4.9.3/bin/../lib/gcc/arm-none-eabi/4.9.3/../../../../arm-none-eabi/lib/armv7-m\libnosys.a(gettod.o)

/DISCARD/
 *(.note.GNU-stack)
OUTPUT(.\ARM_GCC_493\Debug\USB_UART01.elf elf32-littlearm)
