Archive member included because of file (symbol)

.\ARM_GCC_493\Debug\USB_UART01.a(cyfitter_cfg.o)
                              .\ARM_GCC_493\Debug\Cm3Start.o (cyfitter_cfg)
.\ARM_GCC_493\Debug\USB_UART01.a(USBUART_1.o)
                              .\ARM_GCC_493\Debug\main.o (USBUART_1_Start)
.\ARM_GCC_493\Debug\USB_UART01.a(USBUART_1_cdc.o)
                              .\ARM_GCC_493\Debug\main.o (USBUART_1_CDC_Init)
.\ARM_GCC_493\Debug\USB_UART01.a(USBUART_1_drv.o)
                              .\ARM_GCC_493\Debug\USB_UART01.a(USBUART_1.o) (USBUART_1_EP)
.\ARM_GCC_493\Debug\USB_UART01.a(USBUART_1_episr.o)
                              .\ARM_GCC_493\Debug\USB_UART01.a(USBUART_1.o) (USBUART_1_EP_1_ISR)
.\ARM_GCC_493\Debug\USB_UART01.a(USBUART_1_hid.o)
                              .\ARM_GCC_493\Debug\USB_UART01.a(USBUART_1.o) (USBUART_1_hidProtocol)
.\ARM_GCC_493\Debug\USB_UART01.a(USBUART_1_std.o)
                              .\ARM_GCC_493\Debug\USB_UART01.a(USBUART_1_drv.o) (USBUART_1_HandleStandardRqst)
.\ARM_GCC_493\Debug\USB_UART01.a(USBUART_1_vnd.o)
                              .\ARM_GCC_493\Debug\USB_UART01.a(USBUART_1_drv.o) (USBUART_1_HandleVendorRqst)
.\ARM_GCC_493\Debug\USB_UART01.a(LCD.o)
                              .\ARM_GCC_493\Debug\main.o (LCD_WriteControl)
.\ARM_GCC_493\Debug\USB_UART01.a(CyBootAsmGnu.o)
                              .\ARM_GCC_493\Debug\USB_UART01.a(cyfitter_cfg.o) (CyDelayCycles)
.\ARM_GCC_493\Debug\USB_UART01.a(CyLib.o)
                              .\ARM_GCC_493\Debug\Cm3Start.o (CyResetStatus)
.\ARM_GCC_493\Debug\USB_UART01.a(cyPm.o)
                              .\ARM_GCC_493\Debug\USB_UART01.a(CyLib.o) (CyPmReadStatus)
.\ARM_GCC_493\Debug\USB_UART01.a(TX_pin.o)
                              .\ARM_GCC_493\Debug\main.o (TX_pin_Write)
.\ARM_GCC_493\Debug\USB_UART01.a(Timer.o)
                              .\ARM_GCC_493\Debug\main.o (Timer_Start)
.\ARM_GCC_493\Debug\USB_UART01.a(TimerISR.o)
                              .\ARM_GCC_493\Debug\main.o (TimerISR_StartEx)
.\ARM_GCC_493\Debug\USB_UART01.a(LED4.o)
                              .\ARM_GCC_493\Debug\main.o (LED4_Write)
.\ARM_GCC_493\Debug\USB_UART01.a(Idle_Collision_Timer.o)
                              .\ARM_GCC_493\Debug\main.o (Idle_Collision_Timer_Start)
.\ARM_GCC_493\Debug\USB_UART01.a(Receive.o)
                              .\ARM_GCC_493\Debug\main.o (Receive_Read)
.\ARM_GCC_493\Debug\USB_UART01.a(Edge_detect_IRQ.o)
                              .\ARM_GCC_493\Debug\main.o (Edge_detect_IRQ_StartEx)
.\ARM_GCC_493\Debug\USB_UART01.a(Idle_Collision_IRQ.o)
                              .\ARM_GCC_493\Debug\main.o (Idle_Collision_IRQ_StartEx)
.\ARM_GCC_493\Debug\USB_UART01.a(LED3.o)
                              .\ARM_GCC_493\Debug\main.o (LED3_Write)
.\ARM_GCC_493\Debug\USB_UART01.a(LED2.o)
                              .\ARM_GCC_493\Debug\main.o (LED2_Write)
.\ARM_GCC_493\Debug\USB_UART01.a(ReceiveTimerIRQ.o)
                              .\ARM_GCC_493\Debug\main.o (ReceiveTimerIRQ_StartEx)
.\ARM_GCC_493\Debug\USB_UART01.a(Receive_Timer.o)
                              .\ARM_GCC_493\Debug\main.o (Receive_Timer_Start)
.\ARM_GCC_493\Debug\USB_UART01.a(USBUART_1_cls.o)
                              .\ARM_GCC_493\Debug\USB_UART01.a(USBUART_1_drv.o) (USBUART_1_DispatchClassRqst)
.\ARM_GCC_493\Debug\USB_UART01.a(USBUART_1_descr.o)
                              .\ARM_GCC_493\Debug\USB_UART01.a(USBUART_1_std.o) (USBUART_1_DEVICE0_DESCR)
.\ARM_GCC_493\Debug\USB_UART01.a(CyFlash.o)
                              .\ARM_GCC_493\Debug\USB_UART01.a(cyPm.o) (CyFlash_SetWaitCycles)
.\ARM_GCC_493\Debug\USB_UART01.a(CySpc.o)
                              .\ARM_GCC_493\Debug\USB_UART01.a(CyFlash.o) (CySpcStart)
d:/program files/cypress/psoc creator/3.3/psoc creator/import/gnu/arm/4.9.3/bin/../lib/gcc/arm-none-eabi/4.9.3/armv7-m\libgcc.a(_arm_addsubdf3.o)
                              .\ARM_GCC_493\Debug\main.o (__aeabi_i2d)
d:/program files/cypress/psoc creator/3.3/psoc creator/import/gnu/arm/4.9.3/bin/../lib/gcc/arm-none-eabi/4.9.3/armv7-m\libgcc.a(_arm_muldivdf3.o)
                              .\ARM_GCC_493\Debug\main.o (__aeabi_dmul)
d:/program files/cypress/psoc creator/3.3/psoc creator/import/gnu/arm/4.9.3/bin/../lib/gcc/arm-none-eabi/4.9.3/armv7-m\libgcc.a(_arm_fixdfsi.o)
                              .\ARM_GCC_493\Debug\main.o (__aeabi_d2iz)
d:/program files/cypress/psoc creator/3.3/psoc creator/import/gnu/arm/4.9.3/bin/../lib/gcc/arm-none-eabi/4.9.3/../../../../arm-none-eabi/lib/armv7-m\libg_nano.a(lib_a-errno.o)
                              .\ARM_GCC_493\Debug\Cm3Start.o (__errno)
d:/program files/cypress/psoc creator/3.3/psoc creator/import/gnu/arm/4.9.3/bin/../lib/gcc/arm-none-eabi/4.9.3/../../../../arm-none-eabi/lib/armv7-m\libg_nano.a(lib_a-exit.o)
[...]
Memory Configuration

Name             Origin             Length             Attributes
rom              0x00000000         0x00040000         xr
ram              0x1fff8000         0x00010000         xrw
*default*        0x00000000         0xffffffff

Linker script and memory map

LOAD d:/program files/cypress/psoc creator/3.3/psoc creator/import/gnu/arm/4.9.3/bin/../lib/gcc/arm-none-eabi/4.9.3/armv7-m/crti.o
LOAD d:/program files/cypress/psoc creator/3.3/psoc creator/import/gnu/arm/4.9.3/bin/../lib/gcc/arm-none-eabi/4.9.3/armv7-m/crtbegin.o
LOAD d:/program files/cypress/psoc creator/3.3/psoc creator/import/gnu/arm/4.9.3/bin/../lib/gcc/arm-none-eabi/4.9.3/../../../../arm-none-eabi/lib/armv7-m/crt0.o
START GROUP
LOAD .\ARM_GCC_493\Debug\main.o
LOAD .\ARM_GCC_493\Debug\cymetadata.o
LOAD .\ARM_GCC_493\Debug\Cm3Start.o
LOAD .\ARM_GCC_493\Debug\USB_UART01.a
LOAD D:\Program Files\Cypress\PSoC Creator\3.3\PSoC Creator\psoc\content\cycomponentlibrary\CyComponentLibrary.cylib\CortexM3\ARM_GCC_493\Debug\CyComponentLibrary.a
END GROUP
START GROUP
LOAD d:/program files/cypress/psoc creator/3.3/psoc creator/import/gnu/arm/4.9.3/bin/../lib/gcc/arm-none-eabi/4.9.3/armv7-m\libgcc.a
LOAD d:/program files/cypress/psoc creator/3.3/psoc creator/import/gnu/arm/4.9.3/bin/../lib/gcc/arm-none-eabi/4.9.3/../../../../arm-none-eabi/lib/armv7-m\libg_nano.a
LOAD d:/program files/cypress/psoc creator/3.3/psoc creator/import/gnu/arm/4.9.3/bin/../lib/gcc/arm-none-eabi/4.9.3/../../../../arm-none-eabi/lib/armv7-m\libc_nano.a
END GROUP
START GROUP
LOAD d:/program files/cypress/psoc creator/3.3/psoc creator/import/gnu/arm/4.9.3/bin/../lib/gcc/arm-none-eabi/4.9.3/armv7-m\libgcc.a
LOAD d:/program files/cypress/psoc creator/3.3/psoc creator/import/gnu/arm/4.9.3/bin/../lib/gcc/arm-none-eabi/4.9.3/../../../../arm-none-eabi/lib/armv7-m\libc_nano.a
END GROUP
LOAD d:/program files/cypress/psoc creator/3.3/psoc creator/import/gnu/arm/4.9.3/bin/../lib/gcc/arm-none-eabi/4.9.3/armv7-m/crtend.o
LOAD d:/program files/cypress/psoc creator/3.3/psoc creator/import/gnu/arm/4.9.3/bin/../lib/gcc/arm-none-eabi/4.9.3/armv7-m/crtn.o
START GROUP
LOAD d:/program files/cypress/psoc creator/3.3/psoc creator/import/gnu/arm/4.9.3/bin/../lib/gcc/arm-none-eabi/4.9.3/armv7-m\libgcc.a
LOAD d:/program files/cypress/psoc creator/3.3/psoc creator/import/gnu/arm/4.9.3/bin/../lib/gcc/arm-none-eabi/4.9.3/../../../../arm-none-eabi/lib/armv7-m\libc.a
LOAD d:/program files/cypress/psoc creator/3.3/psoc creator/import/gnu/arm/4.9.3/bin/../lib/gcc/arm-none-eabi/4.9.3/../../../../arm-none-eabi/lib/armv7-m\libnosys.a
END GROUP
                0x00000000                CY_APPL_ORIGIN = 0x0
                0x00000100                CY_FLASH_ROW_SIZE = 0x100
                0x00000020                CY_ECC_ROW_SIZE = 0x20
                0x00000000                CY_EE_IN_BTLDR = 0x0
                0x00000000                CY_APPL_LOADABLE = 0x0
                0x00000800                CY_EE_SIZE = 0x800
                0x00000001                CY_APPL_NUM = 0x1
                0x00000001                CY_APPL_MAX = 0x1
                0x00000040                CY_METADATA_SIZE = 0x40
                0x00000000                CY_APPL_LOADABLE = 0x0
                0x00000000                CY_CHECKSUM_EXCLUDE_SIZE = ALIGN (0x0, CY_FLASH_ROW_SIZE)
                0x1fff8fa0                PROVIDE (__cy_heap_start, _end)
                0x00000001                PROVIDE (__cy_region_num, ((__cy_regions_end - __cy_regions) / 0x10))
                0x20008000                PROVIDE (__cy_stack, (ORIGIN (ram) + 0x10000))
                0x20007800                PROVIDE (__cy_heap_end, (__cy_stack - 0x800))

.cybootloader   0x00000000        0x0
 *(.cybootloader)
                0x00000000                appl1_start = CY_APPL_ORIGIN?CY_APPL_ORIGIN:ALIGN (CY_FLASH_ROW_SIZE)
                0x0001ff00                appl2_start = (appl1_start + ALIGN ((((0x40000 - appl1_start) - (0x2 * CY_FLASH_ROW_SIZE)) / 0x2), CY_FLASH_ROW_SIZE))
                0x00000000                appl_start = (CY_APPL_NUM == 0x1)?appl1_start:appl2_start
                0x00000000                ecc_offset = ((appl_start / CY_FLASH_ROW_SIZE) * CY_ECC_ROW_SIZE)
                0x00000000                ee_offset = (CY_APPL_LOADABLE && ! (CY_EE_IN_BTLDR))?((CY_EE_SIZE / CY_APPL_MAX) * (CY_APPL_NUM - 0x1)):0x0
                0x00000800                ee_size = (CY_APPL_LOADABLE && ! (CY_EE_IN_BTLDR))?(CY_EE_SIZE / CY_APPL_MAX):CY_EE_SIZE
                0x00000000                PROVIDE (CY_ECC_OFFSET, ecc_offset)

.text           0x00000000     0x47bc
 CREATE_OBJECT_SYMBOLS
                0x00000000                PROVIDE (__cy_interrupt_vector, RomVectors)
 *(.romvectors)
 .romvectors    0x00000000       0x10 .\ARM_GCC_493\Debug\Cm3Start.o
                0x00000000                RomVectors
                0x00000001                ASSERT ((. != __cy_interrupt_vector), No interrupt vector)
                0x00000001                ASSERT (CY_APPL_ORIGIN?(SIZEOF (.cybootloader) <= CY_APPL_ORIGIN):0x1, Wrong image location)
                0x00000010                PROVIDE (__cy_reset, Reset)
 *(.text.Reset)
 .text.Reset    0x00000010       0x18 .\ARM_GCC_493\Debug\Cm3Start.o
                0x00000010                Reset
                0x00000001                ASSERT ((. != __cy_reset), No reset code)
 *(.dma_init)
                0x00000001                ASSERT ((((appl_start + .) <= 0x10000) || 0x1), DMA Init must be within the first 64k of flash)
 *(.text .text.* .gnu.linkonce.t.*)
 .text          0x00000028       0x5c d:/program files/cypress/psoc creator/3.3/psoc creator/import/gnu/arm/4.9.3/bin/../lib/gcc/arm-none-eabi/4.9.3/armv7-m/crtbegin.o
 .text.Idle_Collision_ISR
                0x00000084       0x28 .\ARM_GCC_493\Debug\main.o
                0x00000084                Idle_Collision_ISR
 .text.Edge_detect_ISR
                0x000000ac       0x58 .\ARM_GCC_493\Debug\main.o
                0x000000ac                Edge_detect_ISR
 .text.TimerHandler
                0x00000104       0x1c .\ARM_GCC_493\Debug\main.o
                0x00000104                TimerHandler
 .text.ReceiveTimerISR
                0x00000120       0x38 .\ARM_GCC_493\Debug\main.o
                0x00000120                ReceiveTimerISR
 .text.main     0x00000158      0x234 .\ARM_GCC_493\Debug\main.o
                0x00000158                main
 .text.initDiffManEncodedArray
                0x0000038c       0x48 .\ARM_GCC_493\Debug\main.o
                0x0000038c                initDiffManEncodedArray
 .text.stringToDiffMan
                0x000003d4       0x38 .\ARM_GCC_493\Debug\main.o
                0x000003d4                stringToDiffMan
 .text.asciiToDiffMan
                0x0000040c      0x1c4 .\ARM_GCC_493\Debug\main.o
                0x0000040c                asciiToDiffMan
 .text.transmitData
                0x000005d0       0xd8 .\ARM_GCC_493\Debug\main.o
                0x000005d0                transmitData
 .text.setNetworkStateOnLEDs
                0x000006a8       0x58 .\ARM_GCC_493\Debug\main.o
                0x000006a8                setNetworkStateOnLEDs
 .text.getRandomNumber
                0x00000700       0x38 .\ARM_GCC_493\Debug\main.o
                0x00000700                getRandomNumber
 .text.diffManToASCII
                0x00000738       0xb0 .\ARM_GCC_493\Debug\main.o
                0x00000738                diffManToASCII
 .text.printChar
                0x000007e8       0x24 .\ARM_GCC_493\Debug\main.o
                0x000007e8                printChar
 .text.IntDefaultHandler
                0x0000080c        0x8 .\ARM_GCC_493\Debug\Cm3Start.o
                0x0000080c                IntDefaultHandler
 .text._sbrk    0x00000814       0x50 .\ARM_GCC_493\Debug\Cm3Start.o
                0x00000814                _sbrk
 .text.Start_c  0x00000864       0x98 .\ARM_GCC_493\Debug\Cm3Start.o
                0x00000864                Start_c
 .text.initialize_psoc
                0x000008fc       0x8c .\ARM_GCC_493\Debug\Cm3Start.o
                0x000008fc                initialize_psoc
 .text.CYMEMZERO
                0x00000988       0x1c .\ARM_GCC_493\Debug\USB_UART01.a(cyfitter_cfg.o)
 .text.CYCONFIGCPY
                0x000009a4       0x1c .\ARM_GCC_493\Debug\USB_UART01.a(cyfitter_cfg.o)
 .text.CYCONFIGCPYCODE
                0x000009c0       0x1c .\ARM_GCC_493\Debug\USB_UART01.a(cyfitter_cfg.o)
 .text.CyClockStartupError
                0x000009dc        0xc .\ARM_GCC_493\Debug\USB_UART01.a(cyfitter_cfg.o)
 .text.cfg_write_bytes32
                0x000009e8       0x74 .\ARM_GCC_493\Debug\USB_UART01.a(cyfitter_cfg.o)
 .text.ClockSetup
                0x00000a5c      0x12c .\ARM_GCC_493\Debug\USB_UART01.a(cyfitter_cfg.o)
 .text.AnalogSetDefault
                0x00000b88       0x44 .\ARM_GCC_493\Debug\USB_UART01.a(cyfitter_cfg.o)
 .text.cyfitter_cfg
                0x00000bcc      0x178 .\ARM_GCC_493\Debug\USB_UART01.a(cyfitter_cfg.o)
                0x00000bcc                cyfitter_cfg
 .text.USBUART_1_Start
                0x00000d44       0x38 .\ARM_GCC_493\Debug\USB_UART01.a(USBUART_1.o)
                0x00000d44                USBUART_1_Start
 .text.USBUART_1_Init
                0x00000d7c      0x18c .\ARM_GCC_493\Debug\USB_UART01.a(USBUART_1.o)
                0x00000d7c                USBUART_1_Init
 .text.USBUART_1_InitComponent
                0x00000f08       0xf8 .\ARM_GCC_493\Debug\USB_UART01.a(USBUART_1.o)
                0x00000f08                USBUART_1_InitComponent
 .text.USBUART_1_ReInitComponent
                0x00001000       0x88 .\ARM_GCC_493\Debug\USB_UART01.a(USBUART_1.o)
                0x00001000                USBUART_1_ReInitComponent
 .text.USBUART_1_GetConfiguration
                0x00001088       0x18 .\ARM_GCC_493\Debug\USB_UART01.a(USBUART_1.o)
                0x00001088                USBUART_1_GetConfiguration
 .text.USBUART_1_IsConfigurationChanged
                0x000010a0       0x34 .\ARM_GCC_493\Debug\USB_UART01.a(USBUART_1.o)
                0x000010a0                USBUART_1_IsConfigurationChanged
 .text.USBUART_1_GetEPCount
                0x000010d4       0x6c .\ARM_GCC_493\Debug\USB_UART01.a(USBUART_1.o)
                0x000010d4                USBUART_1_GetEPCount
 .text.USBUART_1_LoadInEP
                0x00001140      0x108 .\ARM_GCC_493\Debug\USB_UART01.a(USBUART_1.o)
                0x00001140                USBUART_1_LoadInEP
 .text.USBUART_1_ReadOutEP
                0x00001248       0x8c .\ARM_GCC_493\Debug\USB_UART01.a(USBUART_1.o)
                0x00001248                USBUART_1_ReadOutEP
 .text.USBUART_1_EnableOutEP
                0x000012d4       0x60 .\ARM_GCC_493\Debug\USB_UART01.a(USBUART_1.o)
                0x000012d4                USBUART_1_EnableOutEP
 .text.USBUART_1_DispatchCDCClassRqst
                0x00001334       0xcc .\ARM_GCC_493\Debug\USB_UART01.a(USBUART_1_cdc.o)
                0x00001334                USBUART_1_DispatchCDCClassRqst
 .text.USBUART_1_CDC_Init
                0x00001400       0x20 .\ARM_GCC_493\Debug\USB_UART01.a(USBUART_1_cdc.o)
                0x00001400                USBUART_1_CDC_Init
 .text.USBUART_1_PutChar
                0x00001420       0x2c .\ARM_GCC_493\Debug\USB_UART01.a(USBUART_1_cdc.o)
                0x00001420                USBUART_1_PutChar
 .text.USBUART_1_PutCRLF
                0x0000144c       0x30 .\ARM_GCC_493\Debug\USB_UART01.a(USBUART_1_cdc.o)
                0x0000144c                USBUART_1_PutCRLF
 .text.USBUART_1_DataIsReady
                0x0000147c       0x30 .\ARM_GCC_493\Debug\USB_UART01.a(USBUART_1_cdc.o)
                0x0000147c                USBUART_1_DataIsReady
 .text.USBUART_1_CDCIsReady
                0x000014ac       0x30 .\ARM_GCC_493\Debug\USB_UART01.a(USBUART_1_cdc.o)
                0x000014ac                USBUART_1_CDCIsReady
 .text.USBUART_1_GetChar
                0x000014dc       0x28 .\ARM_GCC_493\Debug\USB_UART01.a(USBUART_1_cdc.o)
                0x000014dc                USBUART_1_GetChar
 .text.USBUART_1_EP_0_ISR
                0x00001504       0xf8 .\ARM_GCC_493\Debug\USB_UART01.a(USBUART_1_drv.o)
                0x00001504                USBUART_1_EP_0_ISR
 .text.USBUART_1_HandleSetup
                0x000015fc       0x88 .\ARM_GCC_493\Debug\USB_UART01.a(USBUART_1_drv.o)
                0x000015fc                USBUART_1_HandleSetup
 .text.USBUART_1_HandleIN
                0x00001684       0x4c .\ARM_GCC_493\Debug\USB_UART01.a(USBUART_1_drv.o)
                0x00001684                USBUART_1_HandleIN
 .text.USBUART_1_HandleOUT
                0x000016d0       0x58 .\ARM_GCC_493\Debug\USB_UART01.a(USBUART_1_drv.o)
                0x000016d0                USBUART_1_HandleOUT
 .text.USBUART_1_LoadEP0
                0x00001728       0xd4 .\ARM_GCC_493\Debug\USB_UART01.a(USBUART_1_drv.o)
                0x00001728                USBUART_1_LoadEP0
 .text.USBUART_1_InitControlRead
                0x000017fc       0x74 .\ARM_GCC_493\Debug\USB_UART01.a(USBUART_1_drv.o)
                0x000017fc                USBUART_1_InitControlRead
 .text.USBUART_1_InitZeroLengthControlTransfer
                0x00001870       0x44 .\ARM_GCC_493\Debug\USB_UART01.a(USBUART_1_drv.o)
                0x00001870                USBUART_1_InitZeroLengthControlTransfer
 .text.USBUART_1_ControlReadDataStage
                0x000018b4        0xc .\ARM_GCC_493\Debug\USB_UART01.a(USBUART_1_drv.o)
                0x000018b4                USBUART_1_ControlReadDataStage
 .text.USBUART_1_ControlReadStatusStage
                0x000018c0       0x40 .\ARM_GCC_493\Debug\USB_UART01.a(USBUART_1_drv.o)
                0x000018c0                USBUART_1_ControlReadStatusStage
 .text.USBUART_1_InitControlWrite
                0x00001900       0x68 .\ARM_GCC_493\Debug\USB_UART01.a(USBUART_1_drv.o)
                0x00001900                USBUART_1_InitControlWrite
 .text.USBUART_1_ControlWriteDataStage
                0x00001968       0xb8 .\ARM_GCC_493\Debug\USB_UART01.a(USBUART_1_drv.o)
                0x00001968                USBUART_1_ControlWriteDataStage
 .text.USBUART_1_ControlWriteStatusStage
                0x00001a20       0x20 .\ARM_GCC_493\Debug\USB_UART01.a(USBUART_1_drv.o)
                0x00001a20                USBUART_1_ControlWriteStatusStage
 .text.USBUART_1_InitNoDataControlTransfer
                0x00001a40       0x38 .\ARM_GCC_493\Debug\USB_UART01.a(USBUART_1_drv.o)
                0x00001a40                USBUART_1_InitNoDataControlTransfer
 .text.USBUART_1_NoDataControlStatusStage
                0x00001a78       0x48 .\ARM_GCC_493\Debug\USB_UART01.a(USBUART_1_drv.o)
                0x00001a78                USBUART_1_NoDataControlStatusStage
 .text.USBUART_1_UpdateStatusBlock
                0x00001ac0       0x40 .\ARM_GCC_493\Debug\USB_UART01.a(USBUART_1_drv.o)
                0x00001ac0                USBUART_1_UpdateStatusBlock
 .text.USBUART_1_InitializeStatusBlock
                0x00001b00       0x34 .\ARM_GCC_493\Debug\USB_UART01.a(USBUART_1_drv.o)
                0x00001b00                USBUART_1_InitializeStatusBlock
 .text.USBUART_1_EP_1_ISR
                0x00001b34       0x54 .\ARM_GCC_493\Debug\USB_UART01.a(USBUART_1_episr.o)
                0x00001b34                USBUART_1_EP_1_ISR
 .text.USBUART_1_EP_2_ISR
                0x00001b88       0x54 .\ARM_GCC_493\Debug\USB_UART01.a(USBUART_1_episr.o)
                0x00001b88                USBUART_1_EP_2_ISR
 .text.USBUART_1_EP_3_ISR
                0x00001bdc       0x5c .\ARM_GCC_493\Debug\USB_UART01.a(USBUART_1_episr.o)
                0x00001bdc                USBUART_1_EP_3_ISR
 .text.USBUART_1_SOF_ISR
                0x00001c38        0xc .\ARM_GCC_493\Debug\USB_UART01.a(USBUART_1_episr.o)
                0x00001c38                USBUART_1_SOF_ISR
 .text.USBUART_1_BUS_RESET_ISR
                0x00001c44        0xc .\ARM_GCC_493\Debug\USB_UART01.a(USBUART_1_episr.o)
                0x00001c44                USBUART_1_BUS_RESET_ISR
 .text.USBUART_1_DispatchHIDClassRqst
                0x00001c50      0x1ec .\ARM_GCC_493\Debug\USB_UART01.a(USBUART_1_hid.o)
                0x00001c50                USBUART_1_DispatchHIDClassRqst
 .text.USBUART_1_FindHidClassDecriptor
                0x00001e3c       0x7c .\ARM_GCC_493\Debug\USB_UART01.a(USBUART_1_hid.o)
                0x00001e3c                USBUART_1_FindHidClassDecriptor
 .text.USBUART_1_FindReportDescriptor
                0x00001eb8       0x90 .\ARM_GCC_493\Debug\USB_UART01.a(USBUART_1_hid.o)
                0x00001eb8                USBUART_1_FindReportDescriptor
 .text.USBUART_1_FindReport
                0x00001f48       0xd4 .\ARM_GCC_493\Debug\USB_UART01.a(USBUART_1_hid.o)
                0x00001f48                USBUART_1_FindReport
 .text.USBUART_1_HandleStandardRqst
                0x0000201c      0x4a4 .\ARM_GCC_493\Debug\USB_UART01.a(USBUART_1_std.o)
                0x0000201c                USBUART_1_HandleStandardRqst
 .text.USBUART_1_ReadDieID
                0x000024c0       0x90 .\ARM_GCC_493\Debug\USB_UART01.a(USBUART_1_std.o)
                0x000024c0                USBUART_1_ReadDieID
 .text.USBUART_1_ConfigReg
                0x00002550      0x180 .\ARM_GCC_493\Debug\USB_UART01.a(USBUART_1_std.o)
                0x00002550                USBUART_1_ConfigReg
 .text.USBUART_1_Config
                0x000026d0      0x348 .\ARM_GCC_493\Debug\USB_UART01.a(USBUART_1_std.o)
                0x000026d0                USBUART_1_Config
 .text.USBUART_1_ConfigAltChanged
                0x00002a18      0x27c .\ARM_GCC_493\Debug\USB_UART01.a(USBUART_1_std.o)
                0x00002a18                USBUART_1_ConfigAltChanged
 .text.USBUART_1_GetConfigTablePtr
                0x00002c94       0x54 .\ARM_GCC_493\Debug\USB_UART01.a(USBUART_1_std.o)
                0x00002c94                USBUART_1_GetConfigTablePtr
 .text.USBUART_1_GetDeviceTablePtr
                0x00002ce8       0x24 .\ARM_GCC_493\Debug\USB_UART01.a(USBUART_1_std.o)
                0x00002ce8                USBUART_1_GetDeviceTablePtr
 .text.USBUART_1_GetInterfaceClassTablePtr
                0x00002d0c       0x4c .\ARM_GCC_493\Debug\USB_UART01.a(USBUART_1_std.o)
                0x00002d0c                USBUART_1_GetInterfaceClassTablePtr
 .text.USBUART_1_SetEndpointHalt
                0x00002d58       0xe0 .\ARM_GCC_493\Debug\USB_UART01.a(USBUART_1_std.o)
                0x00002d58                USBUART_1_SetEndpointHalt
 .text.USBUART_1_ClearEndpointHalt
                0x00002e38      0x144 .\ARM_GCC_493\Debug\USB_UART01.a(USBUART_1_std.o)
                0x00002e38                USBUART_1_ClearEndpointHalt
 .text.USBUART_1_ValidateAlternateSetting
                0x00002f7c       0x78 .\ARM_GCC_493\Debug\USB_UART01.a(USBUART_1_std.o)
                0x00002f7c                USBUART_1_ValidateAlternateSetting
 .text.USBUART_1_HandleVendorRqst
                0x00002ff4       0x58 .\ARM_GCC_493\Debug\USB_UART01.a(USBUART_1_vnd.o)
                0x00002ff4                USBUART_1_HandleVendorRqst
 .text.LCD_Init
                0x0000304c       0x6c .\ARM_GCC_493\Debug\USB_UART01.a(LCD.o)
                0x0000304c                LCD_Init
 .text.LCD_Enable
                0x000030b8       0x18 .\ARM_GCC_493\Debug\USB_UART01.a(LCD.o)
                0x000030b8                LCD_Enable
 .text.LCD_Start
                0x000030d0       0x20 .\ARM_GCC_493\Debug\USB_UART01.a(LCD.o)
                0x000030d0                LCD_Start
 .text.LCD_PutChar
                0x000030f0       0x18 .\ARM_GCC_493\Debug\USB_UART01.a(LCD.o)
                0x000030f0                LCD_PutChar
 .text.LCD_WriteData
                0x00003108       0x34 .\ARM_GCC_493\Debug\USB_UART01.a(LCD.o)
                0x00003108                LCD_WriteData
 .text.LCD_WriteControl
                0x0000313c       0x34 .\ARM_GCC_493\Debug\USB_UART01.a(LCD.o)
                0x0000313c                LCD_WriteControl
 .text.LCD_IsReady
                0x00003170      0x178 .\ARM_GCC_493\Debug\USB_UART01.a(LCD.o)
                0x00003170                LCD_IsReady
 .text.LCD_WrDatNib
                0x000032e8       0x78 .\ARM_GCC_493\Debug\USB_UART01.a(LCD.o)
 .text.LCD_WrCntrlNib
                0x00003360       0x60 .\ARM_GCC_493\Debug\USB_UART01.a(LCD.o)
 .text          0x000033c0       0x58 .\ARM_GCC_493\Debug\USB_UART01.a(CyBootAsmGnu.o)
                0x000033c0                CyDelayCycles
                0x000033fe                CyEnterCriticalSection
                0x00003406                CyExitCriticalSection
 .text.CyHalt   0x00003418       0x18 .\ARM_GCC_493\Debug\USB_UART01.a(CyLib.o)
                0x00003418                CyHalt
 .text.CyDelay  0x00003430       0x44 .\ARM_GCC_493\Debug\USB_UART01.a(CyLib.o)
                0x00003430                CyDelay
 .text.CyDelayUs
                0x00003474       0x24 .\ARM_GCC_493\Debug\USB_UART01.a(CyLib.o)
                0x00003474                CyDelayUs
 .text.CyIntSetVector
                0x00003498       0x50 .\ARM_GCC_493\Debug\USB_UART01.a(CyLib.o)
                0x00003498                CyIntSetVector
 .text.CyIntSetPriority
                0x000034e8       0x44 .\ARM_GCC_493\Debug\USB_UART01.a(CyLib.o)
                0x000034e8                CyIntSetPriority
 .text.TX_pin_Write
                0x0000352c       0x3c .\ARM_GCC_493\Debug\USB_UART01.a(TX_pin.o)
                0x0000352c                TX_pin_Write
 .text.Timer_Init
                0x00003568       0x4c .\ARM_GCC_493\Debug\USB_UART01.a(Timer.o)
                0x00003568                Timer_Init
 .text.Timer_Enable
                0x000035b4       0x20 .\ARM_GCC_493\Debug\USB_UART01.a(Timer.o)
                0x000035b4                Timer_Enable
 .text.Timer_Start
                0x000035d4       0x20 .\ARM_GCC_493\Debug\USB_UART01.a(Timer.o)
                0x000035d4                Timer_Start
 .text.Timer_Stop
                0x000035f4       0x20 .\ARM_GCC_493\Debug\USB_UART01.a(Timer.o)
                0x000035f4                Timer_Stop
 .text.Timer_SetInterruptMode
                0x00003614       0x20 .\ARM_GCC_493\Debug\USB_UART01.a(Timer.o)
                0x00003614                Timer_SetInterruptMode
 .text.Timer_ReadStatusRegister
                0x00003634       0x18 .\ARM_GCC_493\Debug\USB_UART01.a(Timer.o)
                0x00003634                Timer_ReadStatusRegister
 .text.Timer_WritePeriod
                0x0000364c       0x20 .\ARM_GCC_493\Debug\USB_UART01.a(Timer.o)
                0x0000364c                Timer_WritePeriod
 .text.Timer_ReadCapture
                0x0000366c       0x18 .\ARM_GCC_493\Debug\USB_UART01.a(Timer.o)
                0x0000366c                Timer_ReadCapture
 .text.Timer_WriteCounter
                0x00003684       0x20 .\ARM_GCC_493\Debug\USB_UART01.a(Timer.o)
                0x00003684                Timer_WriteCounter
 .text.Timer_ClearFIFO
                0x000036a4       0x1c .\ARM_GCC_493\Debug\USB_UART01.a(Timer.o)
                0x000036a4                Timer_ClearFIFO
 .text.TimerISR_StartEx
                0x000036c0       0x24 .\ARM_GCC_493\Debug\USB_UART01.a(TimerISR.o)
                0x000036c0                TimerISR_StartEx
 .text.TimerISR_SetVector
                0x000036e4       0x24 .\ARM_GCC_493\Debug\USB_UART01.a(TimerISR.o)
                0x000036e4                TimerISR_SetVector
 .text.TimerISR_SetPriority
                0x00003708       0x24 .\ARM_GCC_493\Debug\USB_UART01.a(TimerISR.o)
                0x00003708                TimerISR_SetPriority
 .text.TimerISR_Enable
                0x0000372c       0x18 .\ARM_GCC_493\Debug\USB_UART01.a(TimerISR.o)
                0x0000372c                TimerISR_Enable
 .text.TimerISR_Disable
                0x00003744       0x18 .\ARM_GCC_493\Debug\USB_UART01.a(TimerISR.o)
                0x00003744                TimerISR_Disable
 .text.LED4_Write
                0x0000375c       0x3c .\ARM_GCC_493\Debug\USB_UART01.a(LED4.o)
                0x0000375c                LED4_Write
 .text.Idle_Collision_Timer_Init
                0x00003798       0xac .\ARM_GCC_493\Debug\USB_UART01.a(Idle_Collision_Timer.o)
                0x00003798                Idle_Collision_Timer_Init
 .text.Idle_Collision_Timer_Enable
                0x00003844       0x48 .\ARM_GCC_493\Debug\USB_UART01.a(Idle_Collision_Timer.o)
                0x00003844                Idle_Collision_Timer_Enable
 .text.Idle_Collision_Timer_Start
                0x0000388c       0x20 .\ARM_GCC_493\Debug\USB_UART01.a(Idle_Collision_Timer.o)
                0x0000388c                Idle_Collision_Timer_Start
 .text.Idle_Collision_Timer_SetInterruptMode
                0x000038ac       0x20 .\ARM_GCC_493\Debug\USB_UART01.a(Idle_Collision_Timer.o)
                0x000038ac                Idle_Collision_Timer_SetInterruptMode
 .text.Idle_Collision_Timer_WritePeriod
                0x000038cc       0x24 .\ARM_GCC_493\Debug\USB_UART01.a(Idle_Collision_Timer.o)
                0x000038cc                Idle_Collision_Timer_WritePeriod
 .text.Idle_Collision_Timer_WriteCounter
                0x000038f0       0x20 .\ARM_GCC_493\Debug\USB_UART01.a(Idle_Collision_Timer.o)
                0x000038f0                Idle_Collision_Timer_WriteCounter
 .text.Receive_Read
                0x00003910       0x20 .\ARM_GCC_493\Debug\USB_UART01.a(Receive.o)
                0x00003910                Receive_Read
 .text.Receive_ClearInterrupt
                0x00003930       0x20 .\ARM_GCC_493\Debug\USB_UART01.a(Receive.o)
                0x00003930                Receive_ClearInterrupt
 .text.Edge_detect_IRQ_StartEx
                0x00003950       0x24 .\ARM_GCC_493\Debug\USB_UART01.a(Edge_detect_IRQ.o)
                0x00003950                Edge_detect_IRQ_StartEx
 .text.Edge_detect_IRQ_SetVector
                0x00003974       0x24 .\ARM_GCC_493\Debug\USB_UART01.a(Edge_detect_IRQ.o)
                0x00003974                Edge_detect_IRQ_SetVector
 .text.Edge_detect_IRQ_SetPriority
                0x00003998       0x24 .\ARM_GCC_493\Debug\USB_UART01.a(Edge_detect_IRQ.o)
                0x00003998                Edge_detect_IRQ_SetPriority
 .text.Edge_detect_IRQ_Enable
                0x000039bc       0x18 .\ARM_GCC_493\Debug\USB_UART01.a(Edge_detect_IRQ.o)
                0x000039bc                Edge_detect_IRQ_Enable
 .text.Edge_detect_IRQ_Disable
                0x000039d4       0x18 .\ARM_GCC_493\Debug\USB_UART01.a(Edge_detect_IRQ.o)
                0x000039d4                Edge_detect_IRQ_Disable
 .text.Idle_Collision_IRQ_StartEx
                0x000039ec       0x24 .\ARM_GCC_493\Debug\USB_UART01.a(Idle_Collision_IRQ.o)
                0x000039ec                Idle_Collision_IRQ_StartEx
 .text.Idle_Collision_IRQ_SetVector
                0x00003a10       0x24 .\ARM_GCC_493\Debug\USB_UART01.a(Idle_Collision_IRQ.o)
                0x00003a10                Idle_Collision_IRQ_SetVector
 .text.Idle_Collision_IRQ_SetPriority
                0x00003a34       0x24 .\ARM_GCC_493\Debug\USB_UART01.a(Idle_Collision_IRQ.o)
                0x00003a34                Idle_Collision_IRQ_SetPriority
 .text.Idle_Collision_IRQ_Enable
                0x00003a58       0x18 .\ARM_GCC_493\Debug\USB_UART01.a(Idle_Collision_IRQ.o)
                0x00003a58                Idle_Collision_IRQ_Enable
 .text.Idle_Collision_IRQ_Disable
                0x00003a70       0x18 .\ARM_GCC_493\Debug\USB_UART01.a(Idle_Collision_IRQ.o)
                0x00003a70                Idle_Collision_IRQ_Disable
 .text.LED3_Write
                0x00003a88       0x3c .\ARM_GCC_493\Debug\USB_UART01.a(LED3.o)
                0x00003a88                LED3_Write
 .text.LED2_Write
                0x00003ac4       0x34 .\ARM_GCC_493\Debug\USB_UART01.a(LED2.o)
                0x00003ac4                LED2_Write
 .text.ReceiveTimerIRQ_StartEx
                0x00003af8       0x24 .\ARM_GCC_493\Debug\USB_UART01.a(ReceiveTimerIRQ.o)
                0x00003af8                ReceiveTimerIRQ_StartEx
 .text.ReceiveTimerIRQ_SetVector
                0x00003b1c       0x24 .\ARM_GCC_493\Debug\USB_UART01.a(ReceiveTimerIRQ.o)
                0x00003b1c                ReceiveTimerIRQ_SetVector
 .text.ReceiveTimerIRQ_SetPriority
                0x00003b40       0x24 .\ARM_GCC_493\Debug\USB_UART01.a(ReceiveTimerIRQ.o)
                0x00003b40                ReceiveTimerIRQ_SetPriority
 .text.ReceiveTimerIRQ_Enable
                0x00003b64       0x18 .\ARM_GCC_493\Debug\USB_UART01.a(ReceiveTimerIRQ.o)
                0x00003b64                ReceiveTimerIRQ_Enable
 .text.ReceiveTimerIRQ_Disable
                0x00003b7c       0x18 .\ARM_GCC_493\Debug\USB_UART01.a(ReceiveTimerIRQ.o)
                0x00003b7c                ReceiveTimerIRQ_Disable
 .text.Receive_Timer_Init
                0x00003b94       0x4c .\ARM_GCC_493\Debug\USB_UART01.a(Receive_Timer.o)
                0x00003b94                Receive_Timer_Init
 .text.Receive_Timer_Enable
                0x00003be0       0x20 .\ARM_GCC_493\Debug\USB_UART01.a(Receive_Timer.o)
                0x00003be0                Receive_Timer_Enable
 .text.Receive_Timer_Start
                0x00003c00       0x20 .\ARM_GCC_493\Debug\USB_UART01.a(Receive_Timer.o)
                0x00003c00                Receive_Timer_Start
 .text.Receive_Timer_SetInterruptMode
                0x00003c20       0x20 .\ARM_GCC_493\Debug\USB_UART01.a(Receive_Timer.o)
                0x00003c20                Receive_Timer_SetInterruptMode
 .text.Receive_Timer_ReadStatusRegister
                0x00003c40       0x18 .\ARM_GCC_493\Debug\USB_UART01.a(Receive_Timer.o)
                0x00003c40                Receive_Timer_ReadStatusRegister
 .text.Receive_Timer_WritePeriod
                0x00003c58       0x20 .\ARM_GCC_493\Debug\USB_UART01.a(Receive_Timer.o)
                0x00003c58                Receive_Timer_WritePeriod
 .text.Receive_Timer_ReadCapture
                0x00003c78       0x18 .\ARM_GCC_493\Debug\USB_UART01.a(Receive_Timer.o)
                0x00003c78                Receive_Timer_ReadCapture
 .text.Receive_Timer_WriteCounter
                0x00003c90       0x20 .\ARM_GCC_493\Debug\USB_UART01.a(Receive_Timer.o)
                0x00003c90                Receive_Timer_WriteCounter
 .text.Receive_Timer_ClearFIFO
                0x00003cb0       0x1c .\ARM_GCC_493\Debug\USB_UART01.a(Receive_Timer.o)
                0x00003cb0                Receive_Timer_ClearFIFO
 .text.USBUART_1_DispatchClassRqst
                0x00003ccc       0x90 .\ARM_GCC_493\Debug\USB_UART01.a(USBUART_1_cls.o)
                0x00003ccc                USBUART_1_DispatchClassRqst
 .text          0x00003d5c      0x370 d:/program files/cypress/psoc creator/3.3/psoc creator/import/gnu/arm/4.9.3/bin/../lib/gcc/arm-none-eabi/4.9.3/armv7-m\libgcc.a(_arm_addsubdf3.o)
                0x00003d5c                __aeabi_drsub
                0x00003d64                __aeabi_dsub
                0x00003d64                __subdf3
                0x00003d68                __aeabi_dadd
                0x00003d68                __adddf3
                0x00003fe0                __floatunsidf
                0x00003fe0                __aeabi_ui2d
                0x00004000                __floatsidf
                0x00004000                __aeabi_i2d
                0x00004024                __aeabi_f2d
                0x00004024                __extendsfdf2
                0x00004060                __floatundidf
                0x00004060                __aeabi_ul2d
                0x00004070                __floatdidf
                0x00004070                __aeabi_l2d
 .text          0x000040cc      0x424 d:/program files/cypress/psoc creator/3.3/psoc creator/import/gnu/arm/4.9.3/bin/../lib/gcc/arm-none-eabi/4.9.3/armv7-m\libgcc.a(_arm_muldivdf3.o)
                0x000040cc                __aeabi_dmul
                0x000040cc                __muldf3
                0x00004320                __divdf3
                0x00004320                __aeabi_ddiv
 .text          0x000044f0       0x50 d:/program files/cypress/psoc creator/3.3/psoc creator/import/gnu/arm/4.9.3/bin/../lib/gcc/arm-none-eabi/4.9.3/armv7-m\libgcc.a(_arm_fixdfsi.o)
                0x000044f0                __aeabi_d2iz
                0x000044f0                __fixdfsi
 .text.__errno  0x00004540        0xc d:/program files/cypress/psoc creator/3.3/psoc creator/import/gnu/arm/4.9.3/bin/../lib/gcc/arm-none-eabi/4.9.3/../../../../arm-none-eabi/lib/armv7-m\libg_nano.a(lib_a-errno.o)
                0x00004540                __errno
 .text.__libc_init_array
                0x0000454c       0x4c d:/program files/cypress/psoc creator/3.3/psoc creator/import/gnu/arm/4.9.3/bin/../lib/gcc/arm-none-eabi/4.9.3/../../../../arm-none-eabi/lib/armv7-m\libg_nano.a(lib_a-init.o)
                0x0000454c                __libc_init_array
 .text.memcpy   0x00004598       0x16 d:/program files/cypress/psoc creator/3.3/psoc creator/import/gnu/arm/4.9.3/bin/../lib/gcc/arm-none-eabi/4.9.3/../../../../arm-none-eabi/lib/armv7-m\libg_nano.a(lib_a-memcpy.o)
                0x00004598                memcpy
 .text.memset   0x000045ae       0x10 d:/program files/cypress/psoc creator/3.3/psoc creator/import/gnu/arm/4.9.3/bin/../lib/gcc/arm-none-eabi/4.9.3/../../../../arm-none-eabi/lib/armv7-m\libg_nano.a(lib_a-memset.o)
                0x000045ae                memset
 *fill*         0x000045be        0x2 
 .text.srand    0x000045c0       0x50 d:/program files/cypress/psoc creator/3.3/psoc creator/import/gnu/arm/4.9.3/bin/../lib/gcc/arm-none-eabi/4.9.3/../../../../arm-none-eabi/lib/armv7-m\libg_nano.a(lib_a-rand.o)
                0x000045c0                srand
 .text.rand     0x00004610       0x74 d:/program files/cypress/psoc creator/3.3/psoc creator/import/gnu/arm/4.9.3/bin/../lib/gcc/arm-none-eabi/4.9.3/../../../../arm-none-eabi/lib/armv7-m\libg_nano.a(lib_a-rand.o)
                0x00004610                rand
 .text.time     0x00004684       0x28 d:/program files/cypress/psoc creator/3.3/psoc creator/import/gnu/arm/4.9.3/bin/../lib/gcc/arm-none-eabi/4.9.3/../../../../arm-none-eabi/lib/armv7-m\libg_nano.a(lib_a-time.o)
                0x00004684                time
 .text._gettimeofday_r
                0x000046ac       0x24 d:/program files/cypress/psoc creator/3.3/psoc creator/import/gnu/arm/4.9.3/bin/../lib/gcc/arm-none-eabi/4.9.3/../../../../arm-none-eabi/lib/armv7-m\libg_nano.a(lib_a-gettimeofdayr.o)
                0x000046ac                _gettimeofday_r
 .text.malloc   0x000046d0       0x10 d:/program files/cypress/psoc creator/3.3/psoc creator/import/gnu/arm/4.9.3/bin/../lib/gcc/arm-none-eabi/4.9.3/../../../../arm-none-eabi/lib/armv7-m\libg_nano.a(lib_a-malloc.o)
                0x000046d0                malloc
 .text._malloc_r
                0x000046e0       0xac d:/program files/cypress/psoc creator/3.3/psoc creator/import/gnu/arm/4.9.3/bin/../lib/gcc/arm-none-eabi/4.9.3/../../../../arm-none-eabi/lib/armv7-m\libg_nano.a(lib_a-nano-mallocr.o)
                0x000046e0                _malloc_r
 .text._sbrk_r  0x0000478c       0x20 d:/program files/cypress/psoc creator/3.3/psoc creator/import/gnu/arm/4.9.3/bin/../lib/gcc/arm-none-eabi/4.9.3/../../../../arm-none-eabi/lib/armv7-m\libg_nano.a(lib_a-sbrkr.o)
                0x0000478c                _sbrk_r
 .text._gettimeofday
                0x000047ac       0x10 d:/program files/cypress/psoc creator/3.3/psoc creator/import/gnu/arm/4.9.3/bin/../lib/gcc/arm-none-eabi/4.9.3/../../../../arm-none-eabi/lib/armv7-m\libnosys.a(gettod.o)
                0x000047ac                _gettimeofday
 *(.plt)
 *(.gnu.warning)
 *(.glue_7t)
 .glue_7t       0x00000000        0x0 linker stubs
 *(.glue_7)
 .glue_7        0x00000000        0x0 linker stubs
 *(.vfp11_veneer)
 .vfp11_veneer  0x00000000        0x0 linker stubs
 *(.bootloader)
 *(.ARM.extab* .gnu.linkonce.armextab.*)
 *(.gcc_except_table)

.v4_bx          0x000047bc        0x0
 .v4_bx         0x00000000        0x0 linker stubs

.iplt           0x000047bc        0x0
 .iplt          0x00000000        0x0 d:/program files/cypress/psoc creator/3.3/psoc creator/import/gnu/arm/4.9.3/bin/../lib/gcc/arm-none-eabi/4.9.3/armv7-m/crtbegin.o

.eh_frame_hdr
 *(.eh_frame_hdr)

.eh_frame       0x000047bc        0x4
 *(.eh_frame)
 .eh_frame      0x000047bc        0x0 d:/program files/cypress/psoc creator/3.3/psoc creator/import/gnu/arm/4.9.3/bin/../lib/gcc/arm-none-eabi/4.9.3/armv7-m/crtbegin.o
 .eh_frame      0x000047bc        0x4 d:/program files/cypress/psoc creator/3.3/psoc creator/import/gnu/arm/4.9.3/bin/../lib/gcc/arm-none-eabi/4.9.3/armv7-m/crtend.o
                0x000047c0                PROVIDE (__exidx_start, .)

.ARM.exidx
 *(.ARM.exidx* .gnu.linkonce.armexidx.*)
                0x000047c0                __exidx_end = .

.rodata         0x000047c0      0x4f0
 *(.rodata .rodata.* .gnu.linkonce.r.*)
 .rodata        0x000047c0      0x2d0 .\ARM_GCC_493\Debug\USB_UART01.a(cyfitter_cfg.o)
 .rodata        0x00004a90        0x4 .\ARM_GCC_493\Debug\USB_UART01.a(USBUART_1_cdc.o)
 .rodata        0x00004a94       0x14 .\ARM_GCC_493\Debug\USB_UART01.a(USBUART_1_std.o)
 .rodata        0x00004aa8      0x1cc .\ARM_GCC_493\Debug\USB_UART01.a(USBUART_1_descr.o)
                0x00004aa8                USBUART_1_DEVICE0_DESCR
                0x00004abc                USBUART_1_DEVICE0_CONFIGURATION0_DESCR
                0x00004b00                USBUART_1_STRING_DESCRIPTORS
                0x00004ba0                USBUART_1_SN_STRING_DESCRIPTOR
                0x00004ba4                USBUART_1_HIDREPORT_DESCRIPTOR1
                0x00004bdc                USBUART_1_DEVICE0_CONFIGURATION0_EP_SETTINGS_TABLE
                0x00004bf4                USBUART_1_DEVICE0_CONFIGURATION0_INTERFACE_CLASS
                0x00004bf8                USBUART_1_DEVICE0_CONFIGURATION0_TABLE
                0x00004c20                USBUART_1_DEVICE0_TABLE
                0x00004c30                USBUART_1_TABLE
                0x00004c38                USBUART_1_MSOS_DESCRIPTOR
                0x00004c4c                USBUART_1_MSOS_CONFIGURATION_DESCR
 .rodata.str1.1
                0x00004c74        0x2 d:/program files/cypress/psoc creator/3.3/psoc creator/import/gnu/arm/4.9.3/bin/../lib/gcc/arm-none-eabi/4.9.3/../../../../arm-none-eabi/lib/armv7-m\libg_nano.a(lib_a-impure.o)
                0x00004c78                . = ALIGN (0x4)
 *fill*         0x00004c76        0x2 
 *(.init)
 .init          0x00004c78        0x4 d:/program files/cypress/psoc creator/3.3/psoc creator/import/gnu/arm/4.9.3/bin/../lib/gcc/arm-none-eabi/4.9.3/armv7-m/crti.o
                0x00004c78                _init
 .init          0x00004c7c        0x8 d:/program files/cypress/psoc creator/3.3/psoc creator/import/gnu/arm/4.9.3/bin/../lib/gcc/arm-none-eabi/4.9.3/armv7-m/crtn.o
                0x00004c84                . = ALIGN (0x4)
                0x00004c84                __preinit_array_start = .
 *(.preinit_array)
                0x00004c84                __preinit_array_end = .
                0x00004c84                . = ALIGN (0x4)
                0x00004c84                __init_array_start = .
 *(SORT(.init_array.*))
 *(.init_array)
 .init_array    0x00004c84        0x4 d:/program files/cypress/psoc creator/3.3/psoc creator/import/gnu/arm/4.9.3/bin/../lib/gcc/arm-none-eabi/4.9.3/armv7-m/crtbegin.o
 .init_array    0x00004c88        0x4 .\ARM_GCC_493\Debug\Cm3Start.o
                0x00004c8c                __init_array_end = .
                0x00004c8c                . = ALIGN (0x4)
 *(.fini)
 .fini          0x00004c8c        0x4 d:/program files/cypress/psoc creator/3.3/psoc creator/import/gnu/arm/4.9.3/bin/../lib/gcc/arm-none-eabi/4.9.3/armv7-m/crti.o
                0x00004c8c                _fini
 .fini          0x00004c90        0x8 d:/program files/cypress/psoc creator/3.3/psoc creator/import/gnu/arm/4.9.3/bin/../lib/gcc/arm-none-eabi/4.9.3/armv7-m/crtn.o
                0x00004c98                . = ALIGN (0x4)
                0x00004c98                __fini_array_start = .
 *(.fini_array)
 .fini_array    0x00004c98        0x4 d:/program files/cypress/psoc creator/3.3/psoc creator/import/gnu/arm/4.9.3/bin/../lib/gcc/arm-none-eabi/4.9.3/armv7-m/crtbegin.o
 *(SORT(.fini_array.*))
                0x00004c9c                __fini_array_end = .
                0x00004c9c                . = ALIGN (0x4)
 *crtbegin.o(.ctors)
 *(EXCLUDE_FILE(*crtend.o) .ctors)
 *(SORT(.ctors.*))
 *crtend.o(.ctors)
                0x00004c9c                . = ALIGN (0x4)
 *crtbegin.o(.dtors)
 *(EXCLUDE_FILE(*crtend.o) .dtors)
 *(SORT(.dtors.*))
 *crtend.o(.dtors)
                0x00004c9c                . = ALIGN (0x4)
                0x00004c9c                __cy_regions = .
                0x00004c9c        0x4 LONG 0x4cb0 __cy_region_init_ram
                0x00004ca0        0x4 LONG 0x1fff8108 __cy_region_start_data
                0x00004ca4        0x4 LONG 0x88 __cy_region_init_size_ram
                0x00004ca8        0x4 LONG 0xe10 __cy_region_zero_size_ram
                0x00004cac                __cy_regions_end = .
                0x00004cb0                . = ALIGN (0x8)
 *fill*         0x00004cac        0x4 
                0x00004cb0                _etext = .

.cy_checksum_exclude
                0x00004cb0        0x0
 *(.cy_checksum_exclude)

.ramvectors     0x1fff8000      0x100
                0x1fff8000                __cy_region_start_ram = .
 *(.ramvectors)
 .ramvectors    0x1fff8000      0x100 .\ARM_GCC_493\Debug\Cm3Start.o
                0x1fff8000                CyRamVectors

.noinit         0x1fff8100        0x5
 *(.noinit)
 .noinit        0x1fff8100        0x4 .\ARM_GCC_493\Debug\Cm3Start.o
 .noinit        0x1fff8104        0x1 .\ARM_GCC_493\Debug\USB_UART01.a(CyLib.o)
                0x1fff8104                CyResetStatus

.data           0x1fff8108       0x88 load address 0x00004cb0
                0x1fff8108                __cy_region_start_data = .
 *(.jcr)
 .jcr           0x1fff8108        0x0 d:/program files/cypress/psoc creator/3.3/psoc creator/import/gnu/arm/4.9.3/bin/../lib/gcc/arm-none-eabi/4.9.3/armv7-m/crtbegin.o
 .jcr           0x1fff8108        0x4 d:/program files/cypress/psoc creator/3.3/psoc creator/import/gnu/arm/4.9.3/bin/../lib/gcc/arm-none-eabi/4.9.3/armv7-m/crtend.o
 *(.got.plt)
 *(.got)
 *(.shdata)
 *(.data .data.* .gnu.linkonce.d.*)
 .data          0x1fff810c        0x4 .\ARM_GCC_493\Debug\Cm3Start.o
 .data          0x1fff8110        0x8 .\ARM_GCC_493\Debug\USB_UART01.a(USBUART_1_cdc.o)
                0x1fff8110                USBUART_1_lineCoding
 .data          0x1fff8118       0x10 .\ARM_GCC_493\Debug\USB_UART01.a(CyLib.o)
                0x1fff8118                cydelay_freq_hz
                0x1fff811c                cydelay_freq_khz
                0x1fff8120                cydelay_freq_mhz
                0x1fff8124                cydelay_32k_ms
 .data.impure_data
                0x1fff8128       0x60 d:/program files/cypress/psoc creator/3.3/psoc creator/import/gnu/arm/4.9.3/bin/../lib/gcc/arm-none-eabi/4.9.3/../../../../arm-none-eabi/lib/armv7-m\libg_nano.a(lib_a-impure.o)
 .data._impure_ptr
                0x1fff8188        0x4 d:/program files/cypress/psoc creator/3.3/psoc creator/import/gnu/arm/4.9.3/bin/../lib/gcc/arm-none-eabi/4.9.3/../../../../arm-none-eabi/lib/armv7-m\libg_nano.a(lib_a-impure.o)
                0x1fff8188                _impure_ptr
                0x1fff8190                . = ALIGN (0x8)
 *fill*         0x1fff818c        0x4 
 *(.ram)
                0x1fff8190                _edata = .

.igot.plt       0x1fff8190        0x0 load address 0x00004d38
 .igot.plt      0x00000000        0x0 d:/program files/cypress/psoc creator/3.3/psoc creator/import/gnu/arm/4.9.3/bin/../lib/gcc/arm-none-eabi/4.9.3/armv7-m/crtbegin.o

.bss            0x1fff8190      0xe10 load address 0x00004d38
                0x1fff8190                PROVIDE (__bss_start__, .)
 *(.shbss)
 *(.bss .bss.* .gnu.linkonce.b.*)
 .bss           0x1fff8190       0x1c d:/program files/cypress/psoc creator/3.3/psoc creator/import/gnu/arm/4.9.3/bin/../lib/gcc/arm-none-eabi/4.9.3/armv7-m/crtbegin.o
 .bss           0x1fff81ac        0xc .\ARM_GCC_493\Debug\main.o
                0x1fff81ac                halfBitIndex
                0x1fff81b0                currentDataPos
                0x1fff81b4                timerInterruptCount
 .bss           0x1fff81b8        0x1 .\ARM_GCC_493\Debug\USB_UART01.a(USBUART_1.o)
                0x1fff81b8                USBUART_1_initVar
 *fill*         0x1fff81b9        0x3 
 .bss           0x1fff81bc        0x4 .\ARM_GCC_493\Debug\USB_UART01.a(USBUART_1_std.o)
 .bss           0x1fff81c0        0x2 .\ARM_GCC_493\Debug\USB_UART01.a(LCD.o)
                0x1fff81c0                LCD_enableState
                0x1fff81c1                LCD_initVar
 .bss           0x1fff81c2        0x1 .\ARM_GCC_493\Debug\USB_UART01.a(Timer.o)
                0x1fff81c2                Timer_initVar
 .bss           0x1fff81c3        0x1 .\ARM_GCC_493\Debug\USB_UART01.a(Idle_Collision_Timer.o)
                0x1fff81c3                Idle_Collision_Timer_initVar
 .bss           0x1fff81c4        0x1 .\ARM_GCC_493\Debug\USB_UART01.a(Receive_Timer.o)
                0x1fff81c4                Receive_Timer_initVar
 *fill*         0x1fff81c5        0x3 
 .bss.__malloc_sbrk_start
                0x1fff81c8        0x4 d:/program files/cypress/psoc creator/3.3/psoc creator/import/gnu/arm/4.9.3/bin/../lib/gcc/arm-none-eabi/4.9.3/../../../../arm-none-eabi/lib/armv7-m\libg_nano.a(lib_a-nano-mallocr.o)
                0x1fff81c8                __malloc_sbrk_start
 .bss.__malloc_free_list
                0x1fff81cc        0x4 d:/program files/cypress/psoc creator/3.3/psoc creator/import/gnu/arm/4.9.3/bin/../lib/gcc/arm-none-eabi/4.9.3/../../../../arm-none-eabi/lib/armv7-m\libg_nano.a(lib_a-nano-mallocr.o)
                0x1fff81cc                __malloc_free_list
 *(COMMON)
 COMMON         0x1fff81d0      0xcfb .\ARM_GCC_493\Debug\main.o
                0x1fff81d0                lengthOfData
                0x1fff81d4                receivedDataIndex
                0x1fff81d8                dataTransmissionComplete
                0x1fff81dc                diffManEncodedData
                0x1fff8e5c                powerOnEdge
                0x1fff8e60                diffManReceivedData
                0x1fff8ec4                receivedDataCount
                0x1fff8ec8                networkState
                0x1fff8ec9                receivedChar
                0x1fff8eca                timerExpired
 *fill*         0x1fff8ecb        0x1 
 COMMON         0x1fff8ecc        0x5 .\ARM_GCC_493\Debug\USB_UART01.a(USBUART_1_cdc.o)
                0x1fff8ecc                USBUART_1_cdc_data_out_ep
                0x1fff8ecd                USBUART_1_cdc_data_in_ep
                0x1fff8ece                USBUART_1_lineControlBitmap
                0x1fff8ed0                USBUART_1_lineChanged
 *fill*         0x1fff8ed1        0x3 
 COMMON         0x1fff8ed4       0x97 .\ARM_GCC_493\Debug\USB_UART01.a(USBUART_1_drv.o)
                0x1fff8ed4                USBUART_1_ep0Mode
                0x1fff8ed5                USBUART_1_lastPacketSize
                0x1fff8ed6                USBUART_1_configurationChanged
                0x1fff8ed7                USBUART_1_configuration
                0x1fff8ed8                USBUART_1_interfaceNumber
                0x1fff8ed9                USBUART_1_deviceStatus
                0x1fff8eda                USBUART_1_ep0Toggle
                0x1fff8edc                USBUART_1_interfaceClass
                0x1fff8ee0                USBUART_1_interfaceSetting
                0x1fff8ee4                USBUART_1_currentTD
                0x1fff8ef0                USBUART_1_ep0Count
                0x1fff8ef4                USBUART_1_EP
                0x1fff8f60                USBUART_1_interfaceSetting_last
                0x1fff8f62                USBUART_1_transferByteCount
                0x1fff8f64                USBUART_1_transferState
                0x1fff8f65                USBUART_1_device
                0x1fff8f68                USBUART_1_interfaceStatus
                0x1fff8f6a                USBUART_1_deviceAddress
 *fill*         0x1fff8f6b        0x1 
 COMMON         0x1fff8f6c        0xa .\ARM_GCC_493\Debug\USB_UART01.a(USBUART_1_hid.o)
                0x1fff8f6c                USBUART_1_hidProtocol
                0x1fff8f70                USBUART_1_hidIdleTimer
                0x1fff8f74                USBUART_1_hidIdleRate
 *fill*         0x1fff8f76        0x2 
 COMMON         0x1fff8f78       0x22 .\ARM_GCC_493\Debug\USB_UART01.a(USBUART_1_descr.o)
                0x1fff8f78                USBUART_1_idSerialNumberStringDescriptor
 *fill*         0x1fff8f9a        0x2 
 COMMON         0x1fff8f9c        0x4 d:/program files/cypress/psoc creator/3.3/psoc creator/import/gnu/arm/4.9.3/bin/../lib/gcc/arm-none-eabi/4.9.3/../../../../arm-none-eabi/lib/armv7-m\libg_nano.a(lib_a-reent.o)
                0x1fff8f9c                errno
                0x1fff8fa0                . = ALIGN (0x8)
 *(.ram.b)
                0x1fff8fa0                _end = .
                0x1fff8fa0                __end = .
                0x1fff8fa0                PROVIDE (end, .)
                0x1fff8fa0                PROVIDE (__bss_end__, .)
                0x00004cb0                __cy_region_init_ram = LOADADDR (.data)
                0x00000088                __cy_region_init_size_ram = (_edata - ADDR (.data))
                0x00000e10                __cy_region_zero_size_ram = (_end - _edata)

.heap           0x1fff8fa0       0x80 load address 0x00004d38
                0x1fff8fa0                . = _end
                0x1fff9020                . = (. + 0x80)
 *fill*         0x1fff8fa0       0x80 
                0x1fff9020                __cy_heap_limit = .

.stack          0x20007800      0x800
                0x20007800                __cy_stack_limit = .
                0x20008000                . = (. + 0x800)
 *fill*         0x20007800      0x800 
                0x00000001                ASSERT ((__cy_stack_limit >= __cy_heap_limit), region RAM overflowed with stack)
                0x00000000                cy_checksum_exclude_size = (CY_APPL_LOADABLE == 0x1)?SIZEOF (.cy_checksum_exclude):0x0
                0x00000001                ASSERT ((cy_checksum_exclude_size <= CY_CHECKSUM_EXCLUDE_SIZE), CY_BOOT: Section .cy_checksum_exclude size exceedes specified limit.)

.cyloadermeta
 *(.cyloadermeta)

.cyloadablemeta
 *(.cyloadablemeta)

.cyconfigecc    0x80000000        0x4
 *(.cyconfigecc)
 .cyconfigecc   0x80000000        0x4 .\ARM_GCC_493\Debug\cymetadata.o
                0x80000000                cy_meta_configecc

.cycustnvl      0x90000000        0x4
 *(.cycustnvl)
 .cycustnvl     0x90000000        0x4 .\ARM_GCC_493\Debug\cymetadata.o
                0x90000000                cy_meta_custnvl

.cywolatch      0x90100000        0x4
 *(.cywolatch)
 .cywolatch     0x90100000        0x4 .\ARM_GCC_493\Debug\cymetadata.o
                0x90100000                cy_meta_wonvl

.cyeeprom       0x90200000        0x0
 *(.cyeeprom)
                0x00000001                ASSERT ((. <= ((0x90200000 + ee_offset) + ee_size)), .cyeeprom data will not fit in EEPROM)

.cyflashprotect
                0x90400000      0x100
 *(.cyflashprotect)
 .cyflashprotect
                0x90400000      0x100 .\ARM_GCC_493\Debug\cymetadata.o
                0x90400000                cy_meta_flashprotect

.cymeta         0x90500000        0xc
 *(.cymeta)
 .cymeta        0x90500000        0xc .\ARM_GCC_493\Debug\cymetadata.o
                0x90500000                cy_metadata

.rel.dyn        0x00004d38        0x0 load address 0x9050000c
 .rel.iplt      0x00000000        0x0 d:/program files/cypress/psoc creator/3.3/psoc creator/import/gnu/arm/4.9.3/bin/../lib/gcc/arm-none-eabi/4.9.3/armv7-m/crtbegin.o

.stab           0x00000000       0x24
 *(.stab)
 .stab          0x00000000       0x24 d:/program files/cypress/psoc creator/3.3/psoc creator/import/gnu/arm/4.9.3/bin/../lib/gcc/arm-none-eabi/4.9.3/../../../../arm-none-eabi/lib/armv7-m\libnosys.a(gettod.o)

.stabstr        0x00000000       0x4e
 *(.stabstr)
 .stabstr       0x00000000       0x4e d:/program files/cypress/psoc creator/3.3/psoc creator/import/gnu/arm/4.9.3/bin/../lib/gcc/arm-none-eabi/4.9.3/../../../../arm-none-eabi/lib/armv7-m\libnosys.a(gettod.o)

.debug
 *(.debug)

.line
 *(.line)

.debug_srcinfo
 *(.debug_srcinfo)

.debug_sfnames
 *(.debug_sfnames)

.debug_aranges  0x00000000      0xe40
 *(.debug_aranges)
 .debug_aranges
                0x00000000       0x80 .\ARM_GCC_493\Debug\main.o
 .debug_aranges
                0x00000080       0x18 .\ARM_GCC_493\Debug\cymetadata.o
 .debug_aranges
                0x00000098       0x48 .\ARM_GCC_493\Debug\Cm3Start.o
 .debug_aranges
                0x000000e0       0x60 .\ARM_GCC_493\Debug\USB_UART01.a(cyfitter_cfg.o)
 .debug_aranges
                0x00000140       0xb0 .\ARM_GCC_493\Debug\USB_UART01.a(USBUART_1.o)
 .debug_aranges
                0x000001f0       0xb0 .\ARM_GCC_493\Debug\USB_UART01.a(USBUART_1_cdc.o)
 .debug_aranges
                0x000002a0       0x98 .\ARM_GCC_493\Debug\USB_UART01.a(USBUART_1_drv.o)
 .debug_aranges
                0x00000338       0x40 .\ARM_GCC_493\Debug\USB_UART01.a(USBUART_1_episr.o)
 .debug_aranges
                0x00000378       0x48 .\ARM_GCC_493\Debug\USB_UART01.a(USBUART_1_hid.o)
 .debug_aranges
                0x000003c0       0x78 .\ARM_GCC_493\Debug\USB_UART01.a(USBUART_1_std.o)
 .debug_aranges
                0x00000438       0x20 .\ARM_GCC_493\Debug\USB_UART01.a(USBUART_1_vnd.o)
 .debug_aranges
                0x00000458       0x98 .\ARM_GCC_493\Debug\USB_UART01.a(LCD.o)
 .debug_aranges
                0x000004f0       0x20 .\ARM_GCC_493\Debug\USB_UART01.a(CyBootAsmGnu.o)
 .debug_aranges
                0x00000510      0x298 .\ARM_GCC_493\Debug\USB_UART01.a(CyLib.o)
 .debug_aranges
                0x000007a8       0x98 .\ARM_GCC_493\Debug\USB_UART01.a(cyPm.o)
 .debug_aranges
                0x00000840       0x38 .\ARM_GCC_493\Debug\USB_UART01.a(TX_pin.o)
 .debug_aranges
                0x00000878       0x90 .\ARM_GCC_493\Debug\USB_UART01.a(Timer.o)
 .debug_aranges
                0x00000908       0x80 .\ARM_GCC_493\Debug\USB_UART01.a(TimerISR.o)
 .debug_aranges
                0x00000988       0x38 .\ARM_GCC_493\Debug\USB_UART01.a(LED4.o)
 .debug_aranges
                0x000009c0       0x88 .\ARM_GCC_493\Debug\USB_UART01.a(Idle_Collision_Timer.o)
 .debug_aranges
                0x00000a48       0x40 .\ARM_GCC_493\Debug\USB_UART01.a(Receive.o)
 .debug_aranges
                0x00000a88       0x80 .\ARM_GCC_493\Debug\USB_UART01.a(Edge_detect_IRQ.o)
 .debug_aranges
                0x00000b08       0x80 .\ARM_GCC_493\Debug\USB_UART01.a(Idle_Collision_IRQ.o)
 .debug_aranges
                0x00000b88       0x38 .\ARM_GCC_493\Debug\USB_UART01.a(LED3.o)
 .debug_aranges
                0x00000bc0       0x38 .\ARM_GCC_493\Debug\USB_UART01.a(LED2.o)
 .debug_aranges
                0x00000bf8       0x80 .\ARM_GCC_493\Debug\USB_UART01.a(ReceiveTimerIRQ.o)
 .debug_aranges
                0x00000c78       0x90 .\ARM_GCC_493\Debug\USB_UART01.a(Receive_Timer.o)
 .debug_aranges
                0x00000d08       0x20 .\ARM_GCC_493\Debug\USB_UART01.a(USBUART_1_cls.o)
 .debug_aranges
                0x00000d28       0x18 .\ARM_GCC_493\Debug\USB_UART01.a(USBUART_1_descr.o)
 .debug_aranges
                0x00000d40       0x88 .\ARM_GCC_493\Debug\USB_UART01.a(CyFlash.o)
 .debug_aranges
                0x00000dc8       0x78 .\ARM_GCC_493\Debug\USB_UART01.a(CySpc.o)

.debug_pubnames
 *(.debug_pubnames)

.debug_info     0x00000000     0x65a7
 *(.debug_info .gnu.linkonce.wi.*)
 .debug_info    0x00000000      0x44c .\ARM_GCC_493\Debug\main.o
 .debug_info    0x0000044c      0x139 .\ARM_GCC_493\Debug\cymetadata.o
 .debug_info    0x00000585      0x317 .\ARM_GCC_493\Debug\Cm3Start.o
 .debug_info    0x0000089c      0x4a2 .\ARM_GCC_493\Debug\USB_UART01.a(cyfitter_cfg.o)
 .debug_info    0x00000d3e      0x601 .\ARM_GCC_493\Debug\USB_UART01.a(USBUART_1.o)
 .debug_info    0x0000133f      0x56f .\ARM_GCC_493\Debug\USB_UART01.a(USBUART_1_cdc.o)
 .debug_info    0x000018ae      0x4ed .\ARM_GCC_493\Debug\USB_UART01.a(USBUART_1_drv.o)
 .debug_info    0x00001d9b      0x1a6 .\ARM_GCC_493\Debug\USB_UART01.a(USBUART_1_episr.o)
 .debug_info    0x00001f41      0x34e .\ARM_GCC_493\Debug\USB_UART01.a(USBUART_1_hid.o)
 .debug_info    0x0000228f      0x7bb .\ARM_GCC_493\Debug\USB_UART01.a(USBUART_1_std.o)
 .debug_info    0x00002a4a      0x177 .\ARM_GCC_493\Debug\USB_UART01.a(USBUART_1_vnd.o)
 .debug_info    0x00002bc1      0x3c4 .\ARM_GCC_493\Debug\USB_UART01.a(LCD.o)
 .debug_info    0x00002f85       0x87 .\ARM_GCC_493\Debug\USB_UART01.a(CyBootAsmGnu.o)
 .debug_info    0x0000300c      0xe31 .\ARM_GCC_493\Debug\USB_UART01.a(CyLib.o)
 .debug_info    0x00003e3d      0x55f .\ARM_GCC_493\Debug\USB_UART01.a(cyPm.o)
 .debug_info    0x0000439c      0x11d .\ARM_GCC_493\Debug\USB_UART01.a(TX_pin.o)
 .debug_info    0x000044b9      0x252 .\ARM_GCC_493\Debug\USB_UART01.a(Timer.o)
 .debug_info    0x0000470b      0x238 .\ARM_GCC_493\Debug\USB_UART01.a(TimerISR.o)
 .debug_info    0x00004943      0x11d .\ARM_GCC_493\Debug\USB_UART01.a(LED4.o)
 .debug_info    0x00004a60      0x23c .\ARM_GCC_493\Debug\USB_UART01.a(Idle_Collision_Timer.o)
 .debug_info    0x00004c9c      0x132 .\ARM_GCC_493\Debug\USB_UART01.a(Receive.o)
 .debug_info    0x00004dce      0x238 .\ARM_GCC_493\Debug\USB_UART01.a(Edge_detect_IRQ.o)
 .debug_info    0x00005006      0x238 .\ARM_GCC_493\Debug\USB_UART01.a(Idle_Collision_IRQ.o)
 .debug_info    0x0000523e      0x11d .\ARM_GCC_493\Debug\USB_UART01.a(LED3.o)
 .debug_info    0x0000535b      0x11d .\ARM_GCC_493\Debug\USB_UART01.a(LED2.o)
 .debug_info    0x00005478      0x238 .\ARM_GCC_493\Debug\USB_UART01.a(ReceiveTimerIRQ.o)
 .debug_info    0x000056b0      0x252 .\ARM_GCC_493\Debug\USB_UART01.a(Receive_Timer.o)
 .debug_info    0x00005902      0x19b .\ARM_GCC_493\Debug\USB_UART01.a(USBUART_1_cls.o)
 .debug_info    0x00005a9d      0x2f3 .\ARM_GCC_493\Debug\USB_UART01.a(USBUART_1_descr.o)
 .debug_info    0x00005d90      0x3c1 .\ARM_GCC_493\Debug\USB_UART01.a(CyFlash.o)
 .debug_info    0x00006151      0x456 .\ARM_GCC_493\Debug\USB_UART01.a(CySpc.o)

.debug_abbrev   0x00000000     0x2471
 *(.debug_abbrev)
 .debug_abbrev  0x00000000      0x1f8 .\ARM_GCC_493\Debug\main.o
 .debug_abbrev  0x000001f8       0x5d .\ARM_GCC_493\Debug\cymetadata.o
 .debug_abbrev  0x00000255      0x1b6 .\ARM_GCC_493\Debug\Cm3Start.o
 .debug_abbrev  0x0000040b      0x187 .\ARM_GCC_493\Debug\USB_UART01.a(cyfitter_cfg.o)
 .debug_abbrev  0x00000592      0x1bf .\ARM_GCC_493\Debug\USB_UART01.a(USBUART_1.o)
 .debug_abbrev  0x00000751      0x1db .\ARM_GCC_493\Debug\USB_UART01.a(USBUART_1_cdc.o)
 .debug_abbrev  0x0000092c      0x179 .\ARM_GCC_493\Debug\USB_UART01.a(USBUART_1_drv.o)
 .debug_abbrev  0x00000aa5       0xd2 .\ARM_GCC_493\Debug\USB_UART01.a(USBUART_1_episr.o)
 .debug_abbrev  0x00000b77      0x15e .\ARM_GCC_493\Debug\USB_UART01.a(USBUART_1_hid.o)
 .debug_abbrev  0x00000cd5      0x1ac .\ARM_GCC_493\Debug\USB_UART01.a(USBUART_1_std.o)
 .debug_abbrev  0x00000e81       0xc5 .\ARM_GCC_493\Debug\USB_UART01.a(USBUART_1_vnd.o)
 .debug_abbrev  0x00000f46      0x12d .\ARM_GCC_493\Debug\USB_UART01.a(LCD.o)
 .debug_abbrev  0x00001073       0x14 .\ARM_GCC_493\Debug\USB_UART01.a(CyBootAsmGnu.o)
 .debug_abbrev  0x00001087      0x217 .\ARM_GCC_493\Debug\USB_UART01.a(CyLib.o)
 .debug_abbrev  0x0000129e      0x16e .\ARM_GCC_493\Debug\USB_UART01.a(cyPm.o)
 .debug_abbrev  0x0000140c       0x9d .\ARM_GCC_493\Debug\USB_UART01.a(TX_pin.o)
 .debug_abbrev  0x000014a9      0x128 .\ARM_GCC_493\Debug\USB_UART01.a(Timer.o)
 .debug_abbrev  0x000015d1      0x17f .\ARM_GCC_493\Debug\USB_UART01.a(TimerISR.o)
 .debug_abbrev  0x00001750       0x9d .\ARM_GCC_493\Debug\USB_UART01.a(LED4.o)
 .debug_abbrev  0x000017ed       0xf6 .\ARM_GCC_493\Debug\USB_UART01.a(Idle_Collision_Timer.o)
 .debug_abbrev  0x000018e3       0x9d .\ARM_GCC_493\Debug\USB_UART01.a(Receive.o)
 .debug_abbrev  0x00001980      0x17f .\ARM_GCC_493\Debug\USB_UART01.a(Edge_detect_IRQ.o)
 .debug_abbrev  0x00001aff      0x17f .\ARM_GCC_493\Debug\USB_UART01.a(Idle_Collision_IRQ.o)
 .debug_abbrev  0x00001c7e       0x9d .\ARM_GCC_493\Debug\USB_UART01.a(LED3.o)
 .debug_abbrev  0x00001d1b       0x9d .\ARM_GCC_493\Debug\USB_UART01.a(LED2.o)
 .debug_abbrev  0x00001db8      0x17f .\ARM_GCC_493\Debug\USB_UART01.a(ReceiveTimerIRQ.o)
 .debug_abbrev  0x00001f37      0x128 .\ARM_GCC_493\Debug\USB_UART01.a(Receive_Timer.o)
 .debug_abbrev  0x0000205f       0xc5 .\ARM_GCC_493\Debug\USB_UART01.a(USBUART_1_cls.o)
 .debug_abbrev  0x00002124       0xa7 .\ARM_GCC_493\Debug\USB_UART01.a(USBUART_1_descr.o)
 .debug_abbrev  0x000021cb      0x12d .\ARM_GCC_493\Debug\USB_UART01.a(CyFlash.o)
 .debug_abbrev  0x000022f8      0x179 .\ARM_GCC_493\Debug\USB_UART01.a(CySpc.o)

.debug_line     0x00000000     0x3760
 *(.debug_line)
 .debug_line    0x00000000      0x3d9 .\ARM_GCC_493\Debug\main.o
 .debug_line    0x000003d9       0x53 .\ARM_GCC_493\Debug\cymetadata.o
 .debug_line    0x0000042c      0x1d0 .\ARM_GCC_493\Debug\Cm3Start.o
 .debug_line    0x000005fc      0x1f3 .\ARM_GCC_493\Debug\USB_UART01.a(cyfitter_cfg.o)
 .debug_line    0x000007ef      0x2e2 .\ARM_GCC_493\Debug\USB_UART01.a(USBUART_1.o)
 .debug_line    0x00000ad1      0x242 .\ARM_GCC_493\Debug\USB_UART01.a(USBUART_1_cdc.o)
 .debug_line    0x00000d13      0x21a .\ARM_GCC_493\Debug\USB_UART01.a(USBUART_1_drv.o)
 .debug_line    0x00000f2d       0xec .\ARM_GCC_493\Debug\USB_UART01.a(USBUART_1_episr.o)
 .debug_line    0x00001019      0x199 .\ARM_GCC_493\Debug\USB_UART01.a(USBUART_1_hid.o)
 .debug_line    0x000011b2      0x459 .\ARM_GCC_493\Debug\USB_UART01.a(USBUART_1_std.o)
 .debug_line    0x0000160b       0x97 .\ARM_GCC_493\Debug\USB_UART01.a(USBUART_1_vnd.o)
 .debug_line    0x000016a2      0x1e3 .\ARM_GCC_493\Debug\USB_UART01.a(LCD.o)
 .debug_line    0x00001885       0x7f .\ARM_GCC_493\Debug\USB_UART01.a(CyBootAsmGnu.o)
 .debug_line    0x00001904      0x872 .\ARM_GCC_493\Debug\USB_UART01.a(CyLib.o)
 .debug_line    0x00002176      0x381 .\ARM_GCC_493\Debug\USB_UART01.a(cyPm.o)
 .debug_line    0x000024f7       0x97 .\ARM_GCC_493\Debug\USB_UART01.a(TX_pin.o)
 .debug_line    0x0000258e      0x170 .\ARM_GCC_493\Debug\USB_UART01.a(Timer.o)
 .debug_line    0x000026fe      0x16c .\ARM_GCC_493\Debug\USB_UART01.a(TimerISR.o)
 .debug_line    0x0000286a       0x95 .\ARM_GCC_493\Debug\USB_UART01.a(LED4.o)
 .debug_line    0x000028ff      0x16f .\ARM_GCC_493\Debug\USB_UART01.a(Idle_Collision_Timer.o)
 .debug_line    0x00002a6e       0xaa .\ARM_GCC_493\Debug\USB_UART01.a(Receive.o)
 .debug_line    0x00002b18      0x163 .\ARM_GCC_493\Debug\USB_UART01.a(Edge_detect_IRQ.o)
 .debug_line    0x00002c7b      0x176 .\ARM_GCC_493\Debug\USB_UART01.a(Idle_Collision_IRQ.o)
 .debug_line    0x00002df1       0x95 .\ARM_GCC_493\Debug\USB_UART01.a(LED3.o)
 .debug_line    0x00002e86       0x95 .\ARM_GCC_493\Debug\USB_UART01.a(LED2.o)
 .debug_line    0x00002f1b      0x173 .\ARM_GCC_493\Debug\USB_UART01.a(ReceiveTimerIRQ.o)
 .debug_line    0x0000308e      0x178 .\ARM_GCC_493\Debug\USB_UART01.a(Receive_Timer.o)
 .debug_line    0x00003206       0xa2 .\ARM_GCC_493\Debug\USB_UART01.a(USBUART_1_cls.o)
 .debug_line    0x000032a8       0x67 .\ARM_GCC_493\Debug\USB_UART01.a(USBUART_1_descr.o)
 .debug_line    0x0000330f      0x21a .\ARM_GCC_493\Debug\USB_UART01.a(CyFlash.o)
 .debug_line    0x00003529      0x237 .\ARM_GCC_493\Debug\USB_UART01.a(CySpc.o)

.debug_frame    0x00000000     0x3908
 *(.debug_frame)
 .debug_frame   0x00000000      0x1d4 .\ARM_GCC_493\Debug\main.o
 .debug_frame   0x000001d4       0xd8 .\ARM_GCC_493\Debug\Cm3Start.o
 .debug_frame   0x000002ac      0x16c .\ARM_GCC_493\Debug\USB_UART01.a(cyfitter_cfg.o)
 .debug_frame   0x00000418      0x308 .\ARM_GCC_493\Debug\USB_UART01.a(USBUART_1.o)
 .debug_frame   0x00000720      0x2e4 .\ARM_GCC_493\Debug\USB_UART01.a(USBUART_1_cdc.o)
 .debug_frame   0x00000a04      0x23c .\ARM_GCC_493\Debug\USB_UART01.a(USBUART_1_drv.o)
 .debug_frame   0x00000c40       0xbc .\ARM_GCC_493\Debug\USB_UART01.a(USBUART_1_episr.o)
 .debug_frame   0x00000cfc      0x100 .\ARM_GCC_493\Debug\USB_UART01.a(USBUART_1_hid.o)
 .debug_frame   0x00000dfc      0x1f4 .\ARM_GCC_493\Debug\USB_UART01.a(USBUART_1_std.o)
 .debug_frame   0x00000ff0       0x38 .\ARM_GCC_493\Debug\USB_UART01.a(USBUART_1_vnd.o)
 .debug_frame   0x00001028      0x260 .\ARM_GCC_493\Debug\USB_UART01.a(LCD.o)
 .debug_frame   0x00001288      0xbe8 .\ARM_GCC_493\Debug\USB_UART01.a(CyLib.o)
 .debug_frame   0x00001e70      0x234 .\ARM_GCC_493\Debug\USB_UART01.a(cyPm.o)
 .debug_frame   0x000020a4       0xa8 .\ARM_GCC_493\Debug\USB_UART01.a(TX_pin.o)
 .debug_frame   0x0000214c      0x230 .\ARM_GCC_493\Debug\USB_UART01.a(Timer.o)
 .debug_frame   0x0000237c      0x1e8 .\ARM_GCC_493\Debug\USB_UART01.a(TimerISR.o)
 .debug_frame   0x00002564       0xa8 .\ARM_GCC_493\Debug\USB_UART01.a(LED4.o)
 .debug_frame   0x0000260c      0x208 .\ARM_GCC_493\Debug\USB_UART01.a(Idle_Collision_Timer.o)
 .debug_frame   0x00002814       0xcc .\ARM_GCC_493\Debug\USB_UART01.a(Receive.o)
 .debug_frame   0x000028e0      0x1e8 .\ARM_GCC_493\Debug\USB_UART01.a(Edge_detect_IRQ.o)
 .debug_frame   0x00002ac8      0x1e8 .\ARM_GCC_493\Debug\USB_UART01.a(Idle_Collision_IRQ.o)
 .debug_frame   0x00002cb0       0xa8 .\ARM_GCC_493\Debug\USB_UART01.a(LED3.o)
 .debug_frame   0x00002d58       0xa8 .\ARM_GCC_493\Debug\USB_UART01.a(LED2.o)
 .debug_frame   0x00002e00      0x1e8 .\ARM_GCC_493\Debug\USB_UART01.a(ReceiveTimerIRQ.o)
 .debug_frame   0x00002fe8      0x230 .\ARM_GCC_493\Debug\USB_UART01.a(Receive_Timer.o)
 .debug_frame   0x00003218       0x38 .\ARM_GCC_493\Debug\USB_UART01.a(USBUART_1_cls.o)
 .debug_frame   0x00003250      0x238 .\ARM_GCC_493\Debug\USB_UART01.a(CyFlash.o)
 .debug_frame   0x00003488      0x1f8 .\ARM_GCC_493\Debug\USB_UART01.a(CySpc.o)
 .debug_frame   0x00003680       0x20 d:/program files/cypress/psoc creator/3.3/psoc creator/import/gnu/arm/4.9.3/bin/../lib/gcc/arm-none-eabi/4.9.3/../../../../arm-none-eabi/lib/armv7-m\libg_nano.a(lib_a-errno.o)
 .debug_frame   0x000036a0       0x28 d:/program files/cypress/psoc creator/3.3/psoc creator/import/gnu/arm/4.9.3/bin/../lib/gcc/arm-none-eabi/4.9.3/../../../../arm-none-eabi/lib/armv7-m\libg_nano.a(lib_a-exit.o)
 .debug_frame   0x000036c8       0x2c d:/program files/cypress/psoc creator/3.3/psoc creator/import/gnu/arm/4.9.3/bin/../lib/gcc/arm-none-eabi/4.9.3/../../../../arm-none-eabi/lib/armv7-m\libg_nano.a(lib_a-init.o)
 .debug_frame   0x000036f4       0x28 d:/program files/cypress/psoc creator/3.3/psoc creator/import/gnu/arm/4.9.3/bin/../lib/gcc/arm-none-eabi/4.9.3/../../../../arm-none-eabi/lib/armv7-m\libg_nano.a(lib_a-memcpy.o)
 .debug_frame   0x0000371c       0x20 d:/program files/cypress/psoc creator/3.3/psoc creator/import/gnu/arm/4.9.3/bin/../lib/gcc/arm-none-eabi/4.9.3/../../../../arm-none-eabi/lib/armv7-m\libg_nano.a(lib_a-memset.o)
 .debug_frame   0x0000373c       0x44 d:/program files/cypress/psoc creator/3.3/psoc creator/import/gnu/arm/4.9.3/bin/../lib/gcc/arm-none-eabi/4.9.3/../../../../arm-none-eabi/lib/armv7-m\libg_nano.a(lib_a-rand.o)
 .debug_frame   0x00003780       0x2c d:/program files/cypress/psoc creator/3.3/psoc creator/import/gnu/arm/4.9.3/bin/../lib/gcc/arm-none-eabi/4.9.3/../../../../arm-none-eabi/lib/armv7-m\libg_nano.a(lib_a-time.o)
 .debug_frame   0x000037ac       0x2c d:/program files/cypress/psoc creator/3.3/psoc creator/import/gnu/arm/4.9.3/bin/../lib/gcc/arm-none-eabi/4.9.3/../../../../arm-none-eabi/lib/armv7-m\libg_nano.a(lib_a-gettimeofdayr.o)
 .debug_frame   0x000037d8       0x30 d:/program files/cypress/psoc creator/3.3/psoc creator/import/gnu/arm/4.9.3/bin/../lib/gcc/arm-none-eabi/4.9.3/../../../../arm-none-eabi/lib/armv7-m\libg_nano.a(lib_a-malloc.o)
 .debug_frame   0x00003808       0x2c d:/program files/cypress/psoc creator/3.3/psoc creator/import/gnu/arm/4.9.3/bin/../lib/gcc/arm-none-eabi/4.9.3/../../../../arm-none-eabi/lib/armv7-m\libg_nano.a(lib_a-nano-freer.o)
 .debug_frame   0x00003834       0x2c d:/program files/cypress/psoc creator/3.3/psoc creator/import/gnu/arm/4.9.3/bin/../lib/gcc/arm-none-eabi/4.9.3/../../../../arm-none-eabi/lib/armv7-m\libg_nano.a(lib_a-nano-mallocr.o)
 .debug_frame   0x00003860       0x5c d:/program files/cypress/psoc creator/3.3/psoc creator/import/gnu/arm/4.9.3/bin/../lib/gcc/arm-none-eabi/4.9.3/../../../../arm-none-eabi/lib/armv7-m\libg_nano.a(lib_a-reent.o)
 .debug_frame   0x000038bc       0x2c d:/program files/cypress/psoc creator/3.3/psoc creator/import/gnu/arm/4.9.3/bin/../lib/gcc/arm-none-eabi/4.9.3/../../../../arm-none-eabi/lib/armv7-m\libg_nano.a(lib_a-sbrkr.o)
 .debug_frame   0x000038e8       0x20 d:/program files/cypress/psoc creator/3.3/psoc creator/import/gnu/arm/4.9.3/bin/../lib/gcc/arm-none-eabi/4.9.3/../../../../arm-none-eabi/lib/armv7-m\libnosys.a(gettod.o)

.debug_str      0x00000000     0x31b2
 *(.debug_str)
 .debug_str     0x00000000      0x371 .\ARM_GCC_493\Debug\main.o
                                0x3ba (size before relaxing)
 .debug_str     0x00000371       0x77 .\ARM_GCC_493\Debug\cymetadata.o
                                0x1e1 (size before relaxing)
 .debug_str     0x000003e8      0x139 .\ARM_GCC_493\Debug\Cm3Start.o
                                0x2c2 (size before relaxing)
 .debug_str     0x00000521      0x1dd .\ARM_GCC_493\Debug\USB_UART01.a(cyfitter_cfg.o)
                                0x389 (size before relaxing)
 .debug_str     0x000006fe      0x397 .\ARM_GCC_493\Debug\USB_UART01.a(USBUART_1.o)
                                0x531 (size before relaxing)
 .debug_str     0x00000a95      0x2e9 .\ARM_GCC_493\Debug\USB_UART01.a(USBUART_1_cdc.o)
                                0x515 (size before relaxing)
 .debug_str     0x00000d7e      0x2c0 .\ARM_GCC_493\Debug\USB_UART01.a(USBUART_1_drv.o)
                                0x614 (size before relaxing)
 .debug_str     0x0000103e       0x8e .\ARM_GCC_493\Debug\USB_UART01.a(USBUART_1_episr.o)
                                0x27b (size before relaxing)
 .debug_str     0x000010cc      0x136 .\ARM_GCC_493\Debug\USB_UART01.a(USBUART_1_hid.o)
                                0x386 (size before relaxing)
 .debug_str     0x00001202      0x2c8 .\ARM_GCC_493\Debug\USB_UART01.a(USBUART_1_std.o)
                                0x69d (size before relaxing)
 .debug_str     0x000014ca       0x67 .\ARM_GCC_493\Debug\USB_UART01.a(USBUART_1_vnd.o)
                                0x254 (size before relaxing)
 .debug_str     0x00001531      0x16c .\ARM_GCC_493\Debug\USB_UART01.a(LCD.o)
                                0x304 (size before relaxing)
 .debug_str     0x0000169d      0x7cd .\ARM_GCC_493\Debug\USB_UART01.a(CyLib.o)
                                0x9bd (size before relaxing)
 .debug_str     0x00001e6a      0x367 .\ARM_GCC_493\Debug\USB_UART01.a(cyPm.o)
                                0x522 (size before relaxing)
 .debug_str     0x000021d1       0x6d .\ARM_GCC_493\Debug\USB_UART01.a(TX_pin.o)
                                0x1de (size before relaxing)
 .debug_str     0x0000223e       0x46 .\ARM_GCC_493\Debug\USB_UART01.a(Timer.o)
                                0x2f9 (size before relaxing)
 .debug_str     0x00002284      0x112 .\ARM_GCC_493\Debug\USB_UART01.a(TimerISR.o)
                                0x2bb (size before relaxing)
 .debug_str     0x00002396       0x58 .\ARM_GCC_493\Debug\USB_UART01.a(LED4.o)
                                0x1d4 (size before relaxing)
 .debug_str     0x000023ee      0x22f .\ARM_GCC_493\Debug\USB_UART01.a(Idle_Collision_Timer.o)
                                0x3d0 (size before relaxing)
 .debug_str     0x0000261d       0x7e .\ARM_GCC_493\Debug\USB_UART01.a(Receive.o)
                                0x1fa (size before relaxing)
 .debug_str     0x0000269b      0x174 .\ARM_GCC_493\Debug\USB_UART01.a(Edge_detect_IRQ.o)
                                0x31d (size before relaxing)
 .debug_str     0x0000280f      0x19e .\ARM_GCC_493\Debug\USB_UART01.a(Idle_Collision_IRQ.o)
                                0x347 (size before relaxing)
 .debug_str     0x000029ad       0x58 .\ARM_GCC_493\Debug\USB_UART01.a(LED3.o)
                                0x1d4 (size before relaxing)
 .debug_str     0x00002a05       0x58 .\ARM_GCC_493\Debug\USB_UART01.a(LED2.o)
                                0x1d4 (size before relaxing)
 .debug_str     0x00002a5d      0x174 .\ARM_GCC_493\Debug\USB_UART01.a(ReceiveTimerIRQ.o)
                                0x31d (size before relaxing)
 .debug_str     0x00002bd1      0x1e8 .\ARM_GCC_493\Debug\USB_UART01.a(Receive_Timer.o)
                                0x389 (size before relaxing)
 .debug_str     0x00002db9       0x45 .\ARM_GCC_493\Debug\USB_UART01.a(USBUART_1_cls.o)
                                0x26a (size before relaxing)
 .debug_str     0x00002dfe      0x134 .\ARM_GCC_493\Debug\USB_UART01.a(USBUART_1_descr.o)
                                0x3bb (size before relaxing)
 .debug_str     0x00002f32      0x15f .\ARM_GCC_493\Debug\USB_UART01.a(CyFlash.o)
                                0x2f9 (size before relaxing)
 .debug_str     0x00003091      0x121 .\ARM_GCC_493\Debug\USB_UART01.a(CySpc.o)
                                0x2de (size before relaxing)

.debug_loc
 *(.debug_loc)

.debug_macinfo
 *(.debug_macinfo)

.debug_ranges   0x00000000      0xc30
 *(.debug_ranges)
 .debug_ranges  0x00000000       0x70 .\ARM_GCC_493\Debug\main.o
 .debug_ranges  0x00000070       0x38 .\ARM_GCC_493\Debug\Cm3Start.o
 .debug_ranges  0x000000a8       0x50 .\ARM_GCC_493\Debug\USB_UART01.a(cyfitter_cfg.o)
 .debug_ranges  0x000000f8       0xa0 .\ARM_GCC_493\Debug\USB_UART01.a(USBUART_1.o)
 .debug_ranges  0x00000198       0xa0 .\ARM_GCC_493\Debug\USB_UART01.a(USBUART_1_cdc.o)
 .debug_ranges  0x00000238       0x88 .\ARM_GCC_493\Debug\USB_UART01.a(USBUART_1_drv.o)
 .debug_ranges  0x000002c0       0x30 .\ARM_GCC_493\Debug\USB_UART01.a(USBUART_1_episr.o)
 .debug_ranges  0x000002f0       0x38 .\ARM_GCC_493\Debug\USB_UART01.a(USBUART_1_hid.o)
 .debug_ranges  0x00000328       0x68 .\ARM_GCC_493\Debug\USB_UART01.a(USBUART_1_std.o)
 .debug_ranges  0x00000390       0x10 .\ARM_GCC_493\Debug\USB_UART01.a(USBUART_1_vnd.o)
 .debug_ranges  0x000003a0       0x88 .\ARM_GCC_493\Debug\USB_UART01.a(LCD.o)
 .debug_ranges  0x00000428      0x288 .\ARM_GCC_493\Debug\USB_UART01.a(CyLib.o)
 .debug_ranges  0x000006b0       0x88 .\ARM_GCC_493\Debug\USB_UART01.a(cyPm.o)
 .debug_ranges  0x00000738       0x28 .\ARM_GCC_493\Debug\USB_UART01.a(TX_pin.o)
 .debug_ranges  0x00000760       0x80 .\ARM_GCC_493\Debug\USB_UART01.a(Timer.o)
 .debug_ranges  0x000007e0       0x70 .\ARM_GCC_493\Debug\USB_UART01.a(TimerISR.o)
 .debug_ranges  0x00000850       0x28 .\ARM_GCC_493\Debug\USB_UART01.a(LED4.o)
 .debug_ranges  0x00000878       0x78 .\ARM_GCC_493\Debug\USB_UART01.a(Idle_Collision_Timer.o)
 .debug_ranges  0x000008f0       0x30 .\ARM_GCC_493\Debug\USB_UART01.a(Receive.o)
 .debug_ranges  0x00000920       0x70 .\ARM_GCC_493\Debug\USB_UART01.a(Edge_detect_IRQ.o)
 .debug_ranges  0x00000990       0x70 .\ARM_GCC_493\Debug\USB_UART01.a(Idle_Collision_IRQ.o)
 .debug_ranges  0x00000a00       0x28 .\ARM_GCC_493\Debug\USB_UART01.a(LED3.o)
 .debug_ranges  0x00000a28       0x28 .\ARM_GCC_493\Debug\USB_UART01.a(LED2.o)
 .debug_ranges  0x00000a50       0x70 .\ARM_GCC_493\Debug\USB_UART01.a(ReceiveTimerIRQ.o)
 .debug_ranges  0x00000ac0       0x80 .\ARM_GCC_493\Debug\USB_UART01.a(Receive_Timer.o)
 .debug_ranges  0x00000b40       0x10 .\ARM_GCC_493\Debug\USB_UART01.a(USBUART_1_cls.o)
 .debug_ranges  0x00000b50       0x78 .\ARM_GCC_493\Debug\USB_UART01.a(CyFlash.o)
 .debug_ranges  0x00000bc8       0x68 .\ARM_GCC_493\Debug\USB_UART01.a(CySpc.o)

.comment        0x00000000       0x70
 .comment       0x00000000       0x70 .\ARM_GCC_493\Debug\main.o
                                 0x71 (size before relaxing)
 .comment       0x00000000       0x71 .\ARM_GCC_493\Debug\cymetadata.o
 .comment       0x00000000       0x71 .\ARM_GCC_493\Debug\Cm3Start.o
 .comment       0x00000000       0x71 .\ARM_GCC_493\Debug\USB_UART01.a(cyfitter_cfg.o)
 .comment       0x00000000       0x71 .\ARM_GCC_493\Debug\USB_UART01.a(USBUART_1.o)
 .comment       0x00000000       0x71 .\ARM_GCC_493\Debug\USB_UART01.a(USBUART_1_cdc.o)
 .comment       0x00000000       0x71 .\ARM_GCC_493\Debug\USB_UART01.a(USBUART_1_drv.o)
 .comment       0x00000000       0x71 .\ARM_GCC_493\Debug\USB_UART01.a(USBUART_1_episr.o)
 .comment       0x00000000       0x71 .\ARM_GCC_493\Debug\USB_UART01.a(USBUART_1_hid.o)
 .comment       0x00000000       0x71 .\ARM_GCC_493\Debug\USB_UART01.a(USBUART_1_std.o)
 .comment       0x00000000       0x71 .\ARM_GCC_493\Debug\USB_UART01.a(USBUART_1_vnd.o)
 .comment       0x00000000       0x71 .\ARM_GCC_493\Debug\USB_UART01.a(LCD.o)
 .comment       0x00000000       0x71 .\ARM_GCC_493\Debug\USB_UART01.a(CyLib.o)
 .comment       0x00000000       0x71 .\ARM_GCC_493\Debug\USB_UART01.a(cyPm.o)
 .comment       0x00000000       0x71 .\ARM_GCC_493\Debug\USB_UART01.a(TX_pin.o)
 .comment       0x00000000       0x71 .\ARM_GCC_493\Debug\USB_UART01.a(Timer.o)
 .comment       0x00000000       0x71 .\ARM_GCC_493\Debug\USB_UART01.a(TimerISR.o)
 .comment       0x00000000       0x71 .\ARM_GCC_493\Debug\USB_UART01.a(LED4.o)
 .comment       0x00000000       0x71 .\ARM_GCC_493\Debug\USB_UART01.a(Idle_Collision_Timer.o)
 .comment       0x00000000       0x71 .\ARM_GCC_493\Debug\USB_UART01.a(Receive.o)
 .comment       0x00000000       0x71 .\ARM_GCC_493\Debug\USB_UART01.a(Edge_detect_IRQ.o)
 .comment       0x00000000       0x71 .\ARM_GCC_493\Debug\USB_UART01.a(Idle_Collision_IRQ.o)
 .comment       0x00000000       0x71 .\ARM_GCC_493\Debug\USB_UART01.a(LED3.o)
 .comment       0x00000000       0x71 .\ARM_GCC_493\Debug\USB_UART01.a(LED2.o)
 .comment       0x00000000       0x71 .\ARM_GCC_493\Debug\USB_UART01.a(ReceiveTimerIRQ.o)
 .comment       0x00000000       0x71 .\ARM_GCC_493\Debug\USB_UART01.a(Receive_Timer.o)
 .comment       0x00000000       0x71 .\ARM_GCC_493\Debug\USB_UART01.a(USBUART_1_cls.o)
 .comment       0x00000000       0x71 .\ARM_GCC_493\Debug\USB_UART01.a(USBUART_1_descr.o)
 .comment       0x00000000       0x71 .\ARM_GCC_493\Debug\USB_UART01.a(CyFlash.o)
 .comment       0x00000000       0x71 .\ARM_GCC_493\Debug\USB_UART01.a(CySpc.o)

.debug_weaknames
 *(.debug_weaknames)

.debug_funcnames
 *(.debug_funcnames)

.debug_typenames
 *(.debug_typenames)

.debug_varnames
 *(.debug_varnames)

.note.gnu.arm.ident
 *(.note.gnu.arm.ident)

.ARM.attributes
                0x00000000       0x29
 *(.ARM.attributes)
 .ARM.attributes
                0x00000000       0x1d d:/program files/cypress/psoc creator/3.3/psoc creator/import/gnu/arm/4.9.3/bin/../lib/gcc/arm-none-eabi/4.9.3/armv7-m/crti.o
 .ARM.attributes
                0x0000001d       0x2d d:/program files/cypress/psoc creator/3.3/psoc creator/import/gnu/arm/4.9.3/bin/../lib/gcc/arm-none-eabi/4.9.3/armv7-m/crtbegin.o
 .ARM.attributes
                0x0000004a       0x1b d:/program files/cypress/psoc creator/3.3/psoc creator/import/gnu/arm/4.9.3/bin/../lib/gcc/arm-none-eabi/4.9.3/../../../../arm-none-eabi/lib/armv7-m/crt0.o
 .ARM.attributes
                0x00000065       0x33 .\ARM_GCC_493\Debug\main.o
 .ARM.attributes
                0x00000098       0x33 .\ARM_GCC_493\Debug\cymetadata.o
 .ARM.attributes
                0x000000cb       0x33 .\ARM_GCC_493\Debug\Cm3Start.o
 .ARM.attributes
                0x000000fe       0x33 .\ARM_GCC_493\Debug\USB_UART01.a(cyfitter_cfg.o)
 .ARM.attributes
                0x00000131       0x33 .\ARM_GCC_493\Debug\USB_UART01.a(USBUART_1.o)
 .ARM.attributes
                0x00000164       0x33 .\ARM_GCC_493\Debug\USB_UART01.a(USBUART_1_cdc.o)
 .ARM.attributes
                0x00000197       0x33 .\ARM_GCC_493\Debug\USB_UART01.a(USBUART_1_drv.o)
 .ARM.attributes
                0x000001ca       0x33 .\ARM_GCC_493\Debug\USB_UART01.a(USBUART_1_episr.o)
 .ARM.attributes
                0x000001fd       0x33 .\ARM_GCC_493\Debug\USB_UART01.a(USBUART_1_hid.o)
 .ARM.attributes
                0x00000230       0x33 .\ARM_GCC_493\Debug\USB_UART01.a(USBUART_1_std.o)
 .ARM.attributes
                0x00000263       0x33 .\ARM_GCC_493\Debug\USB_UART01.a(USBUART_1_vnd.o)
 .ARM.attributes
                0x00000296       0x33 .\ARM_GCC_493\Debug\USB_UART01.a(LCD.o)
 .ARM.attributes
                0x000002c9       0x21 .\ARM_GCC_493\Debug\USB_UART01.a(CyBootAsmGnu.o)
 .ARM.attributes
                0x000002ea       0x33 .\ARM_GCC_493\Debug\USB_UART01.a(CyLib.o)
 .ARM.attributes
                0x0000031d       0x33 .\ARM_GCC_493\Debug\USB_UART01.a(cyPm.o)
 .ARM.attributes
                0x00000350       0x33 .\ARM_GCC_493\Debug\USB_UART01.a(TX_pin.o)
 .ARM.attributes
                0x00000383       0x33 .\ARM_GCC_493\Debug\USB_UART01.a(Timer.o)
 .ARM.attributes
                0x000003b6       0x33 .\ARM_GCC_493\Debug\USB_UART01.a(TimerISR.o)
 .ARM.attributes
                0x000003e9       0x33 .\ARM_GCC_493\Debug\USB_UART01.a(LED4.o)
 .ARM.attributes
                0x0000041c       0x33 .\ARM_GCC_493\Debug\USB_UART01.a(Idle_Collision_Timer.o)
 .ARM.attributes
                0x0000044f       0x33 .\ARM_GCC_493\Debug\USB_UART01.a(Receive.o)
 .ARM.attributes
                0x00000482       0x33 .\ARM_GCC_493\Debug\USB_UART01.a(Edge_detect_IRQ.o)
 .ARM.attributes
                0x000004b5       0x33 .\ARM_GCC_493\Debug\USB_UART01.a(Idle_Collision_IRQ.o)
 .ARM.attributes
                0x000004e8       0x33 .\ARM_GCC_493\Debug\USB_UART01.a(LED3.o)
 .ARM.attributes
                0x0000051b       0x33 .\ARM_GCC_493\Debug\USB_UART01.a(LED2.o)
 .ARM.attributes
                0x0000054e       0x33 .\ARM_GCC_493\Debug\USB_UART01.a(ReceiveTimerIRQ.o)
 .ARM.attributes
                0x00000581       0x33 .\ARM_GCC_493\Debug\USB_UART01.a(Receive_Timer.o)
 .ARM.attributes
                0x000005b4       0x33 .\ARM_GCC_493\Debug\USB_UART01.a(USBUART_1_cls.o)
 .ARM.attributes
                0x000005e7       0x33 .\ARM_GCC_493\Debug\USB_UART01.a(USBUART_1_descr.o)
 .ARM.attributes
                0x0000061a       0x33 .\ARM_GCC_493\Debug\USB_UART01.a(CyFlash.o)
 .ARM.attributes
                0x0000064d       0x33 .\ARM_GCC_493\Debug\USB_UART01.a(CySpc.o)
 .ARM.attributes
                0x00000680       0x1d d:/program files/cypress/psoc creator/3.3/psoc creator/import/gnu/arm/4.9.3/bin/../lib/gcc/arm-none-eabi/4.9.3/armv7-m\libgcc.a(_arm_addsubdf3.o)
 .ARM.attributes
                0x0000069d       0x1d d:/program files/cypress/psoc creator/3.3/psoc creator/import/gnu/arm/4.9.3/bin/../lib/gcc/arm-none-eabi/4.9.3/armv7-m\libgcc.a(_arm_muldivdf3.o)
 .ARM.attributes
                0x000006ba       0x1d d:/program files/cypress/psoc creator/3.3/psoc creator/import/gnu/arm/4.9.3/bin/../lib/gcc/arm-none-eabi/4.9.3/armv7-m\libgcc.a(_arm_fixdfsi.o)
 .ARM.attributes
                0x000006d7       0x2d d:/program files/cypress/psoc creator/3.3/psoc creator/import/gnu/arm/4.9.3/bin/../lib/gcc/arm-none-eabi/4.9.3/../../../../arm-none-eabi/lib/armv7-m\libg_nano.a(lib_a-errno.o)
 .ARM.attributes
                0x00000704       0x2d d:/program files/cypress/psoc creator/3.3/psoc creator/import/gnu/arm/4.9.3/bin/../lib/gcc/arm-none-eabi/4.9.3/../../../../arm-none-eabi/lib/armv7-m\libg_nano.a(lib_a-exit.o)
 .ARM.attributes
                0x00000731       0x2d d:/program files/cypress/psoc creator/3.3/psoc creator/import/gnu/arm/4.9.3/bin/../lib/gcc/arm-none-eabi/4.9.3/../../../../arm-none-eabi/lib/armv7-m\libg_nano.a(lib_a-impure.o)
 .ARM.attributes
                0x0000075e       0x2d d:/program files/cypress/psoc creator/3.3/psoc creator/import/gnu/arm/4.9.3/bin/../lib/gcc/arm-none-eabi/4.9.3/../../../../arm-none-eabi/lib/armv7-m\libg_nano.a(lib_a-init.o)
 .ARM.attributes
                0x0000078b       0x2d d:/program files/cypress/psoc creator/3.3/psoc creator/import/gnu/arm/4.9.3/bin/../lib/gcc/arm-none-eabi/4.9.3/../../../../arm-none-eabi/lib/armv7-m\libg_nano.a(lib_a-memcpy.o)
 .ARM.attributes
                0x000007b8       0x2d d:/program files/cypress/psoc creator/3.3/psoc creator/import/gnu/arm/4.9.3/bin/../lib/gcc/arm-none-eabi/4.9.3/../../../../arm-none-eabi/lib/armv7-m\libg_nano.a(lib_a-memset.o)
 .ARM.attributes
                0x000007e5       0x2d d:/program files/cypress/psoc creator/3.3/psoc creator/import/gnu/arm/4.9.3/bin/../lib/gcc/arm-none-eabi/4.9.3/../../../../arm-none-eabi/lib/armv7-m\libg_nano.a(lib_a-rand.o)
 .ARM.attributes
                0x00000812       0x2d d:/program files/cypress/psoc creator/3.3/psoc creator/import/gnu/arm/4.9.3/bin/../lib/gcc/arm-none-eabi/4.9.3/../../../../arm-none-eabi/lib/armv7-m\libg_nano.a(lib_a-time.o)
 .ARM.attributes
                0x0000083f       0x2d d:/program files/cypress/psoc creator/3.3/psoc creator/import/gnu/arm/4.9.3/bin/../lib/gcc/arm-none-eabi/4.9.3/../../../../arm-none-eabi/lib/armv7-m\libg_nano.a(lib_a-gettimeofdayr.o)
 .ARM.attributes
                0x0000086c       0x2d d:/program files/cypress/psoc creator/3.3/psoc creator/import/gnu/arm/4.9.3/bin/../lib/gcc/arm-none-eabi/4.9.3/../../../../arm-none-eabi/lib/armv7-m\libg_nano.a(lib_a-malloc.o)
 .ARM.attributes
                0x00000899       0x2d d:/program files/cypress/psoc creator/3.3/psoc creator/import/gnu/arm/4.9.3/bin/../lib/gcc/arm-none-eabi/4.9.3/../../../../arm-none-eabi/lib/armv7-m\libg_nano.a(lib_a-nano-freer.o)
 .ARM.attributes
                0x000008c6       0x2d d:/program files/cypress/psoc creator/3.3/psoc creator/import/gnu/arm/4.9.3/bin/../lib/gcc/arm-none-eabi/4.9.3/../../../../arm-none-eabi/lib/armv7-m\libg_nano.a(lib_a-nano-mallocr.o)
 .ARM.attributes
                0x000008f3       0x2d d:/program files/cypress/psoc creator/3.3/psoc creator/import/gnu/arm/4.9.3/bin/../lib/gcc/arm-none-eabi/4.9.3/../../../../arm-none-eabi/lib/armv7-m\libg_nano.a(lib_a-reent.o)
 .ARM.attributes
                0x00000920       0x2d d:/program files/cypress/psoc creator/3.3/psoc creator/import/gnu/arm/4.9.3/bin/../lib/gcc/arm-none-eabi/4.9.3/../../../../arm-none-eabi/lib/armv7-m\libg_nano.a(lib_a-sbrkr.o)
 .ARM.attributes
                0x0000094d       0x2d d:/program files/cypress/psoc creator/3.3/psoc creator/import/gnu/arm/4.9.3/bin/../lib/gcc/arm-none-eabi/4.9.3/armv7-m/crtend.o
 .ARM.attributes
                0x0000097a       0x1d d:/program files/cypress/psoc creator/3.3/psoc creator/import/gnu/arm/4.9.3/bin/../lib/gcc/arm-none-eabi/4.9.3/armv7-m/crtn.o
 .ARM.attributes
                0x00000997       0x2d d:/program files/cypress/psoc creator/3.3/psoc creator/import/gnu/arm/4.9.3/bin/../lib/gcc/arm-none-eabi/4.9.3/../../../../arm-none-eabi/lib/armv7-m\libnosys.a(gettod.o)

/DISCARD/
 *(.note.GNU-stack)
OUTPUT(.\ARM_GCC_493\Debug\USB_UART01.elf elf32-littlearm)
