Archive member included because of file (symbol)

.\ARM_GCC_493\Debug\USB_UART01.a(cyfitter_cfg.o)
                              .\ARM_GCC_493\Debug\Cm3Start.o (cyfitter_cfg)
.\ARM_GCC_493\Debug\USB_UART01.a(USBUART_1.o)
                              .\ARM_GCC_493\Debug\main.o (USBUART_1_Start)
.\ARM_GCC_493\Debug\USB_UART01.a(USBUART_1_cdc.o)
                              .\ARM_GCC_493\Debug\main.o (USBUART_1_CDC_Init)
.\ARM_GCC_493\Debug\USB_UART01.a(USBUART_1_drv.o)
                              .\ARM_GCC_493\Debug\USB_UART01.a(USBUART_1.o) (USBUART_1_EP)
.\ARM_GCC_493\Debug\USB_UART01.a(USBUART_1_episr.o)
                              .\ARM_GCC_493\Debug\USB_UART01.a(USBUART_1.o) (USBUART_1_EP_1_ISR)
.\ARM_GCC_493\Debug\USB_UART01.a(USBUART_1_hid.o)
                              .\ARM_GCC_493\Debug\USB_UART01.a(USBUART_1.o) (USBUART_1_hidProtocol)
.\ARM_GCC_493\Debug\USB_UART01.a(USBUART_1_std.o)
                              .\ARM_GCC_493\Debug\USB_UART01.a(USBUART_1_drv.o) (USBUART_1_HandleStandardRqst)
.\ARM_GCC_493\Debug\USB_UART01.a(USBUART_1_vnd.o)
                              .\ARM_GCC_493\Debug\USB_UART01.a(USBUART_1_drv.o) (USBUART_1_HandleVendorRqst)
.\ARM_GCC_493\Debug\USB_UART01.a(CyBootAsmGnu.o)
                              .\ARM_GCC_493\Debug\USB_UART01.a(cyfitter_cfg.o) (CyDelayCycles)
.\ARM_GCC_493\Debug\USB_UART01.a(CyLib.o)
                              .\ARM_GCC_493\Debug\Cm3Start.o (CyResetStatus)
.\ARM_GCC_493\Debug\USB_UART01.a(cyPm.o)
                              .\ARM_GCC_493\Debug\USB_UART01.a(CyLib.o) (CyPmReadStatus)
.\ARM_GCC_493\Debug\USB_UART01.a(TX_pin.o)
                              .\ARM_GCC_493\Debug\main.o (TX_pin_Write)
.\ARM_GCC_493\Debug\USB_UART01.a(Timer.o)
                              .\ARM_GCC_493\Debug\main.o (Timer_Start)
.\ARM_GCC_493\Debug\USB_UART01.a(TimerISR.o)
                              .\ARM_GCC_493\Debug\main.o (TimerISR_StartEx)
.\ARM_GCC_493\Debug\USB_UART01.a(LED4.o)
                              .\ARM_GCC_493\Debug\main.o (LED4_Write)
.\ARM_GCC_493\Debug\USB_UART01.a(Idle_Collision_Timer.o)
                              .\ARM_GCC_493\Debug\main.o (Idle_Collision_Timer_Start)
.\ARM_GCC_493\Debug\USB_UART01.a(Receive.o)
                              .\ARM_GCC_493\Debug\main.o (Receive_Read)
.\ARM_GCC_493\Debug\USB_UART01.a(Edge_detect_IRQ.o)
                              .\ARM_GCC_493\Debug\main.o (Edge_detect_IRQ_StartEx)
.\ARM_GCC_493\Debug\USB_UART01.a(Idle_Collision_IRQ.o)
                              .\ARM_GCC_493\Debug\main.o (Idle_Collision_IRQ_StartEx)
.\ARM_GCC_493\Debug\USB_UART01.a(LED3.o)
                              .\ARM_GCC_493\Debug\main.o (LED3_Write)
.\ARM_GCC_493\Debug\USB_UART01.a(LED2.o)
                              .\ARM_GCC_493\Debug\main.o (LED2_Write)
.\ARM_GCC_493\Debug\USB_UART01.a(Counter.o)
                              .\ARM_GCC_493\Debug\main.o (Counter_Start)
.\ARM_GCC_493\Debug\USB_UART01.a(USBUART_1_cls.o)
                              .\ARM_GCC_493\Debug\USB_UART01.a(USBUART_1_drv.o) (USBUART_1_DispatchClassRqst)
.\ARM_GCC_493\Debug\USB_UART01.a(USBUART_1_descr.o)
                              .\ARM_GCC_493\Debug\USB_UART01.a(USBUART_1_std.o) (USBUART_1_DEVICE0_DESCR)
.\ARM_GCC_493\Debug\USB_UART01.a(CyFlash.o)
                              .\ARM_GCC_493\Debug\USB_UART01.a(cyPm.o) (CyFlash_SetWaitCycles)
.\ARM_GCC_493\Debug\USB_UART01.a(CySpc.o)
                              .\ARM_GCC_493\Debug\USB_UART01.a(CyFlash.o) (CySpcStart)
c:/program files (x86)/cypress/psoc creator/3.3/psoc creator/import/gnu/arm/4.9.3/bin/../lib/gcc/arm-none-eabi/4.9.3/../../../../arm-none-eabi/lib/armv7-m\libg_nano.a(lib_a-errno.o)
                              .\ARM_GCC_493\Debug\Cm3Start.o (__errno)
c:/program files (x86)/cypress/psoc creator/3.3/psoc creator/import/gnu/arm/4.9.3/bin/../lib/gcc/arm-none-eabi/4.9.3/../../../../arm-none-eabi/lib/armv7-m\libg_nano.a(lib_a-exit.o)
                              c:/program files (x86)/cypress/psoc creator/3.3/psoc creator/import/gnu/arm/4.9.3/bin/../lib/gcc/arm-none-eabi/4.9.3/../../../../arm-none-eabi/lib/armv7-m/crt0.o (exit)
c:/program files (x86)/cypress/psoc creator/3.3/psoc creator/import/gnu/arm/4.9.3/bin/../lib/gcc/arm-none-eabi/4.9.3/../../../../arm-none-eabi/lib/armv7-m\libg_nano.a(lib_a-impure.o)
                              c:/program files (x86)/cypress/psoc creator/3.3/psoc creator/import/gnu/arm/4.9.3/bin/../lib/gcc/arm-none-eabi/4.9.3/../../../../arm-none-eabi/lib/armv7-m\libg_nano.a(lib_a-exit.o) (_global_impure_ptr)
c:/program files (x86)/cypress/psoc creator/3.3/psoc creator/import/gnu/arm/4.9.3/bin/../lib/gcc/arm-none-eabi/4.9.3/../../../../arm-none-eabi/lib/armv7-m\libg_nano.a(lib_a-init.o)
                              c:/program files (x86)/cypress/psoc creator/3.3/psoc creator/import/gnu/arm/4.9.3/bin/../lib/gcc/arm-none-eabi/4.9.3/../../../../arm-none-eabi/lib/armv7-m/crt0.o (__libc_init_array)
[...]
Memory Configuration

Name             Origin             Length             Attributes
rom              0x00000000         0x00040000         xr
ram              0x1fff8000         0x00010000         xrw
*default*        0x00000000         0xffffffff

Linker script and memory map

LOAD c:/program files (x86)/cypress/psoc creator/3.3/psoc creator/import/gnu/arm/4.9.3/bin/../lib/gcc/arm-none-eabi/4.9.3/armv7-m/crti.o
LOAD c:/program files (x86)/cypress/psoc creator/3.3/psoc creator/import/gnu/arm/4.9.3/bin/../lib/gcc/arm-none-eabi/4.9.3/armv7-m/crtbegin.o
LOAD c:/program files (x86)/cypress/psoc creator/3.3/psoc creator/import/gnu/arm/4.9.3/bin/../lib/gcc/arm-none-eabi/4.9.3/../../../../arm-none-eabi/lib/armv7-m/crt0.o
START GROUP
LOAD .\ARM_GCC_493\Debug\main.o
LOAD .\ARM_GCC_493\Debug\cymetadata.o
LOAD .\ARM_GCC_493\Debug\Cm3Start.o
LOAD .\ARM_GCC_493\Debug\USB_UART01.a
LOAD C:\Program Files (x86)\Cypress\PSoC Creator\3.3\PSoC Creator\psoc\content\cycomponentlibrary\CyComponentLibrary.cylib\CortexM3\ARM_GCC_493\Debug\CyComponentLibrary.a
END GROUP
START GROUP
LOAD c:/program files (x86)/cypress/psoc creator/3.3/psoc creator/import/gnu/arm/4.9.3/bin/../lib/gcc/arm-none-eabi/4.9.3/armv7-m\libgcc.a
LOAD c:/program files (x86)/cypress/psoc creator/3.3/psoc creator/import/gnu/arm/4.9.3/bin/../lib/gcc/arm-none-eabi/4.9.3/../../../../arm-none-eabi/lib/armv7-m\libg_nano.a
LOAD c:/program files (x86)/cypress/psoc creator/3.3/psoc creator/import/gnu/arm/4.9.3/bin/../lib/gcc/arm-none-eabi/4.9.3/../../../../arm-none-eabi/lib/armv7-m\libc_nano.a
END GROUP
START GROUP
LOAD c:/program files (x86)/cypress/psoc creator/3.3/psoc creator/import/gnu/arm/4.9.3/bin/../lib/gcc/arm-none-eabi/4.9.3/armv7-m\libgcc.a
LOAD c:/program files (x86)/cypress/psoc creator/3.3/psoc creator/import/gnu/arm/4.9.3/bin/../lib/gcc/arm-none-eabi/4.9.3/../../../../arm-none-eabi/lib/armv7-m\libc_nano.a
END GROUP
LOAD c:/program files (x86)/cypress/psoc creator/3.3/psoc creator/import/gnu/arm/4.9.3/bin/../lib/gcc/arm-none-eabi/4.9.3/armv7-m/crtend.o
LOAD c:/program files (x86)/cypress/psoc creator/3.3/psoc creator/import/gnu/arm/4.9.3/bin/../lib/gcc/arm-none-eabi/4.9.3/armv7-m/crtn.o
START GROUP
LOAD c:/program files (x86)/cypress/psoc creator/3.3/psoc creator/import/gnu/arm/4.9.3/bin/../lib/gcc/arm-none-eabi/4.9.3/armv7-m\libgcc.a
LOAD c:/program files (x86)/cypress/psoc creator/3.3/psoc creator/import/gnu/arm/4.9.3/bin/../lib/gcc/arm-none-eabi/4.9.3/../../../../arm-none-eabi/lib/armv7-m\libc.a
LOAD c:/program files (x86)/cypress/psoc creator/3.3/psoc creator/import/gnu/arm/4.9.3/bin/../lib/gcc/arm-none-eabi/4.9.3/../../../../arm-none-eabi/lib/armv7-m\libnosys.a
END GROUP
                0x00000000                CY_APPL_ORIGIN = 0x0
                0x00000100                CY_FLASH_ROW_SIZE = 0x100
                0x00000020                CY_ECC_ROW_SIZE = 0x20
                0x00000000                CY_EE_IN_BTLDR = 0x0
                0x00000000                CY_APPL_LOADABLE = 0x0
                0x00000800                CY_EE_SIZE = 0x800
                0x00000001                CY_APPL_NUM = 0x1
                0x00000001                CY_APPL_MAX = 0x1
                0x00000040                CY_METADATA_SIZE = 0x40
                0x00000000                CY_APPL_LOADABLE = 0x0
                0x00000000                CY_CHECKSUM_EXCLUDE_SIZE = ALIGN (0x0, CY_FLASH_ROW_SIZE)
                0x1fff8eb0                PROVIDE (__cy_heap_start, _end)
                0x00000001                PROVIDE (__cy_region_num, ((__cy_regions_end - __cy_regions) / 0x10))
                0x20008000                PROVIDE (__cy_stack, (ORIGIN (ram) + 0x10000))
                0x20007800                PROVIDE (__cy_heap_end, (__cy_stack - 0x800))

.cybootloader   0x00000000        0x0
 *(.cybootloader)
                0x00000000                appl1_start = CY_APPL_ORIGIN?CY_APPL_ORIGIN:ALIGN (CY_FLASH_ROW_SIZE)
                0x0001ff00                appl2_start = (appl1_start + ALIGN ((((0x40000 - appl1_start) - (0x2 * CY_FLASH_ROW_SIZE)) / 0x2), CY_FLASH_ROW_SIZE))
                0x00000000                appl_start = (CY_APPL_NUM == 0x1)?appl1_start:appl2_start
                0x00000000                ecc_offset = ((appl_start / CY_FLASH_ROW_SIZE) * CY_ECC_ROW_SIZE)
                0x00000000                ee_offset = (CY_APPL_LOADABLE && ! (CY_EE_IN_BTLDR))?((CY_EE_SIZE / CY_APPL_MAX) * (CY_APPL_NUM - 0x1)):0x0
                0x00000800                ee_size = (CY_APPL_LOADABLE && ! (CY_EE_IN_BTLDR))?(CY_EE_SIZE / CY_APPL_MAX):CY_EE_SIZE
                0x00000000                PROVIDE (CY_ECC_OFFSET, ecc_offset)

.text           0x00000000     0x3742
 CREATE_OBJECT_SYMBOLS
                0x00000000                PROVIDE (__cy_interrupt_vector, RomVectors)
 *(.romvectors)
 .romvectors    0x00000000       0x10 .\ARM_GCC_493\Debug\Cm3Start.o
                0x00000000                RomVectors
                0x00000001                ASSERT ((. != __cy_interrupt_vector), No interrupt vector)
                0x00000001                ASSERT (CY_APPL_ORIGIN?(SIZEOF (.cybootloader) <= CY_APPL_ORIGIN):0x1, Wrong image location)
                0x00000010                PROVIDE (__cy_reset, Reset)
 *(.text.Reset)
 .text.Reset    0x00000010       0x18 .\ARM_GCC_493\Debug\Cm3Start.o
                0x00000010                Reset
                0x00000001                ASSERT ((. != __cy_reset), No reset code)
 *(.dma_init)
                0x00000001                ASSERT ((((appl_start + .) <= 0x10000) || 0x1), DMA Init must be within the first 64k of flash)
 *(.text .text.* .gnu.linkonce.t.*)
 .text          0x00000028       0x5c c:/program files (x86)/cypress/psoc creator/3.3/psoc creator/import/gnu/arm/4.9.3/bin/../lib/gcc/arm-none-eabi/4.9.3/armv7-m/crtbegin.o
 .text.Idle_Collision_ISR
                0x00000084       0x24 .\ARM_GCC_493\Debug\main.o
                0x00000084                Idle_Collision_ISR
 .text.Edge_detect_ISR
                0x000000a8       0x18 .\ARM_GCC_493\Debug\main.o
                0x000000a8                Edge_detect_ISR
 .text.TimerHandler
                0x000000c0       0x1c .\ARM_GCC_493\Debug\main.o
                0x000000c0                TimerHandler
 .text.main     0x000000dc      0x16c .\ARM_GCC_493\Debug\main.o
                0x000000dc                main
 .text.initDiffManEncodedArray
                0x00000248       0x48 .\ARM_GCC_493\Debug\main.o
                0x00000248                initDiffManEncodedArray
 .text.stringToDiffMan
                0x00000290       0x38 .\ARM_GCC_493\Debug\main.o
                0x00000290                stringToDiffMan
 .text.asciiToDiffMan
                0x000002c8      0x1c4 .\ARM_GCC_493\Debug\main.o
                0x000002c8                asciiToDiffMan
 .text.transmitData
                0x0000048c       0xa0 .\ARM_GCC_493\Debug\main.o
                0x0000048c                transmitData
 .text.setNetworkStateOnLEDs
                0x0000052c       0x58 .\ARM_GCC_493\Debug\main.o
                0x0000052c                setNetworkStateOnLEDs
 .text.IntDefaultHandler
                0x00000584        0x8 .\ARM_GCC_493\Debug\Cm3Start.o
                0x00000584                IntDefaultHandler
 .text.Start_c  0x0000058c       0x98 .\ARM_GCC_493\Debug\Cm3Start.o
                0x0000058c                Start_c
 .text.initialize_psoc
                0x00000624       0x8c .\ARM_GCC_493\Debug\Cm3Start.o
                0x00000624                initialize_psoc
 .text.CYMEMZERO
                0x000006b0       0x1c .\ARM_GCC_493\Debug\USB_UART01.a(cyfitter_cfg.o)
 .text.CYCONFIGCPY
                0x000006cc       0x1c .\ARM_GCC_493\Debug\USB_UART01.a(cyfitter_cfg.o)
 .text.CYCONFIGCPYCODE
                0x000006e8       0x1c .\ARM_GCC_493\Debug\USB_UART01.a(cyfitter_cfg.o)
 .text.CyClockStartupError
                0x00000704        0xc .\ARM_GCC_493\Debug\USB_UART01.a(cyfitter_cfg.o)
 .text.cfg_write_bytes32
                0x00000710       0x74 .\ARM_GCC_493\Debug\USB_UART01.a(cyfitter_cfg.o)
 .text.ClockSetup
                0x00000784      0x12c .\ARM_GCC_493\Debug\USB_UART01.a(cyfitter_cfg.o)
 .text.AnalogSetDefault
                0x000008b0       0x44 .\ARM_GCC_493\Debug\USB_UART01.a(cyfitter_cfg.o)
 .text.cyfitter_cfg
                0x000008f4      0x148 .\ARM_GCC_493\Debug\USB_UART01.a(cyfitter_cfg.o)
                0x000008f4                cyfitter_cfg
 .text.USBUART_1_Start
                0x00000a3c       0x38 .\ARM_GCC_493\Debug\USB_UART01.a(USBUART_1.o)
                0x00000a3c                USBUART_1_Start
 .text.USBUART_1_Init
                0x00000a74      0x18c .\ARM_GCC_493\Debug\USB_UART01.a(USBUART_1.o)
                0x00000a74                USBUART_1_Init
 .text.USBUART_1_InitComponent
                0x00000c00       0xf8 .\ARM_GCC_493\Debug\USB_UART01.a(USBUART_1.o)
                0x00000c00                USBUART_1_InitComponent
 .text.USBUART_1_ReInitComponent
                0x00000cf8       0x88 .\ARM_GCC_493\Debug\USB_UART01.a(USBUART_1.o)
                0x00000cf8                USBUART_1_ReInitComponent
 .text.USBUART_1_GetConfiguration
                0x00000d80       0x18 .\ARM_GCC_493\Debug\USB_UART01.a(USBUART_1.o)
                0x00000d80                USBUART_1_GetConfiguration
 .text.USBUART_1_IsConfigurationChanged
                0x00000d98       0x34 .\ARM_GCC_493\Debug\USB_UART01.a(USBUART_1.o)
                0x00000d98                USBUART_1_IsConfigurationChanged
 .text.USBUART_1_GetEPCount
                0x00000dcc       0x6c .\ARM_GCC_493\Debug\USB_UART01.a(USBUART_1.o)
                0x00000dcc                USBUART_1_GetEPCount
 .text.USBUART_1_LoadInEP
                0x00000e38      0x108 .\ARM_GCC_493\Debug\USB_UART01.a(USBUART_1.o)
                0x00000e38                USBUART_1_LoadInEP
 .text.USBUART_1_ReadOutEP
                0x00000f40       0x8c .\ARM_GCC_493\Debug\USB_UART01.a(USBUART_1.o)
                0x00000f40                USBUART_1_ReadOutEP
 .text.USBUART_1_EnableOutEP
                0x00000fcc       0x60 .\ARM_GCC_493\Debug\USB_UART01.a(USBUART_1.o)
                0x00000fcc                USBUART_1_EnableOutEP
 .text.USBUART_1_DispatchCDCClassRqst
                0x0000102c       0xcc .\ARM_GCC_493\Debug\USB_UART01.a(USBUART_1_cdc.o)
                0x0000102c                USBUART_1_DispatchCDCClassRqst
 .text.USBUART_1_CDC_Init
                0x000010f8       0x20 .\ARM_GCC_493\Debug\USB_UART01.a(USBUART_1_cdc.o)
                0x000010f8                USBUART_1_CDC_Init
 .text.USBUART_1_PutChar
                0x00001118       0x2c .\ARM_GCC_493\Debug\USB_UART01.a(USBUART_1_cdc.o)
                0x00001118                USBUART_1_PutChar
 .text.USBUART_1_PutCRLF
                0x00001144       0x30 .\ARM_GCC_493\Debug\USB_UART01.a(USBUART_1_cdc.o)
                0x00001144                USBUART_1_PutCRLF
 .text.USBUART_1_DataIsReady
                0x00001174       0x30 .\ARM_GCC_493\Debug\USB_UART01.a(USBUART_1_cdc.o)
                0x00001174                USBUART_1_DataIsReady
 .text.USBUART_1_CDCIsReady
                0x000011a4       0x30 .\ARM_GCC_493\Debug\USB_UART01.a(USBUART_1_cdc.o)
                0x000011a4                USBUART_1_CDCIsReady
 .text.USBUART_1_GetChar
                0x000011d4       0x28 .\ARM_GCC_493\Debug\USB_UART01.a(USBUART_1_cdc.o)
                0x000011d4                USBUART_1_GetChar
 .text.USBUART_1_EP_0_ISR
                0x000011fc       0xf8 .\ARM_GCC_493\Debug\USB_UART01.a(USBUART_1_drv.o)
                0x000011fc                USBUART_1_EP_0_ISR
 .text.USBUART_1_HandleSetup
                0x000012f4       0x88 .\ARM_GCC_493\Debug\USB_UART01.a(USBUART_1_drv.o)
                0x000012f4                USBUART_1_HandleSetup
 .text.USBUART_1_HandleIN
                0x0000137c       0x4c .\ARM_GCC_493\Debug\USB_UART01.a(USBUART_1_drv.o)
                0x0000137c                USBUART_1_HandleIN
 .text.USBUART_1_HandleOUT
                0x000013c8       0x58 .\ARM_GCC_493\Debug\USB_UART01.a(USBUART_1_drv.o)
                0x000013c8                USBUART_1_HandleOUT
 .text.USBUART_1_LoadEP0
                0x00001420       0xd4 .\ARM_GCC_493\Debug\USB_UART01.a(USBUART_1_drv.o)
                0x00001420                USBUART_1_LoadEP0
 .text.USBUART_1_InitControlRead
                0x000014f4       0x74 .\ARM_GCC_493\Debug\USB_UART01.a(USBUART_1_drv.o)
                0x000014f4                USBUART_1_InitControlRead
 .text.USBUART_1_InitZeroLengthControlTransfer
                0x00001568       0x44 .\ARM_GCC_493\Debug\USB_UART01.a(USBUART_1_drv.o)
                0x00001568                USBUART_1_InitZeroLengthControlTransfer
 .text.USBUART_1_ControlReadDataStage
                0x000015ac        0xc .\ARM_GCC_493\Debug\USB_UART01.a(USBUART_1_drv.o)
                0x000015ac                USBUART_1_ControlReadDataStage
 .text.USBUART_1_ControlReadStatusStage
                0x000015b8       0x40 .\ARM_GCC_493\Debug\USB_UART01.a(USBUART_1_drv.o)
                0x000015b8                USBUART_1_ControlReadStatusStage
 .text.USBUART_1_InitControlWrite
                0x000015f8       0x68 .\ARM_GCC_493\Debug\USB_UART01.a(USBUART_1_drv.o)
                0x000015f8                USBUART_1_InitControlWrite
 .text.USBUART_1_ControlWriteDataStage
                0x00001660       0xb8 .\ARM_GCC_493\Debug\USB_UART01.a(USBUART_1_drv.o)
                0x00001660                USBUART_1_ControlWriteDataStage
 .text.USBUART_1_ControlWriteStatusStage
                0x00001718       0x20 .\ARM_GCC_493\Debug\USB_UART01.a(USBUART_1_drv.o)
                0x00001718                USBUART_1_ControlWriteStatusStage
 .text.USBUART_1_InitNoDataControlTransfer
                0x00001738       0x38 .\ARM_GCC_493\Debug\USB_UART01.a(USBUART_1_drv.o)
                0x00001738                USBUART_1_InitNoDataControlTransfer
 .text.USBUART_1_NoDataControlStatusStage
                0x00001770       0x48 .\ARM_GCC_493\Debug\USB_UART01.a(USBUART_1_drv.o)
                0x00001770                USBUART_1_NoDataControlStatusStage
 .text.USBUART_1_UpdateStatusBlock
                0x000017b8       0x40 .\ARM_GCC_493\Debug\USB_UART01.a(USBUART_1_drv.o)
                0x000017b8                USBUART_1_UpdateStatusBlock
 .text.USBUART_1_InitializeStatusBlock
                0x000017f8       0x34 .\ARM_GCC_493\Debug\USB_UART01.a(USBUART_1_drv.o)
                0x000017f8                USBUART_1_InitializeStatusBlock
 .text.USBUART_1_EP_1_ISR
                0x0000182c       0x54 .\ARM_GCC_493\Debug\USB_UART01.a(USBUART_1_episr.o)
                0x0000182c                USBUART_1_EP_1_ISR
 .text.USBUART_1_EP_2_ISR
                0x00001880       0x54 .\ARM_GCC_493\Debug\USB_UART01.a(USBUART_1_episr.o)
                0x00001880                USBUART_1_EP_2_ISR
 .text.USBUART_1_EP_3_ISR
                0x000018d4       0x5c .\ARM_GCC_493\Debug\USB_UART01.a(USBUART_1_episr.o)
                0x000018d4                USBUART_1_EP_3_ISR
 .text.USBUART_1_SOF_ISR
                0x00001930        0xc .\ARM_GCC_493\Debug\USB_UART01.a(USBUART_1_episr.o)
                0x00001930                USBUART_1_SOF_ISR
 .text.USBUART_1_BUS_RESET_ISR
                0x0000193c        0xc .\ARM_GCC_493\Debug\USB_UART01.a(USBUART_1_episr.o)
                0x0000193c                USBUART_1_BUS_RESET_ISR
 .text.USBUART_1_DispatchHIDClassRqst
                0x00001948      0x1ec .\ARM_GCC_493\Debug\USB_UART01.a(USBUART_1_hid.o)
                0x00001948                USBUART_1_DispatchHIDClassRqst
 .text.USBUART_1_FindHidClassDecriptor
                0x00001b34       0x7c .\ARM_GCC_493\Debug\USB_UART01.a(USBUART_1_hid.o)
                0x00001b34                USBUART_1_FindHidClassDecriptor
 .text.USBUART_1_FindReportDescriptor
                0x00001bb0       0x90 .\ARM_GCC_493\Debug\USB_UART01.a(USBUART_1_hid.o)
                0x00001bb0                USBUART_1_FindReportDescriptor
 .text.USBUART_1_FindReport
                0x00001c40       0xd4 .\ARM_GCC_493\Debug\USB_UART01.a(USBUART_1_hid.o)
                0x00001c40                USBUART_1_FindReport
 .text.USBUART_1_HandleStandardRqst
                0x00001d14      0x4a4 .\ARM_GCC_493\Debug\USB_UART01.a(USBUART_1_std.o)
                0x00001d14                USBUART_1_HandleStandardRqst
 .text.USBUART_1_ReadDieID
                0x000021b8       0x90 .\ARM_GCC_493\Debug\USB_UART01.a(USBUART_1_std.o)
                0x000021b8                USBUART_1_ReadDieID
 .text.USBUART_1_ConfigReg
                0x00002248      0x180 .\ARM_GCC_493\Debug\USB_UART01.a(USBUART_1_std.o)
                0x00002248                USBUART_1_ConfigReg
 .text.USBUART_1_Config
                0x000023c8      0x348 .\ARM_GCC_493\Debug\USB_UART01.a(USBUART_1_std.o)
                0x000023c8                USBUART_1_Config
 .text.USBUART_1_ConfigAltChanged
                0x00002710      0x27c .\ARM_GCC_493\Debug\USB_UART01.a(USBUART_1_std.o)
                0x00002710                USBUART_1_ConfigAltChanged
 .text.USBUART_1_GetConfigTablePtr
                0x0000298c       0x54 .\ARM_GCC_493\Debug\USB_UART01.a(USBUART_1_std.o)
                0x0000298c                USBUART_1_GetConfigTablePtr
 .text.USBUART_1_GetDeviceTablePtr
                0x000029e0       0x24 .\ARM_GCC_493\Debug\USB_UART01.a(USBUART_1_std.o)
                0x000029e0                USBUART_1_GetDeviceTablePtr
 .text.USBUART_1_GetInterfaceClassTablePtr
                0x00002a04       0x4c .\ARM_GCC_493\Debug\USB_UART01.a(USBUART_1_std.o)
                0x00002a04                USBUART_1_GetInterfaceClassTablePtr
 .text.USBUART_1_SetEndpointHalt
                0x00002a50       0xe0 .\ARM_GCC_493\Debug\USB_UART01.a(USBUART_1_std.o)
                0x00002a50                USBUART_1_SetEndpointHalt
 .text.USBUART_1_ClearEndpointHalt
                0x00002b30      0x144 .\ARM_GCC_493\Debug\USB_UART01.a(USBUART_1_std.o)
                0x00002b30                USBUART_1_ClearEndpointHalt
 .text.USBUART_1_ValidateAlternateSetting
                0x00002c74       0x78 .\ARM_GCC_493\Debug\USB_UART01.a(USBUART_1_std.o)
                0x00002c74                USBUART_1_ValidateAlternateSetting
 .text.USBUART_1_HandleVendorRqst
                0x00002cec       0x58 .\ARM_GCC_493\Debug\USB_UART01.a(USBUART_1_vnd.o)
                0x00002cec                USBUART_1_HandleVendorRqst
 *fill*         0x00002d44        0x4 
 .text          0x00002d48       0x58 .\ARM_GCC_493\Debug\USB_UART01.a(CyBootAsmGnu.o)
                0x00002d48                CyDelayCycles
                0x00002d86                CyEnterCriticalSection
                0x00002d8e                CyExitCriticalSection
 .text.CyHalt   0x00002da0       0x18 .\ARM_GCC_493\Debug\USB_UART01.a(CyLib.o)
                0x00002da0                CyHalt
 .text.CyDelay  0x00002db8       0x44 .\ARM_GCC_493\Debug\USB_UART01.a(CyLib.o)
                0x00002db8                CyDelay
 .text.CyDelayUs
                0x00002dfc       0x24 .\ARM_GCC_493\Debug\USB_UART01.a(CyLib.o)
                0x00002dfc                CyDelayUs
 .text.CyIntSetVector
                0x00002e20       0x50 .\ARM_GCC_493\Debug\USB_UART01.a(CyLib.o)
                0x00002e20                CyIntSetVector
 .text.CyIntSetPriority
                0x00002e70       0x44 .\ARM_GCC_493\Debug\USB_UART01.a(CyLib.o)
                0x00002e70                CyIntSetPriority
 .text.TX_pin_Write
                0x00002eb4       0x3c .\ARM_GCC_493\Debug\USB_UART01.a(TX_pin.o)
                0x00002eb4                TX_pin_Write
 .text.Timer_Init
                0x00002ef0       0x4c .\ARM_GCC_493\Debug\USB_UART01.a(Timer.o)
                0x00002ef0                Timer_Init
 .text.Timer_Enable
                0x00002f3c       0x20 .\ARM_GCC_493\Debug\USB_UART01.a(Timer.o)
                0x00002f3c                Timer_Enable
 .text.Timer_Start
                0x00002f5c       0x20 .\ARM_GCC_493\Debug\USB_UART01.a(Timer.o)
                0x00002f5c                Timer_Start
 .text.Timer_Stop
                0x00002f7c       0x20 .\ARM_GCC_493\Debug\USB_UART01.a(Timer.o)
                0x00002f7c                Timer_Stop
 .text.Timer_SetInterruptMode
                0x00002f9c       0x20 .\ARM_GCC_493\Debug\USB_UART01.a(Timer.o)
                0x00002f9c                Timer_SetInterruptMode
 .text.Timer_ReadStatusRegister
                0x00002fbc       0x18 .\ARM_GCC_493\Debug\USB_UART01.a(Timer.o)
                0x00002fbc                Timer_ReadStatusRegister
 .text.Timer_WritePeriod
                0x00002fd4       0x20 .\ARM_GCC_493\Debug\USB_UART01.a(Timer.o)
                0x00002fd4                Timer_WritePeriod
 .text.Timer_ReadCapture
                0x00002ff4       0x18 .\ARM_GCC_493\Debug\USB_UART01.a(Timer.o)
                0x00002ff4                Timer_ReadCapture
 .text.Timer_WriteCounter
                0x0000300c       0x20 .\ARM_GCC_493\Debug\USB_UART01.a(Timer.o)
                0x0000300c                Timer_WriteCounter
 .text.Timer_ClearFIFO
                0x0000302c       0x1c .\ARM_GCC_493\Debug\USB_UART01.a(Timer.o)
                0x0000302c                Timer_ClearFIFO
 .text.TimerISR_StartEx
                0x00003048       0x24 .\ARM_GCC_493\Debug\USB_UART01.a(TimerISR.o)
                0x00003048                TimerISR_StartEx
 .text.TimerISR_SetVector
                0x0000306c       0x24 .\ARM_GCC_493\Debug\USB_UART01.a(TimerISR.o)
                0x0000306c                TimerISR_SetVector
 .text.TimerISR_SetPriority
                0x00003090       0x24 .\ARM_GCC_493\Debug\USB_UART01.a(TimerISR.o)
                0x00003090                TimerISR_SetPriority
 .text.TimerISR_Enable
                0x000030b4       0x18 .\ARM_GCC_493\Debug\USB_UART01.a(TimerISR.o)
                0x000030b4                TimerISR_Enable
 .text.TimerISR_Disable
                0x000030cc       0x18 .\ARM_GCC_493\Debug\USB_UART01.a(TimerISR.o)
                0x000030cc                TimerISR_Disable
 .text.LED4_Write
                0x000030e4       0x3c .\ARM_GCC_493\Debug\USB_UART01.a(LED4.o)
                0x000030e4                LED4_Write
 .text.Idle_Collision_Timer_Init
                0x00003120       0xac .\ARM_GCC_493\Debug\USB_UART01.a(Idle_Collision_Timer.o)
                0x00003120                Idle_Collision_Timer_Init
 .text.Idle_Collision_Timer_Enable
                0x000031cc       0x48 .\ARM_GCC_493\Debug\USB_UART01.a(Idle_Collision_Timer.o)
                0x000031cc                Idle_Collision_Timer_Enable
 .text.Idle_Collision_Timer_Start
                0x00003214       0x20 .\ARM_GCC_493\Debug\USB_UART01.a(Idle_Collision_Timer.o)
                0x00003214                Idle_Collision_Timer_Start
 .text.Idle_Collision_Timer_SetInterruptMode
                0x00003234       0x20 .\ARM_GCC_493\Debug\USB_UART01.a(Idle_Collision_Timer.o)
                0x00003234                Idle_Collision_Timer_SetInterruptMode
 .text.Idle_Collision_Timer_WritePeriod
                0x00003254       0x24 .\ARM_GCC_493\Debug\USB_UART01.a(Idle_Collision_Timer.o)
                0x00003254                Idle_Collision_Timer_WritePeriod
 .text.Idle_Collision_Timer_WriteCounter
                0x00003278       0x20 .\ARM_GCC_493\Debug\USB_UART01.a(Idle_Collision_Timer.o)
                0x00003278                Idle_Collision_Timer_WriteCounter
 .text.Receive_Read
                0x00003298       0x20 .\ARM_GCC_493\Debug\USB_UART01.a(Receive.o)
                0x00003298                Receive_Read
 .text.Receive_ClearInterrupt
                0x000032b8       0x20 .\ARM_GCC_493\Debug\USB_UART01.a(Receive.o)
                0x000032b8                Receive_ClearInterrupt
 .text.Edge_detect_IRQ_StartEx
                0x000032d8       0x24 .\ARM_GCC_493\Debug\USB_UART01.a(Edge_detect_IRQ.o)
                0x000032d8                Edge_detect_IRQ_StartEx
 .text.Edge_detect_IRQ_SetVector
                0x000032fc       0x24 .\ARM_GCC_493\Debug\USB_UART01.a(Edge_detect_IRQ.o)
                0x000032fc                Edge_detect_IRQ_SetVector
 .text.Edge_detect_IRQ_SetPriority
                0x00003320       0x24 .\ARM_GCC_493\Debug\USB_UART01.a(Edge_detect_IRQ.o)
                0x00003320                Edge_detect_IRQ_SetPriority
 .text.Edge_detect_IRQ_Enable
                0x00003344       0x18 .\ARM_GCC_493\Debug\USB_UART01.a(Edge_detect_IRQ.o)
                0x00003344                Edge_detect_IRQ_Enable
 .text.Edge_detect_IRQ_Disable
                0x0000335c       0x18 .\ARM_GCC_493\Debug\USB_UART01.a(Edge_detect_IRQ.o)
                0x0000335c                Edge_detect_IRQ_Disable
 .text.Idle_Collision_IRQ_StartEx
                0x00003374       0x24 .\ARM_GCC_493\Debug\USB_UART01.a(Idle_Collision_IRQ.o)
                0x00003374                Idle_Collision_IRQ_StartEx
 .text.Idle_Collision_IRQ_SetVector
                0x00003398       0x24 .\ARM_GCC_493\Debug\USB_UART01.a(Idle_Collision_IRQ.o)
                0x00003398                Idle_Collision_IRQ_SetVector
 .text.Idle_Collision_IRQ_SetPriority
                0x000033bc       0x24 .\ARM_GCC_493\Debug\USB_UART01.a(Idle_Collision_IRQ.o)
                0x000033bc                Idle_Collision_IRQ_SetPriority
 .text.Idle_Collision_IRQ_Enable
                0x000033e0       0x18 .\ARM_GCC_493\Debug\USB_UART01.a(Idle_Collision_IRQ.o)
                0x000033e0                Idle_Collision_IRQ_Enable
 .text.Idle_Collision_IRQ_Disable
                0x000033f8       0x18 .\ARM_GCC_493\Debug\USB_UART01.a(Idle_Collision_IRQ.o)
                0x000033f8                Idle_Collision_IRQ_Disable
 .text.LED3_Write
                0x00003410       0x3c .\ARM_GCC_493\Debug\USB_UART01.a(LED3.o)
                0x00003410                LED3_Write
 .text.LED2_Write
                0x0000344c       0x3c .\ARM_GCC_493\Debug\USB_UART01.a(LED2.o)
                0x0000344c                LED2_Write
 .text.Counter_Init
                0x00003488       0x98 .\ARM_GCC_493\Debug\USB_UART01.a(Counter.o)
                0x00003488                Counter_Init
 .text.Counter_Enable
                0x00003520       0x48 .\ARM_GCC_493\Debug\USB_UART01.a(Counter.o)
                0x00003520                Counter_Enable
 .text.Counter_Start
                0x00003568       0x20 .\ARM_GCC_493\Debug\USB_UART01.a(Counter.o)
                0x00003568                Counter_Start
 .text.Counter_SetInterruptMode
                0x00003588       0x20 .\ARM_GCC_493\Debug\USB_UART01.a(Counter.o)
                0x00003588                Counter_SetInterruptMode
 .text.Counter_WriteCounter
                0x000035a8       0x54 .\ARM_GCC_493\Debug\USB_UART01.a(Counter.o)
                0x000035a8                Counter_WriteCounter
 .text.Counter_ReadCounter
                0x000035fc       0x24 .\ARM_GCC_493\Debug\USB_UART01.a(Counter.o)
                0x000035fc                Counter_ReadCounter
 .text.Counter_WritePeriod
                0x00003620       0x20 .\ARM_GCC_493\Debug\USB_UART01.a(Counter.o)
                0x00003620                Counter_WritePeriod
 .text.USBUART_1_DispatchClassRqst
                0x00003640       0x90 .\ARM_GCC_493\Debug\USB_UART01.a(USBUART_1_cls.o)
                0x00003640                USBUART_1_DispatchClassRqst
 .text.__libc_init_array
                0x000036d0       0x4c c:/program files (x86)/cypress/psoc creator/3.3/psoc creator/import/gnu/arm/4.9.3/bin/../lib/gcc/arm-none-eabi/4.9.3/../../../../arm-none-eabi/lib/armv7-m\libg_nano.a(lib_a-init.o)
                0x000036d0                __libc_init_array
 .text.memcpy   0x0000371c       0x16 c:/program files (x86)/cypress/psoc creator/3.3/psoc creator/import/gnu/arm/4.9.3/bin/../lib/gcc/arm-none-eabi/4.9.3/../../../../arm-none-eabi/lib/armv7-m\libg_nano.a(lib_a-memcpy.o)
                0x0000371c                memcpy
 .text.memset   0x00003732       0x10 c:/program files (x86)/cypress/psoc creator/3.3/psoc creator/import/gnu/arm/4.9.3/bin/../lib/gcc/arm-none-eabi/4.9.3/../../../../arm-none-eabi/lib/armv7-m\libg_nano.a(lib_a-memset.o)
                0x00003732                memset
 *(.plt)
 *(.gnu.warning)
 *(.glue_7t)
 .glue_7t       0x00000000        0x0 linker stubs
 *(.glue_7)
 .glue_7        0x00000000        0x0 linker stubs
 *(.vfp11_veneer)
 .vfp11_veneer  0x00000000        0x0 linker stubs
 *(.bootloader)
 *(.ARM.extab* .gnu.linkonce.armextab.*)
 *(.gcc_except_table)

.v4_bx          0x00003744        0x0
 .v4_bx         0x00000000        0x0 linker stubs

.iplt           0x00003744        0x0
 .iplt          0x00000000        0x0 c:/program files (x86)/cypress/psoc creator/3.3/psoc creator/import/gnu/arm/4.9.3/bin/../lib/gcc/arm-none-eabi/4.9.3/armv7-m/crtbegin.o

.eh_frame_hdr
 *(.eh_frame_hdr)

.eh_frame       0x00003744        0x4
 *(.eh_frame)
 .eh_frame      0x00003744        0x0 c:/program files (x86)/cypress/psoc creator/3.3/psoc creator/import/gnu/arm/4.9.3/bin/../lib/gcc/arm-none-eabi/4.9.3/armv7-m/crtbegin.o
 .eh_frame      0x00003744        0x4 c:/program files (x86)/cypress/psoc creator/3.3/psoc creator/import/gnu/arm/4.9.3/bin/../lib/gcc/arm-none-eabi/4.9.3/armv7-m/crtend.o
                0x00003748                PROVIDE (__exidx_start, .)

.ARM.exidx
 *(.ARM.exidx* .gnu.linkonce.armexidx.*)
                0x00003748                __exidx_end = .

.rodata         0x00003748      0x400
 *(.rodata .rodata.* .gnu.linkonce.r.*)
 .rodata        0x00003748      0x1e8 .\ARM_GCC_493\Debug\USB_UART01.a(cyfitter_cfg.o)
 .rodata        0x00003930        0x4 .\ARM_GCC_493\Debug\USB_UART01.a(USBUART_1_cdc.o)
 .rodata        0x00003934       0x14 .\ARM_GCC_493\Debug\USB_UART01.a(USBUART_1_std.o)
 .rodata        0x00003948      0x1cc .\ARM_GCC_493\Debug\USB_UART01.a(USBUART_1_descr.o)
                0x00003948                USBUART_1_DEVICE0_DESCR
                0x0000395c                USBUART_1_DEVICE0_CONFIGURATION0_DESCR
                0x000039a0                USBUART_1_STRING_DESCRIPTORS
                0x00003a40                USBUART_1_SN_STRING_DESCRIPTOR
                0x00003a44                USBUART_1_HIDREPORT_DESCRIPTOR1
                0x00003a7c                USBUART_1_DEVICE0_CONFIGURATION0_EP_SETTINGS_TABLE
                0x00003a94                USBUART_1_DEVICE0_CONFIGURATION0_INTERFACE_CLASS
                0x00003a98                USBUART_1_DEVICE0_CONFIGURATION0_TABLE
                0x00003ac0                USBUART_1_DEVICE0_TABLE
                0x00003ad0                USBUART_1_TABLE
                0x00003ad8                USBUART_1_MSOS_DESCRIPTOR
                0x00003aec                USBUART_1_MSOS_CONFIGURATION_DESCR
                0x00003b14                . = ALIGN (0x4)
 *(.init)
 .init          0x00003b14        0x4 c:/program files (x86)/cypress/psoc creator/3.3/psoc creator/import/gnu/arm/4.9.3/bin/../lib/gcc/arm-none-eabi/4.9.3/armv7-m/crti.o
                0x00003b14                _init
 .init          0x00003b18        0x8 c:/program files (x86)/cypress/psoc creator/3.3/psoc creator/import/gnu/arm/4.9.3/bin/../lib/gcc/arm-none-eabi/4.9.3/armv7-m/crtn.o
                0x00003b20                . = ALIGN (0x4)
                0x00003b20                __preinit_array_start = .
 *(.preinit_array)
                0x00003b20                __preinit_array_end = .
                0x00003b20                . = ALIGN (0x4)
                0x00003b20                __init_array_start = .
 *(SORT(.init_array.*))
 *(.init_array)
 .init_array    0x00003b20        0x4 c:/program files (x86)/cypress/psoc creator/3.3/psoc creator/import/gnu/arm/4.9.3/bin/../lib/gcc/arm-none-eabi/4.9.3/armv7-m/crtbegin.o
 .init_array    0x00003b24        0x4 .\ARM_GCC_493\Debug\Cm3Start.o
                0x00003b28                __init_array_end = .
                0x00003b28                . = ALIGN (0x4)
 *(.fini)
 .fini          0x00003b28        0x4 c:/program files (x86)/cypress/psoc creator/3.3/psoc creator/import/gnu/arm/4.9.3/bin/../lib/gcc/arm-none-eabi/4.9.3/armv7-m/crti.o
                0x00003b28                _fini
 .fini          0x00003b2c        0x8 c:/program files (x86)/cypress/psoc creator/3.3/psoc creator/import/gnu/arm/4.9.3/bin/../lib/gcc/arm-none-eabi/4.9.3/armv7-m/crtn.o
                0x00003b34                . = ALIGN (0x4)
                0x00003b34                __fini_array_start = .
 *(.fini_array)
 .fini_array    0x00003b34        0x4 c:/program files (x86)/cypress/psoc creator/3.3/psoc creator/import/gnu/arm/4.9.3/bin/../lib/gcc/arm-none-eabi/4.9.3/armv7-m/crtbegin.o
 *(SORT(.fini_array.*))
                0x00003b38                __fini_array_end = .
                0x00003b38                . = ALIGN (0x4)
 *crtbegin.o(.ctors)
 *(EXCLUDE_FILE(*crtend.o) .ctors)
 *(SORT(.ctors.*))
 *crtend.o(.ctors)
                0x00003b38                . = ALIGN (0x4)
 *crtbegin.o(.dtors)
 *(EXCLUDE_FILE(*crtend.o) .dtors)
 *(SORT(.dtors.*))
 *crtend.o(.dtors)
                0x00003b38                . = ALIGN (0x4)
                0x00003b38                __cy_regions = .
                0x00003b38        0x4 LONG 0x3b48 __cy_region_init_ram
                0x00003b3c        0x4 LONG 0x1fff8108 __cy_region_start_data
                0x00003b40        0x4 LONG 0x20 __cy_region_init_size_ram
                0x00003b44        0x4 LONG 0xd88 __cy_region_zero_size_ram
                0x00003b48                __cy_regions_end = .
                0x00003b48                . = ALIGN (0x8)
                0x00003b48                _etext = .

.cy_checksum_exclude
                0x00003b48        0x0
 *(.cy_checksum_exclude)

.ramvectors     0x1fff8000      0x100
                0x1fff8000                __cy_region_start_ram = .
 *(.ramvectors)
 .ramvectors    0x1fff8000      0x100 .\ARM_GCC_493\Debug\Cm3Start.o
                0x1fff8000                CyRamVectors

.noinit         0x1fff8100        0x5
 *(.noinit)
 .noinit        0x1fff8100        0x4 .\ARM_GCC_493\Debug\Cm3Start.o
 .noinit        0x1fff8104        0x1 .\ARM_GCC_493\Debug\USB_UART01.a(CyLib.o)
                0x1fff8104                CyResetStatus

.data           0x1fff8108       0x20 load address 0x00003b48
                0x1fff8108                __cy_region_start_data = .
 *(.jcr)
 .jcr           0x1fff8108        0x0 c:/program files (x86)/cypress/psoc creator/3.3/psoc creator/import/gnu/arm/4.9.3/bin/../lib/gcc/arm-none-eabi/4.9.3/armv7-m/crtbegin.o
 .jcr           0x1fff8108        0x4 c:/program files (x86)/cypress/psoc creator/3.3/psoc creator/import/gnu/arm/4.9.3/bin/../lib/gcc/arm-none-eabi/4.9.3/armv7-m/crtend.o
 *(.got.plt)
 *(.got)
 *(.shdata)
 *(.data .data.* .gnu.linkonce.d.*)
 .data          0x1fff810c        0x8 .\ARM_GCC_493\Debug\USB_UART01.a(USBUART_1_cdc.o)
                0x1fff810c                USBUART_1_lineCoding
 .data          0x1fff8114       0x10 .\ARM_GCC_493\Debug\USB_UART01.a(CyLib.o)
                0x1fff8114                cydelay_freq_hz
                0x1fff8118                cydelay_freq_khz
                0x1fff811c                cydelay_freq_mhz
                0x1fff8120                cydelay_32k_ms
                0x1fff8128                . = ALIGN (0x8)
 *fill*         0x1fff8124        0x4 
 *(.ram)
                0x1fff8128                _edata = .

.igot.plt       0x1fff8128        0x0 load address 0x00003b68
 .igot.plt      0x00000000        0x0 c:/program files (x86)/cypress/psoc creator/3.3/psoc creator/import/gnu/arm/4.9.3/bin/../lib/gcc/arm-none-eabi/4.9.3/armv7-m/crtbegin.o

.bss            0x1fff8128      0xd88 load address 0x00003b68
                0x1fff8128                PROVIDE (__bss_start__, .)
 *(.shbss)
 *(.bss .bss.* .gnu.linkonce.b.*)
 .bss           0x1fff8128       0x1c c:/program files (x86)/cypress/psoc creator/3.3/psoc creator/import/gnu/arm/4.9.3/bin/../lib/gcc/arm-none-eabi/4.9.3/armv7-m/crtbegin.o
 .bss           0x1fff8144        0x8 .\ARM_GCC_493\Debug\main.o
                0x1fff8144                halfBitIndex
                0x1fff8148                currentDataPos
 .bss           0x1fff814c        0x1 .\ARM_GCC_493\Debug\USB_UART01.a(USBUART_1.o)
                0x1fff814c                USBUART_1_initVar
 *fill*         0x1fff814d        0x3 
 .bss           0x1fff8150        0x4 .\ARM_GCC_493\Debug\USB_UART01.a(USBUART_1_std.o)
 .bss           0x1fff8154        0x1 .\ARM_GCC_493\Debug\USB_UART01.a(Timer.o)
                0x1fff8154                Timer_initVar
 .bss           0x1fff8155        0x1 .\ARM_GCC_493\Debug\USB_UART01.a(Idle_Collision_Timer.o)
                0x1fff8155                Idle_Collision_Timer_initVar
 .bss           0x1fff8156        0x1 .\ARM_GCC_493\Debug\USB_UART01.a(Counter.o)
                0x1fff8156                Counter_initVar
 *(COMMON)
 *fill*         0x1fff8157        0x1 
 COMMON         0x1fff8158      0xc8a .\ARM_GCC_493\Debug\main.o
                0x1fff8158                lengthOfData
                0x1fff815c                dataTransmissionComplete
                0x1fff8160                diffManEncodedData
                0x1fff8de0                networkState
                0x1fff8de1                timerExpired
 COMMON         0x1fff8de2        0x5 .\ARM_GCC_493\Debug\USB_UART01.a(USBUART_1_cdc.o)
                0x1fff8de2                USBUART_1_cdc_data_out_ep
                0x1fff8de3                USBUART_1_cdc_data_in_ep
                0x1fff8de4                USBUART_1_lineControlBitmap
                0x1fff8de6                USBUART_1_lineChanged
 *fill*         0x1fff8de7        0x1 
 COMMON         0x1fff8de8       0x97 .\ARM_GCC_493\Debug\USB_UART01.a(USBUART_1_drv.o)
                0x1fff8de8                USBUART_1_ep0Mode
                0x1fff8de9                USBUART_1_lastPacketSize
                0x1fff8dea                USBUART_1_configurationChanged
                0x1fff8deb                USBUART_1_configuration
                0x1fff8dec                USBUART_1_interfaceNumber
                0x1fff8ded                USBUART_1_deviceStatus
                0x1fff8dee                USBUART_1_ep0Toggle
                0x1fff8df0                USBUART_1_interfaceClass
                0x1fff8df4                USBUART_1_interfaceSetting
                0x1fff8df8                USBUART_1_currentTD
                0x1fff8e04                USBUART_1_ep0Count
                0x1fff8e08                USBUART_1_EP
                0x1fff8e74                USBUART_1_interfaceSetting_last
                0x1fff8e76                USBUART_1_transferByteCount
                0x1fff8e78                USBUART_1_transferState
                0x1fff8e79                USBUART_1_device
                0x1fff8e7c                USBUART_1_interfaceStatus
                0x1fff8e7e                USBUART_1_deviceAddress
 *fill*         0x1fff8e7f        0x1 
 COMMON         0x1fff8e80        0xa .\ARM_GCC_493\Debug\USB_UART01.a(USBUART_1_hid.o)
                0x1fff8e80                USBUART_1_hidProtocol
                0x1fff8e84                USBUART_1_hidIdleTimer
                0x1fff8e88                USBUART_1_hidIdleRate
 *fill*         0x1fff8e8a        0x2 
 COMMON         0x1fff8e8c       0x22 .\ARM_GCC_493\Debug\USB_UART01.a(USBUART_1_descr.o)
                0x1fff8e8c                USBUART_1_idSerialNumberStringDescriptor
                0x1fff8eb0                . = ALIGN (0x8)
 *fill*         0x1fff8eae        0x2 
 *(.ram.b)
                0x1fff8eb0                _end = .
                0x1fff8eb0                __end = .
                0x1fff8eb0                PROVIDE (end, .)
                0x1fff8eb0                PROVIDE (__bss_end__, .)
                0x00003b48                __cy_region_init_ram = LOADADDR (.data)
                0x00000020                __cy_region_init_size_ram = (_edata - ADDR (.data))
                0x00000d88                __cy_region_zero_size_ram = (_end - _edata)

.heap           0x1fff8eb0       0x80 load address 0x00003b68
                0x1fff8eb0                . = _end
                0x1fff8f30                . = (. + 0x80)
 *fill*         0x1fff8eb0       0x80 
                0x1fff8f30                __cy_heap_limit = .

.stack          0x20007800      0x800
                0x20007800                __cy_stack_limit = .
                0x20008000                . = (. + 0x800)
 *fill*         0x20007800      0x800 
                0x00000001                ASSERT ((__cy_stack_limit >= __cy_heap_limit), region RAM overflowed with stack)
                0x00000000                cy_checksum_exclude_size = (CY_APPL_LOADABLE == 0x1)?SIZEOF (.cy_checksum_exclude):0x0
                0x00000001                ASSERT ((cy_checksum_exclude_size <= CY_CHECKSUM_EXCLUDE_SIZE), CY_BOOT: Section .cy_checksum_exclude size exceedes specified limit.)

.cyloadermeta
 *(.cyloadermeta)

.cyloadablemeta
 *(.cyloadablemeta)

.cyconfigecc    0x80000000        0x4
 *(.cyconfigecc)
 .cyconfigecc   0x80000000        0x4 .\ARM_GCC_493\Debug\cymetadata.o
                0x80000000                cy_meta_configecc

.cycustnvl      0x90000000        0x4
 *(.cycustnvl)
 .cycustnvl     0x90000000        0x4 .\ARM_GCC_493\Debug\cymetadata.o
                0x90000000                cy_meta_custnvl

.cywolatch      0x90100000        0x4
 *(.cywolatch)
 .cywolatch     0x90100000        0x4 .\ARM_GCC_493\Debug\cymetadata.o
                0x90100000                cy_meta_wonvl

.cyeeprom       0x90200000        0x0
 *(.cyeeprom)
                0x00000001                ASSERT ((. <= ((0x90200000 + ee_offset) + ee_size)), .cyeeprom data will not fit in EEPROM)

.cyflashprotect
                0x90400000      0x100
 *(.cyflashprotect)
 .cyflashprotect
                0x90400000      0x100 .\ARM_GCC_493\Debug\cymetadata.o
                0x90400000                cy_meta_flashprotect

.cymeta         0x90500000        0xc
 *(.cymeta)
 .cymeta        0x90500000        0xc .\ARM_GCC_493\Debug\cymetadata.o
                0x90500000                cy_metadata

.rel.dyn        0x00003b68        0x0 load address 0x9050000c
 .rel.iplt      0x00000000        0x0 c:/program files (x86)/cypress/psoc creator/3.3/psoc creator/import/gnu/arm/4.9.3/bin/../lib/gcc/arm-none-eabi/4.9.3/armv7-m/crtbegin.o

.stab
 *(.stab)

.stabstr
 *(.stabstr)

.debug
 *(.debug)

.line
 *(.line)

.debug_srcinfo
 *(.debug_srcinfo)

.debug_sfnames
 *(.debug_sfnames)

.debug_aranges  0x00000000      0xcf8
 *(.debug_aranges)
 .debug_aranges
                0x00000000       0x60 .\ARM_GCC_493\Debug\main.o
 .debug_aranges
                0x00000060       0x18 .\ARM_GCC_493\Debug\cymetadata.o
 .debug_aranges
                0x00000078       0x48 .\ARM_GCC_493\Debug\Cm3Start.o
 .debug_aranges
                0x000000c0       0x60 .\ARM_GCC_493\Debug\USB_UART01.a(cyfitter_cfg.o)
 .debug_aranges
                0x00000120       0xb0 .\ARM_GCC_493\Debug\USB_UART01.a(USBUART_1.o)
 .debug_aranges
                0x000001d0       0xb0 .\ARM_GCC_493\Debug\USB_UART01.a(USBUART_1_cdc.o)
 .debug_aranges
                0x00000280       0x98 .\ARM_GCC_493\Debug\USB_UART01.a(USBUART_1_drv.o)
 .debug_aranges
                0x00000318       0x40 .\ARM_GCC_493\Debug\USB_UART01.a(USBUART_1_episr.o)
 .debug_aranges
                0x00000358       0x48 .\ARM_GCC_493\Debug\USB_UART01.a(USBUART_1_hid.o)
 .debug_aranges
                0x000003a0       0x78 .\ARM_GCC_493\Debug\USB_UART01.a(USBUART_1_std.o)
 .debug_aranges
                0x00000418       0x20 .\ARM_GCC_493\Debug\USB_UART01.a(USBUART_1_vnd.o)
 .debug_aranges
                0x00000438       0x20 .\ARM_GCC_493\Debug\USB_UART01.a(CyBootAsmGnu.o)
 .debug_aranges
                0x00000458      0x298 .\ARM_GCC_493\Debug\USB_UART01.a(CyLib.o)
 .debug_aranges
                0x000006f0       0x98 .\ARM_GCC_493\Debug\USB_UART01.a(cyPm.o)
 .debug_aranges
                0x00000788       0x38 .\ARM_GCC_493\Debug\USB_UART01.a(TX_pin.o)
 .debug_aranges
                0x000007c0       0x90 .\ARM_GCC_493\Debug\USB_UART01.a(Timer.o)
 .debug_aranges
                0x00000850       0x80 .\ARM_GCC_493\Debug\USB_UART01.a(TimerISR.o)
 .debug_aranges
                0x000008d0       0x38 .\ARM_GCC_493\Debug\USB_UART01.a(LED4.o)
 .debug_aranges
                0x00000908       0x88 .\ARM_GCC_493\Debug\USB_UART01.a(Idle_Collision_Timer.o)
 .debug_aranges
                0x00000990       0x40 .\ARM_GCC_493\Debug\USB_UART01.a(Receive.o)
 .debug_aranges
                0x000009d0       0x80 .\ARM_GCC_493\Debug\USB_UART01.a(Edge_detect_IRQ.o)
 .debug_aranges
                0x00000a50       0x80 .\ARM_GCC_493\Debug\USB_UART01.a(Idle_Collision_IRQ.o)
 .debug_aranges
                0x00000ad0       0x38 .\ARM_GCC_493\Debug\USB_UART01.a(LED3.o)
 .debug_aranges
                0x00000b08       0x38 .\ARM_GCC_493\Debug\USB_UART01.a(LED2.o)
 .debug_aranges
                0x00000b40       0x80 .\ARM_GCC_493\Debug\USB_UART01.a(Counter.o)
 .debug_aranges
                0x00000bc0       0x20 .\ARM_GCC_493\Debug\USB_UART01.a(USBUART_1_cls.o)
 .debug_aranges
                0x00000be0       0x18 .\ARM_GCC_493\Debug\USB_UART01.a(USBUART_1_descr.o)
 .debug_aranges
                0x00000bf8       0x88 .\ARM_GCC_493\Debug\USB_UART01.a(CyFlash.o)
 .debug_aranges
                0x00000c80       0x78 .\ARM_GCC_493\Debug\USB_UART01.a(CySpc.o)

.debug_pubnames
 *(.debug_pubnames)

.debug_info     0x00000000     0x5df2
 *(.debug_info .gnu.linkonce.wi.*)
 .debug_info    0x00000000      0x2f3 .\ARM_GCC_493\Debug\main.o
 .debug_info    0x000002f3      0x139 .\ARM_GCC_493\Debug\cymetadata.o
 .debug_info    0x0000042c      0x317 .\ARM_GCC_493\Debug\Cm3Start.o
 .debug_info    0x00000743      0x474 .\ARM_GCC_493\Debug\USB_UART01.a(cyfitter_cfg.o)
 .debug_info    0x00000bb7      0x601 .\ARM_GCC_493\Debug\USB_UART01.a(USBUART_1.o)
 .debug_info    0x000011b8      0x56f .\ARM_GCC_493\Debug\USB_UART01.a(USBUART_1_cdc.o)
 .debug_info    0x00001727      0x4ed .\ARM_GCC_493\Debug\USB_UART01.a(USBUART_1_drv.o)
 .debug_info    0x00001c14      0x1a6 .\ARM_GCC_493\Debug\USB_UART01.a(USBUART_1_episr.o)
 .debug_info    0x00001dba      0x34e .\ARM_GCC_493\Debug\USB_UART01.a(USBUART_1_hid.o)
 .debug_info    0x00002108      0x7bb .\ARM_GCC_493\Debug\USB_UART01.a(USBUART_1_std.o)
 .debug_info    0x000028c3      0x177 .\ARM_GCC_493\Debug\USB_UART01.a(USBUART_1_vnd.o)
 .debug_info    0x00002a3a       0x8e .\ARM_GCC_493\Debug\USB_UART01.a(CyBootAsmGnu.o)
 .debug_info    0x00002ac8      0xe31 .\ARM_GCC_493\Debug\USB_UART01.a(CyLib.o)
 .debug_info    0x000038f9      0x55f .\ARM_GCC_493\Debug\USB_UART01.a(cyPm.o)
 .debug_info    0x00003e58      0x11d .\ARM_GCC_493\Debug\USB_UART01.a(TX_pin.o)
 .debug_info    0x00003f75      0x252 .\ARM_GCC_493\Debug\USB_UART01.a(Timer.o)
 .debug_info    0x000041c7      0x238 .\ARM_GCC_493\Debug\USB_UART01.a(TimerISR.o)
 .debug_info    0x000043ff      0x11d .\ARM_GCC_493\Debug\USB_UART01.a(LED4.o)
 .debug_info    0x0000451c      0x23c .\ARM_GCC_493\Debug\USB_UART01.a(Idle_Collision_Timer.o)
 .debug_info    0x00004758      0x132 .\ARM_GCC_493\Debug\USB_UART01.a(Receive.o)
 .debug_info    0x0000488a      0x238 .\ARM_GCC_493\Debug\USB_UART01.a(Edge_detect_IRQ.o)
 .debug_info    0x00004ac2      0x238 .\ARM_GCC_493\Debug\USB_UART01.a(Idle_Collision_IRQ.o)
 .debug_info    0x00004cfa      0x11d .\ARM_GCC_493\Debug\USB_UART01.a(LED3.o)
 .debug_info    0x00004e17      0x11d .\ARM_GCC_493\Debug\USB_UART01.a(LED2.o)
 .debug_info    0x00004f34      0x219 .\ARM_GCC_493\Debug\USB_UART01.a(Counter.o)
 .debug_info    0x0000514d      0x19b .\ARM_GCC_493\Debug\USB_UART01.a(USBUART_1_cls.o)
 .debug_info    0x000052e8      0x2f3 .\ARM_GCC_493\Debug\USB_UART01.a(USBUART_1_descr.o)
 .debug_info    0x000055db      0x3c1 .\ARM_GCC_493\Debug\USB_UART01.a(CyFlash.o)
 .debug_info    0x0000599c      0x456 .\ARM_GCC_493\Debug\USB_UART01.a(CySpc.o)

.debug_abbrev   0x00000000     0x2137
 *(.debug_abbrev)
 .debug_abbrev  0x00000000      0x180 .\ARM_GCC_493\Debug\main.o
 .debug_abbrev  0x00000180       0x5d .\ARM_GCC_493\Debug\cymetadata.o
 .debug_abbrev  0x000001dd      0x1b6 .\ARM_GCC_493\Debug\Cm3Start.o
 .debug_abbrev  0x00000393      0x187 .\ARM_GCC_493\Debug\USB_UART01.a(cyfitter_cfg.o)
 .debug_abbrev  0x0000051a      0x1bf .\ARM_GCC_493\Debug\USB_UART01.a(USBUART_1.o)
 .debug_abbrev  0x000006d9      0x1db .\ARM_GCC_493\Debug\USB_UART01.a(USBUART_1_cdc.o)
 .debug_abbrev  0x000008b4      0x179 .\ARM_GCC_493\Debug\USB_UART01.a(USBUART_1_drv.o)
 .debug_abbrev  0x00000a2d       0xd2 .\ARM_GCC_493\Debug\USB_UART01.a(USBUART_1_episr.o)
 .debug_abbrev  0x00000aff      0x15e .\ARM_GCC_493\Debug\USB_UART01.a(USBUART_1_hid.o)
 .debug_abbrev  0x00000c5d      0x1ac .\ARM_GCC_493\Debug\USB_UART01.a(USBUART_1_std.o)
 .debug_abbrev  0x00000e09       0xc5 .\ARM_GCC_493\Debug\USB_UART01.a(USBUART_1_vnd.o)
 .debug_abbrev  0x00000ece       0x14 .\ARM_GCC_493\Debug\USB_UART01.a(CyBootAsmGnu.o)
 .debug_abbrev  0x00000ee2      0x217 .\ARM_GCC_493\Debug\USB_UART01.a(CyLib.o)
 .debug_abbrev  0x000010f9      0x16e .\ARM_GCC_493\Debug\USB_UART01.a(cyPm.o)
 .debug_abbrev  0x00001267       0x9d .\ARM_GCC_493\Debug\USB_UART01.a(TX_pin.o)
 .debug_abbrev  0x00001304      0x128 .\ARM_GCC_493\Debug\USB_UART01.a(Timer.o)
 .debug_abbrev  0x0000142c      0x17f .\ARM_GCC_493\Debug\USB_UART01.a(TimerISR.o)
 .debug_abbrev  0x000015ab       0x9d .\ARM_GCC_493\Debug\USB_UART01.a(LED4.o)
 .debug_abbrev  0x00001648       0xf6 .\ARM_GCC_493\Debug\USB_UART01.a(Idle_Collision_Timer.o)
 .debug_abbrev  0x0000173e       0x9d .\ARM_GCC_493\Debug\USB_UART01.a(Receive.o)
 .debug_abbrev  0x000017db      0x17f .\ARM_GCC_493\Debug\USB_UART01.a(Edge_detect_IRQ.o)
 .debug_abbrev  0x0000195a      0x17f .\ARM_GCC_493\Debug\USB_UART01.a(Idle_Collision_IRQ.o)
 .debug_abbrev  0x00001ad9       0x9d .\ARM_GCC_493\Debug\USB_UART01.a(LED3.o)
 .debug_abbrev  0x00001b76       0x9d .\ARM_GCC_493\Debug\USB_UART01.a(LED2.o)
 .debug_abbrev  0x00001c13      0x112 .\ARM_GCC_493\Debug\USB_UART01.a(Counter.o)
 .debug_abbrev  0x00001d25       0xc5 .\ARM_GCC_493\Debug\USB_UART01.a(USBUART_1_cls.o)
 .debug_abbrev  0x00001dea       0xa7 .\ARM_GCC_493\Debug\USB_UART01.a(USBUART_1_descr.o)
 .debug_abbrev  0x00001e91      0x12d .\ARM_GCC_493\Debug\USB_UART01.a(CyFlash.o)
 .debug_abbrev  0x00001fbe      0x179 .\ARM_GCC_493\Debug\USB_UART01.a(CySpc.o)

.debug_line     0x00000000     0x32f7
 *(.debug_line)
 .debug_line    0x00000000      0x2d9 .\ARM_GCC_493\Debug\main.o
 .debug_line    0x000002d9       0x53 .\ARM_GCC_493\Debug\cymetadata.o
 .debug_line    0x0000032c      0x1d6 .\ARM_GCC_493\Debug\Cm3Start.o
 .debug_line    0x00000502      0x1f6 .\ARM_GCC_493\Debug\USB_UART01.a(cyfitter_cfg.o)
 .debug_line    0x000006f8      0x2e2 .\ARM_GCC_493\Debug\USB_UART01.a(USBUART_1.o)
 .debug_line    0x000009da      0x242 .\ARM_GCC_493\Debug\USB_UART01.a(USBUART_1_cdc.o)
 .debug_line    0x00000c1c      0x21a .\ARM_GCC_493\Debug\USB_UART01.a(USBUART_1_drv.o)
 .debug_line    0x00000e36       0xec .\ARM_GCC_493\Debug\USB_UART01.a(USBUART_1_episr.o)
 .debug_line    0x00000f22      0x199 .\ARM_GCC_493\Debug\USB_UART01.a(USBUART_1_hid.o)
 .debug_line    0x000010bb      0x459 .\ARM_GCC_493\Debug\USB_UART01.a(USBUART_1_std.o)
 .debug_line    0x00001514       0x97 .\ARM_GCC_493\Debug\USB_UART01.a(USBUART_1_vnd.o)
 .debug_line    0x000015ab       0x7f .\ARM_GCC_493\Debug\USB_UART01.a(CyBootAsmGnu.o)
 .debug_line    0x0000162a      0x872 .\ARM_GCC_493\Debug\USB_UART01.a(CyLib.o)
 .debug_line    0x00001e9c      0x381 .\ARM_GCC_493\Debug\USB_UART01.a(cyPm.o)
 .debug_line    0x0000221d       0x97 .\ARM_GCC_493\Debug\USB_UART01.a(TX_pin.o)
 .debug_line    0x000022b4      0x170 .\ARM_GCC_493\Debug\USB_UART01.a(Timer.o)
 .debug_line    0x00002424      0x16c .\ARM_GCC_493\Debug\USB_UART01.a(TimerISR.o)
 .debug_line    0x00002590       0x95 .\ARM_GCC_493\Debug\USB_UART01.a(LED4.o)
 .debug_line    0x00002625      0x16f .\ARM_GCC_493\Debug\USB_UART01.a(Idle_Collision_Timer.o)
 .debug_line    0x00002794       0xaa .\ARM_GCC_493\Debug\USB_UART01.a(Receive.o)
 .debug_line    0x0000283e      0x163 .\ARM_GCC_493\Debug\USB_UART01.a(Edge_detect_IRQ.o)
 .debug_line    0x000029a1      0x176 .\ARM_GCC_493\Debug\USB_UART01.a(Idle_Collision_IRQ.o)
 .debug_line    0x00002b17       0x95 .\ARM_GCC_493\Debug\USB_UART01.a(LED3.o)
 .debug_line    0x00002bac       0x95 .\ARM_GCC_493\Debug\USB_UART01.a(LED2.o)
 .debug_line    0x00002c41      0x15c .\ARM_GCC_493\Debug\USB_UART01.a(Counter.o)
 .debug_line    0x00002d9d       0xa2 .\ARM_GCC_493\Debug\USB_UART01.a(USBUART_1_cls.o)
 .debug_line    0x00002e3f       0x67 .\ARM_GCC_493\Debug\USB_UART01.a(USBUART_1_descr.o)
 .debug_line    0x00002ea6      0x21a .\ARM_GCC_493\Debug\USB_UART01.a(CyFlash.o)
 .debug_line    0x000030c0      0x237 .\ARM_GCC_493\Debug\USB_UART01.a(CySpc.o)

.debug_frame    0x00000000     0x3210
 *(.debug_frame)
 .debug_frame   0x00000000      0x13c .\ARM_GCC_493\Debug\main.o
 .debug_frame   0x0000013c       0xd8 .\ARM_GCC_493\Debug\Cm3Start.o
 .debug_frame   0x00000214      0x16c .\ARM_GCC_493\Debug\USB_UART01.a(cyfitter_cfg.o)
 .debug_frame   0x00000380      0x308 .\ARM_GCC_493\Debug\USB_UART01.a(USBUART_1.o)
 .debug_frame   0x00000688      0x2e4 .\ARM_GCC_493\Debug\USB_UART01.a(USBUART_1_cdc.o)
 .debug_frame   0x0000096c      0x23c .\ARM_GCC_493\Debug\USB_UART01.a(USBUART_1_drv.o)
 .debug_frame   0x00000ba8       0xbc .\ARM_GCC_493\Debug\USB_UART01.a(USBUART_1_episr.o)
 .debug_frame   0x00000c64      0x100 .\ARM_GCC_493\Debug\USB_UART01.a(USBUART_1_hid.o)
 .debug_frame   0x00000d64      0x1f4 .\ARM_GCC_493\Debug\USB_UART01.a(USBUART_1_std.o)
 .debug_frame   0x00000f58       0x38 .\ARM_GCC_493\Debug\USB_UART01.a(USBUART_1_vnd.o)
 .debug_frame   0x00000f90      0xbe8 .\ARM_GCC_493\Debug\USB_UART01.a(CyLib.o)
 .debug_frame   0x00001b78      0x234 .\ARM_GCC_493\Debug\USB_UART01.a(cyPm.o)
 .debug_frame   0x00001dac       0xa8 .\ARM_GCC_493\Debug\USB_UART01.a(TX_pin.o)
 .debug_frame   0x00001e54      0x230 .\ARM_GCC_493\Debug\USB_UART01.a(Timer.o)
 .debug_frame   0x00002084      0x1e8 .\ARM_GCC_493\Debug\USB_UART01.a(TimerISR.o)
 .debug_frame   0x0000226c       0xa8 .\ARM_GCC_493\Debug\USB_UART01.a(LED4.o)
 .debug_frame   0x00002314      0x208 .\ARM_GCC_493\Debug\USB_UART01.a(Idle_Collision_Timer.o)
 .debug_frame   0x0000251c       0xcc .\ARM_GCC_493\Debug\USB_UART01.a(Receive.o)
 .debug_frame   0x000025e8      0x1e8 .\ARM_GCC_493\Debug\USB_UART01.a(Edge_detect_IRQ.o)
 .debug_frame   0x000027d0      0x1e8 .\ARM_GCC_493\Debug\USB_UART01.a(Idle_Collision_IRQ.o)
 .debug_frame   0x000029b8       0xa8 .\ARM_GCC_493\Debug\USB_UART01.a(LED3.o)
 .debug_frame   0x00002a60       0xa8 .\ARM_GCC_493\Debug\USB_UART01.a(LED2.o)
 .debug_frame   0x00002b08      0x1e4 .\ARM_GCC_493\Debug\USB_UART01.a(Counter.o)
 .debug_frame   0x00002cec       0x38 .\ARM_GCC_493\Debug\USB_UART01.a(USBUART_1_cls.o)
 .debug_frame   0x00002d24      0x238 .\ARM_GCC_493\Debug\USB_UART01.a(CyFlash.o)
 .debug_frame   0x00002f5c      0x1f8 .\ARM_GCC_493\Debug\USB_UART01.a(CySpc.o)
 .debug_frame   0x00003154       0x20 c:/program files (x86)/cypress/psoc creator/3.3/psoc creator/import/gnu/arm/4.9.3/bin/../lib/gcc/arm-none-eabi/4.9.3/../../../../arm-none-eabi/lib/armv7-m\libg_nano.a(lib_a-errno.o)
 .debug_frame   0x00003174       0x28 c:/program files (x86)/cypress/psoc creator/3.3/psoc creator/import/gnu/arm/4.9.3/bin/../lib/gcc/arm-none-eabi/4.9.3/../../../../arm-none-eabi/lib/armv7-m\libg_nano.a(lib_a-exit.o)
 .debug_frame   0x0000319c       0x2c c:/program files (x86)/cypress/psoc creator/3.3/psoc creator/import/gnu/arm/4.9.3/bin/../lib/gcc/arm-none-eabi/4.9.3/../../../../arm-none-eabi/lib/armv7-m\libg_nano.a(lib_a-init.o)
 .debug_frame   0x000031c8       0x28 c:/program files (x86)/cypress/psoc creator/3.3/psoc creator/import/gnu/arm/4.9.3/bin/../lib/gcc/arm-none-eabi/4.9.3/../../../../arm-none-eabi/lib/armv7-m\libg_nano.a(lib_a-memcpy.o)
 .debug_frame   0x000031f0       0x20 c:/program files (x86)/cypress/psoc creator/3.3/psoc creator/import/gnu/arm/4.9.3/bin/../lib/gcc/arm-none-eabi/4.9.3/../../../../arm-none-eabi/lib/armv7-m\libg_nano.a(lib_a-memset.o)

.debug_str      0x00000000     0x2d9c
 *(.debug_str)
 .debug_str     0x00000000      0x2c1 .\ARM_GCC_493\Debug\main.o
                                0x302 (size before relaxing)
 .debug_str     0x000002c1       0x77 .\ARM_GCC_493\Debug\cymetadata.o
                                0x1e8 (size before relaxing)
 .debug_str     0x00000338      0x139 .\ARM_GCC_493\Debug\Cm3Start.o
                                0x2c9 (size before relaxing)
 .debug_str     0x00000471      0x1c1 .\ARM_GCC_493\Debug\USB_UART01.a(cyfitter_cfg.o)
                                0x36e (size before relaxing)
 .debug_str     0x00000632      0x397 .\ARM_GCC_493\Debug\USB_UART01.a(USBUART_1.o)
                                0x538 (size before relaxing)
 .debug_str     0x000009c9      0x2e9 .\ARM_GCC_493\Debug\USB_UART01.a(USBUART_1_cdc.o)
                                0x51c (size before relaxing)
 .debug_str     0x00000cb2      0x2c0 .\ARM_GCC_493\Debug\USB_UART01.a(USBUART_1_drv.o)
                                0x61b (size before relaxing)
 .debug_str     0x00000f72       0x8e .\ARM_GCC_493\Debug\USB_UART01.a(USBUART_1_episr.o)
                                0x282 (size before relaxing)
 .debug_str     0x00001000      0x136 .\ARM_GCC_493\Debug\USB_UART01.a(USBUART_1_hid.o)
                                0x38d (size before relaxing)
 .debug_str     0x00001136      0x2c8 .\ARM_GCC_493\Debug\USB_UART01.a(USBUART_1_std.o)
                                0x6a4 (size before relaxing)
 .debug_str     0x000013fe       0x67 .\ARM_GCC_493\Debug\USB_UART01.a(USBUART_1_vnd.o)
                                0x25b (size before relaxing)
 .debug_str     0x00001465      0x7dc .\ARM_GCC_493\Debug\USB_UART01.a(CyLib.o)
                                0x9c4 (size before relaxing)
 .debug_str     0x00001c41      0x367 .\ARM_GCC_493\Debug\USB_UART01.a(cyPm.o)
                                0x529 (size before relaxing)
 .debug_str     0x00001fa8       0x6d .\ARM_GCC_493\Debug\USB_UART01.a(TX_pin.o)
                                0x1e5 (size before relaxing)
 .debug_str     0x00002015       0x6b .\ARM_GCC_493\Debug\USB_UART01.a(Timer.o)
                                0x300 (size before relaxing)
 .debug_str     0x00002080      0x112 .\ARM_GCC_493\Debug\USB_UART01.a(TimerISR.o)
                                0x2c2 (size before relaxing)
 .debug_str     0x00002192       0x58 .\ARM_GCC_493\Debug\USB_UART01.a(LED4.o)
                                0x1db (size before relaxing)
 .debug_str     0x000021ea      0x22f .\ARM_GCC_493\Debug\USB_UART01.a(Idle_Collision_Timer.o)
                                0x3d7 (size before relaxing)
 .debug_str     0x00002419       0x7e .\ARM_GCC_493\Debug\USB_UART01.a(Receive.o)
                                0x201 (size before relaxing)
 .debug_str     0x00002497      0x174 .\ARM_GCC_493\Debug\USB_UART01.a(Edge_detect_IRQ.o)
                                0x324 (size before relaxing)
 .debug_str     0x0000260b      0x19e .\ARM_GCC_493\Debug\USB_UART01.a(Idle_Collision_IRQ.o)
                                0x34e (size before relaxing)
 .debug_str     0x000027a9       0x58 .\ARM_GCC_493\Debug\USB_UART01.a(LED3.o)
                                0x1db (size before relaxing)
 .debug_str     0x00002801       0x58 .\ARM_GCC_493\Debug\USB_UART01.a(LED2.o)
                                0x1db (size before relaxing)
 .debug_str     0x00002859      0x14a .\ARM_GCC_493\Debug\USB_UART01.a(Counter.o)
                                0x2e4 (size before relaxing)
 .debug_str     0x000029a3       0x45 .\ARM_GCC_493\Debug\USB_UART01.a(USBUART_1_cls.o)
                                0x271 (size before relaxing)
 .debug_str     0x000029e8      0x134 .\ARM_GCC_493\Debug\USB_UART01.a(USBUART_1_descr.o)
                                0x3c2 (size before relaxing)
 .debug_str     0x00002b1c      0x15f .\ARM_GCC_493\Debug\USB_UART01.a(CyFlash.o)
                                0x300 (size before relaxing)
 .debug_str     0x00002c7b      0x121 .\ARM_GCC_493\Debug\USB_UART01.a(CySpc.o)
                                0x2e5 (size before relaxing)

.debug_loc
 *(.debug_loc)

.debug_macinfo
 *(.debug_macinfo)

.debug_ranges   0x00000000      0xb08
 *(.debug_ranges)
 .debug_ranges  0x00000000       0x50 .\ARM_GCC_493\Debug\main.o
 .debug_ranges  0x00000050       0x38 .\ARM_GCC_493\Debug\Cm3Start.o
 .debug_ranges  0x00000088       0x50 .\ARM_GCC_493\Debug\USB_UART01.a(cyfitter_cfg.o)
 .debug_ranges  0x000000d8       0xa0 .\ARM_GCC_493\Debug\USB_UART01.a(USBUART_1.o)
 .debug_ranges  0x00000178       0xa0 .\ARM_GCC_493\Debug\USB_UART01.a(USBUART_1_cdc.o)
 .debug_ranges  0x00000218       0x88 .\ARM_GCC_493\Debug\USB_UART01.a(USBUART_1_drv.o)
 .debug_ranges  0x000002a0       0x30 .\ARM_GCC_493\Debug\USB_UART01.a(USBUART_1_episr.o)
 .debug_ranges  0x000002d0       0x38 .\ARM_GCC_493\Debug\USB_UART01.a(USBUART_1_hid.o)
 .debug_ranges  0x00000308       0x68 .\ARM_GCC_493\Debug\USB_UART01.a(USBUART_1_std.o)
 .debug_ranges  0x00000370       0x10 .\ARM_GCC_493\Debug\USB_UART01.a(USBUART_1_vnd.o)
 .debug_ranges  0x00000380      0x288 .\ARM_GCC_493\Debug\USB_UART01.a(CyLib.o)
 .debug_ranges  0x00000608       0x88 .\ARM_GCC_493\Debug\USB_UART01.a(cyPm.o)
 .debug_ranges  0x00000690       0x28 .\ARM_GCC_493\Debug\USB_UART01.a(TX_pin.o)
 .debug_ranges  0x000006b8       0x80 .\ARM_GCC_493\Debug\USB_UART01.a(Timer.o)
 .debug_ranges  0x00000738       0x70 .\ARM_GCC_493\Debug\USB_UART01.a(TimerISR.o)
 .debug_ranges  0x000007a8       0x28 .\ARM_GCC_493\Debug\USB_UART01.a(LED4.o)
 .debug_ranges  0x000007d0       0x78 .\ARM_GCC_493\Debug\USB_UART01.a(Idle_Collision_Timer.o)
 .debug_ranges  0x00000848       0x30 .\ARM_GCC_493\Debug\USB_UART01.a(Receive.o)
 .debug_ranges  0x00000878       0x70 .\ARM_GCC_493\Debug\USB_UART01.a(Edge_detect_IRQ.o)
 .debug_ranges  0x000008e8       0x70 .\ARM_GCC_493\Debug\USB_UART01.a(Idle_Collision_IRQ.o)
 .debug_ranges  0x00000958       0x28 .\ARM_GCC_493\Debug\USB_UART01.a(LED3.o)
 .debug_ranges  0x00000980       0x28 .\ARM_GCC_493\Debug\USB_UART01.a(LED2.o)
 .debug_ranges  0x000009a8       0x70 .\ARM_GCC_493\Debug\USB_UART01.a(Counter.o)
 .debug_ranges  0x00000a18       0x10 .\ARM_GCC_493\Debug\USB_UART01.a(USBUART_1_cls.o)
 .debug_ranges  0x00000a28       0x78 .\ARM_GCC_493\Debug\USB_UART01.a(CyFlash.o)
 .debug_ranges  0x00000aa0       0x68 .\ARM_GCC_493\Debug\USB_UART01.a(CySpc.o)

.comment        0x00000000       0x70
 .comment       0x00000000       0x70 .\ARM_GCC_493\Debug\main.o
                                 0x71 (size before relaxing)
 .comment       0x00000000       0x71 .\ARM_GCC_493\Debug\cymetadata.o
 .comment       0x00000000       0x71 .\ARM_GCC_493\Debug\Cm3Start.o
 .comment       0x00000000       0x71 .\ARM_GCC_493\Debug\USB_UART01.a(cyfitter_cfg.o)
 .comment       0x00000000       0x71 .\ARM_GCC_493\Debug\USB_UART01.a(USBUART_1.o)
 .comment       0x00000000       0x71 .\ARM_GCC_493\Debug\USB_UART01.a(USBUART_1_cdc.o)
 .comment       0x00000000       0x71 .\ARM_GCC_493\Debug\USB_UART01.a(USBUART_1_drv.o)
 .comment       0x00000000       0x71 .\ARM_GCC_493\Debug\USB_UART01.a(USBUART_1_episr.o)
 .comment       0x00000000       0x71 .\ARM_GCC_493\Debug\USB_UART01.a(USBUART_1_hid.o)
 .comment       0x00000000       0x71 .\ARM_GCC_493\Debug\USB_UART01.a(USBUART_1_std.o)
 .comment       0x00000000       0x71 .\ARM_GCC_493\Debug\USB_UART01.a(USBUART_1_vnd.o)
 .comment       0x00000000       0x71 .\ARM_GCC_493\Debug\USB_UART01.a(CyLib.o)
 .comment       0x00000000       0x71 .\ARM_GCC_493\Debug\USB_UART01.a(cyPm.o)
 .comment       0x00000000       0x71 .\ARM_GCC_493\Debug\USB_UART01.a(TX_pin.o)
 .comment       0x00000000       0x71 .\ARM_GCC_493\Debug\USB_UART01.a(Timer.o)
 .comment       0x00000000       0x71 .\ARM_GCC_493\Debug\USB_UART01.a(TimerISR.o)
 .comment       0x00000000       0x71 .\ARM_GCC_493\Debug\USB_UART01.a(LED4.o)
 .comment       0x00000000       0x71 .\ARM_GCC_493\Debug\USB_UART01.a(Idle_Collision_Timer.o)
 .comment       0x00000000       0x71 .\ARM_GCC_493\Debug\USB_UART01.a(Receive.o)
 .comment       0x00000000       0x71 .\ARM_GCC_493\Debug\USB_UART01.a(Edge_detect_IRQ.o)
 .comment       0x00000000       0x71 .\ARM_GCC_493\Debug\USB_UART01.a(Idle_Collision_IRQ.o)
 .comment       0x00000000       0x71 .\ARM_GCC_493\Debug\USB_UART01.a(LED3.o)
 .comment       0x00000000       0x71 .\ARM_GCC_493\Debug\USB_UART01.a(LED2.o)
 .comment       0x00000000       0x71 .\ARM_GCC_493\Debug\USB_UART01.a(Counter.o)
 .comment       0x00000000       0x71 .\ARM_GCC_493\Debug\USB_UART01.a(USBUART_1_cls.o)
 .comment       0x00000000       0x71 .\ARM_GCC_493\Debug\USB_UART01.a(USBUART_1_descr.o)
 .comment       0x00000000       0x71 .\ARM_GCC_493\Debug\USB_UART01.a(CyFlash.o)
 .comment       0x00000000       0x71 .\ARM_GCC_493\Debug\USB_UART01.a(CySpc.o)

.debug_weaknames
 *(.debug_weaknames)

.debug_funcnames
 *(.debug_funcnames)

.debug_typenames
 *(.debug_typenames)

.debug_varnames
 *(.debug_varnames)

.note.gnu.arm.ident
 *(.note.gnu.arm.ident)

.ARM.attributes
                0x00000000       0x29
 *(.ARM.attributes)
 .ARM.attributes
                0x00000000       0x1d c:/program files (x86)/cypress/psoc creator/3.3/psoc creator/import/gnu/arm/4.9.3/bin/../lib/gcc/arm-none-eabi/4.9.3/armv7-m/crti.o
 .ARM.attributes
                0x0000001d       0x2d c:/program files (x86)/cypress/psoc creator/3.3/psoc creator/import/gnu/arm/4.9.3/bin/../lib/gcc/arm-none-eabi/4.9.3/armv7-m/crtbegin.o
 .ARM.attributes
                0x0000004a       0x1b c:/program files (x86)/cypress/psoc creator/3.3/psoc creator/import/gnu/arm/4.9.3/bin/../lib/gcc/arm-none-eabi/4.9.3/../../../../arm-none-eabi/lib/armv7-m/crt0.o
 .ARM.attributes
                0x00000065       0x33 .\ARM_GCC_493\Debug\main.o
 .ARM.attributes
                0x00000098       0x33 .\ARM_GCC_493\Debug\cymetadata.o
 .ARM.attributes
                0x000000cb       0x33 .\ARM_GCC_493\Debug\Cm3Start.o
 .ARM.attributes
                0x000000fe       0x33 .\ARM_GCC_493\Debug\USB_UART01.a(cyfitter_cfg.o)
 .ARM.attributes
                0x00000131       0x33 .\ARM_GCC_493\Debug\USB_UART01.a(USBUART_1.o)
 .ARM.attributes
                0x00000164       0x33 .\ARM_GCC_493\Debug\USB_UART01.a(USBUART_1_cdc.o)
 .ARM.attributes
                0x00000197       0x33 .\ARM_GCC_493\Debug\USB_UART01.a(USBUART_1_drv.o)
 .ARM.attributes
                0x000001ca       0x33 .\ARM_GCC_493\Debug\USB_UART01.a(USBUART_1_episr.o)
 .ARM.attributes
                0x000001fd       0x33 .\ARM_GCC_493\Debug\USB_UART01.a(USBUART_1_hid.o)
 .ARM.attributes
                0x00000230       0x33 .\ARM_GCC_493\Debug\USB_UART01.a(USBUART_1_std.o)
 .ARM.attributes
                0x00000263       0x33 .\ARM_GCC_493\Debug\USB_UART01.a(USBUART_1_vnd.o)
 .ARM.attributes
                0x00000296       0x21 .\ARM_GCC_493\Debug\USB_UART01.a(CyBootAsmGnu.o)
 .ARM.attributes
                0x000002b7       0x33 .\ARM_GCC_493\Debug\USB_UART01.a(CyLib.o)
 .ARM.attributes
                0x000002ea       0x33 .\ARM_GCC_493\Debug\USB_UART01.a(cyPm.o)
 .ARM.attributes
                0x0000031d       0x33 .\ARM_GCC_493\Debug\USB_UART01.a(TX_pin.o)
 .ARM.attributes
                0x00000350       0x33 .\ARM_GCC_493\Debug\USB_UART01.a(Timer.o)
 .ARM.attributes
                0x00000383       0x33 .\ARM_GCC_493\Debug\USB_UART01.a(TimerISR.o)
 .ARM.attributes
                0x000003b6       0x33 .\ARM_GCC_493\Debug\USB_UART01.a(LED4.o)
 .ARM.attributes
                0x000003e9       0x33 .\ARM_GCC_493\Debug\USB_UART01.a(Idle_Collision_Timer.o)
 .ARM.attributes
                0x0000041c       0x33 .\ARM_GCC_493\Debug\USB_UART01.a(Receive.o)
 .ARM.attributes
                0x0000044f       0x33 .\ARM_GCC_493\Debug\USB_UART01.a(Edge_detect_IRQ.o)
 .ARM.attributes
                0x00000482       0x33 .\ARM_GCC_493\Debug\USB_UART01.a(Idle_Collision_IRQ.o)
 .ARM.attributes
                0x000004b5       0x33 .\ARM_GCC_493\Debug\USB_UART01.a(LED3.o)
 .ARM.attributes
                0x000004e8       0x33 .\ARM_GCC_493\Debug\USB_UART01.a(LED2.o)
 .ARM.attributes
                0x0000051b       0x33 .\ARM_GCC_493\Debug\USB_UART01.a(Counter.o)
 .ARM.attributes
                0x0000054e       0x33 .\ARM_GCC_493\Debug\USB_UART01.a(USBUART_1_cls.o)
 .ARM.attributes
                0x00000581       0x33 .\ARM_GCC_493\Debug\USB_UART01.a(USBUART_1_descr.o)
 .ARM.attributes
                0x000005b4       0x33 .\ARM_GCC_493\Debug\USB_UART01.a(CyFlash.o)
 .ARM.attributes
                0x000005e7       0x33 .\ARM_GCC_493\Debug\USB_UART01.a(CySpc.o)
 .ARM.attributes
                0x0000061a       0x2d c:/program files (x86)/cypress/psoc creator/3.3/psoc creator/import/gnu/arm/4.9.3/bin/../lib/gcc/arm-none-eabi/4.9.3/../../../../arm-none-eabi/lib/armv7-m\libg_nano.a(lib_a-errno.o)
 .ARM.attributes
                0x00000647       0x2d c:/program files (x86)/cypress/psoc creator/3.3/psoc creator/import/gnu/arm/4.9.3/bin/../lib/gcc/arm-none-eabi/4.9.3/../../../../arm-none-eabi/lib/armv7-m\libg_nano.a(lib_a-exit.o)
 .ARM.attributes
                0x00000674       0x2d c:/program files (x86)/cypress/psoc creator/3.3/psoc creator/import/gnu/arm/4.9.3/bin/../lib/gcc/arm-none-eabi/4.9.3/../../../../arm-none-eabi/lib/armv7-m\libg_nano.a(lib_a-impure.o)
 .ARM.attributes
                0x000006a1       0x2d c:/program files (x86)/cypress/psoc creator/3.3/psoc creator/import/gnu/arm/4.9.3/bin/../lib/gcc/arm-none-eabi/4.9.3/../../../../arm-none-eabi/lib/armv7-m\libg_nano.a(lib_a-init.o)
 .ARM.attributes
                0x000006ce       0x2d c:/program files (x86)/cypress/psoc creator/3.3/psoc creator/import/gnu/arm/4.9.3/bin/../lib/gcc/arm-none-eabi/4.9.3/../../../../arm-none-eabi/lib/armv7-m\libg_nano.a(lib_a-memcpy.o)
 .ARM.attributes
                0x000006fb       0x2d c:/program files (x86)/cypress/psoc creator/3.3/psoc creator/import/gnu/arm/4.9.3/bin/../lib/gcc/arm-none-eabi/4.9.3/../../../../arm-none-eabi/lib/armv7-m\libg_nano.a(lib_a-memset.o)
 .ARM.attributes
                0x00000728       0x2d c:/program files (x86)/cypress/psoc creator/3.3/psoc creator/import/gnu/arm/4.9.3/bin/../lib/gcc/arm-none-eabi/4.9.3/armv7-m/crtend.o
 .ARM.attributes
                0x00000755       0x1d c:/program files (x86)/cypress/psoc creator/3.3/psoc creator/import/gnu/arm/4.9.3/bin/../lib/gcc/arm-none-eabi/4.9.3/armv7-m/crtn.o

/DISCARD/
 *(.note.GNU-stack)
OUTPUT(.\ARM_GCC_493\Debug\USB_UART01.elf elf32-littlearm)
