Archive member included because of file (symbol)

.\ARM_GCC_493\Debug\USB_UART01.a(cyfitter_cfg.o)
                              .\ARM_GCC_493\Debug\Cm3Start.o (cyfitter_cfg)
.\ARM_GCC_493\Debug\USB_UART01.a(USBUART_1.o)
                              .\ARM_GCC_493\Debug\main.o (USBUART_1_Start)
.\ARM_GCC_493\Debug\USB_UART01.a(USBUART_1_cdc.o)
                              .\ARM_GCC_493\Debug\main.o (USBUART_1_CDC_Init)
.\ARM_GCC_493\Debug\USB_UART01.a(USBUART_1_drv.o)
                              .\ARM_GCC_493\Debug\USB_UART01.a(USBUART_1.o) (USBUART_1_EP)
.\ARM_GCC_493\Debug\USB_UART01.a(USBUART_1_episr.o)
                              .\ARM_GCC_493\Debug\USB_UART01.a(USBUART_1.o) (USBUART_1_EP_1_ISR)
.\ARM_GCC_493\Debug\USB_UART01.a(USBUART_1_hid.o)
                              .\ARM_GCC_493\Debug\USB_UART01.a(USBUART_1.o) (USBUART_1_hidProtocol)
.\ARM_GCC_493\Debug\USB_UART01.a(USBUART_1_std.o)
                              .\ARM_GCC_493\Debug\USB_UART01.a(USBUART_1_drv.o) (USBUART_1_HandleStandardRqst)
.\ARM_GCC_493\Debug\USB_UART01.a(USBUART_1_vnd.o)
                              .\ARM_GCC_493\Debug\USB_UART01.a(USBUART_1_drv.o) (USBUART_1_HandleVendorRqst)
.\ARM_GCC_493\Debug\USB_UART01.a(LCD.o)
                              .\ARM_GCC_493\Debug\main.o (LCD_Start)
.\ARM_GCC_493\Debug\USB_UART01.a(CyBootAsmGnu.o)
                              .\ARM_GCC_493\Debug\USB_UART01.a(cyfitter_cfg.o) (CyDelayCycles)
.\ARM_GCC_493\Debug\USB_UART01.a(CyLib.o)
                              .\ARM_GCC_493\Debug\Cm3Start.o (CyResetStatus)
.\ARM_GCC_493\Debug\USB_UART01.a(cyPm.o)
                              .\ARM_GCC_493\Debug\USB_UART01.a(CyLib.o) (CyPmReadStatus)
.\ARM_GCC_493\Debug\USB_UART01.a(USBUART_1_cls.o)
                              .\ARM_GCC_493\Debug\USB_UART01.a(USBUART_1_drv.o) (USBUART_1_DispatchClassRqst)
.\ARM_GCC_493\Debug\USB_UART01.a(USBUART_1_descr.o)
                              .\ARM_GCC_493\Debug\USB_UART01.a(USBUART_1_std.o) (USBUART_1_DEVICE0_DESCR)
.\ARM_GCC_493\Debug\USB_UART01.a(CyFlash.o)
                              .\ARM_GCC_493\Debug\USB_UART01.a(cyPm.o) (CyFlash_SetWaitCycles)
.\ARM_GCC_493\Debug\USB_UART01.a(CySpc.o)
                              .\ARM_GCC_493\Debug\USB_UART01.a(CyFlash.o) (CySpcStart)
c:/program files (x86)/cypress/psoc creator/3.3/psoc creator/import/gnu/arm/4.9.3/bin/../lib/gcc/arm-none-eabi/4.9.3/../../../../arm-none-eabi/lib/armv7-m\libg_nano.a(lib_a-errno.o)
                              .\ARM_GCC_493\Debug\Cm3Start.o (__errno)
c:/program files (x86)/cypress/psoc creator/3.3/psoc creator/import/gnu/arm/4.9.3/bin/../lib/gcc/arm-none-eabi/4.9.3/../../../../arm-none-eabi/lib/armv7-m\libg_nano.a(lib_a-exit.o)
                              c:/program files (x86)/cypress/psoc creator/3.3/psoc creator/import/gnu/arm/4.9.3/bin/../lib/gcc/arm-none-eabi/4.9.3/../../../../arm-none-eabi/lib/armv7-m/crt0.o (exit)
c:/program files (x86)/cypress/psoc creator/3.3/psoc creator/import/gnu/arm/4.9.3/bin/../lib/gcc/arm-none-eabi/4.9.3/../../../../arm-none-eabi/lib/armv7-m\libg_nano.a(lib_a-impure.o)
                              c:/program files (x86)/cypress/psoc creator/3.3/psoc creator/import/gnu/arm/4.9.3/bin/../lib/gcc/arm-none-eabi/4.9.3/../../../../arm-none-eabi/lib/armv7-m\libg_nano.a(lib_a-exit.o) (_global_impure_ptr)
c:/program files (x86)/cypress/psoc creator/3.3/psoc creator/import/gnu/arm/4.9.3/bin/../lib/gcc/arm-none-eabi/4.9.3/../../../../arm-none-eabi/lib/armv7-m\libg_nano.a(lib_a-init.o)
                              c:/program files (x86)/cypress/psoc creator/3.3/psoc creator/import/gnu/arm/4.9.3/bin/../lib/gcc/arm-none-eabi/4.9.3/../../../../arm-none-eabi/lib/armv7-m/crt0.o (__libc_init_array)
c:/program files (x86)/cypress/psoc creator/3.3/psoc creator/import/gnu/arm/4.9.3/bin/../lib/gcc/arm-none-eabi/4.9.3/../../../../arm-none-eabi/lib/armv7-m\libg_nano.a(lib_a-memcpy.o)
                              .\ARM_GCC_493\Debug\USB_UART01.a(cyfitter_cfg.o) (memcpy)
c:/program files (x86)/cypress/psoc creator/3.3/psoc creator/import/gnu/arm/4.9.3/bin/../lib/gcc/arm-none-eabi/4.9.3/../../../../arm-none-eabi/lib/armv7-m\libg_nano.a(lib_a-memset.o)
                              c:/program files (x86)/cypress/psoc creator/3.3/psoc creator/import/gnu/arm/4.9.3/bin/../lib/gcc/arm-none-eabi/4.9.3/../../../../arm-none-eabi/lib/armv7-m/crt0.o (memset)
c:/program files (x86)/cypress/psoc creator/3.3/psoc creator/import/gnu/arm/4.9.3/bin/../lib/gcc/arm-none-eabi/4.9.3/../../../../arm-none-eabi/lib/armv7-m\libg_nano.a(lib_a-nano-vfprintf_float.o)
                              .\ARM_GCC_493\Debug\main.o (_printf_float)
c:/program files (x86)/cypress/psoc creator/3.3/psoc creator/import/gnu/arm/4.9.3/bin/../lib/gcc/arm-none-eabi/4.9.3/../../../../arm-none-eabi/lib/armv7-m\libg_nano.a(lib_a-nano-vfprintf_i.o)
[...]
Memory Configuration

Name             Origin             Length             Attributes
rom              0x00000000         0x00040000         xr
ram              0x1fff8000         0x00010000         xrw
*default*        0x00000000         0xffffffff

Linker script and memory map

LOAD c:/program files (x86)/cypress/psoc creator/3.3/psoc creator/import/gnu/arm/4.9.3/bin/../lib/gcc/arm-none-eabi/4.9.3/armv7-m/crti.o
LOAD c:/program files (x86)/cypress/psoc creator/3.3/psoc creator/import/gnu/arm/4.9.3/bin/../lib/gcc/arm-none-eabi/4.9.3/armv7-m/crtbegin.o
LOAD c:/program files (x86)/cypress/psoc creator/3.3/psoc creator/import/gnu/arm/4.9.3/bin/../lib/gcc/arm-none-eabi/4.9.3/../../../../arm-none-eabi/lib/armv7-m/crt0.o
START GROUP
LOAD .\ARM_GCC_493\Debug\main.o
LOAD .\ARM_GCC_493\Debug\cymetadata.o
LOAD .\ARM_GCC_493\Debug\Cm3Start.o
LOAD .\ARM_GCC_493\Debug\USB_UART01.a
LOAD C:\Program Files (x86)\Cypress\PSoC Creator\3.3\PSoC Creator\psoc\content\cycomponentlibrary\CyComponentLibrary.cylib\CortexM3\ARM_GCC_493\Debug\CyComponentLibrary.a
END GROUP
START GROUP
LOAD c:/program files (x86)/cypress/psoc creator/3.3/psoc creator/import/gnu/arm/4.9.3/bin/../lib/gcc/arm-none-eabi/4.9.3/armv7-m\libgcc.a
LOAD c:/program files (x86)/cypress/psoc creator/3.3/psoc creator/import/gnu/arm/4.9.3/bin/../lib/gcc/arm-none-eabi/4.9.3/../../../../arm-none-eabi/lib/armv7-m\libg_nano.a
LOAD c:/program files (x86)/cypress/psoc creator/3.3/psoc creator/import/gnu/arm/4.9.3/bin/../lib/gcc/arm-none-eabi/4.9.3/../../../../arm-none-eabi/lib/armv7-m\libc_nano.a
END GROUP
START GROUP
LOAD c:/program files (x86)/cypress/psoc creator/3.3/psoc creator/import/gnu/arm/4.9.3/bin/../lib/gcc/arm-none-eabi/4.9.3/armv7-m\libgcc.a
LOAD c:/program files (x86)/cypress/psoc creator/3.3/psoc creator/import/gnu/arm/4.9.3/bin/../lib/gcc/arm-none-eabi/4.9.3/../../../../arm-none-eabi/lib/armv7-m\libc_nano.a
END GROUP
LOAD c:/program files (x86)/cypress/psoc creator/3.3/psoc creator/import/gnu/arm/4.9.3/bin/../lib/gcc/arm-none-eabi/4.9.3/armv7-m/crtend.o
LOAD c:/program files (x86)/cypress/psoc creator/3.3/psoc creator/import/gnu/arm/4.9.3/bin/../lib/gcc/arm-none-eabi/4.9.3/armv7-m/crtn.o
START GROUP
LOAD c:/program files (x86)/cypress/psoc creator/3.3/psoc creator/import/gnu/arm/4.9.3/bin/../lib/gcc/arm-none-eabi/4.9.3/armv7-m\libgcc.a
LOAD c:/program files (x86)/cypress/psoc creator/3.3/psoc creator/import/gnu/arm/4.9.3/bin/../lib/gcc/arm-none-eabi/4.9.3/../../../../arm-none-eabi/lib/armv7-m\libc.a
LOAD c:/program files (x86)/cypress/psoc creator/3.3/psoc creator/import/gnu/arm/4.9.3/bin/../lib/gcc/arm-none-eabi/4.9.3/../../../../arm-none-eabi/lib/armv7-m\libnosys.a
END GROUP
                0x00000000                CY_APPL_ORIGIN = 0x0
                0x00000100                CY_FLASH_ROW_SIZE = 0x100
                0x00000020                CY_ECC_ROW_SIZE = 0x20
                0x00000000                CY_EE_IN_BTLDR = 0x0
                0x00000000                CY_APPL_LOADABLE = 0x0
                0x00000800                CY_EE_SIZE = 0x800
                0x00000001                CY_APPL_NUM = 0x1
                0x00000001                CY_APPL_MAX = 0x1
                0x00000040                CY_METADATA_SIZE = 0x40
                0x00000000                CY_APPL_LOADABLE = 0x0
                0x00000000                CY_CHECKSUM_EXCLUDE_SIZE = ALIGN (0x0, CY_FLASH_ROW_SIZE)
                0x1fff82f0                PROVIDE (__cy_heap_start, _end)
                0x00000001                PROVIDE (__cy_region_num, ((__cy_regions_end - __cy_regions) / 0x10))
                0x20008000                PROVIDE (__cy_stack, (ORIGIN (ram) + 0x10000))
                0x20007800                PROVIDE (__cy_heap_end, (__cy_stack - 0x800))

.cybootloader   0x00000000        0x0
 *(.cybootloader)
                0x00000000                appl1_start = CY_APPL_ORIGIN?CY_APPL_ORIGIN:ALIGN (CY_FLASH_ROW_SIZE)
                0x0001ff00                appl2_start = (appl1_start + ALIGN ((((0x40000 - appl1_start) - (0x2 * CY_FLASH_ROW_SIZE)) / 0x2), CY_FLASH_ROW_SIZE))
                0x00000000                appl_start = (CY_APPL_NUM == 0x1)?appl1_start:appl2_start
                0x00000000                ecc_offset = ((appl_start / CY_FLASH_ROW_SIZE) * CY_ECC_ROW_SIZE)
                0x00000000                ee_offset = (CY_APPL_LOADABLE && ! (CY_EE_IN_BTLDR))?((CY_EE_SIZE / CY_APPL_MAX) * (CY_APPL_NUM - 0x1)):0x0
                0x00000800                ee_size = (CY_APPL_LOADABLE && ! (CY_EE_IN_BTLDR))?(CY_EE_SIZE / CY_APPL_MAX):CY_EE_SIZE
                0x00000000                PROVIDE (CY_ECC_OFFSET, ecc_offset)

.text           0x00000000     0x5b04
 CREATE_OBJECT_SYMBOLS
                0x00000000                PROVIDE (__cy_interrupt_vector, RomVectors)
 *(.romvectors)
 .romvectors    0x00000000       0x10 .\ARM_GCC_493\Debug\Cm3Start.o
                0x00000000                RomVectors
                0x00000001                ASSERT ((. != __cy_interrupt_vector), No interrupt vector)
                0x00000001                ASSERT (CY_APPL_ORIGIN?(SIZEOF (.cybootloader) <= CY_APPL_ORIGIN):0x1, Wrong image location)
                0x00000010                PROVIDE (__cy_reset, Reset)
 *(.text.Reset)
 .text.Reset    0x00000010       0x18 .\ARM_GCC_493\Debug\Cm3Start.o
                0x00000010                Reset
                0x00000001                ASSERT ((. != __cy_reset), No reset code)
 *(.dma_init)
                0x00000001                ASSERT ((((appl_start + .) <= 0x10000) || 0x1), DMA Init must be within the first 64k of flash)
 *(.text .text.* .gnu.linkonce.t.*)
 .text          0x00000028       0x5c c:/program files (x86)/cypress/psoc creator/3.3/psoc creator/import/gnu/arm/4.9.3/bin/../lib/gcc/arm-none-eabi/4.9.3/armv7-m/crtbegin.o
 .text.main     0x00000084      0x1c0 .\ARM_GCC_493\Debug\main.o
                0x00000084                main
 .text.IntDefaultHandler
                0x00000244        0x8 .\ARM_GCC_493\Debug\Cm3Start.o
                0x00000244                IntDefaultHandler
 .text._sbrk    0x0000024c       0x50 .\ARM_GCC_493\Debug\Cm3Start.o
                0x0000024c                _sbrk
 .text.Start_c  0x0000029c       0x98 .\ARM_GCC_493\Debug\Cm3Start.o
                0x0000029c                Start_c
 .text.initialize_psoc
                0x00000334       0x8c .\ARM_GCC_493\Debug\Cm3Start.o
                0x00000334                initialize_psoc
 .text.CYMEMZERO
                0x000003c0       0x1c .\ARM_GCC_493\Debug\USB_UART01.a(cyfitter_cfg.o)
 .text.CYCONFIGCPY
                0x000003dc       0x1c .\ARM_GCC_493\Debug\USB_UART01.a(cyfitter_cfg.o)
 .text.CYCONFIGCPYCODE
                0x000003f8       0x1c .\ARM_GCC_493\Debug\USB_UART01.a(cyfitter_cfg.o)
 .text.CyClockStartupError
                0x00000414        0xc .\ARM_GCC_493\Debug\USB_UART01.a(cyfitter_cfg.o)
 .text.cfg_write_bytes32
                0x00000420       0x74 .\ARM_GCC_493\Debug\USB_UART01.a(cyfitter_cfg.o)
 .text.ClockSetup
                0x00000494       0xdc .\ARM_GCC_493\Debug\USB_UART01.a(cyfitter_cfg.o)
 .text.AnalogSetDefault
                0x00000570       0x44 .\ARM_GCC_493\Debug\USB_UART01.a(cyfitter_cfg.o)
 .text.cyfitter_cfg
                0x000005b4      0x124 .\ARM_GCC_493\Debug\USB_UART01.a(cyfitter_cfg.o)
                0x000005b4                cyfitter_cfg
 .text.USBUART_1_Start
                0x000006d8       0x38 .\ARM_GCC_493\Debug\USB_UART01.a(USBUART_1.o)
                0x000006d8                USBUART_1_Start
 .text.USBUART_1_Init
                0x00000710      0x18c .\ARM_GCC_493\Debug\USB_UART01.a(USBUART_1.o)
                0x00000710                USBUART_1_Init
 .text.USBUART_1_InitComponent
                0x0000089c       0xf8 .\ARM_GCC_493\Debug\USB_UART01.a(USBUART_1.o)
                0x0000089c                USBUART_1_InitComponent
 .text.USBUART_1_ReInitComponent
                0x00000994       0x88 .\ARM_GCC_493\Debug\USB_UART01.a(USBUART_1.o)
                0x00000994                USBUART_1_ReInitComponent
 .text.USBUART_1_GetConfiguration
                0x00000a1c       0x18 .\ARM_GCC_493\Debug\USB_UART01.a(USBUART_1.o)
                0x00000a1c                USBUART_1_GetConfiguration
 .text.USBUART_1_IsConfigurationChanged
                0x00000a34       0x34 .\ARM_GCC_493\Debug\USB_UART01.a(USBUART_1.o)
                0x00000a34                USBUART_1_IsConfigurationChanged
 .text.USBUART_1_GetEPCount
                0x00000a68       0x6c .\ARM_GCC_493\Debug\USB_UART01.a(USBUART_1.o)
                0x00000a68                USBUART_1_GetEPCount
 .text.USBUART_1_LoadInEP
                0x00000ad4      0x108 .\ARM_GCC_493\Debug\USB_UART01.a(USBUART_1.o)
                0x00000ad4                USBUART_1_LoadInEP
 .text.USBUART_1_ReadOutEP
                0x00000bdc       0x8c .\ARM_GCC_493\Debug\USB_UART01.a(USBUART_1.o)
                0x00000bdc                USBUART_1_ReadOutEP
 .text.USBUART_1_EnableOutEP
                0x00000c68       0x60 .\ARM_GCC_493\Debug\USB_UART01.a(USBUART_1.o)
                0x00000c68                USBUART_1_EnableOutEP
 .text.USBUART_1_DispatchCDCClassRqst
                0x00000cc8       0xcc .\ARM_GCC_493\Debug\USB_UART01.a(USBUART_1_cdc.o)
                0x00000cc8                USBUART_1_DispatchCDCClassRqst
 .text.USBUART_1_CDC_Init
                0x00000d94       0x20 .\ARM_GCC_493\Debug\USB_UART01.a(USBUART_1_cdc.o)
                0x00000d94                USBUART_1_CDC_Init
 .text.USBUART_1_PutData
                0x00000db4       0x6c .\ARM_GCC_493\Debug\USB_UART01.a(USBUART_1_cdc.o)
                0x00000db4                USBUART_1_PutData
 .text.USBUART_1_DataIsReady
                0x00000e20       0x30 .\ARM_GCC_493\Debug\USB_UART01.a(USBUART_1_cdc.o)
                0x00000e20                USBUART_1_DataIsReady
 .text.USBUART_1_CDCIsReady
                0x00000e50       0x30 .\ARM_GCC_493\Debug\USB_UART01.a(USBUART_1_cdc.o)
                0x00000e50                USBUART_1_CDCIsReady
 .text.USBUART_1_GetAll
                0x00000e80       0x44 .\ARM_GCC_493\Debug\USB_UART01.a(USBUART_1_cdc.o)
                0x00000e80                USBUART_1_GetAll
 .text.USBUART_1_IsLineChanged
                0x00000ec4       0x40 .\ARM_GCC_493\Debug\USB_UART01.a(USBUART_1_cdc.o)
                0x00000ec4                USBUART_1_IsLineChanged
 .text.USBUART_1_GetDTERate
                0x00000f04       0x4c .\ARM_GCC_493\Debug\USB_UART01.a(USBUART_1_cdc.o)
                0x00000f04                USBUART_1_GetDTERate
 .text.USBUART_1_GetCharFormat
                0x00000f50       0x18 .\ARM_GCC_493\Debug\USB_UART01.a(USBUART_1_cdc.o)
                0x00000f50                USBUART_1_GetCharFormat
 .text.USBUART_1_GetParityType
                0x00000f68       0x18 .\ARM_GCC_493\Debug\USB_UART01.a(USBUART_1_cdc.o)
                0x00000f68                USBUART_1_GetParityType
 .text.USBUART_1_GetDataBits
                0x00000f80       0x18 .\ARM_GCC_493\Debug\USB_UART01.a(USBUART_1_cdc.o)
                0x00000f80                USBUART_1_GetDataBits
 .text.USBUART_1_GetLineControl
                0x00000f98       0x18 .\ARM_GCC_493\Debug\USB_UART01.a(USBUART_1_cdc.o)
                0x00000f98                USBUART_1_GetLineControl
 .text.USBUART_1_EP_0_ISR
                0x00000fb0       0xf8 .\ARM_GCC_493\Debug\USB_UART01.a(USBUART_1_drv.o)
                0x00000fb0                USBUART_1_EP_0_ISR
 .text.USBUART_1_HandleSetup
                0x000010a8       0x88 .\ARM_GCC_493\Debug\USB_UART01.a(USBUART_1_drv.o)
                0x000010a8                USBUART_1_HandleSetup
 .text.USBUART_1_HandleIN
                0x00001130       0x4c .\ARM_GCC_493\Debug\USB_UART01.a(USBUART_1_drv.o)
                0x00001130                USBUART_1_HandleIN
 .text.USBUART_1_HandleOUT
                0x0000117c       0x58 .\ARM_GCC_493\Debug\USB_UART01.a(USBUART_1_drv.o)
                0x0000117c                USBUART_1_HandleOUT
 .text.USBUART_1_LoadEP0
                0x000011d4       0xd4 .\ARM_GCC_493\Debug\USB_UART01.a(USBUART_1_drv.o)
                0x000011d4                USBUART_1_LoadEP0
 .text.USBUART_1_InitControlRead
                0x000012a8       0x74 .\ARM_GCC_493\Debug\USB_UART01.a(USBUART_1_drv.o)
                0x000012a8                USBUART_1_InitControlRead
 .text.USBUART_1_InitZeroLengthControlTransfer
                0x0000131c       0x44 .\ARM_GCC_493\Debug\USB_UART01.a(USBUART_1_drv.o)
                0x0000131c                USBUART_1_InitZeroLengthControlTransfer
 .text.USBUART_1_ControlReadDataStage
                0x00001360        0xc .\ARM_GCC_493\Debug\USB_UART01.a(USBUART_1_drv.o)
                0x00001360                USBUART_1_ControlReadDataStage
 .text.USBUART_1_ControlReadStatusStage
                0x0000136c       0x40 .\ARM_GCC_493\Debug\USB_UART01.a(USBUART_1_drv.o)
                0x0000136c                USBUART_1_ControlReadStatusStage
 .text.USBUART_1_InitControlWrite
                0x000013ac       0x68 .\ARM_GCC_493\Debug\USB_UART01.a(USBUART_1_drv.o)
                0x000013ac                USBUART_1_InitControlWrite
 .text.USBUART_1_ControlWriteDataStage
                0x00001414       0xb8 .\ARM_GCC_493\Debug\USB_UART01.a(USBUART_1_drv.o)
                0x00001414                USBUART_1_ControlWriteDataStage
 .text.USBUART_1_ControlWriteStatusStage
                0x000014cc       0x20 .\ARM_GCC_493\Debug\USB_UART01.a(USBUART_1_drv.o)
                0x000014cc                USBUART_1_ControlWriteStatusStage
 .text.USBUART_1_InitNoDataControlTransfer
                0x000014ec       0x38 .\ARM_GCC_493\Debug\USB_UART01.a(USBUART_1_drv.o)
                0x000014ec                USBUART_1_InitNoDataControlTransfer
 .text.USBUART_1_NoDataControlStatusStage
                0x00001524       0x48 .\ARM_GCC_493\Debug\USB_UART01.a(USBUART_1_drv.o)
                0x00001524                USBUART_1_NoDataControlStatusStage
 .text.USBUART_1_UpdateStatusBlock
                0x0000156c       0x40 .\ARM_GCC_493\Debug\USB_UART01.a(USBUART_1_drv.o)
                0x0000156c                USBUART_1_UpdateStatusBlock
 .text.USBUART_1_InitializeStatusBlock
                0x000015ac       0x34 .\ARM_GCC_493\Debug\USB_UART01.a(USBUART_1_drv.o)
                0x000015ac                USBUART_1_InitializeStatusBlock
 .text.USBUART_1_EP_1_ISR
                0x000015e0       0x54 .\ARM_GCC_493\Debug\USB_UART01.a(USBUART_1_episr.o)
                0x000015e0                USBUART_1_EP_1_ISR
 .text.USBUART_1_EP_2_ISR
                0x00001634       0x54 .\ARM_GCC_493\Debug\USB_UART01.a(USBUART_1_episr.o)
                0x00001634                USBUART_1_EP_2_ISR
 .text.USBUART_1_EP_3_ISR
                0x00001688       0x5c .\ARM_GCC_493\Debug\USB_UART01.a(USBUART_1_episr.o)
                0x00001688                USBUART_1_EP_3_ISR
 .text.USBUART_1_SOF_ISR
                0x000016e4        0xc .\ARM_GCC_493\Debug\USB_UART01.a(USBUART_1_episr.o)
                0x000016e4                USBUART_1_SOF_ISR
 .text.USBUART_1_BUS_RESET_ISR
                0x000016f0        0xc .\ARM_GCC_493\Debug\USB_UART01.a(USBUART_1_episr.o)
                0x000016f0                USBUART_1_BUS_RESET_ISR
 .text.USBUART_1_DispatchHIDClassRqst
                0x000016fc      0x1ec .\ARM_GCC_493\Debug\USB_UART01.a(USBUART_1_hid.o)
                0x000016fc                USBUART_1_DispatchHIDClassRqst
 .text.USBUART_1_FindHidClassDecriptor
                0x000018e8       0x7c .\ARM_GCC_493\Debug\USB_UART01.a(USBUART_1_hid.o)
                0x000018e8                USBUART_1_FindHidClassDecriptor
 .text.USBUART_1_FindReportDescriptor
                0x00001964       0x90 .\ARM_GCC_493\Debug\USB_UART01.a(USBUART_1_hid.o)
                0x00001964                USBUART_1_FindReportDescriptor
 .text.USBUART_1_FindReport
                0x000019f4       0xd4 .\ARM_GCC_493\Debug\USB_UART01.a(USBUART_1_hid.o)
                0x000019f4                USBUART_1_FindReport
 .text.USBUART_1_HandleStandardRqst
                0x00001ac8      0x4a4 .\ARM_GCC_493\Debug\USB_UART01.a(USBUART_1_std.o)
                0x00001ac8                USBUART_1_HandleStandardRqst
 .text.USBUART_1_ReadDieID
                0x00001f6c       0x90 .\ARM_GCC_493\Debug\USB_UART01.a(USBUART_1_std.o)
                0x00001f6c                USBUART_1_ReadDieID
 .text.USBUART_1_ConfigReg
                0x00001ffc      0x180 .\ARM_GCC_493\Debug\USB_UART01.a(USBUART_1_std.o)
                0x00001ffc                USBUART_1_ConfigReg
 .text.USBUART_1_Config
                0x0000217c      0x348 .\ARM_GCC_493\Debug\USB_UART01.a(USBUART_1_std.o)
                0x0000217c                USBUART_1_Config
 .text.USBUART_1_ConfigAltChanged
                0x000024c4      0x27c .\ARM_GCC_493\Debug\USB_UART01.a(USBUART_1_std.o)
                0x000024c4                USBUART_1_ConfigAltChanged
 .text.USBUART_1_GetConfigTablePtr
                0x00002740       0x54 .\ARM_GCC_493\Debug\USB_UART01.a(USBUART_1_std.o)
                0x00002740                USBUART_1_GetConfigTablePtr
 .text.USBUART_1_GetDeviceTablePtr
                0x00002794       0x24 .\ARM_GCC_493\Debug\USB_UART01.a(USBUART_1_std.o)
                0x00002794                USBUART_1_GetDeviceTablePtr
 .text.USBUART_1_GetInterfaceClassTablePtr
                0x000027b8       0x4c .\ARM_GCC_493\Debug\USB_UART01.a(USBUART_1_std.o)
                0x000027b8                USBUART_1_GetInterfaceClassTablePtr
 .text.USBUART_1_SetEndpointHalt
                0x00002804       0xe0 .\ARM_GCC_493\Debug\USB_UART01.a(USBUART_1_std.o)
                0x00002804                USBUART_1_SetEndpointHalt
 .text.USBUART_1_ClearEndpointHalt
                0x000028e4      0x144 .\ARM_GCC_493\Debug\USB_UART01.a(USBUART_1_std.o)
                0x000028e4                USBUART_1_ClearEndpointHalt
 .text.USBUART_1_ValidateAlternateSetting
                0x00002a28       0x78 .\ARM_GCC_493\Debug\USB_UART01.a(USBUART_1_std.o)
                0x00002a28                USBUART_1_ValidateAlternateSetting
 .text.USBUART_1_HandleVendorRqst
                0x00002aa0       0x58 .\ARM_GCC_493\Debug\USB_UART01.a(USBUART_1_vnd.o)
                0x00002aa0                USBUART_1_HandleVendorRqst
 .text.LCD_Init
                0x00002af8       0x6c .\ARM_GCC_493\Debug\USB_UART01.a(LCD.o)
                0x00002af8                LCD_Init
 .text.LCD_Enable
                0x00002b64       0x18 .\ARM_GCC_493\Debug\USB_UART01.a(LCD.o)
                0x00002b64                LCD_Enable
 .text.LCD_Start
                0x00002b7c       0x20 .\ARM_GCC_493\Debug\USB_UART01.a(LCD.o)
                0x00002b7c                LCD_Start
 .text.LCD_Position
                0x00002b9c       0x6c .\ARM_GCC_493\Debug\USB_UART01.a(LCD.o)
                0x00002b9c                LCD_Position
 .text.LCD_PrintString
                0x00002c08       0x38 .\ARM_GCC_493\Debug\USB_UART01.a(LCD.o)
                0x00002c08                LCD_PrintString
 .text.LCD_WriteData
                0x00002c40       0x34 .\ARM_GCC_493\Debug\USB_UART01.a(LCD.o)
                0x00002c40                LCD_WriteData
 .text.LCD_WriteControl
                0x00002c74       0x34 .\ARM_GCC_493\Debug\USB_UART01.a(LCD.o)
                0x00002c74                LCD_WriteControl
 .text.LCD_IsReady
                0x00002ca8      0x178 .\ARM_GCC_493\Debug\USB_UART01.a(LCD.o)
                0x00002ca8                LCD_IsReady
 .text.LCD_WrDatNib
                0x00002e20       0x78 .\ARM_GCC_493\Debug\USB_UART01.a(LCD.o)
 .text.LCD_WrCntrlNib
                0x00002e98       0x60 .\ARM_GCC_493\Debug\USB_UART01.a(LCD.o)
 .text          0x00002ef8       0x58 .\ARM_GCC_493\Debug\USB_UART01.a(CyBootAsmGnu.o)
                0x00002ef8                CyDelayCycles
                0x00002f36                CyEnterCriticalSection
                0x00002f3e                CyExitCriticalSection
 .text.CyHalt   0x00002f50       0x18 .\ARM_GCC_493\Debug\USB_UART01.a(CyLib.o)
                0x00002f50                CyHalt
 .text.CyDelay  0x00002f68       0x44 .\ARM_GCC_493\Debug\USB_UART01.a(CyLib.o)
                0x00002f68                CyDelay
 .text.CyDelayUs
                0x00002fac       0x24 .\ARM_GCC_493\Debug\USB_UART01.a(CyLib.o)
                0x00002fac                CyDelayUs
 .text.CyIntSetVector
                0x00002fd0       0x50 .\ARM_GCC_493\Debug\USB_UART01.a(CyLib.o)
                0x00002fd0                CyIntSetVector
 .text.CyIntSetPriority
                0x00003020       0x44 .\ARM_GCC_493\Debug\USB_UART01.a(CyLib.o)
                0x00003020                CyIntSetPriority
 .text.USBUART_1_DispatchClassRqst
                0x00003064       0x90 .\ARM_GCC_493\Debug\USB_UART01.a(USBUART_1_cls.o)
                0x00003064                USBUART_1_DispatchClassRqst
 .text.__errno  0x000030f4        0xc c:/program files (x86)/cypress/psoc creator/3.3/psoc creator/import/gnu/arm/4.9.3/bin/../lib/gcc/arm-none-eabi/4.9.3/../../../../arm-none-eabi/lib/armv7-m\libg_nano.a(lib_a-errno.o)
                0x000030f4                __errno
 .text.__libc_init_array
                0x00003100       0x4c c:/program files (x86)/cypress/psoc creator/3.3/psoc creator/import/gnu/arm/4.9.3/bin/../lib/gcc/arm-none-eabi/4.9.3/../../../../arm-none-eabi/lib/armv7-m\libg_nano.a(lib_a-init.o)
                0x00003100                __libc_init_array
 .text.memcpy   0x0000314c       0x16 c:/program files (x86)/cypress/psoc creator/3.3/psoc creator/import/gnu/arm/4.9.3/bin/../lib/gcc/arm-none-eabi/4.9.3/../../../../arm-none-eabi/lib/armv7-m\libg_nano.a(lib_a-memcpy.o)
                0x0000314c                memcpy
 .text.memset   0x00003162       0x10 c:/program files (x86)/cypress/psoc creator/3.3/psoc creator/import/gnu/arm/4.9.3/bin/../lib/gcc/arm-none-eabi/4.9.3/../../../../arm-none-eabi/lib/armv7-m\libg_nano.a(lib_a-memset.o)
                0x00003162                memset
 .text.__cvt    0x00003172       0xbc c:/program files (x86)/cypress/psoc creator/3.3/psoc creator/import/gnu/arm/4.9.3/bin/../lib/gcc/arm-none-eabi/4.9.3/../../../../arm-none-eabi/lib/armv7-m\libg_nano.a(lib_a-nano-vfprintf_float.o)
                0x00003172                __cvt
 .text.__exponent
                0x0000322e       0x62 c:/program files (x86)/cypress/psoc creator/3.3/psoc creator/import/gnu/arm/4.9.3/bin/../lib/gcc/arm-none-eabi/4.9.3/../../../../arm-none-eabi/lib/armv7-m\libg_nano.a(lib_a-nano-vfprintf_float.o)
                0x0000322e                __exponent
 .text._printf_float
                0x00003290      0x48c c:/program files (x86)/cypress/psoc creator/3.3/psoc creator/import/gnu/arm/4.9.3/bin/../lib/gcc/arm-none-eabi/4.9.3/../../../../arm-none-eabi/lib/armv7-m\libg_nano.a(lib_a-nano-vfprintf_float.o)
                0x00003290                _printf_float
 .text._printf_common
                0x0000371c       0xea c:/program files (x86)/cypress/psoc creator/3.3/psoc creator/import/gnu/arm/4.9.3/bin/../lib/gcc/arm-none-eabi/4.9.3/../../../../arm-none-eabi/lib/armv7-m\libg_nano.a(lib_a-nano-vfprintf_i.o)
                0x0000371c                _printf_common
 *fill*         0x00003806        0x2 
 .text._printf_i
                0x00003808      0x240 c:/program files (x86)/cypress/psoc creator/3.3/psoc creator/import/gnu/arm/4.9.3/bin/../lib/gcc/arm-none-eabi/4.9.3/../../../../arm-none-eabi/lib/armv7-m\libg_nano.a(lib_a-nano-vfprintf_i.o)
                0x00003808                _printf_i
 .text.__fpclassifyd
                0x00003a48       0x50 c:/program files (x86)/cypress/psoc creator/3.3/psoc creator/import/gnu/arm/4.9.3/bin/../lib/gcc/arm-none-eabi/4.9.3/../../../../arm-none-eabi/lib/armv7-m\libg_nano.a(lib_a-s_fpclassify.o)
                0x00003a48                __fpclassifyd
 .text.sprintf  0x00003a98       0x48 c:/program files (x86)/cypress/psoc creator/3.3/psoc creator/import/gnu/arm/4.9.3/bin/../lib/gcc/arm-none-eabi/4.9.3/../../../../arm-none-eabi/lib/armv7-m\libg_nano.a(lib_a-sprintf.o)
                0x00003a98                siprintf
                0x00003a98                sprintf
 .text.strlen   0x00003ae0       0x10 c:/program files (x86)/cypress/psoc creator/3.3/psoc creator/import/gnu/arm/4.9.3/bin/../lib/gcc/arm-none-eabi/4.9.3/../../../../arm-none-eabi/lib/armv7-m\libg_nano.a(lib_a-strlen.o)
                0x00003ae0                strlen
 .text.quorem   0x00003af0      0x114 c:/program files (x86)/cypress/psoc creator/3.3/psoc creator/import/gnu/arm/4.9.3/bin/../lib/gcc/arm-none-eabi/4.9.3/../../../../arm-none-eabi/lib/armv7-m\libg_nano.a(lib_a-dtoa.o)
 *fill*         0x00003c04        0x4 
 .text._dtoa_r  0x00003c08      0xb78 c:/program files (x86)/cypress/psoc creator/3.3/psoc creator/import/gnu/arm/4.9.3/bin/../lib/gcc/arm-none-eabi/4.9.3/../../../../arm-none-eabi/lib/armv7-m\libg_nano.a(lib_a-dtoa.o)
                0x00003c08                _dtoa_r
 .text._localeconv_r
                0x00004780        0x8 c:/program files (x86)/cypress/psoc creator/3.3/psoc creator/import/gnu/arm/4.9.3/bin/../lib/gcc/arm-none-eabi/4.9.3/../../../../arm-none-eabi/lib/armv7-m\libg_nano.a(lib_a-locale.o)
                0x00004780                _localeconv_r
 .text.malloc   0x00004788       0x10 c:/program files (x86)/cypress/psoc creator/3.3/psoc creator/import/gnu/arm/4.9.3/bin/../lib/gcc/arm-none-eabi/4.9.3/../../../../arm-none-eabi/lib/armv7-m\libg_nano.a(lib_a-malloc.o)
                0x00004788                malloc
 .text.memchr   0x00004798       0x1c c:/program files (x86)/cypress/psoc creator/3.3/psoc creator/import/gnu/arm/4.9.3/bin/../lib/gcc/arm-none-eabi/4.9.3/../../../../arm-none-eabi/lib/armv7-m\libg_nano.a(lib_a-memchr.o)
                0x00004798                memchr
 .text._Balloc  0x000047b4       0x6a c:/program files (x86)/cypress/psoc creator/3.3/psoc creator/import/gnu/arm/4.9.3/bin/../lib/gcc/arm-none-eabi/4.9.3/../../../../arm-none-eabi/lib/armv7-m\libg_nano.a(lib_a-mprec.o)
                0x000047b4                _Balloc
 .text._Bfree   0x0000481e       0x2e c:/program files (x86)/cypress/psoc creator/3.3/psoc creator/import/gnu/arm/4.9.3/bin/../lib/gcc/arm-none-eabi/4.9.3/../../../../arm-none-eabi/lib/armv7-m\libg_nano.a(lib_a-mprec.o)
                0x0000481e                _Bfree
 .text.__multadd
                0x0000484c       0x7c c:/program files (x86)/cypress/psoc creator/3.3/psoc creator/import/gnu/arm/4.9.3/bin/../lib/gcc/arm-none-eabi/4.9.3/../../../../arm-none-eabi/lib/armv7-m\libg_nano.a(lib_a-mprec.o)
                0x0000484c                __multadd
 .text.__hi0bits
                0x000048c8       0x40 c:/program files (x86)/cypress/psoc creator/3.3/psoc creator/import/gnu/arm/4.9.3/bin/../lib/gcc/arm-none-eabi/4.9.3/../../../../arm-none-eabi/lib/armv7-m\libg_nano.a(lib_a-mprec.o)
                0x000048c8                __hi0bits
 .text.__lo0bits
                0x00004908       0x5a c:/program files (x86)/cypress/psoc creator/3.3/psoc creator/import/gnu/arm/4.9.3/bin/../lib/gcc/arm-none-eabi/4.9.3/../../../../arm-none-eabi/lib/armv7-m\libg_nano.a(lib_a-mprec.o)
                0x00004908                __lo0bits
 .text.__i2b    0x00004962       0x12 c:/program files (x86)/cypress/psoc creator/3.3/psoc creator/import/gnu/arm/4.9.3/bin/../lib/gcc/arm-none-eabi/4.9.3/../../../../arm-none-eabi/lib/armv7-m\libg_nano.a(lib_a-mprec.o)
                0x00004962                __i2b
 .text.__multiply
                0x00004974      0x120 c:/program files (x86)/cypress/psoc creator/3.3/psoc creator/import/gnu/arm/4.9.3/bin/../lib/gcc/arm-none-eabi/4.9.3/../../../../arm-none-eabi/lib/armv7-m\libg_nano.a(lib_a-mprec.o)
                0x00004974                __multiply
 .text.__pow5mult
                0x00004a94       0x9c c:/program files (x86)/cypress/psoc creator/3.3/psoc creator/import/gnu/arm/4.9.3/bin/../lib/gcc/arm-none-eabi/4.9.3/../../../../arm-none-eabi/lib/armv7-m\libg_nano.a(lib_a-mprec.o)
                0x00004a94                __pow5mult
 .text.__lshift
                0x00004b30       0xa6 c:/program files (x86)/cypress/psoc creator/3.3/psoc creator/import/gnu/arm/4.9.3/bin/../lib/gcc/arm-none-eabi/4.9.3/../../../../arm-none-eabi/lib/armv7-m\libg_nano.a(lib_a-mprec.o)
                0x00004b30                __lshift
 .text.__mcmp   0x00004bd6       0x38 c:/program files (x86)/cypress/psoc creator/3.3/psoc creator/import/gnu/arm/4.9.3/bin/../lib/gcc/arm-none-eabi/4.9.3/../../../../arm-none-eabi/lib/armv7-m\libg_nano.a(lib_a-mprec.o)
                0x00004bd6                __mcmp
 .text.__mdiff  0x00004c0e       0xbe c:/program files (x86)/cypress/psoc creator/3.3/psoc creator/import/gnu/arm/4.9.3/bin/../lib/gcc/arm-none-eabi/4.9.3/../../../../arm-none-eabi/lib/armv7-m\libg_nano.a(lib_a-mprec.o)
                0x00004c0e                __mdiff
 .text.__d2b    0x00004ccc       0xa4 c:/program files (x86)/cypress/psoc creator/3.3/psoc creator/import/gnu/arm/4.9.3/bin/../lib/gcc/arm-none-eabi/4.9.3/../../../../arm-none-eabi/lib/armv7-m\libg_nano.a(lib_a-mprec.o)
                0x00004ccc                __d2b
 .text._calloc_r
                0x00004d70       0x1c c:/program files (x86)/cypress/psoc creator/3.3/psoc creator/import/gnu/arm/4.9.3/bin/../lib/gcc/arm-none-eabi/4.9.3/../../../../arm-none-eabi/lib/armv7-m\libg_nano.a(lib_a-nano-callocr.o)
                0x00004d70                _calloc_r
 .text._free_r  0x00004d8c       0x88 c:/program files (x86)/cypress/psoc creator/3.3/psoc creator/import/gnu/arm/4.9.3/bin/../lib/gcc/arm-none-eabi/4.9.3/../../../../arm-none-eabi/lib/armv7-m\libg_nano.a(lib_a-nano-freer.o)
                0x00004d8c                _free_r
 .text._malloc_r
                0x00004e14       0xac c:/program files (x86)/cypress/psoc creator/3.3/psoc creator/import/gnu/arm/4.9.3/bin/../lib/gcc/arm-none-eabi/4.9.3/../../../../arm-none-eabi/lib/armv7-m\libg_nano.a(lib_a-nano-mallocr.o)
                0x00004e14                _malloc_r
 .text.__ssputs_r
                0x00004ec0       0xb2 c:/program files (x86)/cypress/psoc creator/3.3/psoc creator/import/gnu/arm/4.9.3/bin/../lib/gcc/arm-none-eabi/4.9.3/../../../../arm-none-eabi/lib/armv7-m\libg_nano.a(lib_a-nano-svfprintf.o)
                0x00004ec0                __ssputs_r
 *fill*         0x00004f72        0x2 
 .text._svfprintf_r
                0x00004f74      0x1e4 c:/program files (x86)/cypress/psoc creator/3.3/psoc creator/import/gnu/arm/4.9.3/bin/../lib/gcc/arm-none-eabi/4.9.3/../../../../arm-none-eabi/lib/armv7-m\libg_nano.a(lib_a-nano-svfprintf.o)
                0x00004f74                _svfiprintf_r
                0x00004f74                _svfprintf_r
 .text._sbrk_r  0x00005158       0x20 c:/program files (x86)/cypress/psoc creator/3.3/psoc creator/import/gnu/arm/4.9.3/bin/../lib/gcc/arm-none-eabi/4.9.3/../../../../arm-none-eabi/lib/armv7-m\libg_nano.a(lib_a-sbrkr.o)
                0x00005158                _sbrk_r
 .text.memmove  0x00005178       0x36 c:/program files (x86)/cypress/psoc creator/3.3/psoc creator/import/gnu/arm/4.9.3/bin/../lib/gcc/arm-none-eabi/4.9.3/../../../../arm-none-eabi/lib/armv7-m\libg_nano.a(lib_a-memmove.o)
                0x00005178                memmove
 .text._realloc_r
                0x000051ae       0x4c c:/program files (x86)/cypress/psoc creator/3.3/psoc creator/import/gnu/arm/4.9.3/bin/../lib/gcc/arm-none-eabi/4.9.3/../../../../arm-none-eabi/lib/armv7-m\libg_nano.a(lib_a-nano-reallocr.o)
                0x000051ae                _realloc_r
 .text._malloc_usable_size_r
                0x000051fa       0x14 c:/program files (x86)/cypress/psoc creator/3.3/psoc creator/import/gnu/arm/4.9.3/bin/../lib/gcc/arm-none-eabi/4.9.3/../../../../arm-none-eabi/lib/armv7-m\libg_nano.a(lib_a-nano-msizer.o)
                0x000051fa                _malloc_usable_size_r
 *fill*         0x0000520e        0x2 
 .text          0x00005210      0x370 c:/program files (x86)/cypress/psoc creator/3.3/psoc creator/import/gnu/arm/4.9.3/bin/../lib/gcc/arm-none-eabi/4.9.3/armv7-m\libgcc.a(_arm_addsubdf3.o)
                0x00005210                __aeabi_drsub
                0x00005218                __aeabi_dsub
                0x00005218                __subdf3
                0x0000521c                __aeabi_dadd
                0x0000521c                __adddf3
                0x00005494                __floatunsidf
                0x00005494                __aeabi_ui2d
                0x000054b4                __floatsidf
                0x000054b4                __aeabi_i2d
                0x000054d8                __aeabi_f2d
                0x000054d8                __extendsfdf2
                0x00005514                __floatundidf
                0x00005514                __aeabi_ul2d
                0x00005524                __floatdidf
                0x00005524                __aeabi_l2d
 .text          0x00005580      0x424 c:/program files (x86)/cypress/psoc creator/3.3/psoc creator/import/gnu/arm/4.9.3/bin/../lib/gcc/arm-none-eabi/4.9.3/armv7-m\libgcc.a(_arm_muldivdf3.o)
                0x00005580                __aeabi_dmul
                0x00005580                __muldf3
                0x000057d4                __divdf3
                0x000057d4                __aeabi_ddiv
 .text          0x000059a4      0x110 c:/program files (x86)/cypress/psoc creator/3.3/psoc creator/import/gnu/arm/4.9.3/bin/../lib/gcc/arm-none-eabi/4.9.3/armv7-m\libgcc.a(_arm_cmpdf2.o)
                0x000059a4                __gtdf2
                0x000059a4                __gedf2
                0x000059ac                __ltdf2
                0x000059ac                __ledf2
                0x000059b4                __nedf2
                0x000059b4                __eqdf2
                0x000059b4                __cmpdf2
                0x00005a30                __aeabi_cdrcmple
                0x00005a40                __aeabi_cdcmpeq
                0x00005a40                __aeabi_cdcmple
                0x00005a50                __aeabi_dcmpeq
                0x00005a64                __aeabi_dcmplt
                0x00005a78                __aeabi_dcmple
                0x00005a8c                __aeabi_dcmpge
                0x00005aa0                __aeabi_dcmpgt
 .text          0x00005ab4       0x50 c:/program files (x86)/cypress/psoc creator/3.3/psoc creator/import/gnu/arm/4.9.3/bin/../lib/gcc/arm-none-eabi/4.9.3/armv7-m\libgcc.a(_arm_fixdfsi.o)
                0x00005ab4                __aeabi_d2iz
                0x00005ab4                __fixdfsi
 *(.plt)
 *(.gnu.warning)
 *(.glue_7t)
 .glue_7t       0x00000000        0x0 linker stubs
 *(.glue_7)
 .glue_7        0x00000000        0x0 linker stubs
 *(.vfp11_veneer)
 .vfp11_veneer  0x00000000        0x0 linker stubs
 *(.bootloader)
 *(.ARM.extab* .gnu.linkonce.armextab.*)
 *(.gcc_except_table)

.v4_bx          0x00005b04        0x0
 .v4_bx         0x00000000        0x0 linker stubs

.iplt           0x00005b04        0x0
 .iplt          0x00000000        0x0 c:/program files (x86)/cypress/psoc creator/3.3/psoc creator/import/gnu/arm/4.9.3/bin/../lib/gcc/arm-none-eabi/4.9.3/armv7-m/crtbegin.o

.eh_frame_hdr
 *(.eh_frame_hdr)

.eh_frame       0x00005b04        0x4
 *(.eh_frame)
 .eh_frame      0x00005b04        0x0 c:/program files (x86)/cypress/psoc creator/3.3/psoc creator/import/gnu/arm/4.9.3/bin/../lib/gcc/arm-none-eabi/4.9.3/armv7-m/crtbegin.o
 .eh_frame      0x00005b04        0x0 c:/program files (x86)/cypress/psoc creator/3.3/psoc creator/import/gnu/arm/4.9.3/bin/../lib/gcc/arm-none-eabi/4.9.3/../../../../arm-none-eabi/lib/armv7-m\libg_nano.a(lib_a-strcmp.o)
                                 0x28 (size before relaxing)
 .eh_frame      0x00005b04        0x4 c:/program files (x86)/cypress/psoc creator/3.3/psoc creator/import/gnu/arm/4.9.3/bin/../lib/gcc/arm-none-eabi/4.9.3/armv7-m/crtend.o
                0x00005b08                PROVIDE (__exidx_start, .)

.ARM.exidx
 *(.ARM.exidx* .gnu.linkonce.armexidx.*)
                0x00005b08                __exidx_end = .

.rodata         0x00005b08      0x4c0
 *(.rodata .rodata.* .gnu.linkonce.r.*)
 .rodata        0x00005b08       0x94 .\ARM_GCC_493\Debug\main.o
 .rodata        0x00005b9c       0xb8 .\ARM_GCC_493\Debug\USB_UART01.a(cyfitter_cfg.o)
 .rodata        0x00005c54       0x14 .\ARM_GCC_493\Debug\USB_UART01.a(USBUART_1_std.o)
 .rodata        0x00005c68      0x1cc .\ARM_GCC_493\Debug\USB_UART01.a(USBUART_1_descr.o)
                0x00005c68                USBUART_1_DEVICE0_DESCR
                0x00005c7c                USBUART_1_DEVICE0_CONFIGURATION0_DESCR
                0x00005cc0                USBUART_1_STRING_DESCRIPTORS
                0x00005d60                USBUART_1_SN_STRING_DESCRIPTOR
                0x00005d64                USBUART_1_HIDREPORT_DESCRIPTOR1
                0x00005d9c                USBUART_1_DEVICE0_CONFIGURATION0_EP_SETTINGS_TABLE
                0x00005db4                USBUART_1_DEVICE0_CONFIGURATION0_INTERFACE_CLASS
                0x00005db8                USBUART_1_DEVICE0_CONFIGURATION0_TABLE
                0x00005de0                USBUART_1_DEVICE0_TABLE
                0x00005df0                USBUART_1_TABLE
                0x00005df8                USBUART_1_MSOS_DESCRIPTOR
                0x00005e0c                USBUART_1_MSOS_CONFIGURATION_DESCR
 .rodata.str1.1
                0x00005e34        0x2 c:/program files (x86)/cypress/psoc creator/3.3/psoc creator/import/gnu/arm/4.9.3/bin/../lib/gcc/arm-none-eabi/4.9.3/../../../../arm-none-eabi/lib/armv7-m\libg_nano.a(lib_a-impure.o)
 .rodata.str1.1
                0x00005e36       0x12 c:/program files (x86)/cypress/psoc creator/3.3/psoc creator/import/gnu/arm/4.9.3/bin/../lib/gcc/arm-none-eabi/4.9.3/../../../../arm-none-eabi/lib/armv7-m\libg_nano.a(lib_a-nano-vfprintf_float.o)
 .rodata.str1.1
                0x00005e48       0x22 c:/program files (x86)/cypress/psoc creator/3.3/psoc creator/import/gnu/arm/4.9.3/bin/../lib/gcc/arm-none-eabi/4.9.3/../../../../arm-none-eabi/lib/armv7-m\libg_nano.a(lib_a-nano-vfprintf_i.o)
 .rodata.str1.1
                0x00005e6a        0xd c:/program files (x86)/cypress/psoc creator/3.3/psoc creator/import/gnu/arm/4.9.3/bin/../lib/gcc/arm-none-eabi/4.9.3/../../../../arm-none-eabi/lib/armv7-m\libg_nano.a(lib_a-dtoa.o)
                                  0xf (size before relaxing)
 .rodata.str1.1
                0x00005e77        0x8 c:/program files (x86)/cypress/psoc creator/3.3/psoc creator/import/gnu/arm/4.9.3/bin/../lib/gcc/arm-none-eabi/4.9.3/../../../../arm-none-eabi/lib/armv7-m\libg_nano.a(lib_a-locale.o)
                                  0xb (size before relaxing)
 *fill*         0x00005e7f        0x1 
 .rodata.__mprec_tens
                0x00005e80       0xc8 c:/program files (x86)/cypress/psoc creator/3.3/psoc creator/import/gnu/arm/4.9.3/bin/../lib/gcc/arm-none-eabi/4.9.3/../../../../arm-none-eabi/lib/armv7-m\libg_nano.a(lib_a-mprec.o)
                0x00005e80                __mprec_tens
 .rodata.__mprec_bigtens
                0x00005f48       0x28 c:/program files (x86)/cypress/psoc creator/3.3/psoc creator/import/gnu/arm/4.9.3/bin/../lib/gcc/arm-none-eabi/4.9.3/../../../../arm-none-eabi/lib/armv7-m\libg_nano.a(lib_a-mprec.o)
                0x00005f48                __mprec_bigtens
 .rodata.p05.5308
                0x00005f70        0xc c:/program files (x86)/cypress/psoc creator/3.3/psoc creator/import/gnu/arm/4.9.3/bin/../lib/gcc/arm-none-eabi/4.9.3/../../../../arm-none-eabi/lib/armv7-m\libg_nano.a(lib_a-mprec.o)
 .rodata.str1.1
                0x00005f7c       0x11 c:/program files (x86)/cypress/psoc creator/3.3/psoc creator/import/gnu/arm/4.9.3/bin/../lib/gcc/arm-none-eabi/4.9.3/../../../../arm-none-eabi/lib/armv7-m\libg_nano.a(lib_a-nano-svfprintf.o)
                0x00005f90                . = ALIGN (0x4)
 *fill*         0x00005f8d        0x3 
 *(.init)
 .init          0x00005f90        0x4 c:/program files (x86)/cypress/psoc creator/3.3/psoc creator/import/gnu/arm/4.9.3/bin/../lib/gcc/arm-none-eabi/4.9.3/armv7-m/crti.o
                0x00005f90                _init
 .init          0x00005f94        0x8 c:/program files (x86)/cypress/psoc creator/3.3/psoc creator/import/gnu/arm/4.9.3/bin/../lib/gcc/arm-none-eabi/4.9.3/armv7-m/crtn.o
                0x00005f9c                . = ALIGN (0x4)
                0x00005f9c                __preinit_array_start = .
 *(.preinit_array)
                0x00005f9c                __preinit_array_end = .
                0x00005f9c                . = ALIGN (0x4)
                0x00005f9c                __init_array_start = .
 *(SORT(.init_array.*))
 *(.init_array)
 .init_array    0x00005f9c        0x4 c:/program files (x86)/cypress/psoc creator/3.3/psoc creator/import/gnu/arm/4.9.3/bin/../lib/gcc/arm-none-eabi/4.9.3/armv7-m/crtbegin.o
 .init_array    0x00005fa0        0x4 .\ARM_GCC_493\Debug\Cm3Start.o
                0x00005fa4                __init_array_end = .
                0x00005fa4                . = ALIGN (0x4)
 *(.fini)
 .fini          0x00005fa4        0x4 c:/program files (x86)/cypress/psoc creator/3.3/psoc creator/import/gnu/arm/4.9.3/bin/../lib/gcc/arm-none-eabi/4.9.3/armv7-m/crti.o
                0x00005fa4                _fini
 .fini          0x00005fa8        0x8 c:/program files (x86)/cypress/psoc creator/3.3/psoc creator/import/gnu/arm/4.9.3/bin/../lib/gcc/arm-none-eabi/4.9.3/armv7-m/crtn.o
                0x00005fb0                . = ALIGN (0x4)
                0x00005fb0                __fini_array_start = .
 *(.fini_array)
 .fini_array    0x00005fb0        0x4 c:/program files (x86)/cypress/psoc creator/3.3/psoc creator/import/gnu/arm/4.9.3/bin/../lib/gcc/arm-none-eabi/4.9.3/armv7-m/crtbegin.o
 *(SORT(.fini_array.*))
                0x00005fb4                __fini_array_end = .
                0x00005fb4                . = ALIGN (0x4)
 *crtbegin.o(.ctors)
 *(EXCLUDE_FILE(*crtend.o) .ctors)
 *(SORT(.ctors.*))
 *crtend.o(.ctors)
                0x00005fb4                . = ALIGN (0x4)
 *crtbegin.o(.dtors)
 *(EXCLUDE_FILE(*crtend.o) .dtors)
 *(SORT(.dtors.*))
 *crtend.o(.dtors)
                0x00005fb4                . = ALIGN (0x4)
                0x00005fb4                __cy_regions = .
                0x00005fb4        0x4 LONG 0x5fc8 __cy_region_init_ram
                0x00005fb8        0x4 LONG 0x1fff8108 __cy_region_start_data
                0x00005fbc        0x4 LONG 0xe0 __cy_region_init_size_ram
                0x00005fc0        0x4 LONG 0x108 __cy_region_zero_size_ram
                0x00005fc4                __cy_regions_end = .
                0x00005fc8                . = ALIGN (0x8)
 *fill*         0x00005fc4        0x4 
                0x00005fc8                _etext = .

.cy_checksum_exclude
                0x00005fc8        0x0
 *(.cy_checksum_exclude)

.ramvectors     0x1fff8000      0x100
                0x1fff8000                __cy_region_start_ram = .
 *(.ramvectors)
 .ramvectors    0x1fff8000      0x100 .\ARM_GCC_493\Debug\Cm3Start.o
                0x1fff8000                CyRamVectors

.noinit         0x1fff8100        0x5
 *(.noinit)
 .noinit        0x1fff8100        0x4 .\ARM_GCC_493\Debug\Cm3Start.o
 .noinit        0x1fff8104        0x1 .\ARM_GCC_493\Debug\USB_UART01.a(CyLib.o)
                0x1fff8104                CyResetStatus

.data           0x1fff8108       0xe0 load address 0x00005fc8
                0x1fff8108                __cy_region_start_data = .
 *(.jcr)
 .jcr           0x1fff8108        0x0 c:/program files (x86)/cypress/psoc creator/3.3/psoc creator/import/gnu/arm/4.9.3/bin/../lib/gcc/arm-none-eabi/4.9.3/armv7-m/crtbegin.o
 .jcr           0x1fff8108        0x4 c:/program files (x86)/cypress/psoc creator/3.3/psoc creator/import/gnu/arm/4.9.3/bin/../lib/gcc/arm-none-eabi/4.9.3/armv7-m/crtend.o
 *(.got.plt)
 *(.got)
 *(.shdata)
 *(.data .data.* .gnu.linkonce.d.*)
 .data          0x1fff810c       0x20 .\ARM_GCC_493\Debug\main.o
                0x1fff810c                parity
                0x1fff8120                stop
 .data          0x1fff812c        0x4 .\ARM_GCC_493\Debug\Cm3Start.o
 .data          0x1fff8130        0x8 .\ARM_GCC_493\Debug\USB_UART01.a(USBUART_1_cdc.o)
                0x1fff8130                USBUART_1_lineCoding
 .data          0x1fff8138       0x10 .\ARM_GCC_493\Debug\USB_UART01.a(CyLib.o)
                0x1fff8138                cydelay_freq_hz
                0x1fff813c                cydelay_freq_khz
                0x1fff8140                cydelay_freq_mhz
                0x1fff8144                cydelay_32k_ms
 .data.impure_data
                0x1fff8148       0x60 c:/program files (x86)/cypress/psoc creator/3.3/psoc creator/import/gnu/arm/4.9.3/bin/../lib/gcc/arm-none-eabi/4.9.3/../../../../arm-none-eabi/lib/armv7-m\libg_nano.a(lib_a-impure.o)
 .data._impure_ptr
                0x1fff81a8        0x4 c:/program files (x86)/cypress/psoc creator/3.3/psoc creator/import/gnu/arm/4.9.3/bin/../lib/gcc/arm-none-eabi/4.9.3/../../../../arm-none-eabi/lib/armv7-m\libg_nano.a(lib_a-impure.o)
                0x1fff81a8                _impure_ptr
 .data.lconv    0x1fff81ac       0x38 c:/program files (x86)/cypress/psoc creator/3.3/psoc creator/import/gnu/arm/4.9.3/bin/../lib/gcc/arm-none-eabi/4.9.3/../../../../arm-none-eabi/lib/armv7-m\libg_nano.a(lib_a-locale.o)
                0x1fff81e8                . = ALIGN (0x8)
 *fill*         0x1fff81e4        0x4 
 *(.ram)
                0x1fff81e8                _edata = .

.igot.plt       0x1fff81e8        0x0 load address 0x000060a8
 .igot.plt      0x00000000        0x0 c:/program files (x86)/cypress/psoc creator/3.3/psoc creator/import/gnu/arm/4.9.3/bin/../lib/gcc/arm-none-eabi/4.9.3/armv7-m/crtbegin.o

.bss            0x1fff81e8      0x108 load address 0x000060a8
                0x1fff81e8                PROVIDE (__bss_start__, .)
 *(.shbss)
 *(.bss .bss.* .gnu.linkonce.b.*)
 .bss           0x1fff81e8       0x1c c:/program files (x86)/cypress/psoc creator/3.3/psoc creator/import/gnu/arm/4.9.3/bin/../lib/gcc/arm-none-eabi/4.9.3/armv7-m/crtbegin.o
 .bss           0x1fff8204        0x1 .\ARM_GCC_493\Debug\USB_UART01.a(USBUART_1.o)
                0x1fff8204                USBUART_1_initVar
 *fill*         0x1fff8205        0x3 
 .bss           0x1fff8208        0x4 .\ARM_GCC_493\Debug\USB_UART01.a(USBUART_1_std.o)
 .bss           0x1fff820c        0x2 .\ARM_GCC_493\Debug\USB_UART01.a(LCD.o)
                0x1fff820c                LCD_enableState
                0x1fff820d                LCD_initVar
 *fill*         0x1fff820e        0x2 
 .bss.__malloc_sbrk_start
                0x1fff8210        0x4 c:/program files (x86)/cypress/psoc creator/3.3/psoc creator/import/gnu/arm/4.9.3/bin/../lib/gcc/arm-none-eabi/4.9.3/../../../../arm-none-eabi/lib/armv7-m\libg_nano.a(lib_a-nano-mallocr.o)
                0x1fff8210                __malloc_sbrk_start
 .bss.__malloc_free_list
                0x1fff8214        0x4 c:/program files (x86)/cypress/psoc creator/3.3/psoc creator/import/gnu/arm/4.9.3/bin/../lib/gcc/arm-none-eabi/4.9.3/../../../../arm-none-eabi/lib/armv7-m\libg_nano.a(lib_a-nano-mallocr.o)
                0x1fff8214                __malloc_free_list
 *(COMMON)
 COMMON         0x1fff8218        0x5 .\ARM_GCC_493\Debug\USB_UART01.a(USBUART_1_cdc.o)
                0x1fff8218                USBUART_1_cdc_data_out_ep
                0x1fff8219                USBUART_1_cdc_data_in_ep
                0x1fff821a                USBUART_1_lineControlBitmap
                0x1fff821c                USBUART_1_lineChanged
 *fill*         0x1fff821d        0x3 
 COMMON         0x1fff8220       0x97 .\ARM_GCC_493\Debug\USB_UART01.a(USBUART_1_drv.o)
                0x1fff8220                USBUART_1_ep0Mode
                0x1fff8221                USBUART_1_lastPacketSize
                0x1fff8222                USBUART_1_configurationChanged
                0x1fff8223                USBUART_1_configuration
                0x1fff8224                USBUART_1_interfaceNumber
                0x1fff8225                USBUART_1_deviceStatus
                0x1fff8226                USBUART_1_ep0Toggle
                0x1fff8228                USBUART_1_interfaceClass
                0x1fff822c                USBUART_1_interfaceSetting
                0x1fff8230                USBUART_1_currentTD
                0x1fff823c                USBUART_1_ep0Count
                0x1fff8240                USBUART_1_EP
                0x1fff82ac                USBUART_1_interfaceSetting_last
                0x1fff82ae                USBUART_1_transferByteCount
                0x1fff82b0                USBUART_1_transferState
                0x1fff82b1                USBUART_1_device
                0x1fff82b4                USBUART_1_interfaceStatus
                0x1fff82b6                USBUART_1_deviceAddress
 *fill*         0x1fff82b7        0x1 
 COMMON         0x1fff82b8        0xa .\ARM_GCC_493\Debug\USB_UART01.a(USBUART_1_hid.o)
                0x1fff82b8                USBUART_1_hidProtocol
                0x1fff82bc                USBUART_1_hidIdleTimer
                0x1fff82c0                USBUART_1_hidIdleRate
 *fill*         0x1fff82c2        0x2 
 COMMON         0x1fff82c4       0x22 .\ARM_GCC_493\Debug\USB_UART01.a(USBUART_1_descr.o)
                0x1fff82c4                USBUART_1_idSerialNumberStringDescriptor
 *fill*         0x1fff82e6        0x2 
 COMMON         0x1fff82e8        0x4 c:/program files (x86)/cypress/psoc creator/3.3/psoc creator/import/gnu/arm/4.9.3/bin/../lib/gcc/arm-none-eabi/4.9.3/../../../../arm-none-eabi/lib/armv7-m\libg_nano.a(lib_a-reent.o)
                0x1fff82e8                errno
                0x1fff82f0                . = ALIGN (0x8)
 *fill*         0x1fff82ec        0x4 
 *(.ram.b)
                0x1fff82f0                _end = .
                0x1fff82f0                __end = .
                0x1fff82f0                PROVIDE (end, .)
                0x1fff82f0                PROVIDE (__bss_end__, .)
                0x00005fc8                __cy_region_init_ram = LOADADDR (.data)
                0x000000e0                __cy_region_init_size_ram = (_edata - ADDR (.data))
                0x00000108                __cy_region_zero_size_ram = (_end - _edata)

.heap           0x1fff82f0       0x80 load address 0x000060a8
                0x1fff82f0                . = _end
                0x1fff8370                . = (. + 0x80)
 *fill*         0x1fff82f0       0x80 
                0x1fff8370                __cy_heap_limit = .

.stack          0x20007800      0x800
                0x20007800                __cy_stack_limit = .
                0x20008000                . = (. + 0x800)
 *fill*         0x20007800      0x800 
                0x00000001                ASSERT ((__cy_stack_limit >= __cy_heap_limit), region RAM overflowed with stack)
                0x00000000                cy_checksum_exclude_size = (CY_APPL_LOADABLE == 0x1)?SIZEOF (.cy_checksum_exclude):0x0
                0x00000001                ASSERT ((cy_checksum_exclude_size <= CY_CHECKSUM_EXCLUDE_SIZE), CY_BOOT: Section .cy_checksum_exclude size exceedes specified limit.)

.cyloadermeta
 *(.cyloadermeta)

.cyloadablemeta
 *(.cyloadablemeta)

.cyconfigecc    0x80000000        0x4
 *(.cyconfigecc)
 .cyconfigecc   0x80000000        0x4 .\ARM_GCC_493\Debug\cymetadata.o
                0x80000000                cy_meta_configecc

.cycustnvl      0x90000000        0x4
 *(.cycustnvl)
 .cycustnvl     0x90000000        0x4 .\ARM_GCC_493\Debug\cymetadata.o
                0x90000000                cy_meta_custnvl

.cywolatch      0x90100000        0x4
 *(.cywolatch)
 .cywolatch     0x90100000        0x4 .\ARM_GCC_493\Debug\cymetadata.o
                0x90100000                cy_meta_wonvl

.cyeeprom       0x90200000        0x0
 *(.cyeeprom)
                0x00000001                ASSERT ((. <= ((0x90200000 + ee_offset) + ee_size)), .cyeeprom data will not fit in EEPROM)

.cyflashprotect
                0x90400000      0x100
 *(.cyflashprotect)
 .cyflashprotect
                0x90400000      0x100 .\ARM_GCC_493\Debug\cymetadata.o
                0x90400000                cy_meta_flashprotect

.cymeta         0x90500000        0xc
 *(.cymeta)
 .cymeta        0x90500000        0xc .\ARM_GCC_493\Debug\cymetadata.o
                0x90500000                cy_metadata

.rel.dyn        0x000060a8        0x0 load address 0x9050000c
 .rel.iplt      0x00000000        0x0 c:/program files (x86)/cypress/psoc creator/3.3/psoc creator/import/gnu/arm/4.9.3/bin/../lib/gcc/arm-none-eabi/4.9.3/armv7-m/crtbegin.o

.stab
 *(.stab)

.stabstr
 *(.stabstr)

.debug
 *(.debug)

.line
 *(.line)

.debug_srcinfo
 *(.debug_srcinfo)

.debug_sfnames
 *(.debug_sfnames)

.debug_aranges  0x00000000      0x918
 *(.debug_aranges)
 .debug_aranges
                0x00000000       0x20 .\ARM_GCC_493\Debug\main.o
 .debug_aranges
                0x00000020       0x18 .\ARM_GCC_493\Debug\cymetadata.o
 .debug_aranges
                0x00000038       0x48 .\ARM_GCC_493\Debug\Cm3Start.o
 .debug_aranges
                0x00000080       0x60 .\ARM_GCC_493\Debug\USB_UART01.a(cyfitter_cfg.o)
 .debug_aranges
                0x000000e0       0xb0 .\ARM_GCC_493\Debug\USB_UART01.a(USBUART_1.o)
 .debug_aranges
                0x00000190       0xb0 .\ARM_GCC_493\Debug\USB_UART01.a(USBUART_1_cdc.o)
 .debug_aranges
                0x00000240       0x98 .\ARM_GCC_493\Debug\USB_UART01.a(USBUART_1_drv.o)
 .debug_aranges
                0x000002d8       0x40 .\ARM_GCC_493\Debug\USB_UART01.a(USBUART_1_episr.o)
 .debug_aranges
                0x00000318       0x48 .\ARM_GCC_493\Debug\USB_UART01.a(USBUART_1_hid.o)
 .debug_aranges
                0x00000360       0x78 .\ARM_GCC_493\Debug\USB_UART01.a(USBUART_1_std.o)
 .debug_aranges
                0x000003d8       0x20 .\ARM_GCC_493\Debug\USB_UART01.a(USBUART_1_vnd.o)
 .debug_aranges
                0x000003f8       0x98 .\ARM_GCC_493\Debug\USB_UART01.a(LCD.o)
 .debug_aranges
                0x00000490       0x20 .\ARM_GCC_493\Debug\USB_UART01.a(CyBootAsmGnu.o)
 .debug_aranges
                0x000004b0      0x298 .\ARM_GCC_493\Debug\USB_UART01.a(CyLib.o)
 .debug_aranges
                0x00000748       0x98 .\ARM_GCC_493\Debug\USB_UART01.a(cyPm.o)
 .debug_aranges
                0x000007e0       0x20 .\ARM_GCC_493\Debug\USB_UART01.a(USBUART_1_cls.o)
 .debug_aranges
                0x00000800       0x18 .\ARM_GCC_493\Debug\USB_UART01.a(USBUART_1_descr.o)
 .debug_aranges
                0x00000818       0x88 .\ARM_GCC_493\Debug\USB_UART01.a(CyFlash.o)
 .debug_aranges
                0x000008a0       0x78 .\ARM_GCC_493\Debug\USB_UART01.a(CySpc.o)

.debug_pubnames
 *(.debug_pubnames)

.debug_info     0x00000000     0x4d2b
 *(.debug_info .gnu.linkonce.wi.*)
 .debug_info    0x00000000      0x18c .\ARM_GCC_493\Debug\main.o
 .debug_info    0x0000018c      0x139 .\ARM_GCC_493\Debug\cymetadata.o
 .debug_info    0x000002c5      0x317 .\ARM_GCC_493\Debug\Cm3Start.o
 .debug_info    0x000005dc      0x445 .\ARM_GCC_493\Debug\USB_UART01.a(cyfitter_cfg.o)
 .debug_info    0x00000a21      0x601 .\ARM_GCC_493\Debug\USB_UART01.a(USBUART_1.o)
 .debug_info    0x00001022      0x56f .\ARM_GCC_493\Debug\USB_UART01.a(USBUART_1_cdc.o)
 .debug_info    0x00001591      0x4ed .\ARM_GCC_493\Debug\USB_UART01.a(USBUART_1_drv.o)
 .debug_info    0x00001a7e      0x1a6 .\ARM_GCC_493\Debug\USB_UART01.a(USBUART_1_episr.o)
 .debug_info    0x00001c24      0x34e .\ARM_GCC_493\Debug\USB_UART01.a(USBUART_1_hid.o)
 .debug_info    0x00001f72      0x7bb .\ARM_GCC_493\Debug\USB_UART01.a(USBUART_1_std.o)
 .debug_info    0x0000272d      0x177 .\ARM_GCC_493\Debug\USB_UART01.a(USBUART_1_vnd.o)
 .debug_info    0x000028a4      0x3c4 .\ARM_GCC_493\Debug\USB_UART01.a(LCD.o)
 .debug_info    0x00002c68       0x8e .\ARM_GCC_493\Debug\USB_UART01.a(CyBootAsmGnu.o)
 .debug_info    0x00002cf6      0xe31 .\ARM_GCC_493\Debug\USB_UART01.a(CyLib.o)
 .debug_info    0x00003b27      0x55f .\ARM_GCC_493\Debug\USB_UART01.a(cyPm.o)
 .debug_info    0x00004086      0x19b .\ARM_GCC_493\Debug\USB_UART01.a(USBUART_1_cls.o)
 .debug_info    0x00004221      0x2f3 .\ARM_GCC_493\Debug\USB_UART01.a(USBUART_1_descr.o)
 .debug_info    0x00004514      0x3c1 .\ARM_GCC_493\Debug\USB_UART01.a(CyFlash.o)
 .debug_info    0x000048d5      0x456 .\ARM_GCC_493\Debug\USB_UART01.a(CySpc.o)

.debug_abbrev   0x00000000     0x16ca
 *(.debug_abbrev)
 .debug_abbrev  0x00000000       0xa4 .\ARM_GCC_493\Debug\main.o
 .debug_abbrev  0x000000a4       0x5d .\ARM_GCC_493\Debug\cymetadata.o
 .debug_abbrev  0x00000101      0x1b6 .\ARM_GCC_493\Debug\Cm3Start.o
 .debug_abbrev  0x000002b7      0x187 .\ARM_GCC_493\Debug\USB_UART01.a(cyfitter_cfg.o)
 .debug_abbrev  0x0000043e      0x1bf .\ARM_GCC_493\Debug\USB_UART01.a(USBUART_1.o)
 .debug_abbrev  0x000005fd      0x1db .\ARM_GCC_493\Debug\USB_UART01.a(USBUART_1_cdc.o)
 .debug_abbrev  0x000007d8      0x179 .\ARM_GCC_493\Debug\USB_UART01.a(USBUART_1_drv.o)
 .debug_abbrev  0x00000951       0xd2 .\ARM_GCC_493\Debug\USB_UART01.a(USBUART_1_episr.o)
 .debug_abbrev  0x00000a23      0x15e .\ARM_GCC_493\Debug\USB_UART01.a(USBUART_1_hid.o)
 .debug_abbrev  0x00000b81      0x1ac .\ARM_GCC_493\Debug\USB_UART01.a(USBUART_1_std.o)
 .debug_abbrev  0x00000d2d       0xc5 .\ARM_GCC_493\Debug\USB_UART01.a(USBUART_1_vnd.o)
 .debug_abbrev  0x00000df2      0x12d .\ARM_GCC_493\Debug\USB_UART01.a(LCD.o)
 .debug_abbrev  0x00000f1f       0x14 .\ARM_GCC_493\Debug\USB_UART01.a(CyBootAsmGnu.o)
 .debug_abbrev  0x00000f33      0x217 .\ARM_GCC_493\Debug\USB_UART01.a(CyLib.o)
 .debug_abbrev  0x0000114a      0x16e .\ARM_GCC_493\Debug\USB_UART01.a(cyPm.o)
 .debug_abbrev  0x000012b8       0xc5 .\ARM_GCC_493\Debug\USB_UART01.a(USBUART_1_cls.o)
 .debug_abbrev  0x0000137d       0xa7 .\ARM_GCC_493\Debug\USB_UART01.a(USBUART_1_descr.o)
 .debug_abbrev  0x00001424      0x12d .\ARM_GCC_493\Debug\USB_UART01.a(CyFlash.o)
 .debug_abbrev  0x00001551      0x179 .\ARM_GCC_493\Debug\USB_UART01.a(CySpc.o)

.debug_line     0x00000000     0x2846
 *(.debug_line)
 .debug_line    0x00000000      0x1ce .\ARM_GCC_493\Debug\main.o
 .debug_line    0x000001ce       0x53 .\ARM_GCC_493\Debug\cymetadata.o
 .debug_line    0x00000221      0x1d6 .\ARM_GCC_493\Debug\Cm3Start.o
 .debug_line    0x000003f7      0x1ed .\ARM_GCC_493\Debug\USB_UART01.a(cyfitter_cfg.o)
 .debug_line    0x000005e4      0x2e2 .\ARM_GCC_493\Debug\USB_UART01.a(USBUART_1.o)
 .debug_line    0x000008c6      0x242 .\ARM_GCC_493\Debug\USB_UART01.a(USBUART_1_cdc.o)
 .debug_line    0x00000b08      0x21a .\ARM_GCC_493\Debug\USB_UART01.a(USBUART_1_drv.o)
 .debug_line    0x00000d22       0xec .\ARM_GCC_493\Debug\USB_UART01.a(USBUART_1_episr.o)
 .debug_line    0x00000e0e      0x199 .\ARM_GCC_493\Debug\USB_UART01.a(USBUART_1_hid.o)
 .debug_line    0x00000fa7      0x459 .\ARM_GCC_493\Debug\USB_UART01.a(USBUART_1_std.o)
 .debug_line    0x00001400       0x97 .\ARM_GCC_493\Debug\USB_UART01.a(USBUART_1_vnd.o)
 .debug_line    0x00001497      0x1e3 .\ARM_GCC_493\Debug\USB_UART01.a(LCD.o)
 .debug_line    0x0000167a       0x7f .\ARM_GCC_493\Debug\USB_UART01.a(CyBootAsmGnu.o)
 .debug_line    0x000016f9      0x872 .\ARM_GCC_493\Debug\USB_UART01.a(CyLib.o)
 .debug_line    0x00001f6b      0x381 .\ARM_GCC_493\Debug\USB_UART01.a(cyPm.o)
 .debug_line    0x000022ec       0xa2 .\ARM_GCC_493\Debug\USB_UART01.a(USBUART_1_cls.o)
 .debug_line    0x0000238e       0x67 .\ARM_GCC_493\Debug\USB_UART01.a(USBUART_1_descr.o)
 .debug_line    0x000023f5      0x21a .\ARM_GCC_493\Debug\USB_UART01.a(CyFlash.o)
 .debug_line    0x0000260f      0x237 .\ARM_GCC_493\Debug\USB_UART01.a(CySpc.o)

.debug_frame    0x00000000     0x2b70
 *(.debug_frame)
 .debug_frame   0x00000000       0x38 .\ARM_GCC_493\Debug\main.o
 .debug_frame   0x00000038       0xd8 .\ARM_GCC_493\Debug\Cm3Start.o
 .debug_frame   0x00000110      0x16c .\ARM_GCC_493\Debug\USB_UART01.a(cyfitter_cfg.o)
 .debug_frame   0x0000027c      0x308 .\ARM_GCC_493\Debug\USB_UART01.a(USBUART_1.o)
 .debug_frame   0x00000584      0x2e4 .\ARM_GCC_493\Debug\USB_UART01.a(USBUART_1_cdc.o)
 .debug_frame   0x00000868      0x23c .\ARM_GCC_493\Debug\USB_UART01.a(USBUART_1_drv.o)
 .debug_frame   0x00000aa4       0xbc .\ARM_GCC_493\Debug\USB_UART01.a(USBUART_1_episr.o)
 .debug_frame   0x00000b60      0x100 .\ARM_GCC_493\Debug\USB_UART01.a(USBUART_1_hid.o)
 .debug_frame   0x00000c60      0x1f4 .\ARM_GCC_493\Debug\USB_UART01.a(USBUART_1_std.o)
 .debug_frame   0x00000e54       0x38 .\ARM_GCC_493\Debug\USB_UART01.a(USBUART_1_vnd.o)
 .debug_frame   0x00000e8c      0x260 .\ARM_GCC_493\Debug\USB_UART01.a(LCD.o)
 .debug_frame   0x000010ec      0xbe8 .\ARM_GCC_493\Debug\USB_UART01.a(CyLib.o)
 .debug_frame   0x00001cd4      0x234 .\ARM_GCC_493\Debug\USB_UART01.a(cyPm.o)
 .debug_frame   0x00001f08       0x38 .\ARM_GCC_493\Debug\USB_UART01.a(USBUART_1_cls.o)
 .debug_frame   0x00001f40      0x238 .\ARM_GCC_493\Debug\USB_UART01.a(CyFlash.o)
 .debug_frame   0x00002178      0x1f8 .\ARM_GCC_493\Debug\USB_UART01.a(CySpc.o)
 .debug_frame   0x00002370       0x20 c:/program files (x86)/cypress/psoc creator/3.3/psoc creator/import/gnu/arm/4.9.3/bin/../lib/gcc/arm-none-eabi/4.9.3/../../../../arm-none-eabi/lib/armv7-m\libg_nano.a(lib_a-errno.o)
 .debug_frame   0x00002390       0x28 c:/program files (x86)/cypress/psoc creator/3.3/psoc creator/import/gnu/arm/4.9.3/bin/../lib/gcc/arm-none-eabi/4.9.3/../../../../arm-none-eabi/lib/armv7-m\libg_nano.a(lib_a-exit.o)
 .debug_frame   0x000023b8       0x2c c:/program files (x86)/cypress/psoc creator/3.3/psoc creator/import/gnu/arm/4.9.3/bin/../lib/gcc/arm-none-eabi/4.9.3/../../../../arm-none-eabi/lib/armv7-m\libg_nano.a(lib_a-init.o)
 .debug_frame   0x000023e4       0x28 c:/program files (x86)/cypress/psoc creator/3.3/psoc creator/import/gnu/arm/4.9.3/bin/../lib/gcc/arm-none-eabi/4.9.3/../../../../arm-none-eabi/lib/armv7-m\libg_nano.a(lib_a-memcpy.o)
 .debug_frame   0x0000240c       0x20 c:/program files (x86)/cypress/psoc creator/3.3/psoc creator/import/gnu/arm/4.9.3/bin/../lib/gcc/arm-none-eabi/4.9.3/../../../../arm-none-eabi/lib/armv7-m\libg_nano.a(lib_a-memset.o)
 .debug_frame   0x0000242c       0x8c c:/program files (x86)/cypress/psoc creator/3.3/psoc creator/import/gnu/arm/4.9.3/bin/../lib/gcc/arm-none-eabi/4.9.3/../../../../arm-none-eabi/lib/armv7-m\libg_nano.a(lib_a-nano-vfprintf_float.o)
 .debug_frame   0x000024b8       0x58 c:/program files (x86)/cypress/psoc creator/3.3/psoc creator/import/gnu/arm/4.9.3/bin/../lib/gcc/arm-none-eabi/4.9.3/../../../../arm-none-eabi/lib/armv7-m\libg_nano.a(lib_a-nano-vfprintf_i.o)
 .debug_frame   0x00002510       0x28 c:/program files (x86)/cypress/psoc creator/3.3/psoc creator/import/gnu/arm/4.9.3/bin/../lib/gcc/arm-none-eabi/4.9.3/../../../../arm-none-eabi/lib/armv7-m\libg_nano.a(lib_a-s_fpclassify.o)
 .debug_frame   0x00002538       0x70 c:/program files (x86)/cypress/psoc creator/3.3/psoc creator/import/gnu/arm/4.9.3/bin/../lib/gcc/arm-none-eabi/4.9.3/../../../../arm-none-eabi/lib/armv7-m\libg_nano.a(lib_a-sprintf.o)
 .debug_frame   0x000025a8       0x20 c:/program files (x86)/cypress/psoc creator/3.3/psoc creator/import/gnu/arm/4.9.3/bin/../lib/gcc/arm-none-eabi/4.9.3/../../../../arm-none-eabi/lib/armv7-m\libg_nano.a(lib_a-strlen.o)
 .debug_frame   0x000025c8       0x6c c:/program files (x86)/cypress/psoc creator/3.3/psoc creator/import/gnu/arm/4.9.3/bin/../lib/gcc/arm-none-eabi/4.9.3/../../../../arm-none-eabi/lib/armv7-m\libg_nano.a(lib_a-dtoa.o)
 .debug_frame   0x00002634       0x98 c:/program files (x86)/cypress/psoc creator/3.3/psoc creator/import/gnu/arm/4.9.3/bin/../lib/gcc/arm-none-eabi/4.9.3/../../../../arm-none-eabi/lib/armv7-m\libg_nano.a(lib_a-locale.o)
 .debug_frame   0x000026cc       0x30 c:/program files (x86)/cypress/psoc creator/3.3/psoc creator/import/gnu/arm/4.9.3/bin/../lib/gcc/arm-none-eabi/4.9.3/../../../../arm-none-eabi/lib/armv7-m\libg_nano.a(lib_a-malloc.o)
 .debug_frame   0x000026fc       0x28 c:/program files (x86)/cypress/psoc creator/3.3/psoc creator/import/gnu/arm/4.9.3/bin/../lib/gcc/arm-none-eabi/4.9.3/../../../../arm-none-eabi/lib/armv7-m\libg_nano.a(lib_a-memchr.o)
 .debug_frame   0x00002724      0x230 c:/program files (x86)/cypress/psoc creator/3.3/psoc creator/import/gnu/arm/4.9.3/bin/../lib/gcc/arm-none-eabi/4.9.3/../../../../arm-none-eabi/lib/armv7-m\libg_nano.a(lib_a-mprec.o)
 .debug_frame   0x00002954       0x2c c:/program files (x86)/cypress/psoc creator/3.3/psoc creator/import/gnu/arm/4.9.3/bin/../lib/gcc/arm-none-eabi/4.9.3/../../../../arm-none-eabi/lib/armv7-m\libg_nano.a(lib_a-nano-callocr.o)
 .debug_frame   0x00002980       0x2c c:/program files (x86)/cypress/psoc creator/3.3/psoc creator/import/gnu/arm/4.9.3/bin/../lib/gcc/arm-none-eabi/4.9.3/../../../../arm-none-eabi/lib/armv7-m\libg_nano.a(lib_a-nano-freer.o)
 .debug_frame   0x000029ac       0x2c c:/program files (x86)/cypress/psoc creator/3.3/psoc creator/import/gnu/arm/4.9.3/bin/../lib/gcc/arm-none-eabi/4.9.3/../../../../arm-none-eabi/lib/armv7-m\libg_nano.a(lib_a-nano-mallocr.o)
 .debug_frame   0x000029d8       0x8c c:/program files (x86)/cypress/psoc creator/3.3/psoc creator/import/gnu/arm/4.9.3/bin/../lib/gcc/arm-none-eabi/4.9.3/../../../../arm-none-eabi/lib/armv7-m\libg_nano.a(lib_a-nano-svfprintf.o)
 .debug_frame   0x00002a64       0x2c c:/program files (x86)/cypress/psoc creator/3.3/psoc creator/import/gnu/arm/4.9.3/bin/../lib/gcc/arm-none-eabi/4.9.3/../../../../arm-none-eabi/lib/armv7-m\libg_nano.a(lib_a-sbrkr.o)
 .debug_frame   0x00002a90       0x28 c:/program files (x86)/cypress/psoc creator/3.3/psoc creator/import/gnu/arm/4.9.3/bin/../lib/gcc/arm-none-eabi/4.9.3/../../../../arm-none-eabi/lib/armv7-m\libg_nano.a(lib_a-memmove.o)
 .debug_frame   0x00002ab8       0x3c c:/program files (x86)/cypress/psoc creator/3.3/psoc creator/import/gnu/arm/4.9.3/bin/../lib/gcc/arm-none-eabi/4.9.3/../../../../arm-none-eabi/lib/armv7-m\libg_nano.a(lib_a-nano-reallocr.o)
 .debug_frame   0x00002af4       0x5c c:/program files (x86)/cypress/psoc creator/3.3/psoc creator/import/gnu/arm/4.9.3/bin/../lib/gcc/arm-none-eabi/4.9.3/../../../../arm-none-eabi/lib/armv7-m\libg_nano.a(lib_a-reent.o)
 .debug_frame   0x00002b50       0x20 c:/program files (x86)/cypress/psoc creator/3.3/psoc creator/import/gnu/arm/4.9.3/bin/../lib/gcc/arm-none-eabi/4.9.3/../../../../arm-none-eabi/lib/armv7-m\libg_nano.a(lib_a-nano-msizer.o)

.debug_str      0x00000000     0x23a6
 *(.debug_str)
 .debug_str     0x00000000      0x191 .\ARM_GCC_493\Debug\main.o
                                0x1d2 (size before relaxing)
 .debug_str     0x00000191       0x77 .\ARM_GCC_493\Debug\cymetadata.o
                                0x1e8 (size before relaxing)
 .debug_str     0x00000208      0x138 .\ARM_GCC_493\Debug\Cm3Start.o
                                0x2c9 (size before relaxing)
 .debug_str     0x00000340      0x198 .\ARM_GCC_493\Debug\USB_UART01.a(cyfitter_cfg.o)
                                0x34c (size before relaxing)
 .debug_str     0x000004d8      0x397 .\ARM_GCC_493\Debug\USB_UART01.a(USBUART_1.o)
                                0x538 (size before relaxing)
 .debug_str     0x0000086f      0x2e3 .\ARM_GCC_493\Debug\USB_UART01.a(USBUART_1_cdc.o)
                                0x51c (size before relaxing)
 .debug_str     0x00000b52      0x2c0 .\ARM_GCC_493\Debug\USB_UART01.a(USBUART_1_drv.o)
                                0x61b (size before relaxing)
 .debug_str     0x00000e12       0x8e .\ARM_GCC_493\Debug\USB_UART01.a(USBUART_1_episr.o)
                                0x282 (size before relaxing)
 .debug_str     0x00000ea0      0x136 .\ARM_GCC_493\Debug\USB_UART01.a(USBUART_1_hid.o)
                                0x38d (size before relaxing)
 .debug_str     0x00000fd6      0x2c8 .\ARM_GCC_493\Debug\USB_UART01.a(USBUART_1_std.o)
                                0x6a4 (size before relaxing)
 .debug_str     0x0000129e       0x67 .\ARM_GCC_493\Debug\USB_UART01.a(USBUART_1_vnd.o)
                                0x25b (size before relaxing)
 .debug_str     0x00001305      0x16c .\ARM_GCC_493\Debug\USB_UART01.a(LCD.o)
                                0x30b (size before relaxing)
 .debug_str     0x00001471      0x7dc .\ARM_GCC_493\Debug\USB_UART01.a(CyLib.o)
                                0x9c4 (size before relaxing)
 .debug_str     0x00001c4d      0x367 .\ARM_GCC_493\Debug\USB_UART01.a(cyPm.o)
                                0x529 (size before relaxing)
 .debug_str     0x00001fb4       0x45 .\ARM_GCC_493\Debug\USB_UART01.a(USBUART_1_cls.o)
                                0x271 (size before relaxing)
 .debug_str     0x00001ff9      0x134 .\ARM_GCC_493\Debug\USB_UART01.a(USBUART_1_descr.o)
                                0x3c2 (size before relaxing)
 .debug_str     0x0000212d      0x158 .\ARM_GCC_493\Debug\USB_UART01.a(CyFlash.o)
                                0x300 (size before relaxing)
 .debug_str     0x00002285      0x121 .\ARM_GCC_493\Debug\USB_UART01.a(CySpc.o)
                                0x2e5 (size before relaxing)

.debug_loc
 *(.debug_loc)

.debug_macinfo
 *(.debug_macinfo)

.debug_ranges   0x00000000      0x7c8
 *(.debug_ranges)
 .debug_ranges  0x00000000       0x10 .\ARM_GCC_493\Debug\main.o
 .debug_ranges  0x00000010       0x38 .\ARM_GCC_493\Debug\Cm3Start.o
 .debug_ranges  0x00000048       0x50 .\ARM_GCC_493\Debug\USB_UART01.a(cyfitter_cfg.o)
 .debug_ranges  0x00000098       0xa0 .\ARM_GCC_493\Debug\USB_UART01.a(USBUART_1.o)
 .debug_ranges  0x00000138       0xa0 .\ARM_GCC_493\Debug\USB_UART01.a(USBUART_1_cdc.o)
 .debug_ranges  0x000001d8       0x88 .\ARM_GCC_493\Debug\USB_UART01.a(USBUART_1_drv.o)
 .debug_ranges  0x00000260       0x30 .\ARM_GCC_493\Debug\USB_UART01.a(USBUART_1_episr.o)
 .debug_ranges  0x00000290       0x38 .\ARM_GCC_493\Debug\USB_UART01.a(USBUART_1_hid.o)
 .debug_ranges  0x000002c8       0x68 .\ARM_GCC_493\Debug\USB_UART01.a(USBUART_1_std.o)
 .debug_ranges  0x00000330       0x10 .\ARM_GCC_493\Debug\USB_UART01.a(USBUART_1_vnd.o)
 .debug_ranges  0x00000340       0x88 .\ARM_GCC_493\Debug\USB_UART01.a(LCD.o)
 .debug_ranges  0x000003c8      0x288 .\ARM_GCC_493\Debug\USB_UART01.a(CyLib.o)
 .debug_ranges  0x00000650       0x88 .\ARM_GCC_493\Debug\USB_UART01.a(cyPm.o)
 .debug_ranges  0x000006d8       0x10 .\ARM_GCC_493\Debug\USB_UART01.a(USBUART_1_cls.o)
 .debug_ranges  0x000006e8       0x78 .\ARM_GCC_493\Debug\USB_UART01.a(CyFlash.o)
 .debug_ranges  0x00000760       0x68 .\ARM_GCC_493\Debug\USB_UART01.a(CySpc.o)

.comment        0x00000000       0x70
 .comment       0x00000000       0x70 .\ARM_GCC_493\Debug\main.o
                                 0x71 (size before relaxing)
 .comment       0x00000000       0x71 .\ARM_GCC_493\Debug\cymetadata.o
 .comment       0x00000000       0x71 .\ARM_GCC_493\Debug\Cm3Start.o
 .comment       0x00000000       0x71 .\ARM_GCC_493\Debug\USB_UART01.a(cyfitter_cfg.o)
 .comment       0x00000000       0x71 .\ARM_GCC_493\Debug\USB_UART01.a(USBUART_1.o)
 .comment       0x00000000       0x71 .\ARM_GCC_493\Debug\USB_UART01.a(USBUART_1_cdc.o)
 .comment       0x00000000       0x71 .\ARM_GCC_493\Debug\USB_UART01.a(USBUART_1_drv.o)
 .comment       0x00000000       0x71 .\ARM_GCC_493\Debug\USB_UART01.a(USBUART_1_episr.o)
 .comment       0x00000000       0x71 .\ARM_GCC_493\Debug\USB_UART01.a(USBUART_1_hid.o)
 .comment       0x00000000       0x71 .\ARM_GCC_493\Debug\USB_UART01.a(USBUART_1_std.o)
 .comment       0x00000000       0x71 .\ARM_GCC_493\Debug\USB_UART01.a(USBUART_1_vnd.o)
 .comment       0x00000000       0x71 .\ARM_GCC_493\Debug\USB_UART01.a(LCD.o)
 .comment       0x00000000       0x71 .\ARM_GCC_493\Debug\USB_UART01.a(CyLib.o)
 .comment       0x00000000       0x71 .\ARM_GCC_493\Debug\USB_UART01.a(cyPm.o)
 .comment       0x00000000       0x71 .\ARM_GCC_493\Debug\USB_UART01.a(USBUART_1_cls.o)
 .comment       0x00000000       0x71 .\ARM_GCC_493\Debug\USB_UART01.a(USBUART_1_descr.o)
 .comment       0x00000000       0x71 .\ARM_GCC_493\Debug\USB_UART01.a(CyFlash.o)
 .comment       0x00000000       0x71 .\ARM_GCC_493\Debug\USB_UART01.a(CySpc.o)

.debug_weaknames
 *(.debug_weaknames)

.debug_funcnames
 *(.debug_funcnames)

.debug_typenames
 *(.debug_typenames)

.debug_varnames
 *(.debug_varnames)

.note.gnu.arm.ident
 *(.note.gnu.arm.ident)

.ARM.attributes
                0x00000000       0x29
 *(.ARM.attributes)
 .ARM.attributes
                0x00000000       0x1d c:/program files (x86)/cypress/psoc creator/3.3/psoc creator/import/gnu/arm/4.9.3/bin/../lib/gcc/arm-none-eabi/4.9.3/armv7-m/crti.o
 .ARM.attributes
                0x0000001d       0x2d c:/program files (x86)/cypress/psoc creator/3.3/psoc creator/import/gnu/arm/4.9.3/bin/../lib/gcc/arm-none-eabi/4.9.3/armv7-m/crtbegin.o
 .ARM.attributes
                0x0000004a       0x1b c:/program files (x86)/cypress/psoc creator/3.3/psoc creator/import/gnu/arm/4.9.3/bin/../lib/gcc/arm-none-eabi/4.9.3/../../../../arm-none-eabi/lib/armv7-m/crt0.o
 .ARM.attributes
                0x00000065       0x33 .\ARM_GCC_493\Debug\main.o
 .ARM.attributes
                0x00000098       0x33 .\ARM_GCC_493\Debug\cymetadata.o
 .ARM.attributes
                0x000000cb       0x33 .\ARM_GCC_493\Debug\Cm3Start.o
 .ARM.attributes
                0x000000fe       0x33 .\ARM_GCC_493\Debug\USB_UART01.a(cyfitter_cfg.o)
 .ARM.attributes
                0x00000131       0x33 .\ARM_GCC_493\Debug\USB_UART01.a(USBUART_1.o)
 .ARM.attributes
                0x00000164       0x33 .\ARM_GCC_493\Debug\USB_UART01.a(USBUART_1_cdc.o)
 .ARM.attributes
                0x00000197       0x33 .\ARM_GCC_493\Debug\USB_UART01.a(USBUART_1_drv.o)
 .ARM.attributes
                0x000001ca       0x33 .\ARM_GCC_493\Debug\USB_UART01.a(USBUART_1_episr.o)
 .ARM.attributes
                0x000001fd       0x33 .\ARM_GCC_493\Debug\USB_UART01.a(USBUART_1_hid.o)
 .ARM.attributes
                0x00000230       0x33 .\ARM_GCC_493\Debug\USB_UART01.a(USBUART_1_std.o)
 .ARM.attributes
                0x00000263       0x33 .\ARM_GCC_493\Debug\USB_UART01.a(USBUART_1_vnd.o)
 .ARM.attributes
                0x00000296       0x33 .\ARM_GCC_493\Debug\USB_UART01.a(LCD.o)
 .ARM.attributes
                0x000002c9       0x21 .\ARM_GCC_493\Debug\USB_UART01.a(CyBootAsmGnu.o)
 .ARM.attributes
                0x000002ea       0x33 .\ARM_GCC_493\Debug\USB_UART01.a(CyLib.o)
 .ARM.attributes
                0x0000031d       0x33 .\ARM_GCC_493\Debug\USB_UART01.a(cyPm.o)
 .ARM.attributes
                0x00000350       0x33 .\ARM_GCC_493\Debug\USB_UART01.a(USBUART_1_cls.o)
 .ARM.attributes
                0x00000383       0x33 .\ARM_GCC_493\Debug\USB_UART01.a(USBUART_1_descr.o)
 .ARM.attributes
                0x000003b6       0x33 .\ARM_GCC_493\Debug\USB_UART01.a(CyFlash.o)
 .ARM.attributes
                0x000003e9       0x33 .\ARM_GCC_493\Debug\USB_UART01.a(CySpc.o)
 .ARM.attributes
                0x0000041c       0x2d c:/program files (x86)/cypress/psoc creator/3.3/psoc creator/import/gnu/arm/4.9.3/bin/../lib/gcc/arm-none-eabi/4.9.3/../../../../arm-none-eabi/lib/armv7-m\libg_nano.a(lib_a-errno.o)
 .ARM.attributes
                0x00000449       0x2d c:/program files (x86)/cypress/psoc creator/3.3/psoc creator/import/gnu/arm/4.9.3/bin/../lib/gcc/arm-none-eabi/4.9.3/../../../../arm-none-eabi/lib/armv7-m\libg_nano.a(lib_a-exit.o)
 .ARM.attributes
                0x00000476       0x2d c:/program files (x86)/cypress/psoc creator/3.3/psoc creator/import/gnu/arm/4.9.3/bin/../lib/gcc/arm-none-eabi/4.9.3/../../../../arm-none-eabi/lib/armv7-m\libg_nano.a(lib_a-impure.o)
 .ARM.attributes
                0x000004a3       0x2d c:/program files (x86)/cypress/psoc creator/3.3/psoc creator/import/gnu/arm/4.9.3/bin/../lib/gcc/arm-none-eabi/4.9.3/../../../../arm-none-eabi/lib/armv7-m\libg_nano.a(lib_a-init.o)
 .ARM.attributes
                0x000004d0       0x2d c:/program files (x86)/cypress/psoc creator/3.3/psoc creator/import/gnu/arm/4.9.3/bin/../lib/gcc/arm-none-eabi/4.9.3/../../../../arm-none-eabi/lib/armv7-m\libg_nano.a(lib_a-memcpy.o)
 .ARM.attributes
                0x000004fd       0x2d c:/program files (x86)/cypress/psoc creator/3.3/psoc creator/import/gnu/arm/4.9.3/bin/../lib/gcc/arm-none-eabi/4.9.3/../../../../arm-none-eabi/lib/armv7-m\libg_nano.a(lib_a-memset.o)
 .ARM.attributes
                0x0000052a       0x2d c:/program files (x86)/cypress/psoc creator/3.3/psoc creator/import/gnu/arm/4.9.3/bin/../lib/gcc/arm-none-eabi/4.9.3/../../../../arm-none-eabi/lib/armv7-m\libg_nano.a(lib_a-nano-vfprintf_float.o)
 .ARM.attributes
                0x00000557       0x2d c:/program files (x86)/cypress/psoc creator/3.3/psoc creator/import/gnu/arm/4.9.3/bin/../lib/gcc/arm-none-eabi/4.9.3/../../../../arm-none-eabi/lib/armv7-m\libg_nano.a(lib_a-nano-vfprintf_i.o)
 .ARM.attributes
                0x00000584       0x2d c:/program files (x86)/cypress/psoc creator/3.3/psoc creator/import/gnu/arm/4.9.3/bin/../lib/gcc/arm-none-eabi/4.9.3/../../../../arm-none-eabi/lib/armv7-m\libg_nano.a(lib_a-s_fpclassify.o)
 .ARM.attributes
                0x000005b1       0x2d c:/program files (x86)/cypress/psoc creator/3.3/psoc creator/import/gnu/arm/4.9.3/bin/../lib/gcc/arm-none-eabi/4.9.3/../../../../arm-none-eabi/lib/armv7-m\libg_nano.a(lib_a-sprintf.o)
 .ARM.attributes
                0x000005de       0x2d c:/program files (x86)/cypress/psoc creator/3.3/psoc creator/import/gnu/arm/4.9.3/bin/../lib/gcc/arm-none-eabi/4.9.3/../../../../arm-none-eabi/lib/armv7-m\libg_nano.a(lib_a-strlen.o)
 .ARM.attributes
                0x0000060b       0x2d c:/program files (x86)/cypress/psoc creator/3.3/psoc creator/import/gnu/arm/4.9.3/bin/../lib/gcc/arm-none-eabi/4.9.3/../../../../arm-none-eabi/lib/armv7-m\libg_nano.a(lib_a-dtoa.o)
 .ARM.attributes
                0x00000638       0x2d c:/program files (x86)/cypress/psoc creator/3.3/psoc creator/import/gnu/arm/4.9.3/bin/../lib/gcc/arm-none-eabi/4.9.3/../../../../arm-none-eabi/lib/armv7-m\libg_nano.a(lib_a-locale.o)
 .ARM.attributes
                0x00000665       0x2d c:/program files (x86)/cypress/psoc creator/3.3/psoc creator/import/gnu/arm/4.9.3/bin/../lib/gcc/arm-none-eabi/4.9.3/../../../../arm-none-eabi/lib/armv7-m\libg_nano.a(lib_a-malloc.o)
 .ARM.attributes
                0x00000692       0x2d c:/program files (x86)/cypress/psoc creator/3.3/psoc creator/import/gnu/arm/4.9.3/bin/../lib/gcc/arm-none-eabi/4.9.3/../../../../arm-none-eabi/lib/armv7-m\libg_nano.a(lib_a-memchr.o)
 .ARM.attributes
                0x000006bf       0x2d c:/program files (x86)/cypress/psoc creator/3.3/psoc creator/import/gnu/arm/4.9.3/bin/../lib/gcc/arm-none-eabi/4.9.3/../../../../arm-none-eabi/lib/armv7-m\libg_nano.a(lib_a-mprec.o)
 .ARM.attributes
                0x000006ec       0x2d c:/program files (x86)/cypress/psoc creator/3.3/psoc creator/import/gnu/arm/4.9.3/bin/../lib/gcc/arm-none-eabi/4.9.3/../../../../arm-none-eabi/lib/armv7-m\libg_nano.a(lib_a-nano-callocr.o)
 .ARM.attributes
                0x00000719       0x2d c:/program files (x86)/cypress/psoc creator/3.3/psoc creator/import/gnu/arm/4.9.3/bin/../lib/gcc/arm-none-eabi/4.9.3/../../../../arm-none-eabi/lib/armv7-m\libg_nano.a(lib_a-nano-freer.o)
 .ARM.attributes
                0x00000746       0x2d c:/program files (x86)/cypress/psoc creator/3.3/psoc creator/import/gnu/arm/4.9.3/bin/../lib/gcc/arm-none-eabi/4.9.3/../../../../arm-none-eabi/lib/armv7-m\libg_nano.a(lib_a-nano-mallocr.o)
 .ARM.attributes
                0x00000773       0x2d c:/program files (x86)/cypress/psoc creator/3.3/psoc creator/import/gnu/arm/4.9.3/bin/../lib/gcc/arm-none-eabi/4.9.3/../../../../arm-none-eabi/lib/armv7-m\libg_nano.a(lib_a-nano-svfprintf.o)
 .ARM.attributes
                0x000007a0       0x2d c:/program files (x86)/cypress/psoc creator/3.3/psoc creator/import/gnu/arm/4.9.3/bin/../lib/gcc/arm-none-eabi/4.9.3/../../../../arm-none-eabi/lib/armv7-m\libg_nano.a(lib_a-sbrkr.o)
 .ARM.attributes
                0x000007cd       0x1b c:/program files (x86)/cypress/psoc creator/3.3/psoc creator/import/gnu/arm/4.9.3/bin/../lib/gcc/arm-none-eabi/4.9.3/../../../../arm-none-eabi/lib/armv7-m\libg_nano.a(lib_a-strcmp.o)
 .ARM.attributes
                0x000007e8       0x2d c:/program files (x86)/cypress/psoc creator/3.3/psoc creator/import/gnu/arm/4.9.3/bin/../lib/gcc/arm-none-eabi/4.9.3/../../../../arm-none-eabi/lib/armv7-m\libg_nano.a(lib_a-memmove.o)
 .ARM.attributes
                0x00000815       0x2d c:/program files (x86)/cypress/psoc creator/3.3/psoc creator/import/gnu/arm/4.9.3/bin/../lib/gcc/arm-none-eabi/4.9.3/../../../../arm-none-eabi/lib/armv7-m\libg_nano.a(lib_a-nano-reallocr.o)
 .ARM.attributes
                0x00000842       0x2d c:/program files (x86)/cypress/psoc creator/3.3/psoc creator/import/gnu/arm/4.9.3/bin/../lib/gcc/arm-none-eabi/4.9.3/../../../../arm-none-eabi/lib/armv7-m\libg_nano.a(lib_a-reent.o)
 .ARM.attributes
                0x0000086f       0x2d c:/program files (x86)/cypress/psoc creator/3.3/psoc creator/import/gnu/arm/4.9.3/bin/../lib/gcc/arm-none-eabi/4.9.3/../../../../arm-none-eabi/lib/armv7-m\libg_nano.a(lib_a-nano-msizer.o)
 .ARM.attributes
                0x0000089c       0x1d c:/program files (x86)/cypress/psoc creator/3.3/psoc creator/import/gnu/arm/4.9.3/bin/../lib/gcc/arm-none-eabi/4.9.3/armv7-m\libgcc.a(_arm_addsubdf3.o)
 .ARM.attributes
                0x000008b9       0x1d c:/program files (x86)/cypress/psoc creator/3.3/psoc creator/import/gnu/arm/4.9.3/bin/../lib/gcc/arm-none-eabi/4.9.3/armv7-m\libgcc.a(_arm_muldivdf3.o)
 .ARM.attributes
                0x000008d6       0x1d c:/program files (x86)/cypress/psoc creator/3.3/psoc creator/import/gnu/arm/4.9.3/bin/../lib/gcc/arm-none-eabi/4.9.3/armv7-m\libgcc.a(_arm_cmpdf2.o)
 .ARM.attributes
                0x000008f3       0x1d c:/program files (x86)/cypress/psoc creator/3.3/psoc creator/import/gnu/arm/4.9.3/bin/../lib/gcc/arm-none-eabi/4.9.3/armv7-m\libgcc.a(_arm_fixdfsi.o)
 .ARM.attributes
                0x00000910       0x2d c:/program files (x86)/cypress/psoc creator/3.3/psoc creator/import/gnu/arm/4.9.3/bin/../lib/gcc/arm-none-eabi/4.9.3/armv7-m/crtend.o
 .ARM.attributes
                0x0000093d       0x1d c:/program files (x86)/cypress/psoc creator/3.3/psoc creator/import/gnu/arm/4.9.3/bin/../lib/gcc/arm-none-eabi/4.9.3/armv7-m/crtn.o

/DISCARD/
 *(.note.GNU-stack)
OUTPUT(.\ARM_GCC_493\Debug\USB_UART01.elf elf32-littlearm)
