Archive member included because of file (symbol)

.\ARM_GCC_493\Debug\USB_UART01.a(cyfitter_cfg.o)
                              .\ARM_GCC_493\Debug\Cm3Start.o (cyfitter_cfg)
.\ARM_GCC_493\Debug\USB_UART01.a(USBUART_1.o)
                              .\ARM_GCC_493\Debug\main.o (USBUART_1_Start)
.\ARM_GCC_493\Debug\USB_UART01.a(USBUART_1_cdc.o)
                              .\ARM_GCC_493\Debug\main.o (USBUART_1_CDC_Init)
.\ARM_GCC_493\Debug\USB_UART01.a(USBUART_1_drv.o)
                              .\ARM_GCC_493\Debug\USB_UART01.a(USBUART_1.o) (USBUART_1_EP)
.\ARM_GCC_493\Debug\USB_UART01.a(USBUART_1_episr.o)
                              .\ARM_GCC_493\Debug\USB_UART01.a(USBUART_1.o) (USBUART_1_EP_1_ISR)
.\ARM_GCC_493\Debug\USB_UART01.a(USBUART_1_hid.o)
                              .\ARM_GCC_493\Debug\USB_UART01.a(USBUART_1.o) (USBUART_1_hidProtocol)
.\ARM_GCC_493\Debug\USB_UART01.a(USBUART_1_std.o)
                              .\ARM_GCC_493\Debug\USB_UART01.a(USBUART_1_drv.o) (USBUART_1_HandleStandardRqst)
.\ARM_GCC_493\Debug\USB_UART01.a(USBUART_1_vnd.o)
                              .\ARM_GCC_493\Debug\USB_UART01.a(USBUART_1_drv.o) (USBUART_1_HandleVendorRqst)
.\ARM_GCC_493\Debug\USB_UART01.a(LCD.o)
                              .\ARM_GCC_493\Debug\main.o (LCD_Start)
.\ARM_GCC_493\Debug\USB_UART01.a(CyBootAsmGnu.o)
                              .\ARM_GCC_493\Debug\USB_UART01.a(cyfitter_cfg.o) (CyDelayCycles)
.\ARM_GCC_493\Debug\USB_UART01.a(CyLib.o)
                              .\ARM_GCC_493\Debug\Cm3Start.o (CyResetStatus)
.\ARM_GCC_493\Debug\USB_UART01.a(cyPm.o)
                              .\ARM_GCC_493\Debug\USB_UART01.a(CyLib.o) (CyPmReadStatus)
.\ARM_GCC_493\Debug\USB_UART01.a(TX_pin.o)
                              .\ARM_GCC_493\Debug\main.o (TX_pin_Write)
.\ARM_GCC_493\Debug\USB_UART01.a(Timer.o)
                              .\ARM_GCC_493\Debug\main.o (Timer_Start)
.\ARM_GCC_493\Debug\USB_UART01.a(TimerISR.o)
                              .\ARM_GCC_493\Debug\main.o (TimerISR_StartEx)
.\ARM_GCC_493\Debug\USB_UART01.a(USBUART_1_cls.o)
                              .\ARM_GCC_493\Debug\USB_UART01.a(USBUART_1_drv.o) (USBUART_1_DispatchClassRqst)
.\ARM_GCC_493\Debug\USB_UART01.a(USBUART_1_descr.o)
                              .\ARM_GCC_493\Debug\USB_UART01.a(USBUART_1_std.o) (USBUART_1_DEVICE0_DESCR)
.\ARM_GCC_493\Debug\USB_UART01.a(CyFlash.o)
                              .\ARM_GCC_493\Debug\USB_UART01.a(cyPm.o) (CyFlash_SetWaitCycles)
.\ARM_GCC_493\Debug\USB_UART01.a(CySpc.o)
                              .\ARM_GCC_493\Debug\USB_UART01.a(CyFlash.o) (CySpcStart)
d:/program files/cypress/psoc creator/3.3/psoc creator/import/gnu/arm/4.9.3/bin/../lib/gcc/arm-none-eabi/4.9.3/../../../../arm-none-eabi/lib/armv7-m\libg_nano.a(lib_a-errno.o)
                              .\ARM_GCC_493\Debug\Cm3Start.o (__errno)
d:/program files/cypress/psoc creator/3.3/psoc creator/import/gnu/arm/4.9.3/bin/../lib/gcc/arm-none-eabi/4.9.3/../../../../arm-none-eabi/lib/armv7-m\libg_nano.a(lib_a-exit.o)
                              d:/program files/cypress/psoc creator/3.3/psoc creator/import/gnu/arm/4.9.3/bin/../lib/gcc/arm-none-eabi/4.9.3/../../../../arm-none-eabi/lib/armv7-m/crt0.o (exit)
d:/program files/cypress/psoc creator/3.3/psoc creator/import/gnu/arm/4.9.3/bin/../lib/gcc/arm-none-eabi/4.9.3/../../../../arm-none-eabi/lib/armv7-m\libg_nano.a(lib_a-impure.o)
                              d:/program files/cypress/psoc creator/3.3/psoc creator/import/gnu/arm/4.9.3/bin/../lib/gcc/arm-none-eabi/4.9.3/../../../../arm-none-eabi/lib/armv7-m\libg_nano.a(lib_a-exit.o) (_global_impure_ptr)
d:/program files/cypress/psoc creator/3.3/psoc creator/import/gnu/arm/4.9.3/bin/../lib/gcc/arm-none-eabi/4.9.3/../../../../arm-none-eabi/lib/armv7-m\libg_nano.a(lib_a-init.o)
                              d:/program files/cypress/psoc creator/3.3/psoc creator/import/gnu/arm/4.9.3/bin/../lib/gcc/arm-none-eabi/4.9.3/../../../../arm-none-eabi/lib/armv7-m/crt0.o (__libc_init_array)
d:/program files/cypress/psoc creator/3.3/psoc creator/import/gnu/arm/4.9.3/bin/../lib/gcc/arm-none-eabi/4.9.3/../../../../arm-none-eabi/lib/armv7-m\libg_nano.a(lib_a-memcpy.o)
                              .\ARM_GCC_493\Debug\USB_UART01.a(cyfitter_cfg.o) (memcpy)
d:/program files/cypress/psoc creator/3.3/psoc creator/import/gnu/arm/4.9.3/bin/../lib/gcc/arm-none-eabi/4.9.3/../../../../arm-none-eabi/lib/armv7-m\libg_nano.a(lib_a-memset.o)
                              d:/program files/cypress/psoc creator/3.3/psoc creator/import/gnu/arm/4.9.3/bin/../lib/gcc/arm-none-eabi/4.9.3/../../../../arm-none-eabi/lib/armv7-m/crt0.o (memset)

Allocating common symbols
Common symbol       size              file

lengthOfData        0x4               .\ARM_GCC_493\Debug\main.o
USBUART_1_ep0Mode   0x1               .\ARM_GCC_493\Debug\USB_UART01.a(USBUART_1_drv.o)
USBUART_1_cdc_data_out_ep
                    0x1               .\ARM_GCC_493\Debug\USB_UART01.a(USBUART_1_cdc.o)
USBUART_1_lastPacketSize
                    0x1               .\ARM_GCC_493\Debug\USB_UART01.a(USBUART_1_drv.o)
USBUART_1_hidProtocol
                    0x2               .\ARM_GCC_493\Debug\USB_UART01.a(USBUART_1_hid.o)
USBUART_1_configurationChanged
                    0x1               .\ARM_GCC_493\Debug\USB_UART01.a(USBUART_1_drv.o)
USBUART_1_configuration
                    0x1               .\ARM_GCC_493\Debug\USB_UART01.a(USBUART_1_drv.o)
USBUART_1_interfaceNumber
                    0x1               .\ARM_GCC_493\Debug\USB_UART01.a(USBUART_1_drv.o)
USBUART_1_deviceStatus
                    0x1               .\ARM_GCC_493\Debug\USB_UART01.a(USBUART_1_drv.o)
USBUART_1_cdc_data_in_ep
                    0x1               .\ARM_GCC_493\Debug\USB_UART01.a(USBUART_1_cdc.o)
USBUART_1_lineControlBitmap
                    0x2               .\ARM_GCC_493\Debug\USB_UART01.a(USBUART_1_cdc.o)
USBUART_1_ep0Toggle
                    0x1               .\ARM_GCC_493\Debug\USB_UART01.a(USBUART_1_drv.o)
diffManEncodedData  0xc80             .\ARM_GCC_493\Debug\main.o
USBUART_1_interfaceClass
                    0x4               .\ARM_GCC_493\Debug\USB_UART01.a(USBUART_1_drv.o)
USBUART_1_interfaceSetting
                    0x2               .\ARM_GCC_493\Debug\USB_UART01.a(USBUART_1_drv.o)
USBUART_1_currentTD
                    0xc               .\ARM_GCC_493\Debug\USB_UART01.a(USBUART_1_drv.o)
USBUART_1_ep0Count  0x1               .\ARM_GCC_493\Debug\USB_UART01.a(USBUART_1_drv.o)
USBUART_1_hidIdleTimer
                    0x2               .\ARM_GCC_493\Debug\USB_UART01.a(USBUART_1_hid.o)
USBUART_1_EP        0x6c              .\ARM_GCC_493\Debug\USB_UART01.a(USBUART_1_drv.o)
USBUART_1_interfaceSetting_last
                    0x2               .\ARM_GCC_493\Debug\USB_UART01.a(USBUART_1_drv.o)
USBUART_1_transferByteCount
                    0x2               .\ARM_GCC_493\Debug\USB_UART01.a(USBUART_1_drv.o)
USBUART_1_transferState
                    0x1               .\ARM_GCC_493\Debug\USB_UART01.a(USBUART_1_drv.o)
USBUART_1_device    0x1               .\ARM_GCC_493\Debug\USB_UART01.a(USBUART_1_drv.o)
dieTemperature      0x2               .\ARM_GCC_493\Debug\USB_UART01.a(CyFlash.o)
USBUART_1_interfaceStatus
                    0x2               .\ARM_GCC_493\Debug\USB_UART01.a(USBUART_1_drv.o)
timerExpired        0x1               .\ARM_GCC_493\Debug\main.o
USBUART_1_deviceAddress
                    0x1               .\ARM_GCC_493\Debug\USB_UART01.a(USBUART_1_drv.o)
USBUART_1_lineChanged
                    0x1               .\ARM_GCC_493\Debug\USB_UART01.a(USBUART_1_cdc.o)
USBUART_1_idSerialNumberStringDescriptor
                    0x22              .\ARM_GCC_493\Debug\USB_UART01.a(USBUART_1_descr.o)
USBUART_1_hidIdleRate
                    0x2               .\ARM_GCC_493\Debug\USB_UART01.a(USBUART_1_hid.o)

Discarded input sections

 .text          0x00000000        0x0 d:/program files/cypress/psoc creator/3.3/psoc creator/import/gnu/arm/4.9.3/bin/../lib/gcc/arm-none-eabi/4.9.3/armv7-m/crti.o
 .data          0x00000000        0x0 d:/program files/cypress/psoc creator/3.3/psoc creator/import/gnu/arm/4.9.3/bin/../lib/gcc/arm-none-eabi/4.9.3/armv7-m/crti.o
 .bss           0x00000000        0x0 d:/program files/cypress/psoc creator/3.3/psoc creator/import/gnu/arm/4.9.3/bin/../lib/gcc/arm-none-eabi/4.9.3/armv7-m/crti.o
 .data          0x00000000        0x4 d:/program files/cypress/psoc creator/3.3/psoc creator/import/gnu/arm/4.9.3/bin/../lib/gcc/arm-none-eabi/4.9.3/armv7-m/crtbegin.o
 .text          0x00000000       0x74 d:/program files/cypress/psoc creator/3.3/psoc creator/import/gnu/arm/4.9.3/bin/../lib/gcc/arm-none-eabi/4.9.3/../../../../arm-none-eabi/lib/armv7-m/crt0.o
 .data          0x00000000        0x0 d:/program files/cypress/psoc creator/3.3/psoc creator/import/gnu/arm/4.9.3/bin/../lib/gcc/arm-none-eabi/4.9.3/../../../../arm-none-eabi/lib/armv7-m/crt0.o
 .bss           0x00000000        0x0 d:/program files/cypress/psoc creator/3.3/psoc creator/import/gnu/arm/4.9.3/bin/../lib/gcc/arm-none-eabi/4.9.3/../../../../arm-none-eabi/lib/armv7-m/crt0.o
 .ARM.extab     0x00000000        0x0 d:/program files/cypress/psoc creator/3.3/psoc creator/import/gnu/arm/4.9.3/bin/../lib/gcc/arm-none-eabi/4.9.3/../../../../arm-none-eabi/lib/armv7-m/crt0.o
 .ARM.exidx     0x00000000        0x8 d:/program files/cypress/psoc creator/3.3/psoc creator/import/gnu/arm/4.9.3/bin/../lib/gcc/arm-none-eabi/4.9.3/../../../../arm-none-eabi/lib/armv7-m/crt0.o
 .text          0x00000000        0x0 .\ARM_GCC_493\Debug\main.o
 .data          0x00000000        0x0 .\ARM_GCC_493\Debug\main.o
 .text          0x00000000        0x0 .\ARM_GCC_493\Debug\cymetadata.o
 .data          0x00000000        0x0 .\ARM_GCC_493\Debug\cymetadata.o
 .bss           0x00000000        0x0 .\ARM_GCC_493\Debug\cymetadata.o
 .text          0x00000000        0x0 .\ARM_GCC_493\Debug\Cm3Start.o
 .data          0x00000000        0x4 .\ARM_GCC_493\Debug\Cm3Start.o
 .bss           0x00000000        0x0 .\ARM_GCC_493\Debug\Cm3Start.o
 .text._exit    0x00000000       0x14 .\ARM_GCC_493\Debug\Cm3Start.o
 .text._sbrk    0x00000000       0x50 .\ARM_GCC_493\Debug\Cm3Start.o
 .text          0x00000000        0x0 .\ARM_GCC_493\Debug\USB_UART01.a(cyfitter_cfg.o)
 .data          0x00000000        0x0 .\ARM_GCC_493\Debug\USB_UART01.a(cyfitter_cfg.o)
 .bss           0x00000000        0x0 .\ARM_GCC_493\Debug\USB_UART01.a(cyfitter_cfg.o)
 .text.SetAnalogRoutingPumps
                0x00000000       0x28 .\ARM_GCC_493\Debug\USB_UART01.a(cyfitter_cfg.o)
 .text          0x00000000        0x0 .\ARM_GCC_493\Debug\USB_UART01.a(USBUART_1.o)
 .data          0x00000000        0x0 .\ARM_GCC_493\Debug\USB_UART01.a(USBUART_1.o)
 .text.USBUART_1_Stop
                0x00000000       0xc0 .\ARM_GCC_493\Debug\USB_UART01.a(USBUART_1.o)
 .text.USBUART_1_CheckActivity
                0x00000000       0x34 .\ARM_GCC_493\Debug\USB_UART01.a(USBUART_1.o)
 .text.USBUART_1_GetInterfaceSetting
                0x00000000       0x24 .\ARM_GCC_493\Debug\USB_UART01.a(USBUART_1.o)
 .text.USBUART_1_GetEPState
                0x00000000       0x2c .\ARM_GCC_493\Debug\USB_UART01.a(USBUART_1.o)
 .text.USBUART_1_DisableOutEP
                0x00000000       0x38 .\ARM_GCC_493\Debug\USB_UART01.a(USBUART_1.o)
 .text.USBUART_1_Force
                0x00000000       0x20 .\ARM_GCC_493\Debug\USB_UART01.a(USBUART_1.o)
 .text.USBUART_1_GetEPAckState
                0x00000000       0x48 .\ARM_GCC_493\Debug\USB_UART01.a(USBUART_1.o)
 .text.USBUART_1_SetPowerStatus
                0x00000000       0x40 .\ARM_GCC_493\Debug\USB_UART01.a(USBUART_1.o)
 .text.USBUART_1_RWUEnabled
                0x00000000       0x30 .\ARM_GCC_493\Debug\USB_UART01.a(USBUART_1.o)
 .text          0x00000000        0x0 .\ARM_GCC_493\Debug\USB_UART01.a(USBUART_1_cdc.o)
 .bss           0x00000000        0x0 .\ARM_GCC_493\Debug\USB_UART01.a(USBUART_1_cdc.o)
 .text.USBUART_1_PutData
                0x00000000       0x6c .\ARM_GCC_493\Debug\USB_UART01.a(USBUART_1_cdc.o)
 .text.USBUART_1_StrLen
                0x00000000       0x30 .\ARM_GCC_493\Debug\USB_UART01.a(USBUART_1_cdc.o)
 .text.USBUART_1_PutString
                0x00000000       0xec .\ARM_GCC_493\Debug\USB_UART01.a(USBUART_1_cdc.o)
 .text.USBUART_1_GetCount
                0x00000000       0x4c .\ARM_GCC_493\Debug\USB_UART01.a(USBUART_1_cdc.o)
 .text.USBUART_1_GetData
                0x00000000       0x2c .\ARM_GCC_493\Debug\USB_UART01.a(USBUART_1_cdc.o)
 .text.USBUART_1_GetAll
                0x00000000       0x44 .\ARM_GCC_493\Debug\USB_UART01.a(USBUART_1_cdc.o)
 .text.USBUART_1_IsLineChanged
                0x00000000       0x40 .\ARM_GCC_493\Debug\USB_UART01.a(USBUART_1_cdc.o)
 .text.USBUART_1_GetDTERate
                0x00000000       0x4c .\ARM_GCC_493\Debug\USB_UART01.a(USBUART_1_cdc.o)
 .text.USBUART_1_GetCharFormat
                0x00000000       0x18 .\ARM_GCC_493\Debug\USB_UART01.a(USBUART_1_cdc.o)
 .text.USBUART_1_GetParityType
                0x00000000       0x18 .\ARM_GCC_493\Debug\USB_UART01.a(USBUART_1_cdc.o)
 .text.USBUART_1_GetDataBits
                0x00000000       0x18 .\ARM_GCC_493\Debug\USB_UART01.a(USBUART_1_cdc.o)
 .text.USBUART_1_GetLineControl
                0x00000000       0x18 .\ARM_GCC_493\Debug\USB_UART01.a(USBUART_1_cdc.o)
 .text          0x00000000        0x0 .\ARM_GCC_493\Debug\USB_UART01.a(USBUART_1_drv.o)
 .data          0x00000000        0x0 .\ARM_GCC_493\Debug\USB_UART01.a(USBUART_1_drv.o)
 .bss           0x00000000        0x0 .\ARM_GCC_493\Debug\USB_UART01.a(USBUART_1_drv.o)
 .text          0x00000000        0x0 .\ARM_GCC_493\Debug\USB_UART01.a(USBUART_1_episr.o)
 .data          0x00000000        0x0 .\ARM_GCC_493\Debug\USB_UART01.a(USBUART_1_episr.o)
 .bss           0x00000000        0x0 .\ARM_GCC_493\Debug\USB_UART01.a(USBUART_1_episr.o)
 .text          0x00000000        0x0 .\ARM_GCC_493\Debug\USB_UART01.a(USBUART_1_hid.o)
 .data          0x00000000        0x0 .\ARM_GCC_493\Debug\USB_UART01.a(USBUART_1_hid.o)
 .bss           0x00000000        0x0 .\ARM_GCC_493\Debug\USB_UART01.a(USBUART_1_hid.o)
 .text.USBUART_1_UpdateHIDTimer
                0x00000000       0x64 .\ARM_GCC_493\Debug\USB_UART01.a(USBUART_1_hid.o)
 .text.USBUART_1_GetProtocol
                0x00000000       0x24 .\ARM_GCC_493\Debug\USB_UART01.a(USBUART_1_hid.o)
 .text          0x00000000        0x0 .\ARM_GCC_493\Debug\USB_UART01.a(USBUART_1_std.o)
 .data          0x00000000        0x0 .\ARM_GCC_493\Debug\USB_UART01.a(USBUART_1_std.o)
 .text.USBUART_1_TerminateEP
                0x00000000       0xb8 .\ARM_GCC_493\Debug\USB_UART01.a(USBUART_1_std.o)
 .text          0x00000000        0x0 .\ARM_GCC_493\Debug\USB_UART01.a(USBUART_1_vnd.o)
 .data          0x00000000        0x0 .\ARM_GCC_493\Debug\USB_UART01.a(USBUART_1_vnd.o)
 .bss           0x00000000        0x0 .\ARM_GCC_493\Debug\USB_UART01.a(USBUART_1_vnd.o)
 .text          0x00000000        0x0 .\ARM_GCC_493\Debug\USB_UART01.a(LCD.o)
 .data          0x00000000        0x0 .\ARM_GCC_493\Debug\USB_UART01.a(LCD.o)
 .text.LCD_Stop
                0x00000000       0x18 .\ARM_GCC_493\Debug\USB_UART01.a(LCD.o)
 .text.LCD_Position
                0x00000000       0x6c .\ARM_GCC_493\Debug\USB_UART01.a(LCD.o)
 .text.LCD_PutChar
                0x00000000       0x18 .\ARM_GCC_493\Debug\USB_UART01.a(LCD.o)
 .text.LCD_PrintInt8
                0x00000000       0x38 .\ARM_GCC_493\Debug\USB_UART01.a(LCD.o)
 .text.LCD_PrintInt16
                0x00000000       0x28 .\ARM_GCC_493\Debug\USB_UART01.a(LCD.o)
 .text.LCD_PrintInt32
                0x00000000       0x30 .\ARM_GCC_493\Debug\USB_UART01.a(LCD.o)
 .text.LCD_PrintU32Number
                0x00000000       0xa4 .\ARM_GCC_493\Debug\USB_UART01.a(LCD.o)
 .rodata        0x00000000       0x10 .\ARM_GCC_493\Debug\USB_UART01.a(LCD.o)
 .data          0x00000000        0x0 .\ARM_GCC_493\Debug\USB_UART01.a(CyBootAsmGnu.o)
 .bss           0x00000000        0x0 .\ARM_GCC_493\Debug\USB_UART01.a(CyBootAsmGnu.o)
 .text          0x00000000        0x0 .\ARM_GCC_493\Debug\USB_UART01.a(CyLib.o)
 .bss           0x00000000       0x1c .\ARM_GCC_493\Debug\USB_UART01.a(CyLib.o)
 .text.CyPLL_OUT_Start
                0x00000000       0xb0 .\ARM_GCC_493\Debug\USB_UART01.a(CyLib.o)
 .text.CyPLL_OUT_Stop
                0x00000000       0x20 .\ARM_GCC_493\Debug\USB_UART01.a(CyLib.o)
 .text.CyPLL_OUT_SetPQ
                0x00000000       0x90 .\ARM_GCC_493\Debug\USB_UART01.a(CyLib.o)
 .text.CyPLL_OUT_SetSource
                0x00000000       0x54 .\ARM_GCC_493\Debug\USB_UART01.a(CyLib.o)
 .text.CyIMO_Start
                0x00000000       0x94 .\ARM_GCC_493\Debug\USB_UART01.a(CyLib.o)
 .text.CyIMO_Stop
                0x00000000       0x34 .\ARM_GCC_493\Debug\USB_UART01.a(CyLib.o)
 .text.CyUSB_PowerOnCheck
                0x00000000       0x60 .\ARM_GCC_493\Debug\USB_UART01.a(CyLib.o)
 .text.CyIMO_SetTrimValue
                0x00000000      0x108 .\ARM_GCC_493\Debug\USB_UART01.a(CyLib.o)
 .text.CyIMO_SetFreq
                0x00000000      0x1ac .\ARM_GCC_493\Debug\USB_UART01.a(CyLib.o)
 .text.CyIMO_SetSource
                0x00000000       0x8c .\ARM_GCC_493\Debug\USB_UART01.a(CyLib.o)
 .text.CyIMO_EnableDoubler
                0x00000000       0x20 .\ARM_GCC_493\Debug\USB_UART01.a(CyLib.o)
 .text.CyIMO_DisableDoubler
                0x00000000       0x20 .\ARM_GCC_493\Debug\USB_UART01.a(CyLib.o)
 .text.CyMasterClk_SetSource
                0x00000000       0x34 .\ARM_GCC_493\Debug\USB_UART01.a(CyLib.o)
 .text.CyMasterClk_SetDivider
                0x00000000       0x20 .\ARM_GCC_493\Debug\USB_UART01.a(CyLib.o)
 .text.CyBusClk_Internal_SetDivider
                0x00000000       0x78 .\ARM_GCC_493\Debug\USB_UART01.a(CyLib.o)
 .text.CyBusClk_SetDivider
                0x00000000       0xb4 .\ARM_GCC_493\Debug\USB_UART01.a(CyLib.o)
 .text.CyUsbClk_SetSource
                0x00000000       0x34 .\ARM_GCC_493\Debug\USB_UART01.a(CyLib.o)
 .text.CyILO_Start1K
                0x00000000       0x20 .\ARM_GCC_493\Debug\USB_UART01.a(CyLib.o)
 .text.CyILO_Stop1K
                0x00000000       0x20 .\ARM_GCC_493\Debug\USB_UART01.a(CyLib.o)
 .text.CyILO_Start100K
                0x00000000       0x20 .\ARM_GCC_493\Debug\USB_UART01.a(CyLib.o)
 .text.CyILO_Stop100K
                0x00000000       0x20 .\ARM_GCC_493\Debug\USB_UART01.a(CyLib.o)
 .text.CyILO_Enable33K
                0x00000000       0x20 .\ARM_GCC_493\Debug\USB_UART01.a(CyLib.o)
 .text.CyILO_Disable33K
                0x00000000       0x20 .\ARM_GCC_493\Debug\USB_UART01.a(CyLib.o)
 .text.CyILO_SetSource
                0x00000000       0x38 .\ARM_GCC_493\Debug\USB_UART01.a(CyLib.o)
 .text.CyILO_SetPowerMode
                0x00000000       0x4c .\ARM_GCC_493\Debug\USB_UART01.a(CyLib.o)
 .text.CyXTAL_32KHZ_Start
                0x00000000       0x84 .\ARM_GCC_493\Debug\USB_UART01.a(CyLib.o)
 .text.CyXTAL_32KHZ_Stop
                0x00000000       0x50 .\ARM_GCC_493\Debug\USB_UART01.a(CyLib.o)
 .text.CyXTAL_32KHZ_ReadStatus
                0x00000000       0x20 .\ARM_GCC_493\Debug\USB_UART01.a(CyLib.o)
 .text.CyXTAL_32KHZ_SetPowerMode
                0x00000000       0xb4 .\ARM_GCC_493\Debug\USB_UART01.a(CyLib.o)
 .text.CyXTAL_Start
                0x00000000       0xd0 .\ARM_GCC_493\Debug\USB_UART01.a(CyLib.o)
 .text.CyXTAL_Stop
                0x00000000       0x20 .\ARM_GCC_493\Debug\USB_UART01.a(CyLib.o)
 .text.CyXTAL_EnableErrStatus
                0x00000000       0x20 .\ARM_GCC_493\Debug\USB_UART01.a(CyLib.o)
 .text.CyXTAL_DisableErrStatus
                0x00000000       0x20 .\ARM_GCC_493\Debug\USB_UART01.a(CyLib.o)
 .text.CyXTAL_ReadStatus
                0x00000000       0x28 .\ARM_GCC_493\Debug\USB_UART01.a(CyLib.o)
 .text.CyXTAL_EnableFaultRecovery
                0x00000000       0x20 .\ARM_GCC_493\Debug\USB_UART01.a(CyLib.o)
 .text.CyXTAL_DisableFaultRecovery
                0x00000000       0x20 .\ARM_GCC_493\Debug\USB_UART01.a(CyLib.o)
 .text.CyXTAL_SetStartup
                0x00000000       0x34 .\ARM_GCC_493\Debug\USB_UART01.a(CyLib.o)
 .text.CyXTAL_SetFbVoltage
                0x00000000       0x34 .\ARM_GCC_493\Debug\USB_UART01.a(CyLib.o)
 .text.CyXTAL_SetWdVoltage
                0x00000000       0x38 .\ARM_GCC_493\Debug\USB_UART01.a(CyLib.o)
 .text.CySoftwareReset
                0x00000000       0x20 .\ARM_GCC_493\Debug\USB_UART01.a(CyLib.o)
 .text.CyDelayFreq
                0x00000000       0x7c .\ARM_GCC_493\Debug\USB_UART01.a(CyLib.o)
 .text.CyWdtStart
                0x00000000       0x8c .\ARM_GCC_493\Debug\USB_UART01.a(CyLib.o)
 .text.CyWdtClear
                0x00000000       0x18 .\ARM_GCC_493\Debug\USB_UART01.a(CyLib.o)
 .text.CyVdLvDigitEnable
                0x00000000       0xcc .\ARM_GCC_493\Debug\USB_UART01.a(CyLib.o)
 .text.CyVdLvAnalogEnable
                0x00000000       0xc8 .\ARM_GCC_493\Debug\USB_UART01.a(CyLib.o)
 .text.CyVdLvDigitDisable
                0x00000000       0x48 .\ARM_GCC_493\Debug\USB_UART01.a(CyLib.o)
 .text.CyVdLvAnalogDisable
                0x00000000       0x40 .\ARM_GCC_493\Debug\USB_UART01.a(CyLib.o)
 .text.CyVdHvAnalogEnable
                0x00000000       0x78 .\ARM_GCC_493\Debug\USB_UART01.a(CyLib.o)
 .text.CyVdHvAnalogDisable
                0x00000000       0x2c .\ARM_GCC_493\Debug\USB_UART01.a(CyLib.o)
 .text.CyVdStickyStatus
                0x00000000       0x5c .\ARM_GCC_493\Debug\USB_UART01.a(CyLib.o)
 .text.CyVdRealTimeStatus
                0x00000000       0x30 .\ARM_GCC_493\Debug\USB_UART01.a(CyLib.o)
 .text.CyDisableInts
                0x00000000       0x34 .\ARM_GCC_493\Debug\USB_UART01.a(CyLib.o)
 .text.CyEnableInts
                0x00000000       0x28 .\ARM_GCC_493\Debug\USB_UART01.a(CyLib.o)
 .text.CyFlushCache
                0x00000000       0x58 .\ARM_GCC_493\Debug\USB_UART01.a(CyLib.o)
 .text.CyIntSetSysVector
                0x00000000       0x4c .\ARM_GCC_493\Debug\USB_UART01.a(CyLib.o)
 .text.CyIntGetSysVector
                0x00000000       0x38 .\ARM_GCC_493\Debug\USB_UART01.a(CyLib.o)
 .text.CyIntGetVector
                0x00000000       0x38 .\ARM_GCC_493\Debug\USB_UART01.a(CyLib.o)
 .text.CyIntGetPriority
                0x00000000       0x38 .\ARM_GCC_493\Debug\USB_UART01.a(CyLib.o)
 .text.CyIntGetState
                0x00000000       0x44 .\ARM_GCC_493\Debug\USB_UART01.a(CyLib.o)
 .text.CySysTickStart
                0x00000000       0x20 .\ARM_GCC_493\Debug\USB_UART01.a(CyLib.o)
 .text.CySysTickInit
                0x00000000       0x68 .\ARM_GCC_493\Debug\USB_UART01.a(CyLib.o)
 .text.CySysTickEnable
                0x00000000       0x1c .\ARM_GCC_493\Debug\USB_UART01.a(CyLib.o)
 .text.CySysTickStop
                0x00000000       0x1c .\ARM_GCC_493\Debug\USB_UART01.a(CyLib.o)
 .text.CySysTickEnableInterrupt
                0x00000000       0x1c .\ARM_GCC_493\Debug\USB_UART01.a(CyLib.o)
 .text.CySysTickDisableInterrupt
                0x00000000       0x1c .\ARM_GCC_493\Debug\USB_UART01.a(CyLib.o)
 .text.CySysTickSetReload
                0x00000000       0x20 .\ARM_GCC_493\Debug\USB_UART01.a(CyLib.o)
 .text.CySysTickGetReload
                0x00000000       0x1c .\ARM_GCC_493\Debug\USB_UART01.a(CyLib.o)
 .text.CySysTickGetValue
                0x00000000       0x1c .\ARM_GCC_493\Debug\USB_UART01.a(CyLib.o)
 .text.CySysTickSetClockSource
                0x00000000       0x38 .\ARM_GCC_493\Debug\USB_UART01.a(CyLib.o)
 .text.CySysTickGetCountFlag
                0x00000000       0x1c .\ARM_GCC_493\Debug\USB_UART01.a(CyLib.o)
 .text.CySysTickClear
                0x00000000       0x18 .\ARM_GCC_493\Debug\USB_UART01.a(CyLib.o)
 .text.CySysTickSetCallback
                0x00000000       0x30 .\ARM_GCC_493\Debug\USB_UART01.a(CyLib.o)
 .text.CySysTickGetCallback
                0x00000000       0x20 .\ARM_GCC_493\Debug\USB_UART01.a(CyLib.o)
 .text.CySysTickServiceCallbacks
                0x00000000       0x44 .\ARM_GCC_493\Debug\USB_UART01.a(CyLib.o)
 .text.CyGetUniqueId
                0x00000000       0xc4 .\ARM_GCC_493\Debug\USB_UART01.a(CyLib.o)
 .text          0x00000000        0x0 .\ARM_GCC_493\Debug\USB_UART01.a(cyPm.o)
 .data          0x00000000        0x0 .\ARM_GCC_493\Debug\USB_UART01.a(cyPm.o)
 .bss           0x00000000       0x44 .\ARM_GCC_493\Debug\USB_UART01.a(cyPm.o)
 .rodata        0x00000000       0x10 .\ARM_GCC_493\Debug\USB_UART01.a(cyPm.o)
 .text.CyPmSaveClocks
                0x00000000      0x284 .\ARM_GCC_493\Debug\USB_UART01.a(cyPm.o)
 .text.CyPmRestoreClocks
                0x00000000      0x300 .\ARM_GCC_493\Debug\USB_UART01.a(cyPm.o)
 .text.CyPmAltAct
                0x00000000       0xb8 .\ARM_GCC_493\Debug\USB_UART01.a(cyPm.o)
 .text.CyPmSleep
                0x00000000      0x170 .\ARM_GCC_493\Debug\USB_UART01.a(cyPm.o)
 .text.CyPmHibernate
                0x00000000        0xc .\ARM_GCC_493\Debug\USB_UART01.a(cyPm.o)
 .text.CyPmHibernateEx
                0x00000000      0x158 .\ARM_GCC_493\Debug\USB_UART01.a(cyPm.o)
 .text.CyPmReadStatus
                0x00000000       0x5c .\ARM_GCC_493\Debug\USB_UART01.a(cyPm.o)
 .text.CyPmHibSaveSet
                0x00000000       0xd4 .\ARM_GCC_493\Debug\USB_UART01.a(cyPm.o)
 .text.CyPmHibRestore
                0x00000000       0x68 .\ARM_GCC_493\Debug\USB_UART01.a(cyPm.o)
 .text.CyPmCtwSetInterval
                0x00000000       0x90 .\ARM_GCC_493\Debug\USB_UART01.a(cyPm.o)
 .text.CyPmOppsSet
                0x00000000       0x40 .\ARM_GCC_493\Debug\USB_UART01.a(cyPm.o)
 .text.CyPmFtwSetInterval
                0x00000000       0x90 .\ARM_GCC_493\Debug\USB_UART01.a(cyPm.o)
 .text.CyPmHibSlpSaveSet
                0x00000000      0x280 .\ARM_GCC_493\Debug\USB_UART01.a(cyPm.o)
 .text.CyPmHibSlpRestore
                0x00000000      0x188 .\ARM_GCC_493\Debug\USB_UART01.a(cyPm.o)
 .text.CyPmHviLviSaveDisable
                0x00000000       0xd4 .\ARM_GCC_493\Debug\USB_UART01.a(cyPm.o)
 .text.CyPmHviLviRestore
                0x00000000       0x54 .\ARM_GCC_493\Debug\USB_UART01.a(cyPm.o)
 .text          0x00000000        0x0 .\ARM_GCC_493\Debug\USB_UART01.a(TX_pin.o)
 .data          0x00000000        0x0 .\ARM_GCC_493\Debug\USB_UART01.a(TX_pin.o)
 .bss           0x00000000        0x0 .\ARM_GCC_493\Debug\USB_UART01.a(TX_pin.o)
 .text.TX_pin_SetDriveMode
                0x00000000       0x38 .\ARM_GCC_493\Debug\USB_UART01.a(TX_pin.o)
 .text.TX_pin_Read
                0x00000000       0x20 .\ARM_GCC_493\Debug\USB_UART01.a(TX_pin.o)
 .text.TX_pin_ReadDataReg
                0x00000000       0x20 .\ARM_GCC_493\Debug\USB_UART01.a(TX_pin.o)
 .text          0x00000000        0x0 .\ARM_GCC_493\Debug\USB_UART01.a(Timer.o)
 .data          0x00000000        0x0 .\ARM_GCC_493\Debug\USB_UART01.a(Timer.o)
 .text.Timer_SoftwareCapture
                0x00000000       0x14 .\ARM_GCC_493\Debug\USB_UART01.a(Timer.o)
 .text.Timer_ReadControlRegister
                0x00000000       0x18 .\ARM_GCC_493\Debug\USB_UART01.a(Timer.o)
 .text.Timer_WriteControlRegister
                0x00000000       0x20 .\ARM_GCC_493\Debug\USB_UART01.a(Timer.o)
 .text.Timer_ReadPeriod
                0x00000000       0x18 .\ARM_GCC_493\Debug\USB_UART01.a(Timer.o)
 .text.Timer_ReadCounter
                0x00000000       0x20 .\ARM_GCC_493\Debug\USB_UART01.a(Timer.o)
 .text          0x00000000        0x0 .\ARM_GCC_493\Debug\USB_UART01.a(TimerISR.o)
 .data          0x00000000        0x0 .\ARM_GCC_493\Debug\USB_UART01.a(TimerISR.o)
 .bss           0x00000000        0x0 .\ARM_GCC_493\Debug\USB_UART01.a(TimerISR.o)
 .text.TimerISR_Start
                0x00000000       0x20 .\ARM_GCC_493\Debug\USB_UART01.a(TimerISR.o)
 .text.TimerISR_Stop
                0x00000000       0x14 .\ARM_GCC_493\Debug\USB_UART01.a(TimerISR.o)
 .text.TimerISR_Interrupt
                0x00000000        0xc .\ARM_GCC_493\Debug\USB_UART01.a(TimerISR.o)
 .text.TimerISR_GetVector
                0x00000000       0x20 .\ARM_GCC_493\Debug\USB_UART01.a(TimerISR.o)
 .text.TimerISR_GetPriority
                0x00000000       0x24 .\ARM_GCC_493\Debug\USB_UART01.a(TimerISR.o)
 .text.TimerISR_GetState
                0x00000000       0x20 .\ARM_GCC_493\Debug\USB_UART01.a(TimerISR.o)
 .text.TimerISR_SetPending
                0x00000000       0x18 .\ARM_GCC_493\Debug\USB_UART01.a(TimerISR.o)
 .text.TimerISR_ClearPending
                0x00000000       0x18 .\ARM_GCC_493\Debug\USB_UART01.a(TimerISR.o)
 .text          0x00000000        0x0 .\ARM_GCC_493\Debug\USB_UART01.a(USBUART_1_cls.o)
 .data          0x00000000        0x0 .\ARM_GCC_493\Debug\USB_UART01.a(USBUART_1_cls.o)
 .bss           0x00000000        0x0 .\ARM_GCC_493\Debug\USB_UART01.a(USBUART_1_cls.o)
 .text          0x00000000        0x0 .\ARM_GCC_493\Debug\USB_UART01.a(USBUART_1_descr.o)
 .data          0x00000000        0x0 .\ARM_GCC_493\Debug\USB_UART01.a(USBUART_1_descr.o)
 .bss           0x00000000        0x0 .\ARM_GCC_493\Debug\USB_UART01.a(USBUART_1_descr.o)
 .text          0x00000000        0x0 .\ARM_GCC_493\Debug\USB_UART01.a(CyFlash.o)
 .data          0x00000000        0x0 .\ARM_GCC_493\Debug\USB_UART01.a(CyFlash.o)
 .bss           0x00000000        0x4 .\ARM_GCC_493\Debug\USB_UART01.a(CyFlash.o)
 .text.CyFlash_Start
                0x00000000       0x8c .\ARM_GCC_493\Debug\USB_UART01.a(CyFlash.o)
 .text.CyFlash_Stop
                0x00000000       0x44 .\ARM_GCC_493\Debug\USB_UART01.a(CyFlash.o)
 .text.CySetTempInt
                0x00000000       0x7c .\ARM_GCC_493\Debug\USB_UART01.a(CyFlash.o)
 .text.CyFlashGetSpcAlgorithm
                0x00000000       0x70 .\ARM_GCC_493\Debug\USB_UART01.a(CyFlash.o)
 .text.CySetTemp
                0x00000000       0x24 .\ARM_GCC_493\Debug\USB_UART01.a(CyFlash.o)
 .text.CySetFlashEEBuffer
                0x00000000       0x54 .\ARM_GCC_493\Debug\USB_UART01.a(CyFlash.o)
 .text.CyWriteRowData
                0x00000000       0x3c .\ARM_GCC_493\Debug\USB_UART01.a(CyFlash.o)
 .text.CyWriteRowConfig
                0x00000000       0x2c .\ARM_GCC_493\Debug\USB_UART01.a(CyFlash.o)
 .text.CyWriteRowFull
                0x00000000      0x158 .\ARM_GCC_493\Debug\USB_UART01.a(CyFlash.o)
 .text.CyFlash_SetWaitCycles
                0x00000000       0xbc .\ARM_GCC_493\Debug\USB_UART01.a(CyFlash.o)
 .text.CyEEPROM_Start
                0x00000000       0x8c .\ARM_GCC_493\Debug\USB_UART01.a(CyFlash.o)
 .text.CyEEPROM_Stop
                0x00000000       0x44 .\ARM_GCC_493\Debug\USB_UART01.a(CyFlash.o)
 .text.CyEEPROM_ReadReserve
                0x00000000       0x30 .\ARM_GCC_493\Debug\USB_UART01.a(CyFlash.o)
 .text.CyEEPROM_ReadRelease
                0x00000000       0x20 .\ARM_GCC_493\Debug\USB_UART01.a(CyFlash.o)
 COMMON         0x00000000        0x2 .\ARM_GCC_493\Debug\USB_UART01.a(CyFlash.o)
 .text          0x00000000        0x0 .\ARM_GCC_493\Debug\USB_UART01.a(CySpc.o)
 .data          0x00000000        0x0 .\ARM_GCC_493\Debug\USB_UART01.a(CySpc.o)
 .bss           0x00000000        0x8 .\ARM_GCC_493\Debug\USB_UART01.a(CySpc.o)
 .text.CySpcStart
                0x00000000       0x44 .\ARM_GCC_493\Debug\USB_UART01.a(CySpc.o)
 .text.CySpcStop
                0x00000000       0x44 .\ARM_GCC_493\Debug\USB_UART01.a(CySpc.o)
 .text.CySpcReadData
                0x00000000       0x58 .\ARM_GCC_493\Debug\USB_UART01.a(CySpc.o)
 .text.CySpcLoadMultiByte
                0x00000000       0xd4 .\ARM_GCC_493\Debug\USB_UART01.a(CySpc.o)
 .text.CySpcLoadRow
                0x00000000       0x8c .\ARM_GCC_493\Debug\USB_UART01.a(CySpc.o)
 .text.CySpcLoadRowFull
                0x00000000      0x108 .\ARM_GCC_493\Debug\USB_UART01.a(CySpc.o)
 .text.CySpcWriteRow
                0x00000000       0x98 .\ARM_GCC_493\Debug\USB_UART01.a(CySpc.o)
 .text.CySpcEraseSector
                0x00000000       0x70 .\ARM_GCC_493\Debug\USB_UART01.a(CySpc.o)
 .text.CySpcGetTemp
                0x00000000       0x64 .\ARM_GCC_493\Debug\USB_UART01.a(CySpc.o)
 .text.CySpcLock
                0x00000000       0x68 .\ARM_GCC_493\Debug\USB_UART01.a(CySpc.o)
 .text.CySpcUnlock
                0x00000000       0x50 .\ARM_GCC_493\Debug\USB_UART01.a(CySpc.o)
 .text.CySpcGetAlgorithm
                0x00000000       0x48 .\ARM_GCC_493\Debug\USB_UART01.a(CySpc.o)
 .text          0x00000000        0x0 d:/program files/cypress/psoc creator/3.3/psoc creator/import/gnu/arm/4.9.3/bin/../lib/gcc/arm-none-eabi/4.9.3/../../../../arm-none-eabi/lib/armv7-m\libg_nano.a(lib_a-errno.o)
 .data          0x00000000        0x0 d:/program files/cypress/psoc creator/3.3/psoc creator/import/gnu/arm/4.9.3/bin/../lib/gcc/arm-none-eabi/4.9.3/../../../../arm-none-eabi/lib/armv7-m\libg_nano.a(lib_a-errno.o)
 .bss           0x00000000        0x0 d:/program files/cypress/psoc creator/3.3/psoc creator/import/gnu/arm/4.9.3/bin/../lib/gcc/arm-none-eabi/4.9.3/../../../../arm-none-eabi/lib/armv7-m\libg_nano.a(lib_a-errno.o)
 .text.__errno  0x00000000        0xc d:/program files/cypress/psoc creator/3.3/psoc creator/import/gnu/arm/4.9.3/bin/../lib/gcc/arm-none-eabi/4.9.3/../../../../arm-none-eabi/lib/armv7-m\libg_nano.a(lib_a-errno.o)
 .text          0x00000000        0x0 d:/program files/cypress/psoc creator/3.3/psoc creator/import/gnu/arm/4.9.3/bin/../lib/gcc/arm-none-eabi/4.9.3/../../../../arm-none-eabi/lib/armv7-m\libg_nano.a(lib_a-exit.o)
 .data          0x00000000        0x0 d:/program files/cypress/psoc creator/3.3/psoc creator/import/gnu/arm/4.9.3/bin/../lib/gcc/arm-none-eabi/4.9.3/../../../../arm-none-eabi/lib/armv7-m\libg_nano.a(lib_a-exit.o)
 .bss           0x00000000        0x0 d:/program files/cypress/psoc creator/3.3/psoc creator/import/gnu/arm/4.9.3/bin/../lib/gcc/arm-none-eabi/4.9.3/../../../../arm-none-eabi/lib/armv7-m\libg_nano.a(lib_a-exit.o)
 .text.exit     0x00000000       0x28 d:/program files/cypress/psoc creator/3.3/psoc creator/import/gnu/arm/4.9.3/bin/../lib/gcc/arm-none-eabi/4.9.3/../../../../arm-none-eabi/lib/armv7-m\libg_nano.a(lib_a-exit.o)
 .text          0x00000000        0x0 d:/program files/cypress/psoc creator/3.3/psoc creator/import/gnu/arm/4.9.3/bin/../lib/gcc/arm-none-eabi/4.9.3/../../../../arm-none-eabi/lib/armv7-m\libg_nano.a(lib_a-impure.o)
 .data          0x00000000        0x0 d:/program files/cypress/psoc creator/3.3/psoc creator/import/gnu/arm/4.9.3/bin/../lib/gcc/arm-none-eabi/4.9.3/../../../../arm-none-eabi/lib/armv7-m\libg_nano.a(lib_a-impure.o)
 .bss           0x00000000        0x0 d:/program files/cypress/psoc creator/3.3/psoc creator/import/gnu/arm/4.9.3/bin/../lib/gcc/arm-none-eabi/4.9.3/../../../../arm-none-eabi/lib/armv7-m\libg_nano.a(lib_a-impure.o)
 .data.impure_data
                0x00000000       0x60 d:/program files/cypress/psoc creator/3.3/psoc creator/import/gnu/arm/4.9.3/bin/../lib/gcc/arm-none-eabi/4.9.3/../../../../arm-none-eabi/lib/armv7-m\libg_nano.a(lib_a-impure.o)
 .data._impure_ptr
                0x00000000        0x4 d:/program files/cypress/psoc creator/3.3/psoc creator/import/gnu/arm/4.9.3/bin/../lib/gcc/arm-none-eabi/4.9.3/../../../../arm-none-eabi/lib/armv7-m\libg_nano.a(lib_a-impure.o)
 .rodata.str1.1
                0x00000000        0x2 d:/program files/cypress/psoc creator/3.3/psoc creator/import/gnu/arm/4.9.3/bin/../lib/gcc/arm-none-eabi/4.9.3/../../../../arm-none-eabi/lib/armv7-m\libg_nano.a(lib_a-impure.o)
 .rodata._global_impure_ptr
                0x00000000        0x4 d:/program files/cypress/psoc creator/3.3/psoc creator/import/gnu/arm/4.9.3/bin/../lib/gcc/arm-none-eabi/4.9.3/../../../../arm-none-eabi/lib/armv7-m\libg_nano.a(lib_a-impure.o)
 .text          0x00000000        0x0 d:/program files/cypress/psoc creator/3.3/psoc creator/import/gnu/arm/4.9.3/bin/../lib/gcc/arm-none-eabi/4.9.3/../../../../arm-none-eabi/lib/armv7-m\libg_nano.a(lib_a-init.o)
 .data          0x00000000        0x0 d:/program files/cypress/psoc creator/3.3/psoc creator/import/gnu/arm/4.9.3/bin/../lib/gcc/arm-none-eabi/4.9.3/../../../../arm-none-eabi/lib/armv7-m\libg_nano.a(lib_a-init.o)
 .bss           0x00000000        0x0 d:/program files/cypress/psoc creator/3.3/psoc creator/import/gnu/arm/4.9.3/bin/../lib/gcc/arm-none-eabi/4.9.3/../../../../arm-none-eabi/lib/armv7-m\libg_nano.a(lib_a-init.o)
 .text          0x00000000        0x0 d:/program files/cypress/psoc creator/3.3/psoc creator/import/gnu/arm/4.9.3/bin/../lib/gcc/arm-none-eabi/4.9.3/../../../../arm-none-eabi/lib/armv7-m\libg_nano.a(lib_a-memcpy.o)
 .data          0x00000000        0x0 d:/program files/cypress/psoc creator/3.3/psoc creator/import/gnu/arm/4.9.3/bin/../lib/gcc/arm-none-eabi/4.9.3/../../../../arm-none-eabi/lib/armv7-m\libg_nano.a(lib_a-memcpy.o)
 .bss           0x00000000        0x0 d:/program files/cypress/psoc creator/3.3/psoc creator/import/gnu/arm/4.9.3/bin/../lib/gcc/arm-none-eabi/4.9.3/../../../../arm-none-eabi/lib/armv7-m\libg_nano.a(lib_a-memcpy.o)
 .text          0x00000000        0x0 d:/program files/cypress/psoc creator/3.3/psoc creator/import/gnu/arm/4.9.3/bin/../lib/gcc/arm-none-eabi/4.9.3/../../../../arm-none-eabi/lib/armv7-m\libg_nano.a(lib_a-memset.o)
 .data          0x00000000        0x0 d:/program files/cypress/psoc creator/3.3/psoc creator/import/gnu/arm/4.9.3/bin/../lib/gcc/arm-none-eabi/4.9.3/../../../../arm-none-eabi/lib/armv7-m\libg_nano.a(lib_a-memset.o)
 .bss           0x00000000        0x0 d:/program files/cypress/psoc creator/3.3/psoc creator/import/gnu/arm/4.9.3/bin/../lib/gcc/arm-none-eabi/4.9.3/../../../../arm-none-eabi/lib/armv7-m\libg_nano.a(lib_a-memset.o)
 .text          0x00000000        0x0 d:/program files/cypress/psoc creator/3.3/psoc creator/import/gnu/arm/4.9.3/bin/../lib/gcc/arm-none-eabi/4.9.3/armv7-m/crtend.o
 .data          0x00000000        0x0 d:/program files/cypress/psoc creator/3.3/psoc creator/import/gnu/arm/4.9.3/bin/../lib/gcc/arm-none-eabi/4.9.3/armv7-m/crtend.o
 .bss           0x00000000        0x0 d:/program files/cypress/psoc creator/3.3/psoc creator/import/gnu/arm/4.9.3/bin/../lib/gcc/arm-none-eabi/4.9.3/armv7-m/crtend.o
 .text          0x00000000        0x0 d:/program files/cypress/psoc creator/3.3/psoc creator/import/gnu/arm/4.9.3/bin/../lib/gcc/arm-none-eabi/4.9.3/armv7-m/crtn.o
 .data          0x00000000        0x0 d:/program files/cypress/psoc creator/3.3/psoc creator/import/gnu/arm/4.9.3/bin/../lib/gcc/arm-none-eabi/4.9.3/armv7-m/crtn.o
 .bss           0x00000000        0x0 d:/program files/cypress/psoc creator/3.3/psoc creator/import/gnu/arm/4.9.3/bin/../lib/gcc/arm-none-eabi/4.9.3/armv7-m/crtn.o

Memory Configuration

Name             Origin             Length             Attributes
rom              0x00000000         0x00040000         xr
ram              0x1fff8000         0x00010000         xrw
*default*        0x00000000         0xffffffff

Linker script and memory map

LOAD d:/program files/cypress/psoc creator/3.3/psoc creator/import/gnu/arm/4.9.3/bin/../lib/gcc/arm-none-eabi/4.9.3/armv7-m/crti.o
LOAD d:/program files/cypress/psoc creator/3.3/psoc creator/import/gnu/arm/4.9.3/bin/../lib/gcc/arm-none-eabi/4.9.3/armv7-m/crtbegin.o
LOAD d:/program files/cypress/psoc creator/3.3/psoc creator/import/gnu/arm/4.9.3/bin/../lib/gcc/arm-none-eabi/4.9.3/../../../../arm-none-eabi/lib/armv7-m/crt0.o
START GROUP
LOAD .\ARM_GCC_493\Debug\main.o
LOAD .\ARM_GCC_493\Debug\cymetadata.o
LOAD .\ARM_GCC_493\Debug\Cm3Start.o
LOAD .\ARM_GCC_493\Debug\USB_UART01.a
LOAD D:\Program Files\Cypress\PSoC Creator\3.3\PSoC Creator\psoc\content\cycomponentlibrary\CyComponentLibrary.cylib\CortexM3\ARM_GCC_493\Debug\CyComponentLibrary.a
END GROUP
START GROUP
LOAD d:/program files/cypress/psoc creator/3.3/psoc creator/import/gnu/arm/4.9.3/bin/../lib/gcc/arm-none-eabi/4.9.3/armv7-m\libgcc.a
LOAD d:/program files/cypress/psoc creator/3.3/psoc creator/import/gnu/arm/4.9.3/bin/../lib/gcc/arm-none-eabi/4.9.3/../../../../arm-none-eabi/lib/armv7-m\libg_nano.a
LOAD d:/program files/cypress/psoc creator/3.3/psoc creator/import/gnu/arm/4.9.3/bin/../lib/gcc/arm-none-eabi/4.9.3/../../../../arm-none-eabi/lib/armv7-m\libc_nano.a
END GROUP
START GROUP
LOAD d:/program files/cypress/psoc creator/3.3/psoc creator/import/gnu/arm/4.9.3/bin/../lib/gcc/arm-none-eabi/4.9.3/armv7-m\libgcc.a
LOAD d:/program files/cypress/psoc creator/3.3/psoc creator/import/gnu/arm/4.9.3/bin/../lib/gcc/arm-none-eabi/4.9.3/../../../../arm-none-eabi/lib/armv7-m\libc_nano.a
END GROUP
LOAD d:/program files/cypress/psoc creator/3.3/psoc creator/import/gnu/arm/4.9.3/bin/../lib/gcc/arm-none-eabi/4.9.3/armv7-m/crtend.o
LOAD d:/program files/cypress/psoc creator/3.3/psoc creator/import/gnu/arm/4.9.3/bin/../lib/gcc/arm-none-eabi/4.9.3/armv7-m/crtn.o
START GROUP
LOAD d:/program files/cypress/psoc creator/3.3/psoc creator/import/gnu/arm/4.9.3/bin/../lib/gcc/arm-none-eabi/4.9.3/armv7-m\libgcc.a
LOAD d:/program files/cypress/psoc creator/3.3/psoc creator/import/gnu/arm/4.9.3/bin/../lib/gcc/arm-none-eabi/4.9.3/../../../../arm-none-eabi/lib/armv7-m\libc.a
LOAD d:/program files/cypress/psoc creator/3.3/psoc creator/import/gnu/arm/4.9.3/bin/../lib/gcc/arm-none-eabi/4.9.3/../../../../arm-none-eabi/lib/armv7-m\libnosys.a
END GROUP
                0x00000000                CY_APPL_ORIGIN = 0x0
                0x00000100                CY_FLASH_ROW_SIZE = 0x100
                0x00000020                CY_ECC_ROW_SIZE = 0x20
                0x00000000                CY_EE_IN_BTLDR = 0x0
                0x00000000                CY_APPL_LOADABLE = 0x0
                0x00000800                CY_EE_SIZE = 0x800
                0x00000001                CY_APPL_NUM = 0x1
                0x00000001                CY_APPL_MAX = 0x1
                0x00000040                CY_METADATA_SIZE = 0x40
                0x00000000                CY_APPL_LOADABLE = 0x0
                0x00000000                CY_CHECKSUM_EXCLUDE_SIZE = ALIGN (0x0, CY_FLASH_ROW_SIZE)
                0x1fff8eb0                PROVIDE (__cy_heap_start, _end)
                0x00000001                PROVIDE (__cy_region_num, ((__cy_regions_end - __cy_regions) / 0x10))
                0x20008000                PROVIDE (__cy_stack, (ORIGIN (ram) + 0x10000))
                0x20007800                PROVIDE (__cy_heap_end, (__cy_stack - 0x800))

.cybootloader   0x00000000        0x0
 *(.cybootloader)
                0x00000000                appl1_start = CY_APPL_ORIGIN?CY_APPL_ORIGIN:ALIGN (CY_FLASH_ROW_SIZE)
                0x0001ff00                appl2_start = (appl1_start + ALIGN ((((0x40000 - appl1_start) - (0x2 * CY_FLASH_ROW_SIZE)) / 0x2), CY_FLASH_ROW_SIZE))
                0x00000000                appl_start = (CY_APPL_NUM == 0x1)?appl1_start:appl2_start
                0x00000000                ecc_offset = ((appl_start / CY_FLASH_ROW_SIZE) * CY_ECC_ROW_SIZE)
                0x00000000                ee_offset = (CY_APPL_LOADABLE && ! (CY_EE_IN_BTLDR))?((CY_EE_SIZE / CY_APPL_MAX) * (CY_APPL_NUM - 0x1)):0x0
                0x00000800                ee_size = (CY_APPL_LOADABLE && ! (CY_EE_IN_BTLDR))?(CY_EE_SIZE / CY_APPL_MAX):CY_EE_SIZE
                0x00000000                PROVIDE (CY_ECC_OFFSET, ecc_offset)

.text           0x00000000     0x340e
 CREATE_OBJECT_SYMBOLS
                0x00000000                PROVIDE (__cy_interrupt_vector, RomVectors)
 *(.romvectors)
 .romvectors    0x00000000       0x10 .\ARM_GCC_493\Debug\Cm3Start.o
                0x00000000                RomVectors
                0x00000001                ASSERT ((. != __cy_interrupt_vector), No interrupt vector)
                0x00000001                ASSERT (CY_APPL_ORIGIN?(SIZEOF (.cybootloader) <= CY_APPL_ORIGIN):0x1, Wrong image location)
                0x00000010                PROVIDE (__cy_reset, Reset)
 *(.text.Reset)
 .text.Reset    0x00000010       0x18 .\ARM_GCC_493\Debug\Cm3Start.o
                0x00000010                Reset
                0x00000001                ASSERT ((. != __cy_reset), No reset code)
 *(.dma_init)
                0x00000001                ASSERT ((((appl_start + .) <= 0x10000) || 0x1), DMA Init must be within the first 64k of flash)
 *(.text .text.* .gnu.linkonce.t.*)
 .text          0x00000028       0x5c d:/program files/cypress/psoc creator/3.3/psoc creator/import/gnu/arm/4.9.3/bin/../lib/gcc/arm-none-eabi/4.9.3/armv7-m/crtbegin.o
 .text.TimerHandler
                0x00000084       0x1c .\ARM_GCC_493\Debug\main.o
                0x00000084                TimerHandler
 .text.main     0x000000a0      0x188 .\ARM_GCC_493\Debug\main.o
                0x000000a0                main
 .text.initDiffManEncodedArray
                0x00000228       0x48 .\ARM_GCC_493\Debug\main.o
                0x00000228                initDiffManEncodedArray
 .text.transmitData
                0x00000270       0x38 .\ARM_GCC_493\Debug\main.o
                0x00000270                transmitData
 .text.asciiToDiffMan
                0x000002a8      0x1c4 .\ARM_GCC_493\Debug\main.o
                0x000002a8                asciiToDiffMan
 .text.IntDefaultHandler
                0x0000046c        0x8 .\ARM_GCC_493\Debug\Cm3Start.o
                0x0000046c                IntDefaultHandler
 .text.Start_c  0x00000474       0x98 .\ARM_GCC_493\Debug\Cm3Start.o
                0x00000474                Start_c
 .text.initialize_psoc
                0x0000050c       0x8c .\ARM_GCC_493\Debug\Cm3Start.o
                0x0000050c                initialize_psoc
 .text.CYMEMZERO
                0x00000598       0x1c .\ARM_GCC_493\Debug\USB_UART01.a(cyfitter_cfg.o)
 .text.CYCONFIGCPY
                0x000005b4       0x1c .\ARM_GCC_493\Debug\USB_UART01.a(cyfitter_cfg.o)
 .text.CYCONFIGCPYCODE
                0x000005d0       0x1c .\ARM_GCC_493\Debug\USB_UART01.a(cyfitter_cfg.o)
 .text.CyClockStartupError
                0x000005ec        0xc .\ARM_GCC_493\Debug\USB_UART01.a(cyfitter_cfg.o)
 .text.cfg_write_bytes32
                0x000005f8       0x74 .\ARM_GCC_493\Debug\USB_UART01.a(cyfitter_cfg.o)
 .text.ClockSetup
                0x0000066c       0xdc .\ARM_GCC_493\Debug\USB_UART01.a(cyfitter_cfg.o)
 .text.AnalogSetDefault
                0x00000748       0x44 .\ARM_GCC_493\Debug\USB_UART01.a(cyfitter_cfg.o)
 .text.cyfitter_cfg
                0x0000078c      0x148 .\ARM_GCC_493\Debug\USB_UART01.a(cyfitter_cfg.o)
                0x0000078c                cyfitter_cfg
 .text.USBUART_1_Start
                0x000008d4       0x38 .\ARM_GCC_493\Debug\USB_UART01.a(USBUART_1.o)
                0x000008d4                USBUART_1_Start
 .text.USBUART_1_Init
                0x0000090c      0x18c .\ARM_GCC_493\Debug\USB_UART01.a(USBUART_1.o)
                0x0000090c                USBUART_1_Init
 .text.USBUART_1_InitComponent
                0x00000a98       0xf8 .\ARM_GCC_493\Debug\USB_UART01.a(USBUART_1.o)
                0x00000a98                USBUART_1_InitComponent
 .text.USBUART_1_ReInitComponent
                0x00000b90       0x88 .\ARM_GCC_493\Debug\USB_UART01.a(USBUART_1.o)
                0x00000b90                USBUART_1_ReInitComponent
 .text.USBUART_1_GetConfiguration
                0x00000c18       0x18 .\ARM_GCC_493\Debug\USB_UART01.a(USBUART_1.o)
                0x00000c18                USBUART_1_GetConfiguration
 .text.USBUART_1_IsConfigurationChanged
                0x00000c30       0x34 .\ARM_GCC_493\Debug\USB_UART01.a(USBUART_1.o)
                0x00000c30                USBUART_1_IsConfigurationChanged
 .text.USBUART_1_GetEPCount
                0x00000c64       0x6c .\ARM_GCC_493\Debug\USB_UART01.a(USBUART_1.o)
                0x00000c64                USBUART_1_GetEPCount
 .text.USBUART_1_LoadInEP
                0x00000cd0      0x108 .\ARM_GCC_493\Debug\USB_UART01.a(USBUART_1.o)
                0x00000cd0                USBUART_1_LoadInEP
 .text.USBUART_1_ReadOutEP
                0x00000dd8       0x8c .\ARM_GCC_493\Debug\USB_UART01.a(USBUART_1.o)
                0x00000dd8                USBUART_1_ReadOutEP
 .text.USBUART_1_EnableOutEP
                0x00000e64       0x60 .\ARM_GCC_493\Debug\USB_UART01.a(USBUART_1.o)
                0x00000e64                USBUART_1_EnableOutEP
 .text.USBUART_1_DispatchCDCClassRqst
                0x00000ec4       0xcc .\ARM_GCC_493\Debug\USB_UART01.a(USBUART_1_cdc.o)
                0x00000ec4                USBUART_1_DispatchCDCClassRqst
 .text.USBUART_1_CDC_Init
                0x00000f90       0x20 .\ARM_GCC_493\Debug\USB_UART01.a(USBUART_1_cdc.o)
                0x00000f90                USBUART_1_CDC_Init
 .text.USBUART_1_PutChar
                0x00000fb0       0x2c .\ARM_GCC_493\Debug\USB_UART01.a(USBUART_1_cdc.o)
                0x00000fb0                USBUART_1_PutChar
 .text.USBUART_1_PutCRLF
                0x00000fdc       0x30 .\ARM_GCC_493\Debug\USB_UART01.a(USBUART_1_cdc.o)
                0x00000fdc                USBUART_1_PutCRLF
 .text.USBUART_1_DataIsReady
                0x0000100c       0x30 .\ARM_GCC_493\Debug\USB_UART01.a(USBUART_1_cdc.o)
                0x0000100c                USBUART_1_DataIsReady
 .text.USBUART_1_CDCIsReady
                0x0000103c       0x30 .\ARM_GCC_493\Debug\USB_UART01.a(USBUART_1_cdc.o)
                0x0000103c                USBUART_1_CDCIsReady
 .text.USBUART_1_GetChar
                0x0000106c       0x28 .\ARM_GCC_493\Debug\USB_UART01.a(USBUART_1_cdc.o)
                0x0000106c                USBUART_1_GetChar
 .text.USBUART_1_EP_0_ISR
                0x00001094       0xf8 .\ARM_GCC_493\Debug\USB_UART01.a(USBUART_1_drv.o)
                0x00001094                USBUART_1_EP_0_ISR
 .text.USBUART_1_HandleSetup
                0x0000118c       0x88 .\ARM_GCC_493\Debug\USB_UART01.a(USBUART_1_drv.o)
                0x0000118c                USBUART_1_HandleSetup
 .text.USBUART_1_HandleIN
                0x00001214       0x4c .\ARM_GCC_493\Debug\USB_UART01.a(USBUART_1_drv.o)
                0x00001214                USBUART_1_HandleIN
 .text.USBUART_1_HandleOUT
                0x00001260       0x58 .\ARM_GCC_493\Debug\USB_UART01.a(USBUART_1_drv.o)
                0x00001260                USBUART_1_HandleOUT
 .text.USBUART_1_LoadEP0
                0x000012b8       0xd4 .\ARM_GCC_493\Debug\USB_UART01.a(USBUART_1_drv.o)
                0x000012b8                USBUART_1_LoadEP0
 .text.USBUART_1_InitControlRead
                0x0000138c       0x74 .\ARM_GCC_493\Debug\USB_UART01.a(USBUART_1_drv.o)
                0x0000138c                USBUART_1_InitControlRead
 .text.USBUART_1_InitZeroLengthControlTransfer
                0x00001400       0x44 .\ARM_GCC_493\Debug\USB_UART01.a(USBUART_1_drv.o)
                0x00001400                USBUART_1_InitZeroLengthControlTransfer
 .text.USBUART_1_ControlReadDataStage
                0x00001444        0xc .\ARM_GCC_493\Debug\USB_UART01.a(USBUART_1_drv.o)
                0x00001444                USBUART_1_ControlReadDataStage
 .text.USBUART_1_ControlReadStatusStage
                0x00001450       0x40 .\ARM_GCC_493\Debug\USB_UART01.a(USBUART_1_drv.o)
                0x00001450                USBUART_1_ControlReadStatusStage
 .text.USBUART_1_InitControlWrite
                0x00001490       0x68 .\ARM_GCC_493\Debug\USB_UART01.a(USBUART_1_drv.o)
                0x00001490                USBUART_1_InitControlWrite
 .text.USBUART_1_ControlWriteDataStage
                0x000014f8       0xb8 .\ARM_GCC_493\Debug\USB_UART01.a(USBUART_1_drv.o)
                0x000014f8                USBUART_1_ControlWriteDataStage
 .text.USBUART_1_ControlWriteStatusStage
                0x000015b0       0x20 .\ARM_GCC_493\Debug\USB_UART01.a(USBUART_1_drv.o)
                0x000015b0                USBUART_1_ControlWriteStatusStage
 .text.USBUART_1_InitNoDataControlTransfer
                0x000015d0       0x38 .\ARM_GCC_493\Debug\USB_UART01.a(USBUART_1_drv.o)
                0x000015d0                USBUART_1_InitNoDataControlTransfer
 .text.USBUART_1_NoDataControlStatusStage
                0x00001608       0x48 .\ARM_GCC_493\Debug\USB_UART01.a(USBUART_1_drv.o)
                0x00001608                USBUART_1_NoDataControlStatusStage
 .text.USBUART_1_UpdateStatusBlock
                0x00001650       0x40 .\ARM_GCC_493\Debug\USB_UART01.a(USBUART_1_drv.o)
                0x00001650                USBUART_1_UpdateStatusBlock
 .text.USBUART_1_InitializeStatusBlock
                0x00001690       0x34 .\ARM_GCC_493\Debug\USB_UART01.a(USBUART_1_drv.o)
                0x00001690                USBUART_1_InitializeStatusBlock
 .text.USBUART_1_EP_1_ISR
                0x000016c4       0x54 .\ARM_GCC_493\Debug\USB_UART01.a(USBUART_1_episr.o)
                0x000016c4                USBUART_1_EP_1_ISR
 .text.USBUART_1_EP_2_ISR
                0x00001718       0x54 .\ARM_GCC_493\Debug\USB_UART01.a(USBUART_1_episr.o)
                0x00001718                USBUART_1_EP_2_ISR
 .text.USBUART_1_EP_3_ISR
                0x0000176c       0x5c .\ARM_GCC_493\Debug\USB_UART01.a(USBUART_1_episr.o)
                0x0000176c                USBUART_1_EP_3_ISR
 .text.USBUART_1_SOF_ISR
                0x000017c8        0xc .\ARM_GCC_493\Debug\USB_UART01.a(USBUART_1_episr.o)
                0x000017c8                USBUART_1_SOF_ISR
 .text.USBUART_1_BUS_RESET_ISR
                0x000017d4        0xc .\ARM_GCC_493\Debug\USB_UART01.a(USBUART_1_episr.o)
                0x000017d4                USBUART_1_BUS_RESET_ISR
 .text.USBUART_1_DispatchHIDClassRqst
                0x000017e0      0x1ec .\ARM_GCC_493\Debug\USB_UART01.a(USBUART_1_hid.o)
                0x000017e0                USBUART_1_DispatchHIDClassRqst
 .text.USBUART_1_FindHidClassDecriptor
                0x000019cc       0x7c .\ARM_GCC_493\Debug\USB_UART01.a(USBUART_1_hid.o)
                0x000019cc                USBUART_1_FindHidClassDecriptor
 .text.USBUART_1_FindReportDescriptor
                0x00001a48       0x90 .\ARM_GCC_493\Debug\USB_UART01.a(USBUART_1_hid.o)
                0x00001a48                USBUART_1_FindReportDescriptor
 .text.USBUART_1_FindReport
                0x00001ad8       0xd4 .\ARM_GCC_493\Debug\USB_UART01.a(USBUART_1_hid.o)
                0x00001ad8                USBUART_1_FindReport
 .text.USBUART_1_HandleStandardRqst
                0x00001bac      0x4a4 .\ARM_GCC_493\Debug\USB_UART01.a(USBUART_1_std.o)
                0x00001bac                USBUART_1_HandleStandardRqst
 .text.USBUART_1_ReadDieID
                0x00002050       0x90 .\ARM_GCC_493\Debug\USB_UART01.a(USBUART_1_std.o)
                0x00002050                USBUART_1_ReadDieID
 .text.USBUART_1_ConfigReg
                0x000020e0      0x180 .\ARM_GCC_493\Debug\USB_UART01.a(USBUART_1_std.o)
                0x000020e0                USBUART_1_ConfigReg
 .text.USBUART_1_Config
                0x00002260      0x348 .\ARM_GCC_493\Debug\USB_UART01.a(USBUART_1_std.o)
                0x00002260                USBUART_1_Config
 .text.USBUART_1_ConfigAltChanged
                0x000025a8      0x27c .\ARM_GCC_493\Debug\USB_UART01.a(USBUART_1_std.o)
                0x000025a8                USBUART_1_ConfigAltChanged
 .text.USBUART_1_GetConfigTablePtr
                0x00002824       0x54 .\ARM_GCC_493\Debug\USB_UART01.a(USBUART_1_std.o)
                0x00002824                USBUART_1_GetConfigTablePtr
 .text.USBUART_1_GetDeviceTablePtr
                0x00002878       0x24 .\ARM_GCC_493\Debug\USB_UART01.a(USBUART_1_std.o)
                0x00002878                USBUART_1_GetDeviceTablePtr
 .text.USBUART_1_GetInterfaceClassTablePtr
                0x0000289c       0x4c .\ARM_GCC_493\Debug\USB_UART01.a(USBUART_1_std.o)
                0x0000289c                USBUART_1_GetInterfaceClassTablePtr
 .text.USBUART_1_SetEndpointHalt
                0x000028e8       0xe0 .\ARM_GCC_493\Debug\USB_UART01.a(USBUART_1_std.o)
                0x000028e8                USBUART_1_SetEndpointHalt
 .text.USBUART_1_ClearEndpointHalt
                0x000029c8      0x144 .\ARM_GCC_493\Debug\USB_UART01.a(USBUART_1_std.o)
                0x000029c8                USBUART_1_ClearEndpointHalt
 .text.USBUART_1_ValidateAlternateSetting
                0x00002b0c       0x78 .\ARM_GCC_493\Debug\USB_UART01.a(USBUART_1_std.o)
                0x00002b0c                USBUART_1_ValidateAlternateSetting
 .text.USBUART_1_HandleVendorRqst
                0x00002b84       0x58 .\ARM_GCC_493\Debug\USB_UART01.a(USBUART_1_vnd.o)
                0x00002b84                USBUART_1_HandleVendorRqst
 .text.LCD_Init
                0x00002bdc       0x6c .\ARM_GCC_493\Debug\USB_UART01.a(LCD.o)
                0x00002bdc                LCD_Init
 .text.LCD_Enable
                0x00002c48       0x18 .\ARM_GCC_493\Debug\USB_UART01.a(LCD.o)
                0x00002c48                LCD_Enable
 .text.LCD_Start
                0x00002c60       0x20 .\ARM_GCC_493\Debug\USB_UART01.a(LCD.o)
                0x00002c60                LCD_Start
 .text.LCD_PrintString
                0x00002c80       0x38 .\ARM_GCC_493\Debug\USB_UART01.a(LCD.o)
                0x00002c80                LCD_PrintString
 .text.LCD_WriteData
                0x00002cb8       0x34 .\ARM_GCC_493\Debug\USB_UART01.a(LCD.o)
                0x00002cb8                LCD_WriteData
 .text.LCD_WriteControl
                0x00002cec       0x34 .\ARM_GCC_493\Debug\USB_UART01.a(LCD.o)
                0x00002cec                LCD_WriteControl
 .text.LCD_IsReady
                0x00002d20      0x178 .\ARM_GCC_493\Debug\USB_UART01.a(LCD.o)
                0x00002d20                LCD_IsReady
 .text.LCD_WrDatNib
                0x00002e98       0x78 .\ARM_GCC_493\Debug\USB_UART01.a(LCD.o)
 .text.LCD_WrCntrlNib
                0x00002f10       0x60 .\ARM_GCC_493\Debug\USB_UART01.a(LCD.o)
 .text          0x00002f70       0x58 .\ARM_GCC_493\Debug\USB_UART01.a(CyBootAsmGnu.o)
                0x00002f70                CyDelayCycles
                0x00002fae                CyEnterCriticalSection
                0x00002fb6                CyExitCriticalSection
 .text.CyHalt   0x00002fc8       0x18 .\ARM_GCC_493\Debug\USB_UART01.a(CyLib.o)
                0x00002fc8                CyHalt
 .text.CyDelay  0x00002fe0       0x44 .\ARM_GCC_493\Debug\USB_UART01.a(CyLib.o)
                0x00002fe0                CyDelay
 .text.CyDelayUs
                0x00003024       0x24 .\ARM_GCC_493\Debug\USB_UART01.a(CyLib.o)
                0x00003024                CyDelayUs
 .text.CyIntSetVector
                0x00003048       0x50 .\ARM_GCC_493\Debug\USB_UART01.a(CyLib.o)
                0x00003048                CyIntSetVector
 .text.CyIntSetPriority
                0x00003098       0x44 .\ARM_GCC_493\Debug\USB_UART01.a(CyLib.o)
                0x00003098                CyIntSetPriority
 .text.TX_pin_Write
                0x000030dc       0x3c .\ARM_GCC_493\Debug\USB_UART01.a(TX_pin.o)
                0x000030dc                TX_pin_Write
 .text.Timer_Init
                0x00003118       0x4c .\ARM_GCC_493\Debug\USB_UART01.a(Timer.o)
                0x00003118                Timer_Init
 .text.Timer_Enable
                0x00003164       0x20 .\ARM_GCC_493\Debug\USB_UART01.a(Timer.o)
                0x00003164                Timer_Enable
 .text.Timer_Start
                0x00003184       0x20 .\ARM_GCC_493\Debug\USB_UART01.a(Timer.o)
                0x00003184                Timer_Start
 .text.Timer_Stop
                0x000031a4       0x20 .\ARM_GCC_493\Debug\USB_UART01.a(Timer.o)
                0x000031a4                Timer_Stop
 .text.Timer_SetInterruptMode
                0x000031c4       0x20 .\ARM_GCC_493\Debug\USB_UART01.a(Timer.o)
                0x000031c4                Timer_SetInterruptMode
 .text.Timer_ReadStatusRegister
                0x000031e4       0x18 .\ARM_GCC_493\Debug\USB_UART01.a(Timer.o)
                0x000031e4                Timer_ReadStatusRegister
 .text.Timer_WritePeriod
                0x000031fc       0x20 .\ARM_GCC_493\Debug\USB_UART01.a(Timer.o)
                0x000031fc                Timer_WritePeriod
 .text.Timer_ReadCapture
                0x0000321c       0x18 .\ARM_GCC_493\Debug\USB_UART01.a(Timer.o)
                0x0000321c                Timer_ReadCapture
 .text.Timer_WriteCounter
                0x00003234       0x20 .\ARM_GCC_493\Debug\USB_UART01.a(Timer.o)
                0x00003234                Timer_WriteCounter
 .text.Timer_ClearFIFO
                0x00003254       0x1c .\ARM_GCC_493\Debug\USB_UART01.a(Timer.o)
                0x00003254                Timer_ClearFIFO
 .text.TimerISR_StartEx
                0x00003270       0x24 .\ARM_GCC_493\Debug\USB_UART01.a(TimerISR.o)
                0x00003270                TimerISR_StartEx
 .text.TimerISR_SetVector
                0x00003294       0x24 .\ARM_GCC_493\Debug\USB_UART01.a(TimerISR.o)
                0x00003294                TimerISR_SetVector
 .text.TimerISR_SetPriority
                0x000032b8       0x24 .\ARM_GCC_493\Debug\USB_UART01.a(TimerISR.o)
                0x000032b8                TimerISR_SetPriority
 .text.TimerISR_Enable
                0x000032dc       0x18 .\ARM_GCC_493\Debug\USB_UART01.a(TimerISR.o)
                0x000032dc                TimerISR_Enable
 .text.TimerISR_Disable
                0x000032f4       0x18 .\ARM_GCC_493\Debug\USB_UART01.a(TimerISR.o)
                0x000032f4                TimerISR_Disable
 .text.USBUART_1_DispatchClassRqst
                0x0000330c       0x90 .\ARM_GCC_493\Debug\USB_UART01.a(USBUART_1_cls.o)
                0x0000330c                USBUART_1_DispatchClassRqst
 .text.__libc_init_array
                0x0000339c       0x4c d:/program files/cypress/psoc creator/3.3/psoc creator/import/gnu/arm/4.9.3/bin/../lib/gcc/arm-none-eabi/4.9.3/../../../../arm-none-eabi/lib/armv7-m\libg_nano.a(lib_a-init.o)
                0x0000339c                __libc_init_array
 .text.memcpy   0x000033e8       0x16 d:/program files/cypress/psoc creator/3.3/psoc creator/import/gnu/arm/4.9.3/bin/../lib/gcc/arm-none-eabi/4.9.3/../../../../arm-none-eabi/lib/armv7-m\libg_nano.a(lib_a-memcpy.o)
                0x000033e8                memcpy
 .text.memset   0x000033fe       0x10 d:/program files/cypress/psoc creator/3.3/psoc creator/import/gnu/arm/4.9.3/bin/../lib/gcc/arm-none-eabi/4.9.3/../../../../arm-none-eabi/lib/armv7-m\libg_nano.a(lib_a-memset.o)
                0x000033fe                memset
 *(.plt)
 *(.gnu.warning)
 *(.glue_7t)
 .glue_7t       0x00000000        0x0 linker stubs
 *(.glue_7)
 .glue_7        0x00000000        0x0 linker stubs
 *(.vfp11_veneer)
 .vfp11_veneer  0x00000000        0x0 linker stubs
 *(.bootloader)
 *(.ARM.extab* .gnu.linkonce.armextab.*)
 *(.gcc_except_table)

.v4_bx          0x00003410        0x0
 .v4_bx         0x00000000        0x0 linker stubs

.iplt           0x00003410        0x0
 .iplt          0x00000000        0x0 d:/program files/cypress/psoc creator/3.3/psoc creator/import/gnu/arm/4.9.3/bin/../lib/gcc/arm-none-eabi/4.9.3/armv7-m/crtbegin.o

.eh_frame_hdr
 *(.eh_frame_hdr)

.eh_frame       0x00003410        0x4
 *(.eh_frame)
 .eh_frame      0x00003410        0x0 d:/program files/cypress/psoc creator/3.3/psoc creator/import/gnu/arm/4.9.3/bin/../lib/gcc/arm-none-eabi/4.9.3/armv7-m/crtbegin.o
 .eh_frame      0x00003410        0x4 d:/program files/cypress/psoc creator/3.3/psoc creator/import/gnu/arm/4.9.3/bin/../lib/gcc/arm-none-eabi/4.9.3/armv7-m/crtend.o
                0x00003414                PROVIDE (__exidx_start, .)

.ARM.exidx
 *(.ARM.exidx* .gnu.linkonce.armexidx.*)
                0x00003414                __exidx_end = .

.rodata         0x00003414      0x3cc
 *(.rodata .rodata.* .gnu.linkonce.r.*)
 .rodata        0x00003414        0xc .\ARM_GCC_493\Debug\main.o
 .rodata        0x00003420      0x1a8 .\ARM_GCC_493\Debug\USB_UART01.a(cyfitter_cfg.o)
 .rodata        0x000035c8        0x4 .\ARM_GCC_493\Debug\USB_UART01.a(USBUART_1_cdc.o)
 .rodata        0x000035cc       0x14 .\ARM_GCC_493\Debug\USB_UART01.a(USBUART_1_std.o)
 .rodata        0x000035e0      0x1cc .\ARM_GCC_493\Debug\USB_UART01.a(USBUART_1_descr.o)
                0x000035e0                USBUART_1_DEVICE0_DESCR
                0x000035f4                USBUART_1_DEVICE0_CONFIGURATION0_DESCR
                0x00003638                USBUART_1_STRING_DESCRIPTORS
                0x000036d8                USBUART_1_SN_STRING_DESCRIPTOR
                0x000036dc                USBUART_1_HIDREPORT_DESCRIPTOR1
                0x00003714                USBUART_1_DEVICE0_CONFIGURATION0_EP_SETTINGS_TABLE
                0x0000372c                USBUART_1_DEVICE0_CONFIGURATION0_INTERFACE_CLASS
                0x00003730                USBUART_1_DEVICE0_CONFIGURATION0_TABLE
                0x00003758                USBUART_1_DEVICE0_TABLE
                0x00003768                USBUART_1_TABLE
                0x00003770                USBUART_1_MSOS_DESCRIPTOR
                0x00003784                USBUART_1_MSOS_CONFIGURATION_DESCR
                0x000037ac                . = ALIGN (0x4)
 *(.init)
 .init          0x000037ac        0x4 d:/program files/cypress/psoc creator/3.3/psoc creator/import/gnu/arm/4.9.3/bin/../lib/gcc/arm-none-eabi/4.9.3/armv7-m/crti.o
                0x000037ac                _init
 .init          0x000037b0        0x8 d:/program files/cypress/psoc creator/3.3/psoc creator/import/gnu/arm/4.9.3/bin/../lib/gcc/arm-none-eabi/4.9.3/armv7-m/crtn.o
                0x000037b8                . = ALIGN (0x4)
                0x000037b8                __preinit_array_start = .
 *(.preinit_array)
                0x000037b8                __preinit_array_end = .
                0x000037b8                . = ALIGN (0x4)
                0x000037b8                __init_array_start = .
 *(SORT(.init_array.*))
 *(.init_array)
 .init_array    0x000037b8        0x4 d:/program files/cypress/psoc creator/3.3/psoc creator/import/gnu/arm/4.9.3/bin/../lib/gcc/arm-none-eabi/4.9.3/armv7-m/crtbegin.o
 .init_array    0x000037bc        0x4 .\ARM_GCC_493\Debug\Cm3Start.o
                0x000037c0                __init_array_end = .
                0x000037c0                . = ALIGN (0x4)
 *(.fini)
 .fini          0x000037c0        0x4 d:/program files/cypress/psoc creator/3.3/psoc creator/import/gnu/arm/4.9.3/bin/../lib/gcc/arm-none-eabi/4.9.3/armv7-m/crti.o
                0x000037c0                _fini
 .fini          0x000037c4        0x8 d:/program files/cypress/psoc creator/3.3/psoc creator/import/gnu/arm/4.9.3/bin/../lib/gcc/arm-none-eabi/4.9.3/armv7-m/crtn.o
                0x000037cc                . = ALIGN (0x4)
                0x000037cc                __fini_array_start = .
 *(.fini_array)
 .fini_array    0x000037cc        0x4 d:/program files/cypress/psoc creator/3.3/psoc creator/import/gnu/arm/4.9.3/bin/../lib/gcc/arm-none-eabi/4.9.3/armv7-m/crtbegin.o
 *(SORT(.fini_array.*))
                0x000037d0                __fini_array_end = .
                0x000037d0                . = ALIGN (0x4)
 *crtbegin.o(.ctors)
 *(EXCLUDE_FILE(*crtend.o) .ctors)
 *(SORT(.ctors.*))
 *crtend.o(.ctors)
                0x000037d0                . = ALIGN (0x4)
 *crtbegin.o(.dtors)
 *(EXCLUDE_FILE(*crtend.o) .dtors)
 *(SORT(.dtors.*))
 *crtend.o(.dtors)
                0x000037d0                . = ALIGN (0x4)
                0x000037d0                __cy_regions = .
                0x000037d0        0x4 LONG 0x37e0 __cy_region_init_ram
                0x000037d4        0x4 LONG 0x1fff8108 __cy_region_start_data
                0x000037d8        0x4 LONG 0x20 __cy_region_init_size_ram
                0x000037dc        0x4 LONG 0xd88 __cy_region_zero_size_ram
                0x000037e0                __cy_regions_end = .
                0x000037e0                . = ALIGN (0x8)
                0x000037e0                _etext = .

.cy_checksum_exclude
                0x000037e0        0x0
 *(.cy_checksum_exclude)

.ramvectors     0x1fff8000      0x100
                0x1fff8000                __cy_region_start_ram = .
 *(.ramvectors)
 .ramvectors    0x1fff8000      0x100 .\ARM_GCC_493\Debug\Cm3Start.o
                0x1fff8000                CyRamVectors

.noinit         0x1fff8100        0x5
 *(.noinit)
 .noinit        0x1fff8100        0x4 .\ARM_GCC_493\Debug\Cm3Start.o
 .noinit        0x1fff8104        0x1 .\ARM_GCC_493\Debug\USB_UART01.a(CyLib.o)
                0x1fff8104                CyResetStatus

.data           0x1fff8108       0x20 load address 0x000037e0
                0x1fff8108                __cy_region_start_data = .
 *(.jcr)
 .jcr           0x1fff8108        0x0 d:/program files/cypress/psoc creator/3.3/psoc creator/import/gnu/arm/4.9.3/bin/../lib/gcc/arm-none-eabi/4.9.3/armv7-m/crtbegin.o
 .jcr           0x1fff8108        0x4 d:/program files/cypress/psoc creator/3.3/psoc creator/import/gnu/arm/4.9.3/bin/../lib/gcc/arm-none-eabi/4.9.3/armv7-m/crtend.o
 *(.got.plt)
 *(.got)
 *(.shdata)
 *(.data .data.* .gnu.linkonce.d.*)
 .data          0x1fff810c        0x8 .\ARM_GCC_493\Debug\USB_UART01.a(USBUART_1_cdc.o)
                0x1fff810c                USBUART_1_lineCoding
 .data          0x1fff8114       0x10 .\ARM_GCC_493\Debug\USB_UART01.a(CyLib.o)
                0x1fff8114                cydelay_freq_hz
                0x1fff8118                cydelay_freq_khz
                0x1fff811c                cydelay_freq_mhz
                0x1fff8120                cydelay_32k_ms
                0x1fff8128                . = ALIGN (0x8)
 *fill*         0x1fff8124        0x4 
 *(.ram)
                0x1fff8128                _edata = .

.igot.plt       0x1fff8128        0x0 load address 0x00003800
 .igot.plt      0x00000000        0x0 d:/program files/cypress/psoc creator/3.3/psoc creator/import/gnu/arm/4.9.3/bin/../lib/gcc/arm-none-eabi/4.9.3/armv7-m/crtbegin.o

.bss            0x1fff8128      0xd88 load address 0x00003800
                0x1fff8128                PROVIDE (__bss_start__, .)
 *(.shbss)
 *(.bss .bss.* .gnu.linkonce.b.*)
 .bss           0x1fff8128       0x1c d:/program files/cypress/psoc creator/3.3/psoc creator/import/gnu/arm/4.9.3/bin/../lib/gcc/arm-none-eabi/4.9.3/armv7-m/crtbegin.o
 .bss           0x1fff8144        0x8 .\ARM_GCC_493\Debug\main.o
                0x1fff8144                halfBitIndex
                0x1fff8148                currentDataPos
 .bss           0x1fff814c        0x1 .\ARM_GCC_493\Debug\USB_UART01.a(USBUART_1.o)
                0x1fff814c                USBUART_1_initVar
 *fill*         0x1fff814d        0x3 
 .bss           0x1fff8150        0x4 .\ARM_GCC_493\Debug\USB_UART01.a(USBUART_1_std.o)
 .bss           0x1fff8154        0x2 .\ARM_GCC_493\Debug\USB_UART01.a(LCD.o)
                0x1fff8154                LCD_enableState
                0x1fff8155                LCD_initVar
 .bss           0x1fff8156        0x1 .\ARM_GCC_493\Debug\USB_UART01.a(Timer.o)
                0x1fff8156                Timer_initVar
 *(COMMON)
 *fill*         0x1fff8157        0x1 
 COMMON         0x1fff8158      0xc85 .\ARM_GCC_493\Debug\main.o
                0x1fff8158                lengthOfData
                0x1fff815c                diffManEncodedData
                0x1fff8ddc                timerExpired
 *fill*         0x1fff8ddd        0x1 
 COMMON         0x1fff8dde        0x5 .\ARM_GCC_493\Debug\USB_UART01.a(USBUART_1_cdc.o)
                0x1fff8dde                USBUART_1_cdc_data_out_ep
                0x1fff8ddf                USBUART_1_cdc_data_in_ep
                0x1fff8de0                USBUART_1_lineControlBitmap
                0x1fff8de2                USBUART_1_lineChanged
 *fill*         0x1fff8de3        0x1 
 COMMON         0x1fff8de4       0x97 .\ARM_GCC_493\Debug\USB_UART01.a(USBUART_1_drv.o)
                0x1fff8de4                USBUART_1_ep0Mode
                0x1fff8de5                USBUART_1_lastPacketSize
                0x1fff8de6                USBUART_1_configurationChanged
                0x1fff8de7                USBUART_1_configuration
                0x1fff8de8                USBUART_1_interfaceNumber
                0x1fff8de9                USBUART_1_deviceStatus
                0x1fff8dea                USBUART_1_ep0Toggle
                0x1fff8dec                USBUART_1_interfaceClass
                0x1fff8df0                USBUART_1_interfaceSetting
                0x1fff8df4                USBUART_1_currentTD
                0x1fff8e00                USBUART_1_ep0Count
                0x1fff8e04                USBUART_1_EP
                0x1fff8e70                USBUART_1_interfaceSetting_last
                0x1fff8e72                USBUART_1_transferByteCount
                0x1fff8e74                USBUART_1_transferState
                0x1fff8e75                USBUART_1_device
                0x1fff8e78                USBUART_1_interfaceStatus
                0x1fff8e7a                USBUART_1_deviceAddress
 *fill*         0x1fff8e7b        0x1 
 COMMON         0x1fff8e7c        0xa .\ARM_GCC_493\Debug\USB_UART01.a(USBUART_1_hid.o)
                0x1fff8e7c                USBUART_1_hidProtocol
                0x1fff8e80                USBUART_1_hidIdleTimer
                0x1fff8e84                USBUART_1_hidIdleRate
 *fill*         0x1fff8e86        0x2 
 COMMON         0x1fff8e88       0x22 .\ARM_GCC_493\Debug\USB_UART01.a(USBUART_1_descr.o)
                0x1fff8e88                USBUART_1_idSerialNumberStringDescriptor
                0x1fff8eb0                . = ALIGN (0x8)
 *fill*         0x1fff8eaa        0x6 
 *(.ram.b)
                0x1fff8eb0                _end = .
                0x1fff8eb0                __end = .
                0x1fff8eb0                PROVIDE (end, .)
                0x1fff8eb0                PROVIDE (__bss_end__, .)
                0x000037e0                __cy_region_init_ram = LOADADDR (.data)
                0x00000020                __cy_region_init_size_ram = (_edata - ADDR (.data))
                0x00000d88                __cy_region_zero_size_ram = (_end - _edata)

.heap           0x1fff8eb0       0x80 load address 0x00003800
                0x1fff8eb0                . = _end
                0x1fff8f30                . = (. + 0x80)
 *fill*         0x1fff8eb0       0x80 
                0x1fff8f30                __cy_heap_limit = .

.stack          0x20007800      0x800
                0x20007800                __cy_stack_limit = .
                0x20008000                . = (. + 0x800)
 *fill*         0x20007800      0x800 
                0x00000001                ASSERT ((__cy_stack_limit >= __cy_heap_limit), region RAM overflowed with stack)
                0x00000000                cy_checksum_exclude_size = (CY_APPL_LOADABLE == 0x1)?SIZEOF (.cy_checksum_exclude):0x0
                0x00000001                ASSERT ((cy_checksum_exclude_size <= CY_CHECKSUM_EXCLUDE_SIZE), CY_BOOT: Section .cy_checksum_exclude size exceedes specified limit.)

.cyloadermeta
 *(.cyloadermeta)

.cyloadablemeta
 *(.cyloadablemeta)

.cyconfigecc    0x80000000        0x4
 *(.cyconfigecc)
 .cyconfigecc   0x80000000        0x4 .\ARM_GCC_493\Debug\cymetadata.o
                0x80000000                cy_meta_configecc

.cycustnvl      0x90000000        0x4
 *(.cycustnvl)
 .cycustnvl     0x90000000        0x4 .\ARM_GCC_493\Debug\cymetadata.o
                0x90000000                cy_meta_custnvl

.cywolatch      0x90100000        0x4
 *(.cywolatch)
 .cywolatch     0x90100000        0x4 .\ARM_GCC_493\Debug\cymetadata.o
                0x90100000                cy_meta_wonvl

.cyeeprom       0x90200000        0x0
 *(.cyeeprom)
                0x00000001                ASSERT ((. <= ((0x90200000 + ee_offset) + ee_size)), .cyeeprom data will not fit in EEPROM)

.cyflashprotect
                0x90400000      0x100
 *(.cyflashprotect)
 .cyflashprotect
                0x90400000      0x100 .\ARM_GCC_493\Debug\cymetadata.o
                0x90400000                cy_meta_flashprotect

.cymeta         0x90500000        0xc
 *(.cymeta)
 .cymeta        0x90500000        0xc .\ARM_GCC_493\Debug\cymetadata.o
                0x90500000                cy_metadata

.rel.dyn        0x00003800        0x0 load address 0x9050000c
 .rel.iplt      0x00000000        0x0 d:/program files/cypress/psoc creator/3.3/psoc creator/import/gnu/arm/4.9.3/bin/../lib/gcc/arm-none-eabi/4.9.3/armv7-m/crtbegin.o

.stab
 *(.stab)

.stabstr
 *(.stabstr)

.debug
 *(.debug)

.line
 *(.line)

.debug_srcinfo
 *(.debug_srcinfo)

.debug_sfnames
 *(.debug_sfnames)

.debug_aranges  0x00000000      0xa80
 *(.debug_aranges)
 .debug_aranges
                0x00000000       0x40 .\ARM_GCC_493\Debug\main.o
 .debug_aranges
                0x00000040       0x18 .\ARM_GCC_493\Debug\cymetadata.o
 .debug_aranges
                0x00000058       0x48 .\ARM_GCC_493\Debug\Cm3Start.o
 .debug_aranges
                0x000000a0       0x60 .\ARM_GCC_493\Debug\USB_UART01.a(cyfitter_cfg.o)
 .debug_aranges
                0x00000100       0xb0 .\ARM_GCC_493\Debug\USB_UART01.a(USBUART_1.o)
 .debug_aranges
                0x000001b0       0xb0 .\ARM_GCC_493\Debug\USB_UART01.a(USBUART_1_cdc.o)
 .debug_aranges
                0x00000260       0x98 .\ARM_GCC_493\Debug\USB_UART01.a(USBUART_1_drv.o)
 .debug_aranges
                0x000002f8       0x40 .\ARM_GCC_493\Debug\USB_UART01.a(USBUART_1_episr.o)
 .debug_aranges
                0x00000338       0x48 .\ARM_GCC_493\Debug\USB_UART01.a(USBUART_1_hid.o)
 .debug_aranges
                0x00000380       0x78 .\ARM_GCC_493\Debug\USB_UART01.a(USBUART_1_std.o)
 .debug_aranges
                0x000003f8       0x20 .\ARM_GCC_493\Debug\USB_UART01.a(USBUART_1_vnd.o)
 .debug_aranges
                0x00000418       0x98 .\ARM_GCC_493\Debug\USB_UART01.a(LCD.o)
 .debug_aranges
                0x000004b0       0x20 .\ARM_GCC_493\Debug\USB_UART01.a(CyBootAsmGnu.o)
 .debug_aranges
                0x000004d0      0x298 .\ARM_GCC_493\Debug\USB_UART01.a(CyLib.o)
 .debug_aranges
                0x00000768       0x98 .\ARM_GCC_493\Debug\USB_UART01.a(cyPm.o)
 .debug_aranges
                0x00000800       0x38 .\ARM_GCC_493\Debug\USB_UART01.a(TX_pin.o)
 .debug_aranges
                0x00000838       0x90 .\ARM_GCC_493\Debug\USB_UART01.a(Timer.o)
 .debug_aranges
                0x000008c8       0x80 .\ARM_GCC_493\Debug\USB_UART01.a(TimerISR.o)
 .debug_aranges
                0x00000948       0x20 .\ARM_GCC_493\Debug\USB_UART01.a(USBUART_1_cls.o)
 .debug_aranges
                0x00000968       0x18 .\ARM_GCC_493\Debug\USB_UART01.a(USBUART_1_descr.o)
 .debug_aranges
                0x00000980       0x88 .\ARM_GCC_493\Debug\USB_UART01.a(CyFlash.o)
 .debug_aranges
                0x00000a08       0x78 .\ARM_GCC_493\Debug\USB_UART01.a(CySpc.o)

.debug_pubnames
 *(.debug_pubnames)

.debug_info     0x00000000     0x5401
 *(.debug_info .gnu.linkonce.wi.*)
 .debug_info    0x00000000      0x27e .\ARM_GCC_493\Debug\main.o
 .debug_info    0x0000027e      0x139 .\ARM_GCC_493\Debug\cymetadata.o
 .debug_info    0x000003b7      0x317 .\ARM_GCC_493\Debug\Cm3Start.o
 .debug_info    0x000006ce      0x473 .\ARM_GCC_493\Debug\USB_UART01.a(cyfitter_cfg.o)
 .debug_info    0x00000b41      0x601 .\ARM_GCC_493\Debug\USB_UART01.a(USBUART_1.o)
 .debug_info    0x00001142      0x56f .\ARM_GCC_493\Debug\USB_UART01.a(USBUART_1_cdc.o)
 .debug_info    0x000016b1      0x4ed .\ARM_GCC_493\Debug\USB_UART01.a(USBUART_1_drv.o)
 .debug_info    0x00001b9e      0x1a6 .\ARM_GCC_493\Debug\USB_UART01.a(USBUART_1_episr.o)
 .debug_info    0x00001d44      0x34e .\ARM_GCC_493\Debug\USB_UART01.a(USBUART_1_hid.o)
 .debug_info    0x00002092      0x7bb .\ARM_GCC_493\Debug\USB_UART01.a(USBUART_1_std.o)
 .debug_info    0x0000284d      0x177 .\ARM_GCC_493\Debug\USB_UART01.a(USBUART_1_vnd.o)
 .debug_info    0x000029c4      0x3c4 .\ARM_GCC_493\Debug\USB_UART01.a(LCD.o)
 .debug_info    0x00002d88       0x9d .\ARM_GCC_493\Debug\USB_UART01.a(CyBootAsmGnu.o)
 .debug_info    0x00002e25      0xe31 .\ARM_GCC_493\Debug\USB_UART01.a(CyLib.o)
 .debug_info    0x00003c56      0x55f .\ARM_GCC_493\Debug\USB_UART01.a(cyPm.o)
 .debug_info    0x000041b5      0x11d .\ARM_GCC_493\Debug\USB_UART01.a(TX_pin.o)
 .debug_info    0x000042d2      0x252 .\ARM_GCC_493\Debug\USB_UART01.a(Timer.o)
 .debug_info    0x00004524      0x238 .\ARM_GCC_493\Debug\USB_UART01.a(TimerISR.o)
 .debug_info    0x0000475c      0x19b .\ARM_GCC_493\Debug\USB_UART01.a(USBUART_1_cls.o)
 .debug_info    0x000048f7      0x2f3 .\ARM_GCC_493\Debug\USB_UART01.a(USBUART_1_descr.o)
 .debug_info    0x00004bea      0x3c1 .\ARM_GCC_493\Debug\USB_UART01.a(CyFlash.o)
 .debug_info    0x00004fab      0x456 .\ARM_GCC_493\Debug\USB_UART01.a(CySpc.o)

.debug_abbrev   0x00000000     0x1aad
 *(.debug_abbrev)
 .debug_abbrev  0x00000000      0x143 .\ARM_GCC_493\Debug\main.o
 .debug_abbrev  0x00000143       0x5d .\ARM_GCC_493\Debug\cymetadata.o
 .debug_abbrev  0x000001a0      0x1b6 .\ARM_GCC_493\Debug\Cm3Start.o
 .debug_abbrev  0x00000356      0x187 .\ARM_GCC_493\Debug\USB_UART01.a(cyfitter_cfg.o)
 .debug_abbrev  0x000004dd      0x1bf .\ARM_GCC_493\Debug\USB_UART01.a(USBUART_1.o)
 .debug_abbrev  0x0000069c      0x1db .\ARM_GCC_493\Debug\USB_UART01.a(USBUART_1_cdc.o)
 .debug_abbrev  0x00000877      0x179 .\ARM_GCC_493\Debug\USB_UART01.a(USBUART_1_drv.o)
 .debug_abbrev  0x000009f0       0xd2 .\ARM_GCC_493\Debug\USB_UART01.a(USBUART_1_episr.o)
 .debug_abbrev  0x00000ac2      0x15e .\ARM_GCC_493\Debug\USB_UART01.a(USBUART_1_hid.o)
 .debug_abbrev  0x00000c20      0x1ac .\ARM_GCC_493\Debug\USB_UART01.a(USBUART_1_std.o)
 .debug_abbrev  0x00000dcc       0xc5 .\ARM_GCC_493\Debug\USB_UART01.a(USBUART_1_vnd.o)
 .debug_abbrev  0x00000e91      0x12d .\ARM_GCC_493\Debug\USB_UART01.a(LCD.o)
 .debug_abbrev  0x00000fbe       0x14 .\ARM_GCC_493\Debug\USB_UART01.a(CyBootAsmGnu.o)
 .debug_abbrev  0x00000fd2      0x217 .\ARM_GCC_493\Debug\USB_UART01.a(CyLib.o)
 .debug_abbrev  0x000011e9      0x16e .\ARM_GCC_493\Debug\USB_UART01.a(cyPm.o)
 .debug_abbrev  0x00001357       0x9d .\ARM_GCC_493\Debug\USB_UART01.a(TX_pin.o)
 .debug_abbrev  0x000013f4      0x128 .\ARM_GCC_493\Debug\USB_UART01.a(Timer.o)
 .debug_abbrev  0x0000151c      0x17f .\ARM_GCC_493\Debug\USB_UART01.a(TimerISR.o)
 .debug_abbrev  0x0000169b       0xc5 .\ARM_GCC_493\Debug\USB_UART01.a(USBUART_1_cls.o)
 .debug_abbrev  0x00001760       0xa7 .\ARM_GCC_493\Debug\USB_UART01.a(USBUART_1_descr.o)
 .debug_abbrev  0x00001807      0x12d .\ARM_GCC_493\Debug\USB_UART01.a(CyFlash.o)
 .debug_abbrev  0x00001934      0x179 .\ARM_GCC_493\Debug\USB_UART01.a(CySpc.o)

.debug_line     0x00000000     0x2c34
 *(.debug_line)
 .debug_line    0x00000000      0x263 .\ARM_GCC_493\Debug\main.o
 .debug_line    0x00000263       0x53 .\ARM_GCC_493\Debug\cymetadata.o
 .debug_line    0x000002b6      0x1d0 .\ARM_GCC_493\Debug\Cm3Start.o
 .debug_line    0x00000486      0x1e9 .\ARM_GCC_493\Debug\USB_UART01.a(cyfitter_cfg.o)
 .debug_line    0x0000066f      0x2e2 .\ARM_GCC_493\Debug\USB_UART01.a(USBUART_1.o)
 .debug_line    0x00000951      0x242 .\ARM_GCC_493\Debug\USB_UART01.a(USBUART_1_cdc.o)
 .debug_line    0x00000b93      0x21a .\ARM_GCC_493\Debug\USB_UART01.a(USBUART_1_drv.o)
 .debug_line    0x00000dad       0xec .\ARM_GCC_493\Debug\USB_UART01.a(USBUART_1_episr.o)
 .debug_line    0x00000e99      0x199 .\ARM_GCC_493\Debug\USB_UART01.a(USBUART_1_hid.o)
 .debug_line    0x00001032      0x459 .\ARM_GCC_493\Debug\USB_UART01.a(USBUART_1_std.o)
 .debug_line    0x0000148b       0x97 .\ARM_GCC_493\Debug\USB_UART01.a(USBUART_1_vnd.o)
 .debug_line    0x00001522      0x1e3 .\ARM_GCC_493\Debug\USB_UART01.a(LCD.o)
 .debug_line    0x00001705       0x7f .\ARM_GCC_493\Debug\USB_UART01.a(CyBootAsmGnu.o)
 .debug_line    0x00001784      0x872 .\ARM_GCC_493\Debug\USB_UART01.a(CyLib.o)
 .debug_line    0x00001ff6      0x381 .\ARM_GCC_493\Debug\USB_UART01.a(cyPm.o)
 .debug_line    0x00002377       0x97 .\ARM_GCC_493\Debug\USB_UART01.a(TX_pin.o)
 .debug_line    0x0000240e      0x170 .\ARM_GCC_493\Debug\USB_UART01.a(Timer.o)
 .debug_line    0x0000257e      0x15c .\ARM_GCC_493\Debug\USB_UART01.a(TimerISR.o)
 .debug_line    0x000026da       0xa2 .\ARM_GCC_493\Debug\USB_UART01.a(USBUART_1_cls.o)
 .debug_line    0x0000277c       0x67 .\ARM_GCC_493\Debug\USB_UART01.a(USBUART_1_descr.o)
 .debug_line    0x000027e3      0x21a .\ARM_GCC_493\Debug\USB_UART01.a(CyFlash.o)
 .debug_line    0x000029fd      0x237 .\ARM_GCC_493\Debug\USB_UART01.a(CySpc.o)

.debug_frame    0x00000000     0x2974
 *(.debug_frame)
 .debug_frame   0x00000000       0xc0 .\ARM_GCC_493\Debug\main.o
 .debug_frame   0x000000c0       0xd8 .\ARM_GCC_493\Debug\Cm3Start.o
 .debug_frame   0x00000198      0x16c .\ARM_GCC_493\Debug\USB_UART01.a(cyfitter_cfg.o)
 .debug_frame   0x00000304      0x308 .\ARM_GCC_493\Debug\USB_UART01.a(USBUART_1.o)
 .debug_frame   0x0000060c      0x2e4 .\ARM_GCC_493\Debug\USB_UART01.a(USBUART_1_cdc.o)
 .debug_frame   0x000008f0      0x23c .\ARM_GCC_493\Debug\USB_UART01.a(USBUART_1_drv.o)
 .debug_frame   0x00000b2c       0xbc .\ARM_GCC_493\Debug\USB_UART01.a(USBUART_1_episr.o)
 .debug_frame   0x00000be8      0x100 .\ARM_GCC_493\Debug\USB_UART01.a(USBUART_1_hid.o)
 .debug_frame   0x00000ce8      0x1f4 .\ARM_GCC_493\Debug\USB_UART01.a(USBUART_1_std.o)
 .debug_frame   0x00000edc       0x38 .\ARM_GCC_493\Debug\USB_UART01.a(USBUART_1_vnd.o)
 .debug_frame   0x00000f14      0x260 .\ARM_GCC_493\Debug\USB_UART01.a(LCD.o)
 .debug_frame   0x00001174      0xbe8 .\ARM_GCC_493\Debug\USB_UART01.a(CyLib.o)
 .debug_frame   0x00001d5c      0x234 .\ARM_GCC_493\Debug\USB_UART01.a(cyPm.o)
 .debug_frame   0x00001f90       0xa8 .\ARM_GCC_493\Debug\USB_UART01.a(TX_pin.o)
 .debug_frame   0x00002038      0x230 .\ARM_GCC_493\Debug\USB_UART01.a(Timer.o)
 .debug_frame   0x00002268      0x1e8 .\ARM_GCC_493\Debug\USB_UART01.a(TimerISR.o)
 .debug_frame   0x00002450       0x38 .\ARM_GCC_493\Debug\USB_UART01.a(USBUART_1_cls.o)
 .debug_frame   0x00002488      0x238 .\ARM_GCC_493\Debug\USB_UART01.a(CyFlash.o)
 .debug_frame   0x000026c0      0x1f8 .\ARM_GCC_493\Debug\USB_UART01.a(CySpc.o)
 .debug_frame   0x000028b8       0x20 d:/program files/cypress/psoc creator/3.3/psoc creator/import/gnu/arm/4.9.3/bin/../lib/gcc/arm-none-eabi/4.9.3/../../../../arm-none-eabi/lib/armv7-m\libg_nano.a(lib_a-errno.o)
 .debug_frame   0x000028d8       0x28 d:/program files/cypress/psoc creator/3.3/psoc creator/import/gnu/arm/4.9.3/bin/../lib/gcc/arm-none-eabi/4.9.3/../../../../arm-none-eabi/lib/armv7-m\libg_nano.a(lib_a-exit.o)
 .debug_frame   0x00002900       0x2c d:/program files/cypress/psoc creator/3.3/psoc creator/import/gnu/arm/4.9.3/bin/../lib/gcc/arm-none-eabi/4.9.3/../../../../arm-none-eabi/lib/armv7-m\libg_nano.a(lib_a-init.o)
 .debug_frame   0x0000292c       0x28 d:/program files/cypress/psoc creator/3.3/psoc creator/import/gnu/arm/4.9.3/bin/../lib/gcc/arm-none-eabi/4.9.3/../../../../arm-none-eabi/lib/armv7-m\libg_nano.a(lib_a-memcpy.o)
 .debug_frame   0x00002954       0x20 d:/program files/cypress/psoc creator/3.3/psoc creator/import/gnu/arm/4.9.3/bin/../lib/gcc/arm-none-eabi/4.9.3/../../../../arm-none-eabi/lib/armv7-m\libg_nano.a(lib_a-memset.o)

.debug_str      0x00000000     0x2786
 *(.debug_str)
 .debug_str     0x00000000      0x247 .\ARM_GCC_493\Debug\main.o
                                0x288 (size before relaxing)
 .debug_str     0x00000247       0x77 .\ARM_GCC_493\Debug\cymetadata.o
                                0x1f7 (size before relaxing)
 .debug_str     0x000002be      0x139 .\ARM_GCC_493\Debug\Cm3Start.o
                                0x2d8 (size before relaxing)
 .debug_str     0x000003f7      0x1c1 .\ARM_GCC_493\Debug\USB_UART01.a(cyfitter_cfg.o)
                                0x37d (size before relaxing)
 .debug_str     0x000005b8      0x397 .\ARM_GCC_493\Debug\USB_UART01.a(USBUART_1.o)
                                0x547 (size before relaxing)
 .debug_str     0x0000094f      0x2ef .\ARM_GCC_493\Debug\USB_UART01.a(USBUART_1_cdc.o)
                                0x52b (size before relaxing)
 .debug_str     0x00000c3e      0x2c0 .\ARM_GCC_493\Debug\USB_UART01.a(USBUART_1_drv.o)
                                0x62a (size before relaxing)
 .debug_str     0x00000efe       0x8e .\ARM_GCC_493\Debug\USB_UART01.a(USBUART_1_episr.o)
                                0x291 (size before relaxing)
 .debug_str     0x00000f8c      0x136 .\ARM_GCC_493\Debug\USB_UART01.a(USBUART_1_hid.o)
                                0x39c (size before relaxing)
 .debug_str     0x000010c2      0x2c8 .\ARM_GCC_493\Debug\USB_UART01.a(USBUART_1_std.o)
                                0x6b3 (size before relaxing)
 .debug_str     0x0000138a       0x67 .\ARM_GCC_493\Debug\USB_UART01.a(USBUART_1_vnd.o)
                                0x26a (size before relaxing)
 .debug_str     0x000013f1      0x16c .\ARM_GCC_493\Debug\USB_UART01.a(LCD.o)
                                0x31a (size before relaxing)
 .debug_str     0x0000155d      0x7cd .\ARM_GCC_493\Debug\USB_UART01.a(CyLib.o)
                                0x9d3 (size before relaxing)
 .debug_str     0x00001d2a      0x367 .\ARM_GCC_493\Debug\USB_UART01.a(cyPm.o)
                                0x538 (size before relaxing)
 .debug_str     0x00002091       0x6d .\ARM_GCC_493\Debug\USB_UART01.a(TX_pin.o)
                                0x1f4 (size before relaxing)
 .debug_str     0x000020fe      0x17d .\ARM_GCC_493\Debug\USB_UART01.a(Timer.o)
                                0x30f (size before relaxing)
 .debug_str     0x0000227b      0x112 .\ARM_GCC_493\Debug\USB_UART01.a(TimerISR.o)
                                0x2d1 (size before relaxing)
 .debug_str     0x0000238d       0x45 .\ARM_GCC_493\Debug\USB_UART01.a(USBUART_1_cls.o)
                                0x280 (size before relaxing)
 .debug_str     0x000023d2      0x134 .\ARM_GCC_493\Debug\USB_UART01.a(USBUART_1_descr.o)
                                0x3d1 (size before relaxing)
 .debug_str     0x00002506      0x15f .\ARM_GCC_493\Debug\USB_UART01.a(CyFlash.o)
                                0x30f (size before relaxing)
 .debug_str     0x00002665      0x121 .\ARM_GCC_493\Debug\USB_UART01.a(CySpc.o)
                                0x2f4 (size before relaxing)

.debug_loc
 *(.debug_loc)

.debug_macinfo
 *(.debug_macinfo)

.debug_ranges   0x00000000      0x900
 *(.debug_ranges)
 .debug_ranges  0x00000000       0x30 .\ARM_GCC_493\Debug\main.o
 .debug_ranges  0x00000030       0x38 .\ARM_GCC_493\Debug\Cm3Start.o
 .debug_ranges  0x00000068       0x50 .\ARM_GCC_493\Debug\USB_UART01.a(cyfitter_cfg.o)
 .debug_ranges  0x000000b8       0xa0 .\ARM_GCC_493\Debug\USB_UART01.a(USBUART_1.o)
 .debug_ranges  0x00000158       0xa0 .\ARM_GCC_493\Debug\USB_UART01.a(USBUART_1_cdc.o)
 .debug_ranges  0x000001f8       0x88 .\ARM_GCC_493\Debug\USB_UART01.a(USBUART_1_drv.o)
 .debug_ranges  0x00000280       0x30 .\ARM_GCC_493\Debug\USB_UART01.a(USBUART_1_episr.o)
 .debug_ranges  0x000002b0       0x38 .\ARM_GCC_493\Debug\USB_UART01.a(USBUART_1_hid.o)
 .debug_ranges  0x000002e8       0x68 .\ARM_GCC_493\Debug\USB_UART01.a(USBUART_1_std.o)
 .debug_ranges  0x00000350       0x10 .\ARM_GCC_493\Debug\USB_UART01.a(USBUART_1_vnd.o)
 .debug_ranges  0x00000360       0x88 .\ARM_GCC_493\Debug\USB_UART01.a(LCD.o)
 .debug_ranges  0x000003e8      0x288 .\ARM_GCC_493\Debug\USB_UART01.a(CyLib.o)
 .debug_ranges  0x00000670       0x88 .\ARM_GCC_493\Debug\USB_UART01.a(cyPm.o)
 .debug_ranges  0x000006f8       0x28 .\ARM_GCC_493\Debug\USB_UART01.a(TX_pin.o)
 .debug_ranges  0x00000720       0x80 .\ARM_GCC_493\Debug\USB_UART01.a(Timer.o)
 .debug_ranges  0x000007a0       0x70 .\ARM_GCC_493\Debug\USB_UART01.a(TimerISR.o)
 .debug_ranges  0x00000810       0x10 .\ARM_GCC_493\Debug\USB_UART01.a(USBUART_1_cls.o)
 .debug_ranges  0x00000820       0x78 .\ARM_GCC_493\Debug\USB_UART01.a(CyFlash.o)
 .debug_ranges  0x00000898       0x68 .\ARM_GCC_493\Debug\USB_UART01.a(CySpc.o)

.comment        0x00000000       0x70
 .comment       0x00000000       0x70 .\ARM_GCC_493\Debug\main.o
                                 0x71 (size before relaxing)
 .comment       0x00000000       0x71 .\ARM_GCC_493\Debug\cymetadata.o
 .comment       0x00000000       0x71 .\ARM_GCC_493\Debug\Cm3Start.o
 .comment       0x00000000       0x71 .\ARM_GCC_493\Debug\USB_UART01.a(cyfitter_cfg.o)
 .comment       0x00000000       0x71 .\ARM_GCC_493\Debug\USB_UART01.a(USBUART_1.o)
 .comment       0x00000000       0x71 .\ARM_GCC_493\Debug\USB_UART01.a(USBUART_1_cdc.o)
 .comment       0x00000000       0x71 .\ARM_GCC_493\Debug\USB_UART01.a(USBUART_1_drv.o)
 .comment       0x00000000       0x71 .\ARM_GCC_493\Debug\USB_UART01.a(USBUART_1_episr.o)
 .comment       0x00000000       0x71 .\ARM_GCC_493\Debug\USB_UART01.a(USBUART_1_hid.o)
 .comment       0x00000000       0x71 .\ARM_GCC_493\Debug\USB_UART01.a(USBUART_1_std.o)
 .comment       0x00000000       0x71 .\ARM_GCC_493\Debug\USB_UART01.a(USBUART_1_vnd.o)
 .comment       0x00000000       0x71 .\ARM_GCC_493\Debug\USB_UART01.a(LCD.o)
 .comment       0x00000000       0x71 .\ARM_GCC_493\Debug\USB_UART01.a(CyLib.o)
 .comment       0x00000000       0x71 .\ARM_GCC_493\Debug\USB_UART01.a(cyPm.o)
 .comment       0x00000000       0x71 .\ARM_GCC_493\Debug\USB_UART01.a(TX_pin.o)
 .comment       0x00000000       0x71 .\ARM_GCC_493\Debug\USB_UART01.a(Timer.o)
 .comment       0x00000000       0x71 .\ARM_GCC_493\Debug\USB_UART01.a(TimerISR.o)
 .comment       0x00000000       0x71 .\ARM_GCC_493\Debug\USB_UART01.a(USBUART_1_cls.o)
 .comment       0x00000000       0x71 .\ARM_GCC_493\Debug\USB_UART01.a(USBUART_1_descr.o)
 .comment       0x00000000       0x71 .\ARM_GCC_493\Debug\USB_UART01.a(CyFlash.o)
 .comment       0x00000000       0x71 .\ARM_GCC_493\Debug\USB_UART01.a(CySpc.o)

.debug_weaknames
 *(.debug_weaknames)

.debug_funcnames
 *(.debug_funcnames)

.debug_typenames
 *(.debug_typenames)

.debug_varnames
 *(.debug_varnames)

.note.gnu.arm.ident
 *(.note.gnu.arm.ident)

.ARM.attributes
                0x00000000       0x29
 *(.ARM.attributes)
 .ARM.attributes
                0x00000000       0x1d d:/program files/cypress/psoc creator/3.3/psoc creator/import/gnu/arm/4.9.3/bin/../lib/gcc/arm-none-eabi/4.9.3/armv7-m/crti.o
 .ARM.attributes
                0x0000001d       0x2d d:/program files/cypress/psoc creator/3.3/psoc creator/import/gnu/arm/4.9.3/bin/../lib/gcc/arm-none-eabi/4.9.3/armv7-m/crtbegin.o
 .ARM.attributes
                0x0000004a       0x1b d:/program files/cypress/psoc creator/3.3/psoc creator/import/gnu/arm/4.9.3/bin/../lib/gcc/arm-none-eabi/4.9.3/../../../../arm-none-eabi/lib/armv7-m/crt0.o
 .ARM.attributes
                0x00000065       0x33 .\ARM_GCC_493\Debug\main.o
 .ARM.attributes
                0x00000098       0x33 .\ARM_GCC_493\Debug\cymetadata.o
 .ARM.attributes
                0x000000cb       0x33 .\ARM_GCC_493\Debug\Cm3Start.o
 .ARM.attributes
                0x000000fe       0x33 .\ARM_GCC_493\Debug\USB_UART01.a(cyfitter_cfg.o)
 .ARM.attributes
                0x00000131       0x33 .\ARM_GCC_493\Debug\USB_UART01.a(USBUART_1.o)
 .ARM.attributes
                0x00000164       0x33 .\ARM_GCC_493\Debug\USB_UART01.a(USBUART_1_cdc.o)
 .ARM.attributes
                0x00000197       0x33 .\ARM_GCC_493\Debug\USB_UART01.a(USBUART_1_drv.o)
 .ARM.attributes
                0x000001ca       0x33 .\ARM_GCC_493\Debug\USB_UART01.a(USBUART_1_episr.o)
 .ARM.attributes
                0x000001fd       0x33 .\ARM_GCC_493\Debug\USB_UART01.a(USBUART_1_hid.o)
 .ARM.attributes
                0x00000230       0x33 .\ARM_GCC_493\Debug\USB_UART01.a(USBUART_1_std.o)
 .ARM.attributes
                0x00000263       0x33 .\ARM_GCC_493\Debug\USB_UART01.a(USBUART_1_vnd.o)
 .ARM.attributes
                0x00000296       0x33 .\ARM_GCC_493\Debug\USB_UART01.a(LCD.o)
 .ARM.attributes
                0x000002c9       0x21 .\ARM_GCC_493\Debug\USB_UART01.a(CyBootAsmGnu.o)
 .ARM.attributes
                0x000002ea       0x33 .\ARM_GCC_493\Debug\USB_UART01.a(CyLib.o)
 .ARM.attributes
                0x0000031d       0x33 .\ARM_GCC_493\Debug\USB_UART01.a(cyPm.o)
 .ARM.attributes
                0x00000350       0x33 .\ARM_GCC_493\Debug\USB_UART01.a(TX_pin.o)
 .ARM.attributes
                0x00000383       0x33 .\ARM_GCC_493\Debug\USB_UART01.a(Timer.o)
 .ARM.attributes
                0x000003b6       0x33 .\ARM_GCC_493\Debug\USB_UART01.a(TimerISR.o)
 .ARM.attributes
                0x000003e9       0x33 .\ARM_GCC_493\Debug\USB_UART01.a(USBUART_1_cls.o)
 .ARM.attributes
                0x0000041c       0x33 .\ARM_GCC_493\Debug\USB_UART01.a(USBUART_1_descr.o)
 .ARM.attributes
                0x0000044f       0x33 .\ARM_GCC_493\Debug\USB_UART01.a(CyFlash.o)
 .ARM.attributes
                0x00000482       0x33 .\ARM_GCC_493\Debug\USB_UART01.a(CySpc.o)
 .ARM.attributes
                0x000004b5       0x2d d:/program files/cypress/psoc creator/3.3/psoc creator/import/gnu/arm/4.9.3/bin/../lib/gcc/arm-none-eabi/4.9.3/../../../../arm-none-eabi/lib/armv7-m\libg_nano.a(lib_a-errno.o)
 .ARM.attributes
                0x000004e2       0x2d d:/program files/cypress/psoc creator/3.3/psoc creator/import/gnu/arm/4.9.3/bin/../lib/gcc/arm-none-eabi/4.9.3/../../../../arm-none-eabi/lib/armv7-m\libg_nano.a(lib_a-exit.o)
 .ARM.attributes
                0x0000050f       0x2d d:/program files/cypress/psoc creator/3.3/psoc creator/import/gnu/arm/4.9.3/bin/../lib/gcc/arm-none-eabi/4.9.3/../../../../arm-none-eabi/lib/armv7-m\libg_nano.a(lib_a-impure.o)
 .ARM.attributes
                0x0000053c       0x2d d:/program files/cypress/psoc creator/3.3/psoc creator/import/gnu/arm/4.9.3/bin/../lib/gcc/arm-none-eabi/4.9.3/../../../../arm-none-eabi/lib/armv7-m\libg_nano.a(lib_a-init.o)
 .ARM.attributes
                0x00000569       0x2d d:/program files/cypress/psoc creator/3.3/psoc creator/import/gnu/arm/4.9.3/bin/../lib/gcc/arm-none-eabi/4.9.3/../../../../arm-none-eabi/lib/armv7-m\libg_nano.a(lib_a-memcpy.o)
 .ARM.attributes
                0x00000596       0x2d d:/program files/cypress/psoc creator/3.3/psoc creator/import/gnu/arm/4.9.3/bin/../lib/gcc/arm-none-eabi/4.9.3/../../../../arm-none-eabi/lib/armv7-m\libg_nano.a(lib_a-memset.o)
 .ARM.attributes
                0x000005c3       0x2d d:/program files/cypress/psoc creator/3.3/psoc creator/import/gnu/arm/4.9.3/bin/../lib/gcc/arm-none-eabi/4.9.3/armv7-m/crtend.o
 .ARM.attributes
                0x000005f0       0x1d d:/program files/cypress/psoc creator/3.3/psoc creator/import/gnu/arm/4.9.3/bin/../lib/gcc/arm-none-eabi/4.9.3/armv7-m/crtn.o

/DISCARD/
 *(.note.GNU-stack)
OUTPUT(.\ARM_GCC_493\Debug\USB_UART01.elf elf32-littlearm)
