Archive member included because of file (symbol)

.\ARM_GCC_493\Debug\USB_UART01.a(cyfitter_cfg.o)
                              .\ARM_GCC_493\Debug\Cm3Start.o (cyfitter_cfg)
.\ARM_GCC_493\Debug\USB_UART01.a(USBUART_1.o)
                              .\ARM_GCC_493\Debug\main.o (USBUART_1_Start)
.\ARM_GCC_493\Debug\USB_UART01.a(USBUART_1_cdc.o)
                              .\ARM_GCC_493\Debug\main.o (USBUART_1_CDC_Init)
.\ARM_GCC_493\Debug\USB_UART01.a(USBUART_1_drv.o)
                              .\ARM_GCC_493\Debug\USB_UART01.a(USBUART_1.o) (USBUART_1_EP)
.\ARM_GCC_493\Debug\USB_UART01.a(USBUART_1_episr.o)
                              .\ARM_GCC_493\Debug\USB_UART01.a(USBUART_1.o) (USBUART_1_EP_1_ISR)
.\ARM_GCC_493\Debug\USB_UART01.a(USBUART_1_hid.o)
                              .\ARM_GCC_493\Debug\USB_UART01.a(USBUART_1.o) (USBUART_1_hidProtocol)
.\ARM_GCC_493\Debug\USB_UART01.a(USBUART_1_std.o)
                              .\ARM_GCC_493\Debug\USB_UART01.a(USBUART_1_drv.o) (USBUART_1_HandleStandardRqst)
.\ARM_GCC_493\Debug\USB_UART01.a(USBUART_1_vnd.o)
                              .\ARM_GCC_493\Debug\USB_UART01.a(USBUART_1_drv.o) (USBUART_1_HandleVendorRqst)
.\ARM_GCC_493\Debug\USB_UART01.a(CyBootAsmGnu.o)
                              .\ARM_GCC_493\Debug\USB_UART01.a(cyfitter_cfg.o) (CyDelayCycles)
.\ARM_GCC_493\Debug\USB_UART01.a(CyLib.o)
                              .\ARM_GCC_493\Debug\Cm3Start.o (CyResetStatus)
.\ARM_GCC_493\Debug\USB_UART01.a(cyPm.o)
                              .\ARM_GCC_493\Debug\USB_UART01.a(CyLib.o) (CyPmReadStatus)
.\ARM_GCC_493\Debug\USB_UART01.a(TX_pin.o)
                              .\ARM_GCC_493\Debug\main.o (TX_pin_Write)
.\ARM_GCC_493\Debug\USB_UART01.a(USBUART_1_cls.o)
                              .\ARM_GCC_493\Debug\USB_UART01.a(USBUART_1_drv.o) (USBUART_1_DispatchClassRqst)
.\ARM_GCC_493\Debug\USB_UART01.a(USBUART_1_descr.o)
                              .\ARM_GCC_493\Debug\USB_UART01.a(USBUART_1_std.o) (USBUART_1_DEVICE0_DESCR)
.\ARM_GCC_493\Debug\USB_UART01.a(CyFlash.o)
                              .\ARM_GCC_493\Debug\USB_UART01.a(cyPm.o) (CyFlash_SetWaitCycles)
.\ARM_GCC_493\Debug\USB_UART01.a(CySpc.o)
                              .\ARM_GCC_493\Debug\USB_UART01.a(CyFlash.o) (CySpcStart)
c:/program files (x86)/cypress/psoc creator/3.3/psoc creator/import/gnu/arm/4.9.3/bin/../lib/gcc/arm-none-eabi/4.9.3/../../../../arm-none-eabi/lib/armv7-m\libg_nano.a(lib_a-errno.o)
                              .\ARM_GCC_493\Debug\Cm3Start.o (__errno)
c:/program files (x86)/cypress/psoc creator/3.3/psoc creator/import/gnu/arm/4.9.3/bin/../lib/gcc/arm-none-eabi/4.9.3/../../../../arm-none-eabi/lib/armv7-m\libg_nano.a(lib_a-exit.o)
                              c:/program files (x86)/cypress/psoc creator/3.3/psoc creator/import/gnu/arm/4.9.3/bin/../lib/gcc/arm-none-eabi/4.9.3/../../../../arm-none-eabi/lib/armv7-m/crt0.o (exit)
c:/program files (x86)/cypress/psoc creator/3.3/psoc creator/import/gnu/arm/4.9.3/bin/../lib/gcc/arm-none-eabi/4.9.3/../../../../arm-none-eabi/lib/armv7-m\libg_nano.a(lib_a-impure.o)
                              c:/program files (x86)/cypress/psoc creator/3.3/psoc creator/import/gnu/arm/4.9.3/bin/../lib/gcc/arm-none-eabi/4.9.3/../../../../arm-none-eabi/lib/armv7-m\libg_nano.a(lib_a-exit.o) (_global_impure_ptr)
c:/program files (x86)/cypress/psoc creator/3.3/psoc creator/import/gnu/arm/4.9.3/bin/../lib/gcc/arm-none-eabi/4.9.3/../../../../arm-none-eabi/lib/armv7-m\libg_nano.a(lib_a-init.o)
                              c:/program files (x86)/cypress/psoc creator/3.3/psoc creator/import/gnu/arm/4.9.3/bin/../lib/gcc/arm-none-eabi/4.9.3/../../../../arm-none-eabi/lib/armv7-m/crt0.o (__libc_init_array)
c:/program files (x86)/cypress/psoc creator/3.3/psoc creator/import/gnu/arm/4.9.3/bin/../lib/gcc/arm-none-eabi/4.9.3/../../../../arm-none-eabi/lib/armv7-m\libg_nano.a(lib_a-memcpy.o)
                              .\ARM_GCC_493\Debug\USB_UART01.a(cyfitter_cfg.o) (memcpy)
c:/program files (x86)/cypress/psoc creator/3.3/psoc creator/import/gnu/arm/4.9.3/bin/../lib/gcc/arm-none-eabi/4.9.3/../../../../arm-none-eabi/lib/armv7-m\libg_nano.a(lib_a-memset.o)
                              c:/program files (x86)/cypress/psoc creator/3.3/psoc creator/import/gnu/arm/4.9.3/bin/../lib/gcc/arm-none-eabi/4.9.3/../../../../arm-none-eabi/lib/armv7-m/crt0.o (memset)
c:/program files (x86)/cypress/psoc creator/3.3/psoc creator/import/gnu/arm/4.9.3/bin/../lib/gcc/arm-none-eabi/4.9.3/../../../../arm-none-eabi/lib/armv7-m\libg_nano.a(lib_a-printf.o)
                              .\ARM_GCC_493\Debug\main.o (printf)
c:/program files (x86)/cypress/psoc creator/3.3/psoc creator/import/gnu/arm/4.9.3/bin/../lib/gcc/arm-none-eabi/4.9.3/../../../../arm-none-eabi/lib/armv7-m\libg_nano.a(lib_a-findfp.o)
[...]
Memory Configuration

Name             Origin             Length             Attributes
rom              0x00000000         0x00040000         xr
ram              0x1fff8000         0x00010000         xrw
*default*        0x00000000         0xffffffff

Linker script and memory map

LOAD c:/program files (x86)/cypress/psoc creator/3.3/psoc creator/import/gnu/arm/4.9.3/bin/../lib/gcc/arm-none-eabi/4.9.3/armv7-m/crti.o
LOAD c:/program files (x86)/cypress/psoc creator/3.3/psoc creator/import/gnu/arm/4.9.3/bin/../lib/gcc/arm-none-eabi/4.9.3/armv7-m/crtbegin.o
LOAD c:/program files (x86)/cypress/psoc creator/3.3/psoc creator/import/gnu/arm/4.9.3/bin/../lib/gcc/arm-none-eabi/4.9.3/../../../../arm-none-eabi/lib/armv7-m/crt0.o
START GROUP
LOAD .\ARM_GCC_493\Debug\main.o
LOAD .\ARM_GCC_493\Debug\cymetadata.o
LOAD .\ARM_GCC_493\Debug\Cm3Start.o
LOAD .\ARM_GCC_493\Debug\USB_UART01.a
LOAD C:\Program Files (x86)\Cypress\PSoC Creator\3.3\PSoC Creator\psoc\content\cycomponentlibrary\CyComponentLibrary.cylib\CortexM3\ARM_GCC_493\Debug\CyComponentLibrary.a
END GROUP
START GROUP
LOAD c:/program files (x86)/cypress/psoc creator/3.3/psoc creator/import/gnu/arm/4.9.3/bin/../lib/gcc/arm-none-eabi/4.9.3/armv7-m\libgcc.a
LOAD c:/program files (x86)/cypress/psoc creator/3.3/psoc creator/import/gnu/arm/4.9.3/bin/../lib/gcc/arm-none-eabi/4.9.3/../../../../arm-none-eabi/lib/armv7-m\libg_nano.a
LOAD c:/program files (x86)/cypress/psoc creator/3.3/psoc creator/import/gnu/arm/4.9.3/bin/../lib/gcc/arm-none-eabi/4.9.3/../../../../arm-none-eabi/lib/armv7-m\libc_nano.a
END GROUP
START GROUP
LOAD c:/program files (x86)/cypress/psoc creator/3.3/psoc creator/import/gnu/arm/4.9.3/bin/../lib/gcc/arm-none-eabi/4.9.3/armv7-m\libgcc.a
LOAD c:/program files (x86)/cypress/psoc creator/3.3/psoc creator/import/gnu/arm/4.9.3/bin/../lib/gcc/arm-none-eabi/4.9.3/../../../../arm-none-eabi/lib/armv7-m\libc_nano.a
END GROUP
LOAD c:/program files (x86)/cypress/psoc creator/3.3/psoc creator/import/gnu/arm/4.9.3/bin/../lib/gcc/arm-none-eabi/4.9.3/armv7-m/crtend.o
LOAD c:/program files (x86)/cypress/psoc creator/3.3/psoc creator/import/gnu/arm/4.9.3/bin/../lib/gcc/arm-none-eabi/4.9.3/armv7-m/crtn.o
START GROUP
LOAD c:/program files (x86)/cypress/psoc creator/3.3/psoc creator/import/gnu/arm/4.9.3/bin/../lib/gcc/arm-none-eabi/4.9.3/armv7-m\libgcc.a
LOAD c:/program files (x86)/cypress/psoc creator/3.3/psoc creator/import/gnu/arm/4.9.3/bin/../lib/gcc/arm-none-eabi/4.9.3/../../../../arm-none-eabi/lib/armv7-m\libc.a
LOAD c:/program files (x86)/cypress/psoc creator/3.3/psoc creator/import/gnu/arm/4.9.3/bin/../lib/gcc/arm-none-eabi/4.9.3/../../../../arm-none-eabi/lib/armv7-m\libnosys.a
END GROUP
                0x00000000                CY_APPL_ORIGIN = 0x0
                0x00000100                CY_FLASH_ROW_SIZE = 0x100
                0x00000020                CY_ECC_ROW_SIZE = 0x20
                0x00000000                CY_EE_IN_BTLDR = 0x0
                0x00000000                CY_APPL_LOADABLE = 0x0
                0x00000800                CY_EE_SIZE = 0x800
                0x00000001                CY_APPL_NUM = 0x1
                0x00000001                CY_APPL_MAX = 0x1
                0x00000040                CY_METADATA_SIZE = 0x40
                0x00000000                CY_APPL_LOADABLE = 0x0
                0x00000000                CY_CHECKSUM_EXCLUDE_SIZE = ALIGN (0x0, CY_FLASH_ROW_SIZE)
                0x1fff8220                PROVIDE (__cy_heap_start, _end)
                0x00000001                PROVIDE (__cy_region_num, ((__cy_regions_end - __cy_regions) / 0x10))
                0x20008000                PROVIDE (__cy_stack, (ORIGIN (ram) + 0x10000))
                0x20007800                PROVIDE (__cy_heap_end, (__cy_stack - 0x800))

.cybootloader   0x00000000        0x0
 *(.cybootloader)
                0x00000000                appl1_start = CY_APPL_ORIGIN?CY_APPL_ORIGIN:ALIGN (CY_FLASH_ROW_SIZE)
                0x0001ff00                appl2_start = (appl1_start + ALIGN ((((0x40000 - appl1_start) - (0x2 * CY_FLASH_ROW_SIZE)) / 0x2), CY_FLASH_ROW_SIZE))
                0x00000000                appl_start = (CY_APPL_NUM == 0x1)?appl1_start:appl2_start
                0x00000000                ecc_offset = ((appl_start / CY_FLASH_ROW_SIZE) * CY_ECC_ROW_SIZE)
                0x00000000                ee_offset = (CY_APPL_LOADABLE && ! (CY_EE_IN_BTLDR))?((CY_EE_SIZE / CY_APPL_MAX) * (CY_APPL_NUM - 0x1)):0x0
                0x00000800                ee_size = (CY_APPL_LOADABLE && ! (CY_EE_IN_BTLDR))?(CY_EE_SIZE / CY_APPL_MAX):CY_EE_SIZE
                0x00000000                PROVIDE (CY_ECC_OFFSET, ecc_offset)

.text           0x00000000     0x2b72
 CREATE_OBJECT_SYMBOLS
                0x00000000                PROVIDE (__cy_interrupt_vector, RomVectors)
 *(.romvectors)
 .romvectors    0x00000000       0x10 .\ARM_GCC_493\Debug\Cm3Start.o
                0x00000000                RomVectors
                0x00000001                ASSERT ((. != __cy_interrupt_vector), No interrupt vector)
                0x00000001                ASSERT (CY_APPL_ORIGIN?(SIZEOF (.cybootloader) <= CY_APPL_ORIGIN):0x1, Wrong image location)
                0x00000010                PROVIDE (__cy_reset, Reset)
 *(.text.Reset)
 .text.Reset    0x00000010       0x18 .\ARM_GCC_493\Debug\Cm3Start.o
                0x00000010                Reset
                0x00000001                ASSERT ((. != __cy_reset), No reset code)
 *(.dma_init)
                0x00000001                ASSERT ((((appl_start + .) <= 0x10000) || 0x1), DMA Init must be within the first 64k of flash)
 *(.text .text.* .gnu.linkonce.t.*)
 .text          0x00000028       0x5c c:/program files (x86)/cypress/psoc creator/3.3/psoc creator/import/gnu/arm/4.9.3/bin/../lib/gcc/arm-none-eabi/4.9.3/armv7-m/crtbegin.o
 .text.main     0x00000084      0x12c .\ARM_GCC_493\Debug\main.o
                0x00000084                main
 .text.IntDefaultHandler
                0x000001b0        0x8 .\ARM_GCC_493\Debug\Cm3Start.o
                0x000001b0                IntDefaultHandler
 .text.Start_c  0x000001b8       0x98 .\ARM_GCC_493\Debug\Cm3Start.o
                0x000001b8                Start_c
 .text.initialize_psoc
                0x00000250       0x8c .\ARM_GCC_493\Debug\Cm3Start.o
                0x00000250                initialize_psoc
 .text.CYMEMZERO
                0x000002dc       0x1c .\ARM_GCC_493\Debug\USB_UART01.a(cyfitter_cfg.o)
 .text.CYCONFIGCPY
                0x000002f8       0x1c .\ARM_GCC_493\Debug\USB_UART01.a(cyfitter_cfg.o)
 .text.CYCONFIGCPYCODE
                0x00000314       0x1c .\ARM_GCC_493\Debug\USB_UART01.a(cyfitter_cfg.o)
 .text.CyClockStartupError
                0x00000330        0xc .\ARM_GCC_493\Debug\USB_UART01.a(cyfitter_cfg.o)
 .text.cfg_write_bytes32
                0x0000033c       0x74 .\ARM_GCC_493\Debug\USB_UART01.a(cyfitter_cfg.o)
 .text.ClockSetup
                0x000003b0       0xdc .\ARM_GCC_493\Debug\USB_UART01.a(cyfitter_cfg.o)
 .text.AnalogSetDefault
                0x0000048c       0x44 .\ARM_GCC_493\Debug\USB_UART01.a(cyfitter_cfg.o)
 .text.cyfitter_cfg
                0x000004d0      0x138 .\ARM_GCC_493\Debug\USB_UART01.a(cyfitter_cfg.o)
                0x000004d0                cyfitter_cfg
 .text.USBUART_1_Start
                0x00000608       0x38 .\ARM_GCC_493\Debug\USB_UART01.a(USBUART_1.o)
                0x00000608                USBUART_1_Start
 .text.USBUART_1_Init
                0x00000640      0x18c .\ARM_GCC_493\Debug\USB_UART01.a(USBUART_1.o)
                0x00000640                USBUART_1_Init
 .text.USBUART_1_InitComponent
                0x000007cc       0xf8 .\ARM_GCC_493\Debug\USB_UART01.a(USBUART_1.o)
                0x000007cc                USBUART_1_InitComponent
 .text.USBUART_1_ReInitComponent
                0x000008c4       0x88 .\ARM_GCC_493\Debug\USB_UART01.a(USBUART_1.o)
                0x000008c4                USBUART_1_ReInitComponent
 .text.USBUART_1_GetConfiguration
                0x0000094c       0x18 .\ARM_GCC_493\Debug\USB_UART01.a(USBUART_1.o)
                0x0000094c                USBUART_1_GetConfiguration
 .text.USBUART_1_IsConfigurationChanged
                0x00000964       0x34 .\ARM_GCC_493\Debug\USB_UART01.a(USBUART_1.o)
                0x00000964                USBUART_1_IsConfigurationChanged
 .text.USBUART_1_GetEPCount
                0x00000998       0x6c .\ARM_GCC_493\Debug\USB_UART01.a(USBUART_1.o)
                0x00000998                USBUART_1_GetEPCount
 .text.USBUART_1_LoadInEP
                0x00000a04      0x108 .\ARM_GCC_493\Debug\USB_UART01.a(USBUART_1.o)
                0x00000a04                USBUART_1_LoadInEP
 .text.USBUART_1_ReadOutEP
                0x00000b0c       0x8c .\ARM_GCC_493\Debug\USB_UART01.a(USBUART_1.o)
                0x00000b0c                USBUART_1_ReadOutEP
 .text.USBUART_1_EnableOutEP
                0x00000b98       0x60 .\ARM_GCC_493\Debug\USB_UART01.a(USBUART_1.o)
                0x00000b98                USBUART_1_EnableOutEP
 .text.USBUART_1_DispatchCDCClassRqst
                0x00000bf8       0xcc .\ARM_GCC_493\Debug\USB_UART01.a(USBUART_1_cdc.o)
                0x00000bf8                USBUART_1_DispatchCDCClassRqst
 .text.USBUART_1_CDC_Init
                0x00000cc4       0x20 .\ARM_GCC_493\Debug\USB_UART01.a(USBUART_1_cdc.o)
                0x00000cc4                USBUART_1_CDC_Init
 .text.USBUART_1_PutChar
                0x00000ce4       0x2c .\ARM_GCC_493\Debug\USB_UART01.a(USBUART_1_cdc.o)
                0x00000ce4                USBUART_1_PutChar
 .text.USBUART_1_PutCRLF
                0x00000d10       0x30 .\ARM_GCC_493\Debug\USB_UART01.a(USBUART_1_cdc.o)
                0x00000d10                USBUART_1_PutCRLF
 .text.USBUART_1_DataIsReady
                0x00000d40       0x30 .\ARM_GCC_493\Debug\USB_UART01.a(USBUART_1_cdc.o)
                0x00000d40                USBUART_1_DataIsReady
 .text.USBUART_1_CDCIsReady
                0x00000d70       0x30 .\ARM_GCC_493\Debug\USB_UART01.a(USBUART_1_cdc.o)
                0x00000d70                USBUART_1_CDCIsReady
 .text.USBUART_1_GetChar
                0x00000da0       0x28 .\ARM_GCC_493\Debug\USB_UART01.a(USBUART_1_cdc.o)
                0x00000da0                USBUART_1_GetChar
 .text.USBUART_1_EP_0_ISR
                0x00000dc8       0xf8 .\ARM_GCC_493\Debug\USB_UART01.a(USBUART_1_drv.o)
                0x00000dc8                USBUART_1_EP_0_ISR
 .text.USBUART_1_HandleSetup
                0x00000ec0       0x88 .\ARM_GCC_493\Debug\USB_UART01.a(USBUART_1_drv.o)
                0x00000ec0                USBUART_1_HandleSetup
 .text.USBUART_1_HandleIN
                0x00000f48       0x4c .\ARM_GCC_493\Debug\USB_UART01.a(USBUART_1_drv.o)
                0x00000f48                USBUART_1_HandleIN
 .text.USBUART_1_HandleOUT
                0x00000f94       0x58 .\ARM_GCC_493\Debug\USB_UART01.a(USBUART_1_drv.o)
                0x00000f94                USBUART_1_HandleOUT
 .text.USBUART_1_LoadEP0
                0x00000fec       0xd4 .\ARM_GCC_493\Debug\USB_UART01.a(USBUART_1_drv.o)
                0x00000fec                USBUART_1_LoadEP0
 .text.USBUART_1_InitControlRead
                0x000010c0       0x74 .\ARM_GCC_493\Debug\USB_UART01.a(USBUART_1_drv.o)
                0x000010c0                USBUART_1_InitControlRead
 .text.USBUART_1_InitZeroLengthControlTransfer
                0x00001134       0x44 .\ARM_GCC_493\Debug\USB_UART01.a(USBUART_1_drv.o)
                0x00001134                USBUART_1_InitZeroLengthControlTransfer
 .text.USBUART_1_ControlReadDataStage
                0x00001178        0xc .\ARM_GCC_493\Debug\USB_UART01.a(USBUART_1_drv.o)
                0x00001178                USBUART_1_ControlReadDataStage
 .text.USBUART_1_ControlReadStatusStage
                0x00001184       0x40 .\ARM_GCC_493\Debug\USB_UART01.a(USBUART_1_drv.o)
                0x00001184                USBUART_1_ControlReadStatusStage
 .text.USBUART_1_InitControlWrite
                0x000011c4       0x68 .\ARM_GCC_493\Debug\USB_UART01.a(USBUART_1_drv.o)
                0x000011c4                USBUART_1_InitControlWrite
 .text.USBUART_1_ControlWriteDataStage
                0x0000122c       0xb8 .\ARM_GCC_493\Debug\USB_UART01.a(USBUART_1_drv.o)
                0x0000122c                USBUART_1_ControlWriteDataStage
 .text.USBUART_1_ControlWriteStatusStage
                0x000012e4       0x20 .\ARM_GCC_493\Debug\USB_UART01.a(USBUART_1_drv.o)
                0x000012e4                USBUART_1_ControlWriteStatusStage
 .text.USBUART_1_InitNoDataControlTransfer
                0x00001304       0x38 .\ARM_GCC_493\Debug\USB_UART01.a(USBUART_1_drv.o)
                0x00001304                USBUART_1_InitNoDataControlTransfer
 .text.USBUART_1_NoDataControlStatusStage
                0x0000133c       0x48 .\ARM_GCC_493\Debug\USB_UART01.a(USBUART_1_drv.o)
                0x0000133c                USBUART_1_NoDataControlStatusStage
 .text.USBUART_1_UpdateStatusBlock
                0x00001384       0x40 .\ARM_GCC_493\Debug\USB_UART01.a(USBUART_1_drv.o)
                0x00001384                USBUART_1_UpdateStatusBlock
 .text.USBUART_1_InitializeStatusBlock
                0x000013c4       0x34 .\ARM_GCC_493\Debug\USB_UART01.a(USBUART_1_drv.o)
                0x000013c4                USBUART_1_InitializeStatusBlock
 .text.USBUART_1_EP_1_ISR
                0x000013f8       0x54 .\ARM_GCC_493\Debug\USB_UART01.a(USBUART_1_episr.o)
                0x000013f8                USBUART_1_EP_1_ISR
 .text.USBUART_1_EP_2_ISR
                0x0000144c       0x54 .\ARM_GCC_493\Debug\USB_UART01.a(USBUART_1_episr.o)
                0x0000144c                USBUART_1_EP_2_ISR
 .text.USBUART_1_EP_3_ISR
                0x000014a0       0x5c .\ARM_GCC_493\Debug\USB_UART01.a(USBUART_1_episr.o)
                0x000014a0                USBUART_1_EP_3_ISR
 .text.USBUART_1_SOF_ISR
                0x000014fc        0xc .\ARM_GCC_493\Debug\USB_UART01.a(USBUART_1_episr.o)
                0x000014fc                USBUART_1_SOF_ISR
 .text.USBUART_1_BUS_RESET_ISR
                0x00001508        0xc .\ARM_GCC_493\Debug\USB_UART01.a(USBUART_1_episr.o)
                0x00001508                USBUART_1_BUS_RESET_ISR
 .text.USBUART_1_DispatchHIDClassRqst
                0x00001514      0x1ec .\ARM_GCC_493\Debug\USB_UART01.a(USBUART_1_hid.o)
                0x00001514                USBUART_1_DispatchHIDClassRqst
 .text.USBUART_1_FindHidClassDecriptor
                0x00001700       0x7c .\ARM_GCC_493\Debug\USB_UART01.a(USBUART_1_hid.o)
                0x00001700                USBUART_1_FindHidClassDecriptor
 .text.USBUART_1_FindReportDescriptor
                0x0000177c       0x90 .\ARM_GCC_493\Debug\USB_UART01.a(USBUART_1_hid.o)
                0x0000177c                USBUART_1_FindReportDescriptor
 .text.USBUART_1_FindReport
                0x0000180c       0xd4 .\ARM_GCC_493\Debug\USB_UART01.a(USBUART_1_hid.o)
                0x0000180c                USBUART_1_FindReport
 .text.USBUART_1_HandleStandardRqst
                0x000018e0      0x4a4 .\ARM_GCC_493\Debug\USB_UART01.a(USBUART_1_std.o)
                0x000018e0                USBUART_1_HandleStandardRqst
 .text.USBUART_1_ReadDieID
                0x00001d84       0x90 .\ARM_GCC_493\Debug\USB_UART01.a(USBUART_1_std.o)
                0x00001d84                USBUART_1_ReadDieID
 .text.USBUART_1_ConfigReg
                0x00001e14      0x180 .\ARM_GCC_493\Debug\USB_UART01.a(USBUART_1_std.o)
                0x00001e14                USBUART_1_ConfigReg
 .text.USBUART_1_Config
                0x00001f94      0x348 .\ARM_GCC_493\Debug\USB_UART01.a(USBUART_1_std.o)
                0x00001f94                USBUART_1_Config
 .text.USBUART_1_ConfigAltChanged
                0x000022dc      0x27c .\ARM_GCC_493\Debug\USB_UART01.a(USBUART_1_std.o)
                0x000022dc                USBUART_1_ConfigAltChanged
 .text.USBUART_1_GetConfigTablePtr
                0x00002558       0x54 .\ARM_GCC_493\Debug\USB_UART01.a(USBUART_1_std.o)
                0x00002558                USBUART_1_GetConfigTablePtr
 .text.USBUART_1_GetDeviceTablePtr
                0x000025ac       0x24 .\ARM_GCC_493\Debug\USB_UART01.a(USBUART_1_std.o)
                0x000025ac                USBUART_1_GetDeviceTablePtr
 .text.USBUART_1_GetInterfaceClassTablePtr
                0x000025d0       0x4c .\ARM_GCC_493\Debug\USB_UART01.a(USBUART_1_std.o)
                0x000025d0                USBUART_1_GetInterfaceClassTablePtr
 .text.USBUART_1_SetEndpointHalt
                0x0000261c       0xe0 .\ARM_GCC_493\Debug\USB_UART01.a(USBUART_1_std.o)
                0x0000261c                USBUART_1_SetEndpointHalt
 .text.USBUART_1_ClearEndpointHalt
                0x000026fc      0x144 .\ARM_GCC_493\Debug\USB_UART01.a(USBUART_1_std.o)
                0x000026fc                USBUART_1_ClearEndpointHalt
 .text.USBUART_1_ValidateAlternateSetting
                0x00002840       0x78 .\ARM_GCC_493\Debug\USB_UART01.a(USBUART_1_std.o)
                0x00002840                USBUART_1_ValidateAlternateSetting
 .text.USBUART_1_HandleVendorRqst
                0x000028b8       0x58 .\ARM_GCC_493\Debug\USB_UART01.a(USBUART_1_vnd.o)
                0x000028b8                USBUART_1_HandleVendorRqst
 .text          0x00002910       0x58 .\ARM_GCC_493\Debug\USB_UART01.a(CyBootAsmGnu.o)
                0x00002910                CyDelayCycles
                0x0000294e                CyEnterCriticalSection
                0x00002956                CyExitCriticalSection
 .text.CyHalt   0x00002968       0x18 .\ARM_GCC_493\Debug\USB_UART01.a(CyLib.o)
                0x00002968                CyHalt
 .text.CyDelayUs
                0x00002980       0x24 .\ARM_GCC_493\Debug\USB_UART01.a(CyLib.o)
                0x00002980                CyDelayUs
 .text.CyIntSetVector
                0x000029a4       0x50 .\ARM_GCC_493\Debug\USB_UART01.a(CyLib.o)
                0x000029a4                CyIntSetVector
 .text.CyIntSetPriority
                0x000029f4       0x44 .\ARM_GCC_493\Debug\USB_UART01.a(CyLib.o)
                0x000029f4                CyIntSetPriority
 .text.TX_pin_Write
                0x00002a38       0x38 .\ARM_GCC_493\Debug\USB_UART01.a(TX_pin.o)
                0x00002a38                TX_pin_Write
 .text.USBUART_1_DispatchClassRqst
                0x00002a70       0x90 .\ARM_GCC_493\Debug\USB_UART01.a(USBUART_1_cls.o)
                0x00002a70                USBUART_1_DispatchClassRqst
 .text.__libc_init_array
                0x00002b00       0x4c c:/program files (x86)/cypress/psoc creator/3.3/psoc creator/import/gnu/arm/4.9.3/bin/../lib/gcc/arm-none-eabi/4.9.3/../../../../arm-none-eabi/lib/armv7-m\libg_nano.a(lib_a-init.o)
                0x00002b00                __libc_init_array
 .text.memcpy   0x00002b4c       0x16 c:/program files (x86)/cypress/psoc creator/3.3/psoc creator/import/gnu/arm/4.9.3/bin/../lib/gcc/arm-none-eabi/4.9.3/../../../../arm-none-eabi/lib/armv7-m\libg_nano.a(lib_a-memcpy.o)
                0x00002b4c                memcpy
 .text.memset   0x00002b62       0x10 c:/program files (x86)/cypress/psoc creator/3.3/psoc creator/import/gnu/arm/4.9.3/bin/../lib/gcc/arm-none-eabi/4.9.3/../../../../arm-none-eabi/lib/armv7-m\libg_nano.a(lib_a-memset.o)
                0x00002b62                memset
 *(.plt)
 *(.gnu.warning)
 *(.glue_7t)
 .glue_7t       0x00000000        0x0 linker stubs
 *(.glue_7)
 .glue_7        0x00000000        0x0 linker stubs
 *(.vfp11_veneer)
 .vfp11_veneer  0x00000000        0x0 linker stubs
 *(.bootloader)
 *(.ARM.extab* .gnu.linkonce.armextab.*)
 *(.gcc_except_table)

.v4_bx          0x00002b74        0x0
 .v4_bx         0x00000000        0x0 linker stubs

.iplt           0x00002b74        0x0
 .iplt          0x00000000        0x0 c:/program files (x86)/cypress/psoc creator/3.3/psoc creator/import/gnu/arm/4.9.3/bin/../lib/gcc/arm-none-eabi/4.9.3/armv7-m/crtbegin.o

.eh_frame_hdr
 *(.eh_frame_hdr)

.eh_frame       0x00002b74        0x4
 *(.eh_frame)
 .eh_frame      0x00002b74        0x0 c:/program files (x86)/cypress/psoc creator/3.3/psoc creator/import/gnu/arm/4.9.3/bin/../lib/gcc/arm-none-eabi/4.9.3/armv7-m/crtbegin.o
 .eh_frame      0x00002b74        0x4 c:/program files (x86)/cypress/psoc creator/3.3/psoc creator/import/gnu/arm/4.9.3/bin/../lib/gcc/arm-none-eabi/4.9.3/armv7-m/crtend.o
                0x00002b78                PROVIDE (__exidx_start, .)

.ARM.exidx
 *(.ARM.exidx* .gnu.linkonce.armexidx.*)
                0x00002b78                __exidx_end = .

.rodata         0x00002b78      0x2d8
 *(.rodata .rodata.* .gnu.linkonce.r.*)
 .rodata        0x00002b78       0xbc .\ARM_GCC_493\Debug\USB_UART01.a(cyfitter_cfg.o)
 .rodata        0x00002c34        0x4 .\ARM_GCC_493\Debug\USB_UART01.a(USBUART_1_cdc.o)
 .rodata        0x00002c38       0x14 .\ARM_GCC_493\Debug\USB_UART01.a(USBUART_1_std.o)
 .rodata        0x00002c4c      0x1cc .\ARM_GCC_493\Debug\USB_UART01.a(USBUART_1_descr.o)
                0x00002c4c                USBUART_1_DEVICE0_DESCR
                0x00002c60                USBUART_1_DEVICE0_CONFIGURATION0_DESCR
                0x00002ca4                USBUART_1_STRING_DESCRIPTORS
                0x00002d44                USBUART_1_SN_STRING_DESCRIPTOR
                0x00002d48                USBUART_1_HIDREPORT_DESCRIPTOR1
                0x00002d80                USBUART_1_DEVICE0_CONFIGURATION0_EP_SETTINGS_TABLE
                0x00002d98                USBUART_1_DEVICE0_CONFIGURATION0_INTERFACE_CLASS
                0x00002d9c                USBUART_1_DEVICE0_CONFIGURATION0_TABLE
                0x00002dc4                USBUART_1_DEVICE0_TABLE
                0x00002dd4                USBUART_1_TABLE
                0x00002ddc                USBUART_1_MSOS_DESCRIPTOR
                0x00002df0                USBUART_1_MSOS_CONFIGURATION_DESCR
                0x00002e18                . = ALIGN (0x4)
 *(.init)
 .init          0x00002e18        0x4 c:/program files (x86)/cypress/psoc creator/3.3/psoc creator/import/gnu/arm/4.9.3/bin/../lib/gcc/arm-none-eabi/4.9.3/armv7-m/crti.o
                0x00002e18                _init
 .init          0x00002e1c        0x8 c:/program files (x86)/cypress/psoc creator/3.3/psoc creator/import/gnu/arm/4.9.3/bin/../lib/gcc/arm-none-eabi/4.9.3/armv7-m/crtn.o
                0x00002e24                . = ALIGN (0x4)
                0x00002e24                __preinit_array_start = .
 *(.preinit_array)
                0x00002e24                __preinit_array_end = .
                0x00002e24                . = ALIGN (0x4)
                0x00002e24                __init_array_start = .
 *(SORT(.init_array.*))
 *(.init_array)
 .init_array    0x00002e24        0x4 c:/program files (x86)/cypress/psoc creator/3.3/psoc creator/import/gnu/arm/4.9.3/bin/../lib/gcc/arm-none-eabi/4.9.3/armv7-m/crtbegin.o
 .init_array    0x00002e28        0x4 .\ARM_GCC_493\Debug\Cm3Start.o
                0x00002e2c                __init_array_end = .
                0x00002e2c                . = ALIGN (0x4)
 *(.fini)
 .fini          0x00002e2c        0x4 c:/program files (x86)/cypress/psoc creator/3.3/psoc creator/import/gnu/arm/4.9.3/bin/../lib/gcc/arm-none-eabi/4.9.3/armv7-m/crti.o
                0x00002e2c                _fini
 .fini          0x00002e30        0x8 c:/program files (x86)/cypress/psoc creator/3.3/psoc creator/import/gnu/arm/4.9.3/bin/../lib/gcc/arm-none-eabi/4.9.3/armv7-m/crtn.o
                0x00002e38                . = ALIGN (0x4)
                0x00002e38                __fini_array_start = .
 *(.fini_array)
 .fini_array    0x00002e38        0x4 c:/program files (x86)/cypress/psoc creator/3.3/psoc creator/import/gnu/arm/4.9.3/bin/../lib/gcc/arm-none-eabi/4.9.3/armv7-m/crtbegin.o
 *(SORT(.fini_array.*))
                0x00002e3c                __fini_array_end = .
                0x00002e3c                . = ALIGN (0x4)
 *crtbegin.o(.ctors)
 *(EXCLUDE_FILE(*crtend.o) .ctors)
 *(SORT(.ctors.*))
 *crtend.o(.ctors)
                0x00002e3c                . = ALIGN (0x4)
 *crtbegin.o(.dtors)
 *(EXCLUDE_FILE(*crtend.o) .dtors)
 *(SORT(.dtors.*))
 *crtend.o(.dtors)
                0x00002e3c                . = ALIGN (0x4)
                0x00002e3c                __cy_regions = .
                0x00002e3c        0x4 LONG 0x2e50 __cy_region_init_ram
                0x00002e40        0x4 LONG 0x1fff8108 __cy_region_start_data
                0x00002e44        0x4 LONG 0x20 __cy_region_init_size_ram
                0x00002e48        0x4 LONG 0xf8 __cy_region_zero_size_ram
                0x00002e4c                __cy_regions_end = .
                0x00002e50                . = ALIGN (0x8)
 *fill*         0x00002e4c        0x4 
                0x00002e50                _etext = .

.cy_checksum_exclude
                0x00002e50        0x0
 *(.cy_checksum_exclude)

.ramvectors     0x1fff8000      0x100
                0x1fff8000                __cy_region_start_ram = .
 *(.ramvectors)
 .ramvectors    0x1fff8000      0x100 .\ARM_GCC_493\Debug\Cm3Start.o
                0x1fff8000                CyRamVectors

.noinit         0x1fff8100        0x5
 *(.noinit)
 .noinit        0x1fff8100        0x4 .\ARM_GCC_493\Debug\Cm3Start.o
 .noinit        0x1fff8104        0x1 .\ARM_GCC_493\Debug\USB_UART01.a(CyLib.o)
                0x1fff8104                CyResetStatus

.data           0x1fff8108       0x20 load address 0x00002e50
                0x1fff8108                __cy_region_start_data = .
 *(.jcr)
 .jcr           0x1fff8108        0x0 c:/program files (x86)/cypress/psoc creator/3.3/psoc creator/import/gnu/arm/4.9.3/bin/../lib/gcc/arm-none-eabi/4.9.3/armv7-m/crtbegin.o
 .jcr           0x1fff8108        0x4 c:/program files (x86)/cypress/psoc creator/3.3/psoc creator/import/gnu/arm/4.9.3/bin/../lib/gcc/arm-none-eabi/4.9.3/armv7-m/crtend.o
 *(.got.plt)
 *(.got)
 *(.shdata)
 *(.data .data.* .gnu.linkonce.d.*)
 .data          0x1fff810c        0x8 .\ARM_GCC_493\Debug\USB_UART01.a(USBUART_1_cdc.o)
                0x1fff810c                USBUART_1_lineCoding
 .data          0x1fff8114       0x10 .\ARM_GCC_493\Debug\USB_UART01.a(CyLib.o)
                0x1fff8114                cydelay_freq_hz
                0x1fff8118                cydelay_freq_khz
                0x1fff811c                cydelay_freq_mhz
                0x1fff8120                cydelay_32k_ms
                0x1fff8128                . = ALIGN (0x8)
 *fill*         0x1fff8124        0x4 
 *(.ram)
                0x1fff8128                _edata = .

.igot.plt       0x1fff8128        0x0 load address 0x00002e70
 .igot.plt      0x00000000        0x0 c:/program files (x86)/cypress/psoc creator/3.3/psoc creator/import/gnu/arm/4.9.3/bin/../lib/gcc/arm-none-eabi/4.9.3/armv7-m/crtbegin.o

.bss            0x1fff8128       0xf8 load address 0x00002e70
                0x1fff8128                PROVIDE (__bss_start__, .)
 *(.shbss)
 *(.bss .bss.* .gnu.linkonce.b.*)
 .bss           0x1fff8128       0x1c c:/program files (x86)/cypress/psoc creator/3.3/psoc creator/import/gnu/arm/4.9.3/bin/../lib/gcc/arm-none-eabi/4.9.3/armv7-m/crtbegin.o
 .bss           0x1fff8144        0x1 .\ARM_GCC_493\Debug\USB_UART01.a(USBUART_1.o)
                0x1fff8144                USBUART_1_initVar
 *fill*         0x1fff8145        0x3 
 .bss           0x1fff8148        0x4 .\ARM_GCC_493\Debug\USB_UART01.a(USBUART_1_std.o)
 *(COMMON)
 COMMON         0x1fff814c        0x5 .\ARM_GCC_493\Debug\USB_UART01.a(USBUART_1_cdc.o)
                0x1fff814c                USBUART_1_cdc_data_out_ep
                0x1fff814d                USBUART_1_cdc_data_in_ep
                0x1fff814e                USBUART_1_lineControlBitmap
                0x1fff8150                USBUART_1_lineChanged
 *fill*         0x1fff8151        0x3 
 COMMON         0x1fff8154       0x97 .\ARM_GCC_493\Debug\USB_UART01.a(USBUART_1_drv.o)
                0x1fff8154                USBUART_1_ep0Mode
                0x1fff8155                USBUART_1_lastPacketSize
                0x1fff8156                USBUART_1_configurationChanged
                0x1fff8157                USBUART_1_configuration
                0x1fff8158                USBUART_1_interfaceNumber
                0x1fff8159                USBUART_1_deviceStatus
                0x1fff815a                USBUART_1_ep0Toggle
                0x1fff815c                USBUART_1_interfaceClass
                0x1fff8160                USBUART_1_interfaceSetting
                0x1fff8164                USBUART_1_currentTD
                0x1fff8170                USBUART_1_ep0Count
                0x1fff8174                USBUART_1_EP
                0x1fff81e0                USBUART_1_interfaceSetting_last
                0x1fff81e2                USBUART_1_transferByteCount
                0x1fff81e4                USBUART_1_transferState
                0x1fff81e5                USBUART_1_device
                0x1fff81e8                USBUART_1_interfaceStatus
                0x1fff81ea                USBUART_1_deviceAddress
 *fill*         0x1fff81eb        0x1 
 COMMON         0x1fff81ec        0xa .\ARM_GCC_493\Debug\USB_UART01.a(USBUART_1_hid.o)
                0x1fff81ec                USBUART_1_hidProtocol
                0x1fff81f0                USBUART_1_hidIdleTimer
                0x1fff81f4                USBUART_1_hidIdleRate
 *fill*         0x1fff81f6        0x2 
 COMMON         0x1fff81f8       0x22 .\ARM_GCC_493\Debug\USB_UART01.a(USBUART_1_descr.o)
                0x1fff81f8                USBUART_1_idSerialNumberStringDescriptor
                0x1fff8220                . = ALIGN (0x8)
 *fill*         0x1fff821a        0x6 
 *(.ram.b)
                0x1fff8220                _end = .
                0x1fff8220                __end = .
                0x1fff8220                PROVIDE (end, .)
                0x1fff8220                PROVIDE (__bss_end__, .)
                0x00002e50                __cy_region_init_ram = LOADADDR (.data)
                0x00000020                __cy_region_init_size_ram = (_edata - ADDR (.data))
                0x000000f8                __cy_region_zero_size_ram = (_end - _edata)

.heap           0x1fff8220       0x80 load address 0x00002e70
                0x1fff8220                . = _end
                0x1fff82a0                . = (. + 0x80)
 *fill*         0x1fff8220       0x80 
                0x1fff82a0                __cy_heap_limit = .

.stack          0x20007800      0x800
                0x20007800                __cy_stack_limit = .
                0x20008000                . = (. + 0x800)
 *fill*         0x20007800      0x800 
                0x00000001                ASSERT ((__cy_stack_limit >= __cy_heap_limit), region RAM overflowed with stack)
                0x00000000                cy_checksum_exclude_size = (CY_APPL_LOADABLE == 0x1)?SIZEOF (.cy_checksum_exclude):0x0
                0x00000001                ASSERT ((cy_checksum_exclude_size <= CY_CHECKSUM_EXCLUDE_SIZE), CY_BOOT: Section .cy_checksum_exclude size exceedes specified limit.)

.cyloadermeta
 *(.cyloadermeta)

.cyloadablemeta
 *(.cyloadablemeta)

.cyconfigecc    0x80000000        0x4
 *(.cyconfigecc)
 .cyconfigecc   0x80000000        0x4 .\ARM_GCC_493\Debug\cymetadata.o
                0x80000000                cy_meta_configecc

.cycustnvl      0x90000000        0x4
 *(.cycustnvl)
 .cycustnvl     0x90000000        0x4 .\ARM_GCC_493\Debug\cymetadata.o
                0x90000000                cy_meta_custnvl

.cywolatch      0x90100000        0x4
 *(.cywolatch)
 .cywolatch     0x90100000        0x4 .\ARM_GCC_493\Debug\cymetadata.o
                0x90100000                cy_meta_wonvl

.cyeeprom       0x90200000        0x0
 *(.cyeeprom)
                0x00000001                ASSERT ((. <= ((0x90200000 + ee_offset) + ee_size)), .cyeeprom data will not fit in EEPROM)

.cyflashprotect
                0x90400000      0x100
 *(.cyflashprotect)
 .cyflashprotect
                0x90400000      0x100 .\ARM_GCC_493\Debug\cymetadata.o
                0x90400000                cy_meta_flashprotect

.cymeta         0x90500000        0xc
 *(.cymeta)
 .cymeta        0x90500000        0xc .\ARM_GCC_493\Debug\cymetadata.o
                0x90500000                cy_metadata

.rel.dyn        0x00002e70        0x0 load address 0x9050000c
 .rel.iplt      0x00000000        0x0 c:/program files (x86)/cypress/psoc creator/3.3/psoc creator/import/gnu/arm/4.9.3/bin/../lib/gcc/arm-none-eabi/4.9.3/armv7-m/crtbegin.o

.stab           0x00000000       0x9c
 *(.stab)
 .stab          0x00000000       0x24 c:/program files (x86)/cypress/psoc creator/3.3/psoc creator/import/gnu/arm/4.9.3/bin/../lib/gcc/arm-none-eabi/4.9.3/../../../../arm-none-eabi/lib/armv7-m\libnosys.a(close.o)
 .stab          0x00000024       0x18 c:/program files (x86)/cypress/psoc creator/3.3/psoc creator/import/gnu/arm/4.9.3/bin/../lib/gcc/arm-none-eabi/4.9.3/../../../../arm-none-eabi/lib/armv7-m\libnosys.a(fstat.o)
                                 0x24 (size before relaxing)
 .stab          0x0000003c       0x18 c:/program files (x86)/cypress/psoc creator/3.3/psoc creator/import/gnu/arm/4.9.3/bin/../lib/gcc/arm-none-eabi/4.9.3/../../../../arm-none-eabi/lib/armv7-m\libnosys.a(isatty.o)
                                 0x24 (size before relaxing)
 .stab          0x00000054       0x18 c:/program files (x86)/cypress/psoc creator/3.3/psoc creator/import/gnu/arm/4.9.3/bin/../lib/gcc/arm-none-eabi/4.9.3/../../../../arm-none-eabi/lib/armv7-m\libnosys.a(lseek.o)
                                 0x24 (size before relaxing)
 .stab          0x0000006c       0x18 c:/program files (x86)/cypress/psoc creator/3.3/psoc creator/import/gnu/arm/4.9.3/bin/../lib/gcc/arm-none-eabi/4.9.3/../../../../arm-none-eabi/lib/armv7-m\libnosys.a(read.o)
                                 0x24 (size before relaxing)
 .stab          0x00000084       0x18 c:/program files (x86)/cypress/psoc creator/3.3/psoc creator/import/gnu/arm/4.9.3/bin/../lib/gcc/arm-none-eabi/4.9.3/../../../../arm-none-eabi/lib/armv7-m\libnosys.a(write.o)
                                 0x24 (size before relaxing)

.stabstr        0x00000000      0x14d
 *(.stabstr)
 .stabstr       0x00000000      0x14d c:/program files (x86)/cypress/psoc creator/3.3/psoc creator/import/gnu/arm/4.9.3/bin/../lib/gcc/arm-none-eabi/4.9.3/../../../../arm-none-eabi/lib/armv7-m\libnosys.a(close.o)

.debug
 *(.debug)

.line
 *(.line)

.debug_srcinfo
 *(.debug_srcinfo)

.debug_sfnames
 *(.debug_sfnames)

.debug_aranges  0x00000000      0x8c0
 *(.debug_aranges)
 .debug_aranges
                0x00000000       0x28 .\ARM_GCC_493\Debug\main.o
 .debug_aranges
                0x00000028       0x18 .\ARM_GCC_493\Debug\cymetadata.o
 .debug_aranges
                0x00000040       0x48 .\ARM_GCC_493\Debug\Cm3Start.o
 .debug_aranges
                0x00000088       0x60 .\ARM_GCC_493\Debug\USB_UART01.a(cyfitter_cfg.o)
 .debug_aranges
                0x000000e8       0xb0 .\ARM_GCC_493\Debug\USB_UART01.a(USBUART_1.o)
 .debug_aranges
                0x00000198       0xb0 .\ARM_GCC_493\Debug\USB_UART01.a(USBUART_1_cdc.o)
 .debug_aranges
                0x00000248       0x98 .\ARM_GCC_493\Debug\USB_UART01.a(USBUART_1_drv.o)
 .debug_aranges
                0x000002e0       0x40 .\ARM_GCC_493\Debug\USB_UART01.a(USBUART_1_episr.o)
 .debug_aranges
                0x00000320       0x48 .\ARM_GCC_493\Debug\USB_UART01.a(USBUART_1_hid.o)
 .debug_aranges
                0x00000368       0x78 .\ARM_GCC_493\Debug\USB_UART01.a(USBUART_1_std.o)
 .debug_aranges
                0x000003e0       0x20 .\ARM_GCC_493\Debug\USB_UART01.a(USBUART_1_vnd.o)
 .debug_aranges
                0x00000400       0x20 .\ARM_GCC_493\Debug\USB_UART01.a(CyBootAsmGnu.o)
 .debug_aranges
                0x00000420      0x298 .\ARM_GCC_493\Debug\USB_UART01.a(CyLib.o)
 .debug_aranges
                0x000006b8       0x98 .\ARM_GCC_493\Debug\USB_UART01.a(cyPm.o)
 .debug_aranges
                0x00000750       0x38 .\ARM_GCC_493\Debug\USB_UART01.a(TX_pin.o)
 .debug_aranges
                0x00000788       0x20 .\ARM_GCC_493\Debug\USB_UART01.a(USBUART_1_cls.o)
 .debug_aranges
                0x000007a8       0x18 .\ARM_GCC_493\Debug\USB_UART01.a(USBUART_1_descr.o)
 .debug_aranges
                0x000007c0       0x88 .\ARM_GCC_493\Debug\USB_UART01.a(CyFlash.o)
 .debug_aranges
                0x00000848       0x78 .\ARM_GCC_493\Debug\USB_UART01.a(CySpc.o)

.debug_pubnames
 *(.debug_pubnames)

.debug_info     0x00000000     0x4a85
 *(.debug_info .gnu.linkonce.wi.*)
 .debug_info    0x00000000      0x176 .\ARM_GCC_493\Debug\main.o
 .debug_info    0x00000176      0x139 .\ARM_GCC_493\Debug\cymetadata.o
 .debug_info    0x000002af      0x317 .\ARM_GCC_493\Debug\Cm3Start.o
 .debug_info    0x000005c6      0x45c .\ARM_GCC_493\Debug\USB_UART01.a(cyfitter_cfg.o)
 .debug_info    0x00000a22      0x601 .\ARM_GCC_493\Debug\USB_UART01.a(USBUART_1.o)
 .debug_info    0x00001023      0x56f .\ARM_GCC_493\Debug\USB_UART01.a(USBUART_1_cdc.o)
 .debug_info    0x00001592      0x4ed .\ARM_GCC_493\Debug\USB_UART01.a(USBUART_1_drv.o)
 .debug_info    0x00001a7f      0x1a6 .\ARM_GCC_493\Debug\USB_UART01.a(USBUART_1_episr.o)
 .debug_info    0x00001c25      0x34e .\ARM_GCC_493\Debug\USB_UART01.a(USBUART_1_hid.o)
 .debug_info    0x00001f73      0x7bb .\ARM_GCC_493\Debug\USB_UART01.a(USBUART_1_std.o)
 .debug_info    0x0000272e      0x177 .\ARM_GCC_493\Debug\USB_UART01.a(USBUART_1_vnd.o)
 .debug_info    0x000028a5       0x8e .\ARM_GCC_493\Debug\USB_UART01.a(CyBootAsmGnu.o)
 .debug_info    0x00002933      0xe31 .\ARM_GCC_493\Debug\USB_UART01.a(CyLib.o)
 .debug_info    0x00003764      0x55f .\ARM_GCC_493\Debug\USB_UART01.a(cyPm.o)
 .debug_info    0x00003cc3      0x11d .\ARM_GCC_493\Debug\USB_UART01.a(TX_pin.o)
 .debug_info    0x00003de0      0x19b .\ARM_GCC_493\Debug\USB_UART01.a(USBUART_1_cls.o)
 .debug_info    0x00003f7b      0x2f3 .\ARM_GCC_493\Debug\USB_UART01.a(USBUART_1_descr.o)
 .debug_info    0x0000426e      0x3c1 .\ARM_GCC_493\Debug\USB_UART01.a(CyFlash.o)
 .debug_info    0x0000462f      0x456 .\ARM_GCC_493\Debug\USB_UART01.a(CySpc.o)

.debug_abbrev   0x00000000     0x1658
 *(.debug_abbrev)
 .debug_abbrev  0x00000000       0xc2 .\ARM_GCC_493\Debug\main.o
 .debug_abbrev  0x000000c2       0x5d .\ARM_GCC_493\Debug\cymetadata.o
 .debug_abbrev  0x0000011f      0x1b6 .\ARM_GCC_493\Debug\Cm3Start.o
 .debug_abbrev  0x000002d5      0x187 .\ARM_GCC_493\Debug\USB_UART01.a(cyfitter_cfg.o)
 .debug_abbrev  0x0000045c      0x1bf .\ARM_GCC_493\Debug\USB_UART01.a(USBUART_1.o)
 .debug_abbrev  0x0000061b      0x1db .\ARM_GCC_493\Debug\USB_UART01.a(USBUART_1_cdc.o)
 .debug_abbrev  0x000007f6      0x179 .\ARM_GCC_493\Debug\USB_UART01.a(USBUART_1_drv.o)
 .debug_abbrev  0x0000096f       0xd2 .\ARM_GCC_493\Debug\USB_UART01.a(USBUART_1_episr.o)
 .debug_abbrev  0x00000a41      0x15e .\ARM_GCC_493\Debug\USB_UART01.a(USBUART_1_hid.o)
 .debug_abbrev  0x00000b9f      0x1ac .\ARM_GCC_493\Debug\USB_UART01.a(USBUART_1_std.o)
 .debug_abbrev  0x00000d4b       0xc5 .\ARM_GCC_493\Debug\USB_UART01.a(USBUART_1_vnd.o)
 .debug_abbrev  0x00000e10       0x14 .\ARM_GCC_493\Debug\USB_UART01.a(CyBootAsmGnu.o)
 .debug_abbrev  0x00000e24      0x217 .\ARM_GCC_493\Debug\USB_UART01.a(CyLib.o)
 .debug_abbrev  0x0000103b      0x16e .\ARM_GCC_493\Debug\USB_UART01.a(cyPm.o)
 .debug_abbrev  0x000011a9       0x9d .\ARM_GCC_493\Debug\USB_UART01.a(TX_pin.o)
 .debug_abbrev  0x00001246       0xc5 .\ARM_GCC_493\Debug\USB_UART01.a(USBUART_1_cls.o)
 .debug_abbrev  0x0000130b       0xa7 .\ARM_GCC_493\Debug\USB_UART01.a(USBUART_1_descr.o)
 .debug_abbrev  0x000013b2      0x12d .\ARM_GCC_493\Debug\USB_UART01.a(CyFlash.o)
 .debug_abbrev  0x000014df      0x179 .\ARM_GCC_493\Debug\USB_UART01.a(CySpc.o)

.debug_line     0x00000000     0x26ff
 *(.debug_line)
 .debug_line    0x00000000      0x1d2 .\ARM_GCC_493\Debug\main.o
 .debug_line    0x000001d2       0x53 .\ARM_GCC_493\Debug\cymetadata.o
 .debug_line    0x00000225      0x1d6 .\ARM_GCC_493\Debug\Cm3Start.o
 .debug_line    0x000003fb      0x1ee .\ARM_GCC_493\Debug\USB_UART01.a(cyfitter_cfg.o)
 .debug_line    0x000005e9      0x2e2 .\ARM_GCC_493\Debug\USB_UART01.a(USBUART_1.o)
 .debug_line    0x000008cb      0x242 .\ARM_GCC_493\Debug\USB_UART01.a(USBUART_1_cdc.o)
 .debug_line    0x00000b0d      0x21a .\ARM_GCC_493\Debug\USB_UART01.a(USBUART_1_drv.o)
 .debug_line    0x00000d27       0xec .\ARM_GCC_493\Debug\USB_UART01.a(USBUART_1_episr.o)
 .debug_line    0x00000e13      0x199 .\ARM_GCC_493\Debug\USB_UART01.a(USBUART_1_hid.o)
 .debug_line    0x00000fac      0x459 .\ARM_GCC_493\Debug\USB_UART01.a(USBUART_1_std.o)
 .debug_line    0x00001405       0x97 .\ARM_GCC_493\Debug\USB_UART01.a(USBUART_1_vnd.o)
 .debug_line    0x0000149c       0x7f .\ARM_GCC_493\Debug\USB_UART01.a(CyBootAsmGnu.o)
 .debug_line    0x0000151b      0x872 .\ARM_GCC_493\Debug\USB_UART01.a(CyLib.o)
 .debug_line    0x00001d8d      0x381 .\ARM_GCC_493\Debug\USB_UART01.a(cyPm.o)
 .debug_line    0x0000210e       0x97 .\ARM_GCC_493\Debug\USB_UART01.a(TX_pin.o)
 .debug_line    0x000021a5       0xa2 .\ARM_GCC_493\Debug\USB_UART01.a(USBUART_1_cls.o)
 .debug_line    0x00002247       0x67 .\ARM_GCC_493\Debug\USB_UART01.a(USBUART_1_descr.o)
 .debug_line    0x000022ae      0x21a .\ARM_GCC_493\Debug\USB_UART01.a(CyFlash.o)
 .debug_line    0x000024c8      0x237 .\ARM_GCC_493\Debug\USB_UART01.a(CySpc.o)

.debug_frame    0x00000000     0x2aa4
 *(.debug_frame)
 .debug_frame   0x00000000       0x58 .\ARM_GCC_493\Debug\main.o
 .debug_frame   0x00000058       0xd8 .\ARM_GCC_493\Debug\Cm3Start.o
 .debug_frame   0x00000130      0x16c .\ARM_GCC_493\Debug\USB_UART01.a(cyfitter_cfg.o)
 .debug_frame   0x0000029c      0x308 .\ARM_GCC_493\Debug\USB_UART01.a(USBUART_1.o)
 .debug_frame   0x000005a4      0x2e4 .\ARM_GCC_493\Debug\USB_UART01.a(USBUART_1_cdc.o)
 .debug_frame   0x00000888      0x23c .\ARM_GCC_493\Debug\USB_UART01.a(USBUART_1_drv.o)
 .debug_frame   0x00000ac4       0xbc .\ARM_GCC_493\Debug\USB_UART01.a(USBUART_1_episr.o)
 .debug_frame   0x00000b80      0x100 .\ARM_GCC_493\Debug\USB_UART01.a(USBUART_1_hid.o)
 .debug_frame   0x00000c80      0x1f4 .\ARM_GCC_493\Debug\USB_UART01.a(USBUART_1_std.o)
 .debug_frame   0x00000e74       0x38 .\ARM_GCC_493\Debug\USB_UART01.a(USBUART_1_vnd.o)
 .debug_frame   0x00000eac      0xbe8 .\ARM_GCC_493\Debug\USB_UART01.a(CyLib.o)
 .debug_frame   0x00001a94      0x234 .\ARM_GCC_493\Debug\USB_UART01.a(cyPm.o)
 .debug_frame   0x00001cc8       0xa8 .\ARM_GCC_493\Debug\USB_UART01.a(TX_pin.o)
 .debug_frame   0x00001d70       0x38 .\ARM_GCC_493\Debug\USB_UART01.a(USBUART_1_cls.o)
 .debug_frame   0x00001da8      0x238 .\ARM_GCC_493\Debug\USB_UART01.a(CyFlash.o)
 .debug_frame   0x00001fe0      0x1f8 .\ARM_GCC_493\Debug\USB_UART01.a(CySpc.o)
 .debug_frame   0x000021d8       0x20 c:/program files (x86)/cypress/psoc creator/3.3/psoc creator/import/gnu/arm/4.9.3/bin/../lib/gcc/arm-none-eabi/4.9.3/../../../../arm-none-eabi/lib/armv7-m\libg_nano.a(lib_a-errno.o)
 .debug_frame   0x000021f8       0x28 c:/program files (x86)/cypress/psoc creator/3.3/psoc creator/import/gnu/arm/4.9.3/bin/../lib/gcc/arm-none-eabi/4.9.3/../../../../arm-none-eabi/lib/armv7-m\libg_nano.a(lib_a-exit.o)
 .debug_frame   0x00002220       0x2c c:/program files (x86)/cypress/psoc creator/3.3/psoc creator/import/gnu/arm/4.9.3/bin/../lib/gcc/arm-none-eabi/4.9.3/../../../../arm-none-eabi/lib/armv7-m\libg_nano.a(lib_a-init.o)
 .debug_frame   0x0000224c       0x28 c:/program files (x86)/cypress/psoc creator/3.3/psoc creator/import/gnu/arm/4.9.3/bin/../lib/gcc/arm-none-eabi/4.9.3/../../../../arm-none-eabi/lib/armv7-m\libg_nano.a(lib_a-memcpy.o)
 .debug_frame   0x00002274       0x20 c:/program files (x86)/cypress/psoc creator/3.3/psoc creator/import/gnu/arm/4.9.3/bin/../lib/gcc/arm-none-eabi/4.9.3/../../../../arm-none-eabi/lib/armv7-m\libg_nano.a(lib_a-memset.o)
 .debug_frame   0x00002294       0x74 c:/program files (x86)/cypress/psoc creator/3.3/psoc creator/import/gnu/arm/4.9.3/bin/../lib/gcc/arm-none-eabi/4.9.3/../../../../arm-none-eabi/lib/armv7-m\libg_nano.a(lib_a-printf.o)
 .debug_frame   0x00002308      0x11c c:/program files (x86)/cypress/psoc creator/3.3/psoc creator/import/gnu/arm/4.9.3/bin/../lib/gcc/arm-none-eabi/4.9.3/../../../../arm-none-eabi/lib/armv7-m\libg_nano.a(lib_a-findfp.o)
 .debug_frame   0x00002424       0x54 c:/program files (x86)/cypress/psoc creator/3.3/psoc creator/import/gnu/arm/4.9.3/bin/../lib/gcc/arm-none-eabi/4.9.3/../../../../arm-none-eabi/lib/armv7-m\libg_nano.a(lib_a-fwalk.o)
 .debug_frame   0x00002478       0x2c c:/program files (x86)/cypress/psoc creator/3.3/psoc creator/import/gnu/arm/4.9.3/bin/../lib/gcc/arm-none-eabi/4.9.3/../../../../arm-none-eabi/lib/armv7-m\libg_nano.a(lib_a-nano-mallocr.o)
 .debug_frame   0x000024a4       0xb8 c:/program files (x86)/cypress/psoc creator/3.3/psoc creator/import/gnu/arm/4.9.3/bin/../lib/gcc/arm-none-eabi/4.9.3/../../../../arm-none-eabi/lib/armv7-m\libg_nano.a(lib_a-nano-vfprintf.o)
 .debug_frame   0x0000255c       0x58 c:/program files (x86)/cypress/psoc creator/3.3/psoc creator/import/gnu/arm/4.9.3/bin/../lib/gcc/arm-none-eabi/4.9.3/../../../../arm-none-eabi/lib/armv7-m\libg_nano.a(lib_a-nano-vfprintf_i.o)
 .debug_frame   0x000025b4       0x2c c:/program files (x86)/cypress/psoc creator/3.3/psoc creator/import/gnu/arm/4.9.3/bin/../lib/gcc/arm-none-eabi/4.9.3/../../../../arm-none-eabi/lib/armv7-m\libg_nano.a(lib_a-sbrkr.o)
 .debug_frame   0x000025e0       0x88 c:/program files (x86)/cypress/psoc creator/3.3/psoc creator/import/gnu/arm/4.9.3/bin/../lib/gcc/arm-none-eabi/4.9.3/../../../../arm-none-eabi/lib/armv7-m\libg_nano.a(lib_a-stdio.o)
 .debug_frame   0x00002668       0x3c c:/program files (x86)/cypress/psoc creator/3.3/psoc creator/import/gnu/arm/4.9.3/bin/../lib/gcc/arm-none-eabi/4.9.3/../../../../arm-none-eabi/lib/armv7-m\libg_nano.a(lib_a-wbuf.o)
 .debug_frame   0x000026a4       0x2c c:/program files (x86)/cypress/psoc creator/3.3/psoc creator/import/gnu/arm/4.9.3/bin/../lib/gcc/arm-none-eabi/4.9.3/../../../../arm-none-eabi/lib/armv7-m\libg_nano.a(lib_a-writer.o)
 .debug_frame   0x000026d0       0x2c c:/program files (x86)/cypress/psoc creator/3.3/psoc creator/import/gnu/arm/4.9.3/bin/../lib/gcc/arm-none-eabi/4.9.3/../../../../arm-none-eabi/lib/armv7-m\libg_nano.a(lib_a-wsetup.o)
 .debug_frame   0x000026fc       0x2c c:/program files (x86)/cypress/psoc creator/3.3/psoc creator/import/gnu/arm/4.9.3/bin/../lib/gcc/arm-none-eabi/4.9.3/../../../../arm-none-eabi/lib/armv7-m\libg_nano.a(lib_a-closer.o)
 .debug_frame   0x00002728       0x68 c:/program files (x86)/cypress/psoc creator/3.3/psoc creator/import/gnu/arm/4.9.3/bin/../lib/gcc/arm-none-eabi/4.9.3/../../../../arm-none-eabi/lib/armv7-m\libg_nano.a(lib_a-fflush.o)
 .debug_frame   0x00002790       0x3c c:/program files (x86)/cypress/psoc creator/3.3/psoc creator/import/gnu/arm/4.9.3/bin/../lib/gcc/arm-none-eabi/4.9.3/../../../../arm-none-eabi/lib/armv7-m\libg_nano.a(lib_a-fvwrite.o)
 .debug_frame   0x000027cc       0x2c c:/program files (x86)/cypress/psoc creator/3.3/psoc creator/import/gnu/arm/4.9.3/bin/../lib/gcc/arm-none-eabi/4.9.3/../../../../arm-none-eabi/lib/armv7-m\libg_nano.a(lib_a-lseekr.o)
 .debug_frame   0x000027f8       0x34 c:/program files (x86)/cypress/psoc creator/3.3/psoc creator/import/gnu/arm/4.9.3/bin/../lib/gcc/arm-none-eabi/4.9.3/../../../../arm-none-eabi/lib/armv7-m\libg_nano.a(lib_a-makebuf.o)
 .debug_frame   0x0000282c       0x28 c:/program files (x86)/cypress/psoc creator/3.3/psoc creator/import/gnu/arm/4.9.3/bin/../lib/gcc/arm-none-eabi/4.9.3/../../../../arm-none-eabi/lib/armv7-m\libg_nano.a(lib_a-memchr.o)
 .debug_frame   0x00002854       0x28 c:/program files (x86)/cypress/psoc creator/3.3/psoc creator/import/gnu/arm/4.9.3/bin/../lib/gcc/arm-none-eabi/4.9.3/../../../../arm-none-eabi/lib/armv7-m\libg_nano.a(lib_a-memmove.o)
 .debug_frame   0x0000287c       0x2c c:/program files (x86)/cypress/psoc creator/3.3/psoc creator/import/gnu/arm/4.9.3/bin/../lib/gcc/arm-none-eabi/4.9.3/../../../../arm-none-eabi/lib/armv7-m\libg_nano.a(lib_a-nano-freer.o)
 .debug_frame   0x000028a8       0x3c c:/program files (x86)/cypress/psoc creator/3.3/psoc creator/import/gnu/arm/4.9.3/bin/../lib/gcc/arm-none-eabi/4.9.3/../../../../arm-none-eabi/lib/armv7-m\libg_nano.a(lib_a-nano-reallocr.o)
 .debug_frame   0x000028e4       0x2c c:/program files (x86)/cypress/psoc creator/3.3/psoc creator/import/gnu/arm/4.9.3/bin/../lib/gcc/arm-none-eabi/4.9.3/../../../../arm-none-eabi/lib/armv7-m\libg_nano.a(lib_a-readr.o)
 .debug_frame   0x00002910       0x5c c:/program files (x86)/cypress/psoc creator/3.3/psoc creator/import/gnu/arm/4.9.3/bin/../lib/gcc/arm-none-eabi/4.9.3/../../../../arm-none-eabi/lib/armv7-m\libg_nano.a(lib_a-reent.o)
 .debug_frame   0x0000296c       0x2c c:/program files (x86)/cypress/psoc creator/3.3/psoc creator/import/gnu/arm/4.9.3/bin/../lib/gcc/arm-none-eabi/4.9.3/../../../../arm-none-eabi/lib/armv7-m\libg_nano.a(lib_a-fstatr.o)
 .debug_frame   0x00002998       0x2c c:/program files (x86)/cypress/psoc creator/3.3/psoc creator/import/gnu/arm/4.9.3/bin/../lib/gcc/arm-none-eabi/4.9.3/../../../../arm-none-eabi/lib/armv7-m\libg_nano.a(lib_a-isattyr.o)
 .debug_frame   0x000029c4       0x20 c:/program files (x86)/cypress/psoc creator/3.3/psoc creator/import/gnu/arm/4.9.3/bin/../lib/gcc/arm-none-eabi/4.9.3/../../../../arm-none-eabi/lib/armv7-m\libg_nano.a(lib_a-nano-msizer.o)
 .debug_frame   0x000029e4       0x20 c:/program files (x86)/cypress/psoc creator/3.3/psoc creator/import/gnu/arm/4.9.3/bin/../lib/gcc/arm-none-eabi/4.9.3/../../../../arm-none-eabi/lib/armv7-m\libnosys.a(close.o)
 .debug_frame   0x00002a04       0x20 c:/program files (x86)/cypress/psoc creator/3.3/psoc creator/import/gnu/arm/4.9.3/bin/../lib/gcc/arm-none-eabi/4.9.3/../../../../arm-none-eabi/lib/armv7-m\libnosys.a(fstat.o)
 .debug_frame   0x00002a24       0x20 c:/program files (x86)/cypress/psoc creator/3.3/psoc creator/import/gnu/arm/4.9.3/bin/../lib/gcc/arm-none-eabi/4.9.3/../../../../arm-none-eabi/lib/armv7-m\libnosys.a(isatty.o)
 .debug_frame   0x00002a44       0x20 c:/program files (x86)/cypress/psoc creator/3.3/psoc creator/import/gnu/arm/4.9.3/bin/../lib/gcc/arm-none-eabi/4.9.3/../../../../arm-none-eabi/lib/armv7-m\libnosys.a(lseek.o)
 .debug_frame   0x00002a64       0x20 c:/program files (x86)/cypress/psoc creator/3.3/psoc creator/import/gnu/arm/4.9.3/bin/../lib/gcc/arm-none-eabi/4.9.3/../../../../arm-none-eabi/lib/armv7-m\libnosys.a(read.o)
 .debug_frame   0x00002a84       0x20 c:/program files (x86)/cypress/psoc creator/3.3/psoc creator/import/gnu/arm/4.9.3/bin/../lib/gcc/arm-none-eabi/4.9.3/../../../../arm-none-eabi/lib/armv7-m\libnosys.a(write.o)

.debug_str      0x00000000     0x22ce
 *(.debug_str)
 .debug_str     0x00000000      0x178 .\ARM_GCC_493\Debug\main.o
                                0x1b9 (size before relaxing)
 .debug_str     0x00000178       0x77 .\ARM_GCC_493\Debug\cymetadata.o
                                0x1e8 (size before relaxing)
 .debug_str     0x000001ef      0x13e .\ARM_GCC_493\Debug\Cm3Start.o
                                0x2c9 (size before relaxing)
 .debug_str     0x0000032d      0x1b0 .\ARM_GCC_493\Debug\USB_UART01.a(cyfitter_cfg.o)
                                0x35d (size before relaxing)
 .debug_str     0x000004dd      0x397 .\ARM_GCC_493\Debug\USB_UART01.a(USBUART_1.o)
                                0x538 (size before relaxing)
 .debug_str     0x00000874      0x2ef .\ARM_GCC_493\Debug\USB_UART01.a(USBUART_1_cdc.o)
                                0x51c (size before relaxing)
 .debug_str     0x00000b63      0x2c0 .\ARM_GCC_493\Debug\USB_UART01.a(USBUART_1_drv.o)
                                0x61b (size before relaxing)
 .debug_str     0x00000e23       0x8e .\ARM_GCC_493\Debug\USB_UART01.a(USBUART_1_episr.o)
                                0x282 (size before relaxing)
 .debug_str     0x00000eb1      0x136 .\ARM_GCC_493\Debug\USB_UART01.a(USBUART_1_hid.o)
                                0x38d (size before relaxing)
 .debug_str     0x00000fe7      0x2c8 .\ARM_GCC_493\Debug\USB_UART01.a(USBUART_1_std.o)
                                0x6a4 (size before relaxing)
 .debug_str     0x000012af       0x67 .\ARM_GCC_493\Debug\USB_UART01.a(USBUART_1_vnd.o)
                                0x25b (size before relaxing)
 .debug_str     0x00001316      0x7eb .\ARM_GCC_493\Debug\USB_UART01.a(CyLib.o)
                                0x9c4 (size before relaxing)
 .debug_str     0x00001b01      0x367 .\ARM_GCC_493\Debug\USB_UART01.a(cyPm.o)
                                0x529 (size before relaxing)
 .debug_str     0x00001e68       0x6d .\ARM_GCC_493\Debug\USB_UART01.a(TX_pin.o)
                                0x1e5 (size before relaxing)
 .debug_str     0x00001ed5       0x45 .\ARM_GCC_493\Debug\USB_UART01.a(USBUART_1_cls.o)
                                0x271 (size before relaxing)
 .debug_str     0x00001f1a      0x134 .\ARM_GCC_493\Debug\USB_UART01.a(USBUART_1_descr.o)
                                0x3c2 (size before relaxing)
 .debug_str     0x0000204e      0x15f .\ARM_GCC_493\Debug\USB_UART01.a(CyFlash.o)
                                0x300 (size before relaxing)
 .debug_str     0x000021ad      0x121 .\ARM_GCC_493\Debug\USB_UART01.a(CySpc.o)
                                0x2e5 (size before relaxing)

.debug_loc
 *(.debug_loc)

.debug_macinfo
 *(.debug_macinfo)

.debug_ranges   0x00000000      0x770
 *(.debug_ranges)
 .debug_ranges  0x00000000       0x18 .\ARM_GCC_493\Debug\main.o
 .debug_ranges  0x00000018       0x38 .\ARM_GCC_493\Debug\Cm3Start.o
 .debug_ranges  0x00000050       0x50 .\ARM_GCC_493\Debug\USB_UART01.a(cyfitter_cfg.o)
 .debug_ranges  0x000000a0       0xa0 .\ARM_GCC_493\Debug\USB_UART01.a(USBUART_1.o)
 .debug_ranges  0x00000140       0xa0 .\ARM_GCC_493\Debug\USB_UART01.a(USBUART_1_cdc.o)
 .debug_ranges  0x000001e0       0x88 .\ARM_GCC_493\Debug\USB_UART01.a(USBUART_1_drv.o)
 .debug_ranges  0x00000268       0x30 .\ARM_GCC_493\Debug\USB_UART01.a(USBUART_1_episr.o)
 .debug_ranges  0x00000298       0x38 .\ARM_GCC_493\Debug\USB_UART01.a(USBUART_1_hid.o)
 .debug_ranges  0x000002d0       0x68 .\ARM_GCC_493\Debug\USB_UART01.a(USBUART_1_std.o)
 .debug_ranges  0x00000338       0x10 .\ARM_GCC_493\Debug\USB_UART01.a(USBUART_1_vnd.o)
 .debug_ranges  0x00000348      0x288 .\ARM_GCC_493\Debug\USB_UART01.a(CyLib.o)
 .debug_ranges  0x000005d0       0x88 .\ARM_GCC_493\Debug\USB_UART01.a(cyPm.o)
 .debug_ranges  0x00000658       0x28 .\ARM_GCC_493\Debug\USB_UART01.a(TX_pin.o)
 .debug_ranges  0x00000680       0x10 .\ARM_GCC_493\Debug\USB_UART01.a(USBUART_1_cls.o)
 .debug_ranges  0x00000690       0x78 .\ARM_GCC_493\Debug\USB_UART01.a(CyFlash.o)
 .debug_ranges  0x00000708       0x68 .\ARM_GCC_493\Debug\USB_UART01.a(CySpc.o)

.comment        0x00000000       0x70
 .comment       0x00000000       0x70 .\ARM_GCC_493\Debug\main.o
                                 0x71 (size before relaxing)
 .comment       0x00000000       0x71 .\ARM_GCC_493\Debug\cymetadata.o
 .comment       0x00000000       0x71 .\ARM_GCC_493\Debug\Cm3Start.o
 .comment       0x00000000       0x71 .\ARM_GCC_493\Debug\USB_UART01.a(cyfitter_cfg.o)
 .comment       0x00000000       0x71 .\ARM_GCC_493\Debug\USB_UART01.a(USBUART_1.o)
 .comment       0x00000000       0x71 .\ARM_GCC_493\Debug\USB_UART01.a(USBUART_1_cdc.o)
 .comment       0x00000000       0x71 .\ARM_GCC_493\Debug\USB_UART01.a(USBUART_1_drv.o)
 .comment       0x00000000       0x71 .\ARM_GCC_493\Debug\USB_UART01.a(USBUART_1_episr.o)
 .comment       0x00000000       0x71 .\ARM_GCC_493\Debug\USB_UART01.a(USBUART_1_hid.o)
 .comment       0x00000000       0x71 .\ARM_GCC_493\Debug\USB_UART01.a(USBUART_1_std.o)
 .comment       0x00000000       0x71 .\ARM_GCC_493\Debug\USB_UART01.a(USBUART_1_vnd.o)
 .comment       0x00000000       0x71 .\ARM_GCC_493\Debug\USB_UART01.a(CyLib.o)
 .comment       0x00000000       0x71 .\ARM_GCC_493\Debug\USB_UART01.a(cyPm.o)
 .comment       0x00000000       0x71 .\ARM_GCC_493\Debug\USB_UART01.a(TX_pin.o)
 .comment       0x00000000       0x71 .\ARM_GCC_493\Debug\USB_UART01.a(USBUART_1_cls.o)
 .comment       0x00000000       0x71 .\ARM_GCC_493\Debug\USB_UART01.a(USBUART_1_descr.o)
 .comment       0x00000000       0x71 .\ARM_GCC_493\Debug\USB_UART01.a(CyFlash.o)
 .comment       0x00000000       0x71 .\ARM_GCC_493\Debug\USB_UART01.a(CySpc.o)

.debug_weaknames
 *(.debug_weaknames)

.debug_funcnames
 *(.debug_funcnames)

.debug_typenames
 *(.debug_typenames)

.debug_varnames
 *(.debug_varnames)

.note.gnu.arm.ident
 *(.note.gnu.arm.ident)

.ARM.attributes
                0x00000000       0x29
 *(.ARM.attributes)
 .ARM.attributes
                0x00000000       0x1d c:/program files (x86)/cypress/psoc creator/3.3/psoc creator/import/gnu/arm/4.9.3/bin/../lib/gcc/arm-none-eabi/4.9.3/armv7-m/crti.o
 .ARM.attributes
                0x0000001d       0x2d c:/program files (x86)/cypress/psoc creator/3.3/psoc creator/import/gnu/arm/4.9.3/bin/../lib/gcc/arm-none-eabi/4.9.3/armv7-m/crtbegin.o
 .ARM.attributes
                0x0000004a       0x1b c:/program files (x86)/cypress/psoc creator/3.3/psoc creator/import/gnu/arm/4.9.3/bin/../lib/gcc/arm-none-eabi/4.9.3/../../../../arm-none-eabi/lib/armv7-m/crt0.o
 .ARM.attributes
                0x00000065       0x33 .\ARM_GCC_493\Debug\main.o
 .ARM.attributes
                0x00000098       0x33 .\ARM_GCC_493\Debug\cymetadata.o
 .ARM.attributes
                0x000000cb       0x33 .\ARM_GCC_493\Debug\Cm3Start.o
 .ARM.attributes
                0x000000fe       0x33 .\ARM_GCC_493\Debug\USB_UART01.a(cyfitter_cfg.o)
 .ARM.attributes
                0x00000131       0x33 .\ARM_GCC_493\Debug\USB_UART01.a(USBUART_1.o)
 .ARM.attributes
                0x00000164       0x33 .\ARM_GCC_493\Debug\USB_UART01.a(USBUART_1_cdc.o)
 .ARM.attributes
                0x00000197       0x33 .\ARM_GCC_493\Debug\USB_UART01.a(USBUART_1_drv.o)
 .ARM.attributes
                0x000001ca       0x33 .\ARM_GCC_493\Debug\USB_UART01.a(USBUART_1_episr.o)
 .ARM.attributes
                0x000001fd       0x33 .\ARM_GCC_493\Debug\USB_UART01.a(USBUART_1_hid.o)
 .ARM.attributes
                0x00000230       0x33 .\ARM_GCC_493\Debug\USB_UART01.a(USBUART_1_std.o)
 .ARM.attributes
                0x00000263       0x33 .\ARM_GCC_493\Debug\USB_UART01.a(USBUART_1_vnd.o)
 .ARM.attributes
                0x00000296       0x21 .\ARM_GCC_493\Debug\USB_UART01.a(CyBootAsmGnu.o)
 .ARM.attributes
                0x000002b7       0x33 .\ARM_GCC_493\Debug\USB_UART01.a(CyLib.o)
 .ARM.attributes
                0x000002ea       0x33 .\ARM_GCC_493\Debug\USB_UART01.a(cyPm.o)
 .ARM.attributes
                0x0000031d       0x33 .\ARM_GCC_493\Debug\USB_UART01.a(TX_pin.o)
 .ARM.attributes
                0x00000350       0x33 .\ARM_GCC_493\Debug\USB_UART01.a(USBUART_1_cls.o)
 .ARM.attributes
                0x00000383       0x33 .\ARM_GCC_493\Debug\USB_UART01.a(USBUART_1_descr.o)
 .ARM.attributes
                0x000003b6       0x33 .\ARM_GCC_493\Debug\USB_UART01.a(CyFlash.o)
 .ARM.attributes
                0x000003e9       0x33 .\ARM_GCC_493\Debug\USB_UART01.a(CySpc.o)
 .ARM.attributes
                0x0000041c       0x2d c:/program files (x86)/cypress/psoc creator/3.3/psoc creator/import/gnu/arm/4.9.3/bin/../lib/gcc/arm-none-eabi/4.9.3/../../../../arm-none-eabi/lib/armv7-m\libg_nano.a(lib_a-errno.o)
 .ARM.attributes
                0x00000449       0x2d c:/program files (x86)/cypress/psoc creator/3.3/psoc creator/import/gnu/arm/4.9.3/bin/../lib/gcc/arm-none-eabi/4.9.3/../../../../arm-none-eabi/lib/armv7-m\libg_nano.a(lib_a-exit.o)
 .ARM.attributes
                0x00000476       0x2d c:/program files (x86)/cypress/psoc creator/3.3/psoc creator/import/gnu/arm/4.9.3/bin/../lib/gcc/arm-none-eabi/4.9.3/../../../../arm-none-eabi/lib/armv7-m\libg_nano.a(lib_a-impure.o)
 .ARM.attributes
                0x000004a3       0x2d c:/program files (x86)/cypress/psoc creator/3.3/psoc creator/import/gnu/arm/4.9.3/bin/../lib/gcc/arm-none-eabi/4.9.3/../../../../arm-none-eabi/lib/armv7-m\libg_nano.a(lib_a-init.o)
 .ARM.attributes
                0x000004d0       0x2d c:/program files (x86)/cypress/psoc creator/3.3/psoc creator/import/gnu/arm/4.9.3/bin/../lib/gcc/arm-none-eabi/4.9.3/../../../../arm-none-eabi/lib/armv7-m\libg_nano.a(lib_a-memcpy.o)
 .ARM.attributes
                0x000004fd       0x2d c:/program files (x86)/cypress/psoc creator/3.3/psoc creator/import/gnu/arm/4.9.3/bin/../lib/gcc/arm-none-eabi/4.9.3/../../../../arm-none-eabi/lib/armv7-m\libg_nano.a(lib_a-memset.o)
 .ARM.attributes
                0x0000052a       0x2d c:/program files (x86)/cypress/psoc creator/3.3/psoc creator/import/gnu/arm/4.9.3/bin/../lib/gcc/arm-none-eabi/4.9.3/../../../../arm-none-eabi/lib/armv7-m\libg_nano.a(lib_a-printf.o)
 .ARM.attributes
                0x00000557       0x2d c:/program files (x86)/cypress/psoc creator/3.3/psoc creator/import/gnu/arm/4.9.3/bin/../lib/gcc/arm-none-eabi/4.9.3/../../../../arm-none-eabi/lib/armv7-m\libg_nano.a(lib_a-findfp.o)
 .ARM.attributes
                0x00000584       0x2d c:/program files (x86)/cypress/psoc creator/3.3/psoc creator/import/gnu/arm/4.9.3/bin/../lib/gcc/arm-none-eabi/4.9.3/../../../../arm-none-eabi/lib/armv7-m\libg_nano.a(lib_a-fwalk.o)
 .ARM.attributes
                0x000005b1       0x2d c:/program files (x86)/cypress/psoc creator/3.3/psoc creator/import/gnu/arm/4.9.3/bin/../lib/gcc/arm-none-eabi/4.9.3/../../../../arm-none-eabi/lib/armv7-m\libg_nano.a(lib_a-nano-mallocr.o)
 .ARM.attributes
                0x000005de       0x2d c:/program files (x86)/cypress/psoc creator/3.3/psoc creator/import/gnu/arm/4.9.3/bin/../lib/gcc/arm-none-eabi/4.9.3/../../../../arm-none-eabi/lib/armv7-m\libg_nano.a(lib_a-nano-vfprintf.o)
 .ARM.attributes
                0x0000060b       0x2d c:/program files (x86)/cypress/psoc creator/3.3/psoc creator/import/gnu/arm/4.9.3/bin/../lib/gcc/arm-none-eabi/4.9.3/../../../../arm-none-eabi/lib/armv7-m\libg_nano.a(lib_a-nano-vfprintf_i.o)
 .ARM.attributes
                0x00000638       0x2d c:/program files (x86)/cypress/psoc creator/3.3/psoc creator/import/gnu/arm/4.9.3/bin/../lib/gcc/arm-none-eabi/4.9.3/../../../../arm-none-eabi/lib/armv7-m\libg_nano.a(lib_a-sbrkr.o)
 .ARM.attributes
                0x00000665       0x2d c:/program files (x86)/cypress/psoc creator/3.3/psoc creator/import/gnu/arm/4.9.3/bin/../lib/gcc/arm-none-eabi/4.9.3/../../../../arm-none-eabi/lib/armv7-m\libg_nano.a(lib_a-stdio.o)
 .ARM.attributes
                0x00000692       0x2d c:/program files (x86)/cypress/psoc creator/3.3/psoc creator/import/gnu/arm/4.9.3/bin/../lib/gcc/arm-none-eabi/4.9.3/../../../../arm-none-eabi/lib/armv7-m\libg_nano.a(lib_a-wbuf.o)
 .ARM.attributes
                0x000006bf       0x2d c:/program files (x86)/cypress/psoc creator/3.3/psoc creator/import/gnu/arm/4.9.3/bin/../lib/gcc/arm-none-eabi/4.9.3/../../../../arm-none-eabi/lib/armv7-m\libg_nano.a(lib_a-writer.o)
 .ARM.attributes
                0x000006ec       0x2d c:/program files (x86)/cypress/psoc creator/3.3/psoc creator/import/gnu/arm/4.9.3/bin/../lib/gcc/arm-none-eabi/4.9.3/../../../../arm-none-eabi/lib/armv7-m\libg_nano.a(lib_a-wsetup.o)
 .ARM.attributes
                0x00000719       0x2d c:/program files (x86)/cypress/psoc creator/3.3/psoc creator/import/gnu/arm/4.9.3/bin/../lib/gcc/arm-none-eabi/4.9.3/../../../../arm-none-eabi/lib/armv7-m\libg_nano.a(lib_a-closer.o)
 .ARM.attributes
                0x00000746       0x2d c:/program files (x86)/cypress/psoc creator/3.3/psoc creator/import/gnu/arm/4.9.3/bin/../lib/gcc/arm-none-eabi/4.9.3/../../../../arm-none-eabi/lib/armv7-m\libg_nano.a(lib_a-fflush.o)
 .ARM.attributes
                0x00000773       0x2d c:/program files (x86)/cypress/psoc creator/3.3/psoc creator/import/gnu/arm/4.9.3/bin/../lib/gcc/arm-none-eabi/4.9.3/../../../../arm-none-eabi/lib/armv7-m\libg_nano.a(lib_a-fvwrite.o)
 .ARM.attributes
                0x000007a0       0x2d c:/program files (x86)/cypress/psoc creator/3.3/psoc creator/import/gnu/arm/4.9.3/bin/../lib/gcc/arm-none-eabi/4.9.3/../../../../arm-none-eabi/lib/armv7-m\libg_nano.a(lib_a-lseekr.o)
 .ARM.attributes
                0x000007cd       0x2d c:/program files (x86)/cypress/psoc creator/3.3/psoc creator/import/gnu/arm/4.9.3/bin/../lib/gcc/arm-none-eabi/4.9.3/../../../../arm-none-eabi/lib/armv7-m\libg_nano.a(lib_a-makebuf.o)
 .ARM.attributes
                0x000007fa       0x2d c:/program files (x86)/cypress/psoc creator/3.3/psoc creator/import/gnu/arm/4.9.3/bin/../lib/gcc/arm-none-eabi/4.9.3/../../../../arm-none-eabi/lib/armv7-m\libg_nano.a(lib_a-memchr.o)
 .ARM.attributes
                0x00000827       0x2d c:/program files (x86)/cypress/psoc creator/3.3/psoc creator/import/gnu/arm/4.9.3/bin/../lib/gcc/arm-none-eabi/4.9.3/../../../../arm-none-eabi/lib/armv7-m\libg_nano.a(lib_a-memmove.o)
 .ARM.attributes
                0x00000854       0x2d c:/program files (x86)/cypress/psoc creator/3.3/psoc creator/import/gnu/arm/4.9.3/bin/../lib/gcc/arm-none-eabi/4.9.3/../../../../arm-none-eabi/lib/armv7-m\libg_nano.a(lib_a-nano-freer.o)
 .ARM.attributes
                0x00000881       0x2d c:/program files (x86)/cypress/psoc creator/3.3/psoc creator/import/gnu/arm/4.9.3/bin/../lib/gcc/arm-none-eabi/4.9.3/../../../../arm-none-eabi/lib/armv7-m\libg_nano.a(lib_a-nano-reallocr.o)
 .ARM.attributes
                0x000008ae       0x2d c:/program files (x86)/cypress/psoc creator/3.3/psoc creator/import/gnu/arm/4.9.3/bin/../lib/gcc/arm-none-eabi/4.9.3/../../../../arm-none-eabi/lib/armv7-m\libg_nano.a(lib_a-readr.o)
 .ARM.attributes
                0x000008db       0x2d c:/program files (x86)/cypress/psoc creator/3.3/psoc creator/import/gnu/arm/4.9.3/bin/../lib/gcc/arm-none-eabi/4.9.3/../../../../arm-none-eabi/lib/armv7-m\libg_nano.a(lib_a-reent.o)
 .ARM.attributes
                0x00000908       0x2d c:/program files (x86)/cypress/psoc creator/3.3/psoc creator/import/gnu/arm/4.9.3/bin/../lib/gcc/arm-none-eabi/4.9.3/../../../../arm-none-eabi/lib/armv7-m\libg_nano.a(lib_a-fstatr.o)
 .ARM.attributes
                0x00000935       0x2d c:/program files (x86)/cypress/psoc creator/3.3/psoc creator/import/gnu/arm/4.9.3/bin/../lib/gcc/arm-none-eabi/4.9.3/../../../../arm-none-eabi/lib/armv7-m\libg_nano.a(lib_a-isattyr.o)
 .ARM.attributes
                0x00000962       0x2d c:/program files (x86)/cypress/psoc creator/3.3/psoc creator/import/gnu/arm/4.9.3/bin/../lib/gcc/arm-none-eabi/4.9.3/../../../../arm-none-eabi/lib/armv7-m\libg_nano.a(lib_a-nano-msizer.o)
 .ARM.attributes
                0x0000098f       0x2d c:/program files (x86)/cypress/psoc creator/3.3/psoc creator/import/gnu/arm/4.9.3/bin/../lib/gcc/arm-none-eabi/4.9.3/armv7-m/crtend.o
 .ARM.attributes
                0x000009bc       0x1d c:/program files (x86)/cypress/psoc creator/3.3/psoc creator/import/gnu/arm/4.9.3/bin/../lib/gcc/arm-none-eabi/4.9.3/armv7-m/crtn.o
 .ARM.attributes
                0x000009d9       0x2d c:/program files (x86)/cypress/psoc creator/3.3/psoc creator/import/gnu/arm/4.9.3/bin/../lib/gcc/arm-none-eabi/4.9.3/../../../../arm-none-eabi/lib/armv7-m\libnosys.a(close.o)
 .ARM.attributes
                0x00000a06       0x2d c:/program files (x86)/cypress/psoc creator/3.3/psoc creator/import/gnu/arm/4.9.3/bin/../lib/gcc/arm-none-eabi/4.9.3/../../../../arm-none-eabi/lib/armv7-m\libnosys.a(fstat.o)
 .ARM.attributes
                0x00000a33       0x2d c:/program files (x86)/cypress/psoc creator/3.3/psoc creator/import/gnu/arm/4.9.3/bin/../lib/gcc/arm-none-eabi/4.9.3/../../../../arm-none-eabi/lib/armv7-m\libnosys.a(isatty.o)
 .ARM.attributes
                0x00000a60       0x2d c:/program files (x86)/cypress/psoc creator/3.3/psoc creator/import/gnu/arm/4.9.3/bin/../lib/gcc/arm-none-eabi/4.9.3/../../../../arm-none-eabi/lib/armv7-m\libnosys.a(lseek.o)
 .ARM.attributes
                0x00000a8d       0x2d c:/program files (x86)/cypress/psoc creator/3.3/psoc creator/import/gnu/arm/4.9.3/bin/../lib/gcc/arm-none-eabi/4.9.3/../../../../arm-none-eabi/lib/armv7-m\libnosys.a(read.o)
 .ARM.attributes
                0x00000aba       0x2d c:/program files (x86)/cypress/psoc creator/3.3/psoc creator/import/gnu/arm/4.9.3/bin/../lib/gcc/arm-none-eabi/4.9.3/../../../../arm-none-eabi/lib/armv7-m\libnosys.a(write.o)

/DISCARD/
 *(.note.GNU-stack)
OUTPUT(.\ARM_GCC_493\Debug\USB_UART01.elf elf32-littlearm)
