Archive member included because of file (symbol)

.\ARM_GCC_493\Debug\USB_UART01.a(cyfitter_cfg.o)
                              .\ARM_GCC_493\Debug\Cm3Start.o (cyfitter_cfg)
.\ARM_GCC_493\Debug\USB_UART01.a(USBUART_1.o)
                              .\ARM_GCC_493\Debug\main.o (USBUART_1_Start)
.\ARM_GCC_493\Debug\USB_UART01.a(USBUART_1_cdc.o)
                              .\ARM_GCC_493\Debug\main.o (USBUART_1_CDC_Init)
.\ARM_GCC_493\Debug\USB_UART01.a(USBUART_1_drv.o)
                              .\ARM_GCC_493\Debug\USB_UART01.a(USBUART_1.o) (USBUART_1_EP)
.\ARM_GCC_493\Debug\USB_UART01.a(USBUART_1_episr.o)
                              .\ARM_GCC_493\Debug\USB_UART01.a(USBUART_1.o) (USBUART_1_EP_1_ISR)
.\ARM_GCC_493\Debug\USB_UART01.a(USBUART_1_hid.o)
                              .\ARM_GCC_493\Debug\USB_UART01.a(USBUART_1.o) (USBUART_1_hidProtocol)
.\ARM_GCC_493\Debug\USB_UART01.a(USBUART_1_std.o)
                              .\ARM_GCC_493\Debug\USB_UART01.a(USBUART_1_drv.o) (USBUART_1_HandleStandardRqst)
.\ARM_GCC_493\Debug\USB_UART01.a(USBUART_1_vnd.o)
                              .\ARM_GCC_493\Debug\USB_UART01.a(USBUART_1_drv.o) (USBUART_1_HandleVendorRqst)
.\ARM_GCC_493\Debug\USB_UART01.a(LCD.o)
                              .\ARM_GCC_493\Debug\main.o (LCD_Start)
.\ARM_GCC_493\Debug\USB_UART01.a(CyBootAsmGnu.o)
                              .\ARM_GCC_493\Debug\USB_UART01.a(cyfitter_cfg.o) (CyDelayCycles)
.\ARM_GCC_493\Debug\USB_UART01.a(CyLib.o)
                              .\ARM_GCC_493\Debug\Cm3Start.o (CyResetStatus)
.\ARM_GCC_493\Debug\USB_UART01.a(cyPm.o)
                              .\ARM_GCC_493\Debug\USB_UART01.a(CyLib.o) (CyPmReadStatus)
.\ARM_GCC_493\Debug\USB_UART01.a(TX_pin.o)
                              .\ARM_GCC_493\Debug\main.o (TX_pin_Write)
.\ARM_GCC_493\Debug\USB_UART01.a(Timer.o)
                              .\ARM_GCC_493\Debug\main.o (Timer_Start)
.\ARM_GCC_493\Debug\USB_UART01.a(TimerISR.o)
                              .\ARM_GCC_493\Debug\main.o (TimerISR_StartEx)
.\ARM_GCC_493\Debug\USB_UART01.a(LED4.o)
                              .\ARM_GCC_493\Debug\main.o (LED4_Write)
.\ARM_GCC_493\Debug\USB_UART01.a(Idle_Collision_Timer.o)
                              .\ARM_GCC_493\Debug\main.o (Idle_Collision_Timer_Start)
.\ARM_GCC_493\Debug\USB_UART01.a(Receive.o)
                              .\ARM_GCC_493\Debug\main.o (Receive_Read)
.\ARM_GCC_493\Debug\USB_UART01.a(Edge_detect_IRQ.o)
                              .\ARM_GCC_493\Debug\main.o (Edge_detect_IRQ_StartEx)
.\ARM_GCC_493\Debug\USB_UART01.a(Idle_Collision_IRQ.o)
                              .\ARM_GCC_493\Debug\main.o (Idle_Collision_IRQ_StartEx)
.\ARM_GCC_493\Debug\USB_UART01.a(LED3.o)
                              .\ARM_GCC_493\Debug\main.o (LED3_Write)
.\ARM_GCC_493\Debug\USB_UART01.a(LED2.o)
                              .\ARM_GCC_493\Debug\main.o (LED2_Write)
.\ARM_GCC_493\Debug\USB_UART01.a(ReceiveTimerIRQ.o)
                              .\ARM_GCC_493\Debug\main.o (ReceiveTimerIRQ_StartEx)
.\ARM_GCC_493\Debug\USB_UART01.a(Receive_Timer.o)
                              .\ARM_GCC_493\Debug\main.o (Receive_Timer_Start)
.\ARM_GCC_493\Debug\USB_UART01.a(USBUART_1_cls.o)
                              .\ARM_GCC_493\Debug\USB_UART01.a(USBUART_1_drv.o) (USBUART_1_DispatchClassRqst)
.\ARM_GCC_493\Debug\USB_UART01.a(USBUART_1_descr.o)
                              .\ARM_GCC_493\Debug\USB_UART01.a(USBUART_1_std.o) (USBUART_1_DEVICE0_DESCR)
.\ARM_GCC_493\Debug\USB_UART01.a(CyFlash.o)
                              .\ARM_GCC_493\Debug\USB_UART01.a(cyPm.o) (CyFlash_SetWaitCycles)
.\ARM_GCC_493\Debug\USB_UART01.a(CySpc.o)
                              .\ARM_GCC_493\Debug\USB_UART01.a(CyFlash.o) (CySpcStart)
d:/program files/cypress/psoc creator/3.3/psoc creator/import/gnu/arm/4.9.3/bin/../lib/gcc/arm-none-eabi/4.9.3/armv7-m\libgcc.a(_arm_addsubdf3.o)
                              .\ARM_GCC_493\Debug\main.o (__aeabi_i2d)
d:/program files/cypress/psoc creator/3.3/psoc creator/import/gnu/arm/4.9.3/bin/../lib/gcc/arm-none-eabi/4.9.3/armv7-m\libgcc.a(_arm_muldivdf3.o)
                              .\ARM_GCC_493\Debug\main.o (__aeabi_dmul)
d:/program files/cypress/psoc creator/3.3/psoc creator/import/gnu/arm/4.9.3/bin/../lib/gcc/arm-none-eabi/4.9.3/armv7-m\libgcc.a(_arm_fixdfsi.o)
                              .\ARM_GCC_493\Debug\main.o (__aeabi_d2iz)
d:/program files/cypress/psoc creator/3.3/psoc creator/import/gnu/arm/4.9.3/bin/../lib/gcc/arm-none-eabi/4.9.3/../../../../arm-none-eabi/lib/armv7-m\libg_nano.a(lib_a-errno.o)
                              .\ARM_GCC_493\Debug\Cm3Start.o (__errno)
d:/program files/cypress/psoc creator/3.3/psoc creator/import/gnu/arm/4.9.3/bin/../lib/gcc/arm-none-eabi/4.9.3/../../../../arm-none-eabi/lib/armv7-m\libg_nano.a(lib_a-exit.o)
[...]
Memory Configuration

Name             Origin             Length             Attributes
rom              0x00000000         0x00040000         xr
ram              0x1fff8000         0x00010000         xrw
*default*        0x00000000         0xffffffff

Linker script and memory map

LOAD d:/program files/cypress/psoc creator/3.3/psoc creator/import/gnu/arm/4.9.3/bin/../lib/gcc/arm-none-eabi/4.9.3/armv7-m/crti.o
LOAD d:/program files/cypress/psoc creator/3.3/psoc creator/import/gnu/arm/4.9.3/bin/../lib/gcc/arm-none-eabi/4.9.3/armv7-m/crtbegin.o
LOAD d:/program files/cypress/psoc creator/3.3/psoc creator/import/gnu/arm/4.9.3/bin/../lib/gcc/arm-none-eabi/4.9.3/../../../../arm-none-eabi/lib/armv7-m/crt0.o
START GROUP
LOAD .\ARM_GCC_493\Debug\main.o
LOAD .\ARM_GCC_493\Debug\cymetadata.o
LOAD .\ARM_GCC_493\Debug\Cm3Start.o
LOAD .\ARM_GCC_493\Debug\USB_UART01.a
LOAD D:\Program Files\Cypress\PSoC Creator\3.3\PSoC Creator\psoc\content\cycomponentlibrary\CyComponentLibrary.cylib\CortexM3\ARM_GCC_493\Debug\CyComponentLibrary.a
END GROUP
START GROUP
LOAD d:/program files/cypress/psoc creator/3.3/psoc creator/import/gnu/arm/4.9.3/bin/../lib/gcc/arm-none-eabi/4.9.3/armv7-m\libgcc.a
LOAD d:/program files/cypress/psoc creator/3.3/psoc creator/import/gnu/arm/4.9.3/bin/../lib/gcc/arm-none-eabi/4.9.3/../../../../arm-none-eabi/lib/armv7-m\libg_nano.a
LOAD d:/program files/cypress/psoc creator/3.3/psoc creator/import/gnu/arm/4.9.3/bin/../lib/gcc/arm-none-eabi/4.9.3/../../../../arm-none-eabi/lib/armv7-m\libc_nano.a
END GROUP
START GROUP
LOAD d:/program files/cypress/psoc creator/3.3/psoc creator/import/gnu/arm/4.9.3/bin/../lib/gcc/arm-none-eabi/4.9.3/armv7-m\libgcc.a
LOAD d:/program files/cypress/psoc creator/3.3/psoc creator/import/gnu/arm/4.9.3/bin/../lib/gcc/arm-none-eabi/4.9.3/../../../../arm-none-eabi/lib/armv7-m\libc_nano.a
END GROUP
LOAD d:/program files/cypress/psoc creator/3.3/psoc creator/import/gnu/arm/4.9.3/bin/../lib/gcc/arm-none-eabi/4.9.3/armv7-m/crtend.o
LOAD d:/program files/cypress/psoc creator/3.3/psoc creator/import/gnu/arm/4.9.3/bin/../lib/gcc/arm-none-eabi/4.9.3/armv7-m/crtn.o
START GROUP
LOAD d:/program files/cypress/psoc creator/3.3/psoc creator/import/gnu/arm/4.9.3/bin/../lib/gcc/arm-none-eabi/4.9.3/armv7-m\libgcc.a
LOAD d:/program files/cypress/psoc creator/3.3/psoc creator/import/gnu/arm/4.9.3/bin/../lib/gcc/arm-none-eabi/4.9.3/../../../../arm-none-eabi/lib/armv7-m\libc.a
LOAD d:/program files/cypress/psoc creator/3.3/psoc creator/import/gnu/arm/4.9.3/bin/../lib/gcc/arm-none-eabi/4.9.3/../../../../arm-none-eabi/lib/armv7-m\libnosys.a
END GROUP
                0x00000000                CY_APPL_ORIGIN = 0x0
                0x00000100                CY_FLASH_ROW_SIZE = 0x100
                0x00000020                CY_ECC_ROW_SIZE = 0x20
                0x00000000                CY_EE_IN_BTLDR = 0x0
                0x00000000                CY_APPL_LOADABLE = 0x0
                0x00000800                CY_EE_SIZE = 0x800
                0x00000001                CY_APPL_NUM = 0x1
                0x00000001                CY_APPL_MAX = 0x1
                0x00000040                CY_METADATA_SIZE = 0x40
                0x00000000                CY_APPL_LOADABLE = 0x0
                0x00000000                CY_CHECKSUM_EXCLUDE_SIZE = ALIGN (0x0, CY_FLASH_ROW_SIZE)
                0x1fff9128                PROVIDE (__cy_heap_start, _end)
                0x00000001                PROVIDE (__cy_region_num, ((__cy_regions_end - __cy_regions) / 0x10))
                0x20008000                PROVIDE (__cy_stack, (ORIGIN (ram) + 0x10000))
                0x20007800                PROVIDE (__cy_heap_end, (__cy_stack - 0x800))

.cybootloader   0x00000000        0x0
 *(.cybootloader)
                0x00000000                appl1_start = CY_APPL_ORIGIN?CY_APPL_ORIGIN:ALIGN (CY_FLASH_ROW_SIZE)
                0x0001ff00                appl2_start = (appl1_start + ALIGN ((((0x40000 - appl1_start) - (0x2 * CY_FLASH_ROW_SIZE)) / 0x2), CY_FLASH_ROW_SIZE))
                0x00000000                appl_start = (CY_APPL_NUM == 0x1)?appl1_start:appl2_start
                0x00000000                ecc_offset = ((appl_start / CY_FLASH_ROW_SIZE) * CY_ECC_ROW_SIZE)
                0x00000000                ee_offset = (CY_APPL_LOADABLE && ! (CY_EE_IN_BTLDR))?((CY_EE_SIZE / CY_APPL_MAX) * (CY_APPL_NUM - 0x1)):0x0
                0x00000800                ee_size = (CY_APPL_LOADABLE && ! (CY_EE_IN_BTLDR))?(CY_EE_SIZE / CY_APPL_MAX):CY_EE_SIZE
                0x00000000                PROVIDE (CY_ECC_OFFSET, ecc_offset)

.text           0x00000000     0x4b1c
 CREATE_OBJECT_SYMBOLS
                0x00000000                PROVIDE (__cy_interrupt_vector, RomVectors)
 *(.romvectors)
 .romvectors    0x00000000       0x10 .\ARM_GCC_493\Debug\Cm3Start.o
                0x00000000                RomVectors
                0x00000001                ASSERT ((. != __cy_interrupt_vector), No interrupt vector)
                0x00000001                ASSERT (CY_APPL_ORIGIN?(SIZEOF (.cybootloader) <= CY_APPL_ORIGIN):0x1, Wrong image location)
                0x00000010                PROVIDE (__cy_reset, Reset)
 *(.text.Reset)
 .text.Reset    0x00000010       0x18 .\ARM_GCC_493\Debug\Cm3Start.o
                0x00000010                Reset
                0x00000001                ASSERT ((. != __cy_reset), No reset code)
 *(.dma_init)
                0x00000001                ASSERT ((((appl_start + .) <= 0x10000) || 0x1), DMA Init must be within the first 64k of flash)
 *(.text .text.* .gnu.linkonce.t.*)
 .text          0x00000028       0x5c d:/program files/cypress/psoc creator/3.3/psoc creator/import/gnu/arm/4.9.3/bin/../lib/gcc/arm-none-eabi/4.9.3/armv7-m/crtbegin.o
 .text.Idle_Collision_ISR
                0x00000084       0x28 .\ARM_GCC_493\Debug\main.o
                0x00000084                Idle_Collision_ISR
 .text.Edge_detect_ISR
                0x000000ac       0x58 .\ARM_GCC_493\Debug\main.o
                0x000000ac                Edge_detect_ISR
 .text.TimerHandler
                0x00000104       0x1c .\ARM_GCC_493\Debug\main.o
                0x00000104                TimerHandler
 .text.ReceiveTimerISR
                0x00000120       0x38 .\ARM_GCC_493\Debug\main.o
                0x00000120                ReceiveTimerISR
 .text.main     0x00000158      0x27c .\ARM_GCC_493\Debug\main.o
                0x00000158                main
 .text.initDiffManEncodedArray
                0x000003d4       0x48 .\ARM_GCC_493\Debug\main.o
                0x000003d4                initDiffManEncodedArray
 .text.headerToDiffMan
                0x0000041c       0x34 .\ARM_GCC_493\Debug\main.o
                0x0000041c                headerToDiffMan
 .text.hexToDiffMan
                0x00000450      0x154 .\ARM_GCC_493\Debug\main.o
                0x00000450                hexToDiffMan
 .text.stringToDiffMan
                0x000005a4       0x38 .\ARM_GCC_493\Debug\main.o
                0x000005a4                stringToDiffMan
 .text.asciiToDiffMan
                0x000005dc      0x1c4 .\ARM_GCC_493\Debug\main.o
                0x000005dc                asciiToDiffMan
 .text.transmitData
                0x000007a0       0xd8 .\ARM_GCC_493\Debug\main.o
                0x000007a0                transmitData
 .text.setNetworkStateOnLEDs
                0x00000878       0x58 .\ARM_GCC_493\Debug\main.o
                0x00000878                setNetworkStateOnLEDs
 .text.getRandomNumber
                0x000008d0       0x38 .\ARM_GCC_493\Debug\main.o
                0x000008d0                getRandomNumber
 .text.diffManToASCII
                0x00000908       0xb0 .\ARM_GCC_493\Debug\main.o
                0x00000908                diffManToASCII
 .text.storeChar
                0x000009b8       0x3c .\ARM_GCC_493\Debug\main.o
                0x000009b8                storeChar
 .text.printChar
                0x000009f4       0x38 .\ARM_GCC_493\Debug\main.o
                0x000009f4                printChar
 .text.headerCheck
                0x00000a2c       0x60 .\ARM_GCC_493\Debug\main.o
                0x00000a2c                headerCheck
 .text.IntDefaultHandler
                0x00000a8c        0x8 .\ARM_GCC_493\Debug\Cm3Start.o
                0x00000a8c                IntDefaultHandler
 .text._sbrk    0x00000a94       0x50 .\ARM_GCC_493\Debug\Cm3Start.o
                0x00000a94                _sbrk
 .text.Start_c  0x00000ae4       0x98 .\ARM_GCC_493\Debug\Cm3Start.o
                0x00000ae4                Start_c
 .text.initialize_psoc
                0x00000b7c       0x8c .\ARM_GCC_493\Debug\Cm3Start.o
                0x00000b7c                initialize_psoc
 .text.CYMEMZERO
                0x00000c08       0x1c .\ARM_GCC_493\Debug\USB_UART01.a(cyfitter_cfg.o)
 .text.CYCONFIGCPY
                0x00000c24       0x1c .\ARM_GCC_493\Debug\USB_UART01.a(cyfitter_cfg.o)
 .text.CYCONFIGCPYCODE
                0x00000c40       0x1c .\ARM_GCC_493\Debug\USB_UART01.a(cyfitter_cfg.o)
 .text.CyClockStartupError
                0x00000c5c        0xc .\ARM_GCC_493\Debug\USB_UART01.a(cyfitter_cfg.o)
 .text.cfg_write_bytes32
                0x00000c68       0x74 .\ARM_GCC_493\Debug\USB_UART01.a(cyfitter_cfg.o)
 .text.ClockSetup
                0x00000cdc      0x12c .\ARM_GCC_493\Debug\USB_UART01.a(cyfitter_cfg.o)
 .text.AnalogSetDefault
                0x00000e08       0x44 .\ARM_GCC_493\Debug\USB_UART01.a(cyfitter_cfg.o)
 .text.cyfitter_cfg
                0x00000e4c      0x178 .\ARM_GCC_493\Debug\USB_UART01.a(cyfitter_cfg.o)
                0x00000e4c                cyfitter_cfg
 .text.USBUART_1_Start
                0x00000fc4       0x38 .\ARM_GCC_493\Debug\USB_UART01.a(USBUART_1.o)
                0x00000fc4                USBUART_1_Start
 .text.USBUART_1_Init
                0x00000ffc      0x18c .\ARM_GCC_493\Debug\USB_UART01.a(USBUART_1.o)
                0x00000ffc                USBUART_1_Init
 .text.USBUART_1_InitComponent
                0x00001188       0xf8 .\ARM_GCC_493\Debug\USB_UART01.a(USBUART_1.o)
                0x00001188                USBUART_1_InitComponent
 .text.USBUART_1_ReInitComponent
                0x00001280       0x88 .\ARM_GCC_493\Debug\USB_UART01.a(USBUART_1.o)
                0x00001280                USBUART_1_ReInitComponent
 .text.USBUART_1_GetConfiguration
                0x00001308       0x18 .\ARM_GCC_493\Debug\USB_UART01.a(USBUART_1.o)
                0x00001308                USBUART_1_GetConfiguration
 .text.USBUART_1_IsConfigurationChanged
                0x00001320       0x34 .\ARM_GCC_493\Debug\USB_UART01.a(USBUART_1.o)
                0x00001320                USBUART_1_IsConfigurationChanged
 .text.USBUART_1_GetEPCount
                0x00001354       0x6c .\ARM_GCC_493\Debug\USB_UART01.a(USBUART_1.o)
                0x00001354                USBUART_1_GetEPCount
 .text.USBUART_1_LoadInEP
                0x000013c0      0x108 .\ARM_GCC_493\Debug\USB_UART01.a(USBUART_1.o)
                0x000013c0                USBUART_1_LoadInEP
 .text.USBUART_1_ReadOutEP
                0x000014c8       0x8c .\ARM_GCC_493\Debug\USB_UART01.a(USBUART_1.o)
                0x000014c8                USBUART_1_ReadOutEP
 .text.USBUART_1_EnableOutEP
                0x00001554       0x60 .\ARM_GCC_493\Debug\USB_UART01.a(USBUART_1.o)
                0x00001554                USBUART_1_EnableOutEP
 .text.USBUART_1_DispatchCDCClassRqst
                0x000015b4       0xcc .\ARM_GCC_493\Debug\USB_UART01.a(USBUART_1_cdc.o)
                0x000015b4                USBUART_1_DispatchCDCClassRqst
 .text.USBUART_1_CDC_Init
                0x00001680       0x20 .\ARM_GCC_493\Debug\USB_UART01.a(USBUART_1_cdc.o)
                0x00001680                USBUART_1_CDC_Init
 .text.USBUART_1_PutChar
                0x000016a0       0x2c .\ARM_GCC_493\Debug\USB_UART01.a(USBUART_1_cdc.o)
                0x000016a0                USBUART_1_PutChar
 .text.USBUART_1_PutCRLF
                0x000016cc       0x30 .\ARM_GCC_493\Debug\USB_UART01.a(USBUART_1_cdc.o)
                0x000016cc                USBUART_1_PutCRLF
 .text.USBUART_1_DataIsReady
                0x000016fc       0x30 .\ARM_GCC_493\Debug\USB_UART01.a(USBUART_1_cdc.o)
                0x000016fc                USBUART_1_DataIsReady
 .text.USBUART_1_CDCIsReady
                0x0000172c       0x30 .\ARM_GCC_493\Debug\USB_UART01.a(USBUART_1_cdc.o)
                0x0000172c                USBUART_1_CDCIsReady
 .text.USBUART_1_GetChar
                0x0000175c       0x28 .\ARM_GCC_493\Debug\USB_UART01.a(USBUART_1_cdc.o)
                0x0000175c                USBUART_1_GetChar
 .text.USBUART_1_EP_0_ISR
                0x00001784       0xf8 .\ARM_GCC_493\Debug\USB_UART01.a(USBUART_1_drv.o)
                0x00001784                USBUART_1_EP_0_ISR
 .text.USBUART_1_HandleSetup
                0x0000187c       0x88 .\ARM_GCC_493\Debug\USB_UART01.a(USBUART_1_drv.o)
                0x0000187c                USBUART_1_HandleSetup
 .text.USBUART_1_HandleIN
                0x00001904       0x4c .\ARM_GCC_493\Debug\USB_UART01.a(USBUART_1_drv.o)
                0x00001904                USBUART_1_HandleIN
 .text.USBUART_1_HandleOUT
                0x00001950       0x58 .\ARM_GCC_493\Debug\USB_UART01.a(USBUART_1_drv.o)
                0x00001950                USBUART_1_HandleOUT
 .text.USBUART_1_LoadEP0
                0x000019a8       0xd4 .\ARM_GCC_493\Debug\USB_UART01.a(USBUART_1_drv.o)
                0x000019a8                USBUART_1_LoadEP0
 .text.USBUART_1_InitControlRead
                0x00001a7c       0x74 .\ARM_GCC_493\Debug\USB_UART01.a(USBUART_1_drv.o)
                0x00001a7c                USBUART_1_InitControlRead
 .text.USBUART_1_InitZeroLengthControlTransfer
                0x00001af0       0x44 .\ARM_GCC_493\Debug\USB_UART01.a(USBUART_1_drv.o)
                0x00001af0                USBUART_1_InitZeroLengthControlTransfer
 .text.USBUART_1_ControlReadDataStage
                0x00001b34        0xc .\ARM_GCC_493\Debug\USB_UART01.a(USBUART_1_drv.o)
                0x00001b34                USBUART_1_ControlReadDataStage
 .text.USBUART_1_ControlReadStatusStage
                0x00001b40       0x40 .\ARM_GCC_493\Debug\USB_UART01.a(USBUART_1_drv.o)
                0x00001b40                USBUART_1_ControlReadStatusStage
 .text.USBUART_1_InitControlWrite
                0x00001b80       0x68 .\ARM_GCC_493\Debug\USB_UART01.a(USBUART_1_drv.o)
                0x00001b80                USBUART_1_InitControlWrite
 .text.USBUART_1_ControlWriteDataStage
                0x00001be8       0xb8 .\ARM_GCC_493\Debug\USB_UART01.a(USBUART_1_drv.o)
                0x00001be8                USBUART_1_ControlWriteDataStage
 .text.USBUART_1_ControlWriteStatusStage
                0x00001ca0       0x20 .\ARM_GCC_493\Debug\USB_UART01.a(USBUART_1_drv.o)
                0x00001ca0                USBUART_1_ControlWriteStatusStage
 .text.USBUART_1_InitNoDataControlTransfer
                0x00001cc0       0x38 .\ARM_GCC_493\Debug\USB_UART01.a(USBUART_1_drv.o)
                0x00001cc0                USBUART_1_InitNoDataControlTransfer
 .text.USBUART_1_NoDataControlStatusStage
                0x00001cf8       0x48 .\ARM_GCC_493\Debug\USB_UART01.a(USBUART_1_drv.o)
                0x00001cf8                USBUART_1_NoDataControlStatusStage
 .text.USBUART_1_UpdateStatusBlock
                0x00001d40       0x40 .\ARM_GCC_493\Debug\USB_UART01.a(USBUART_1_drv.o)
                0x00001d40                USBUART_1_UpdateStatusBlock
 .text.USBUART_1_InitializeStatusBlock
                0x00001d80       0x34 .\ARM_GCC_493\Debug\USB_UART01.a(USBUART_1_drv.o)
                0x00001d80                USBUART_1_InitializeStatusBlock
 .text.USBUART_1_EP_1_ISR
                0x00001db4       0x54 .\ARM_GCC_493\Debug\USB_UART01.a(USBUART_1_episr.o)
                0x00001db4                USBUART_1_EP_1_ISR
 .text.USBUART_1_EP_2_ISR
                0x00001e08       0x54 .\ARM_GCC_493\Debug\USB_UART01.a(USBUART_1_episr.o)
                0x00001e08                USBUART_1_EP_2_ISR
 .text.USBUART_1_EP_3_ISR
                0x00001e5c       0x5c .\ARM_GCC_493\Debug\USB_UART01.a(USBUART_1_episr.o)
                0x00001e5c                USBUART_1_EP_3_ISR
 .text.USBUART_1_SOF_ISR
                0x00001eb8        0xc .\ARM_GCC_493\Debug\USB_UART01.a(USBUART_1_episr.o)
                0x00001eb8                USBUART_1_SOF_ISR
 .text.USBUART_1_BUS_RESET_ISR
                0x00001ec4        0xc .\ARM_GCC_493\Debug\USB_UART01.a(USBUART_1_episr.o)
                0x00001ec4                USBUART_1_BUS_RESET_ISR
 .text.USBUART_1_DispatchHIDClassRqst
                0x00001ed0      0x1ec .\ARM_GCC_493\Debug\USB_UART01.a(USBUART_1_hid.o)
                0x00001ed0                USBUART_1_DispatchHIDClassRqst
 .text.USBUART_1_FindHidClassDecriptor
                0x000020bc       0x7c .\ARM_GCC_493\Debug\USB_UART01.a(USBUART_1_hid.o)
                0x000020bc                USBUART_1_FindHidClassDecriptor
 .text.USBUART_1_FindReportDescriptor
                0x00002138       0x90 .\ARM_GCC_493\Debug\USB_UART01.a(USBUART_1_hid.o)
                0x00002138                USBUART_1_FindReportDescriptor
 .text.USBUART_1_FindReport
                0x000021c8       0xd4 .\ARM_GCC_493\Debug\USB_UART01.a(USBUART_1_hid.o)
                0x000021c8                USBUART_1_FindReport
 .text.USBUART_1_HandleStandardRqst
                0x0000229c      0x4a4 .\ARM_GCC_493\Debug\USB_UART01.a(USBUART_1_std.o)
                0x0000229c                USBUART_1_HandleStandardRqst
 .text.USBUART_1_ReadDieID
                0x00002740       0x90 .\ARM_GCC_493\Debug\USB_UART01.a(USBUART_1_std.o)
                0x00002740                USBUART_1_ReadDieID
 .text.USBUART_1_ConfigReg
                0x000027d0      0x180 .\ARM_GCC_493\Debug\USB_UART01.a(USBUART_1_std.o)
                0x000027d0                USBUART_1_ConfigReg
 .text.USBUART_1_Config
                0x00002950      0x348 .\ARM_GCC_493\Debug\USB_UART01.a(USBUART_1_std.o)
                0x00002950                USBUART_1_Config
 .text.USBUART_1_ConfigAltChanged
                0x00002c98      0x27c .\ARM_GCC_493\Debug\USB_UART01.a(USBUART_1_std.o)
                0x00002c98                USBUART_1_ConfigAltChanged
 .text.USBUART_1_GetConfigTablePtr
                0x00002f14       0x54 .\ARM_GCC_493\Debug\USB_UART01.a(USBUART_1_std.o)
                0x00002f14                USBUART_1_GetConfigTablePtr
 .text.USBUART_1_GetDeviceTablePtr
                0x00002f68       0x24 .\ARM_GCC_493\Debug\USB_UART01.a(USBUART_1_std.o)
                0x00002f68                USBUART_1_GetDeviceTablePtr
 .text.USBUART_1_GetInterfaceClassTablePtr
                0x00002f8c       0x4c .\ARM_GCC_493\Debug\USB_UART01.a(USBUART_1_std.o)
                0x00002f8c                USBUART_1_GetInterfaceClassTablePtr
 .text.USBUART_1_SetEndpointHalt
                0x00002fd8       0xe0 .\ARM_GCC_493\Debug\USB_UART01.a(USBUART_1_std.o)
                0x00002fd8                USBUART_1_SetEndpointHalt
 .text.USBUART_1_ClearEndpointHalt
                0x000030b8      0x144 .\ARM_GCC_493\Debug\USB_UART01.a(USBUART_1_std.o)
                0x000030b8                USBUART_1_ClearEndpointHalt
 .text.USBUART_1_ValidateAlternateSetting
                0x000031fc       0x78 .\ARM_GCC_493\Debug\USB_UART01.a(USBUART_1_std.o)
                0x000031fc                USBUART_1_ValidateAlternateSetting
 .text.USBUART_1_HandleVendorRqst
                0x00003274       0x58 .\ARM_GCC_493\Debug\USB_UART01.a(USBUART_1_vnd.o)
                0x00003274                USBUART_1_HandleVendorRqst
 .text.LCD_Init
                0x000032cc       0x6c .\ARM_GCC_493\Debug\USB_UART01.a(LCD.o)
                0x000032cc                LCD_Init
 .text.LCD_Enable
                0x00003338       0x18 .\ARM_GCC_493\Debug\USB_UART01.a(LCD.o)
                0x00003338                LCD_Enable
 .text.LCD_Start
                0x00003350       0x20 .\ARM_GCC_493\Debug\USB_UART01.a(LCD.o)
                0x00003350                LCD_Start
 .text.LCD_PrintString
                0x00003370       0x38 .\ARM_GCC_493\Debug\USB_UART01.a(LCD.o)
                0x00003370                LCD_PrintString
 .text.LCD_PutChar
                0x000033a8       0x18 .\ARM_GCC_493\Debug\USB_UART01.a(LCD.o)
                0x000033a8                LCD_PutChar
 .text.LCD_WriteData
                0x000033c0       0x34 .\ARM_GCC_493\Debug\USB_UART01.a(LCD.o)
                0x000033c0                LCD_WriteData
 .text.LCD_WriteControl
                0x000033f4       0x34 .\ARM_GCC_493\Debug\USB_UART01.a(LCD.o)
                0x000033f4                LCD_WriteControl
 .text.LCD_IsReady
                0x00003428      0x178 .\ARM_GCC_493\Debug\USB_UART01.a(LCD.o)
                0x00003428                LCD_IsReady
 .text.LCD_WrDatNib
                0x000035a0       0x78 .\ARM_GCC_493\Debug\USB_UART01.a(LCD.o)
 .text.LCD_WrCntrlNib
                0x00003618       0x60 .\ARM_GCC_493\Debug\USB_UART01.a(LCD.o)
 .text.LCD_PrintU32Number
                0x00003678       0xa4 .\ARM_GCC_493\Debug\USB_UART01.a(LCD.o)
                0x00003678                LCD_PrintU32Number
 *fill*         0x0000371c        0x4 
 .text          0x00003720       0x58 .\ARM_GCC_493\Debug\USB_UART01.a(CyBootAsmGnu.o)
                0x00003720                CyDelayCycles
                0x0000375e                CyEnterCriticalSection
                0x00003766                CyExitCriticalSection
 .text.CyHalt   0x00003778       0x18 .\ARM_GCC_493\Debug\USB_UART01.a(CyLib.o)
                0x00003778                CyHalt
 .text.CyDelay  0x00003790       0x44 .\ARM_GCC_493\Debug\USB_UART01.a(CyLib.o)
                0x00003790                CyDelay
 .text.CyDelayUs
                0x000037d4       0x24 .\ARM_GCC_493\Debug\USB_UART01.a(CyLib.o)
                0x000037d4                CyDelayUs
 .text.CyIntSetVector
                0x000037f8       0x50 .\ARM_GCC_493\Debug\USB_UART01.a(CyLib.o)
                0x000037f8                CyIntSetVector
 .text.CyIntSetPriority
                0x00003848       0x44 .\ARM_GCC_493\Debug\USB_UART01.a(CyLib.o)
                0x00003848                CyIntSetPriority
 .text.TX_pin_Write
                0x0000388c       0x3c .\ARM_GCC_493\Debug\USB_UART01.a(TX_pin.o)
                0x0000388c                TX_pin_Write
 .text.Timer_Init
                0x000038c8       0x4c .\ARM_GCC_493\Debug\USB_UART01.a(Timer.o)
                0x000038c8                Timer_Init
 .text.Timer_Enable
                0x00003914       0x20 .\ARM_GCC_493\Debug\USB_UART01.a(Timer.o)
                0x00003914                Timer_Enable
 .text.Timer_Start
                0x00003934       0x20 .\ARM_GCC_493\Debug\USB_UART01.a(Timer.o)
                0x00003934                Timer_Start
 .text.Timer_Stop
                0x00003954       0x20 .\ARM_GCC_493\Debug\USB_UART01.a(Timer.o)
                0x00003954                Timer_Stop
 .text.Timer_SetInterruptMode
                0x00003974       0x20 .\ARM_GCC_493\Debug\USB_UART01.a(Timer.o)
                0x00003974                Timer_SetInterruptMode
 .text.Timer_ReadStatusRegister
                0x00003994       0x18 .\ARM_GCC_493\Debug\USB_UART01.a(Timer.o)
                0x00003994                Timer_ReadStatusRegister
 .text.Timer_WritePeriod
                0x000039ac       0x20 .\ARM_GCC_493\Debug\USB_UART01.a(Timer.o)
                0x000039ac                Timer_WritePeriod
 .text.Timer_ReadCapture
                0x000039cc       0x18 .\ARM_GCC_493\Debug\USB_UART01.a(Timer.o)
                0x000039cc                Timer_ReadCapture
 .text.Timer_WriteCounter
                0x000039e4       0x20 .\ARM_GCC_493\Debug\USB_UART01.a(Timer.o)
                0x000039e4                Timer_WriteCounter
 .text.Timer_ClearFIFO
                0x00003a04       0x1c .\ARM_GCC_493\Debug\USB_UART01.a(Timer.o)
                0x00003a04                Timer_ClearFIFO
 .text.TimerISR_StartEx
                0x00003a20       0x24 .\ARM_GCC_493\Debug\USB_UART01.a(TimerISR.o)
                0x00003a20                TimerISR_StartEx
 .text.TimerISR_SetVector
                0x00003a44       0x24 .\ARM_GCC_493\Debug\USB_UART01.a(TimerISR.o)
                0x00003a44                TimerISR_SetVector
 .text.TimerISR_SetPriority
                0x00003a68       0x24 .\ARM_GCC_493\Debug\USB_UART01.a(TimerISR.o)
                0x00003a68                TimerISR_SetPriority
 .text.TimerISR_Enable
                0x00003a8c       0x18 .\ARM_GCC_493\Debug\USB_UART01.a(TimerISR.o)
                0x00003a8c                TimerISR_Enable
 .text.TimerISR_Disable
                0x00003aa4       0x18 .\ARM_GCC_493\Debug\USB_UART01.a(TimerISR.o)
                0x00003aa4                TimerISR_Disable
 .text.LED4_Write
                0x00003abc       0x3c .\ARM_GCC_493\Debug\USB_UART01.a(LED4.o)
                0x00003abc                LED4_Write
 .text.Idle_Collision_Timer_Init
                0x00003af8       0xac .\ARM_GCC_493\Debug\USB_UART01.a(Idle_Collision_Timer.o)
                0x00003af8                Idle_Collision_Timer_Init
 .text.Idle_Collision_Timer_Enable
                0x00003ba4       0x48 .\ARM_GCC_493\Debug\USB_UART01.a(Idle_Collision_Timer.o)
                0x00003ba4                Idle_Collision_Timer_Enable
 .text.Idle_Collision_Timer_Start
                0x00003bec       0x20 .\ARM_GCC_493\Debug\USB_UART01.a(Idle_Collision_Timer.o)
                0x00003bec                Idle_Collision_Timer_Start
 .text.Idle_Collision_Timer_SetInterruptMode
                0x00003c0c       0x20 .\ARM_GCC_493\Debug\USB_UART01.a(Idle_Collision_Timer.o)
                0x00003c0c                Idle_Collision_Timer_SetInterruptMode
 .text.Idle_Collision_Timer_WritePeriod
                0x00003c2c       0x24 .\ARM_GCC_493\Debug\USB_UART01.a(Idle_Collision_Timer.o)
                0x00003c2c                Idle_Collision_Timer_WritePeriod
 .text.Idle_Collision_Timer_WriteCounter
                0x00003c50       0x20 .\ARM_GCC_493\Debug\USB_UART01.a(Idle_Collision_Timer.o)
                0x00003c50                Idle_Collision_Timer_WriteCounter
 .text.Receive_Read
                0x00003c70       0x20 .\ARM_GCC_493\Debug\USB_UART01.a(Receive.o)
                0x00003c70                Receive_Read
 .text.Receive_ClearInterrupt
                0x00003c90       0x20 .\ARM_GCC_493\Debug\USB_UART01.a(Receive.o)
                0x00003c90                Receive_ClearInterrupt
 .text.Edge_detect_IRQ_StartEx
                0x00003cb0       0x24 .\ARM_GCC_493\Debug\USB_UART01.a(Edge_detect_IRQ.o)
                0x00003cb0                Edge_detect_IRQ_StartEx
 .text.Edge_detect_IRQ_SetVector
                0x00003cd4       0x24 .\ARM_GCC_493\Debug\USB_UART01.a(Edge_detect_IRQ.o)
                0x00003cd4                Edge_detect_IRQ_SetVector
 .text.Edge_detect_IRQ_SetPriority
                0x00003cf8       0x24 .\ARM_GCC_493\Debug\USB_UART01.a(Edge_detect_IRQ.o)
                0x00003cf8                Edge_detect_IRQ_SetPriority
 .text.Edge_detect_IRQ_Enable
                0x00003d1c       0x18 .\ARM_GCC_493\Debug\USB_UART01.a(Edge_detect_IRQ.o)
                0x00003d1c                Edge_detect_IRQ_Enable
 .text.Edge_detect_IRQ_Disable
                0x00003d34       0x18 .\ARM_GCC_493\Debug\USB_UART01.a(Edge_detect_IRQ.o)
                0x00003d34                Edge_detect_IRQ_Disable
 .text.Idle_Collision_IRQ_StartEx
                0x00003d4c       0x24 .\ARM_GCC_493\Debug\USB_UART01.a(Idle_Collision_IRQ.o)
                0x00003d4c                Idle_Collision_IRQ_StartEx
 .text.Idle_Collision_IRQ_SetVector
                0x00003d70       0x24 .\ARM_GCC_493\Debug\USB_UART01.a(Idle_Collision_IRQ.o)
                0x00003d70                Idle_Collision_IRQ_SetVector
 .text.Idle_Collision_IRQ_SetPriority
                0x00003d94       0x24 .\ARM_GCC_493\Debug\USB_UART01.a(Idle_Collision_IRQ.o)
                0x00003d94                Idle_Collision_IRQ_SetPriority
 .text.Idle_Collision_IRQ_Enable
                0x00003db8       0x18 .\ARM_GCC_493\Debug\USB_UART01.a(Idle_Collision_IRQ.o)
                0x00003db8                Idle_Collision_IRQ_Enable
 .text.Idle_Collision_IRQ_Disable
                0x00003dd0       0x18 .\ARM_GCC_493\Debug\USB_UART01.a(Idle_Collision_IRQ.o)
                0x00003dd0                Idle_Collision_IRQ_Disable
 .text.LED3_Write
                0x00003de8       0x3c .\ARM_GCC_493\Debug\USB_UART01.a(LED3.o)
                0x00003de8                LED3_Write
 .text.LED2_Write
                0x00003e24       0x34 .\ARM_GCC_493\Debug\USB_UART01.a(LED2.o)
                0x00003e24                LED2_Write
 .text.ReceiveTimerIRQ_StartEx
                0x00003e58       0x24 .\ARM_GCC_493\Debug\USB_UART01.a(ReceiveTimerIRQ.o)
                0x00003e58                ReceiveTimerIRQ_StartEx
 .text.ReceiveTimerIRQ_SetVector
                0x00003e7c       0x24 .\ARM_GCC_493\Debug\USB_UART01.a(ReceiveTimerIRQ.o)
                0x00003e7c                ReceiveTimerIRQ_SetVector
 .text.ReceiveTimerIRQ_SetPriority
                0x00003ea0       0x24 .\ARM_GCC_493\Debug\USB_UART01.a(ReceiveTimerIRQ.o)
                0x00003ea0                ReceiveTimerIRQ_SetPriority
 .text.ReceiveTimerIRQ_Enable
                0x00003ec4       0x18 .\ARM_GCC_493\Debug\USB_UART01.a(ReceiveTimerIRQ.o)
                0x00003ec4                ReceiveTimerIRQ_Enable
 .text.ReceiveTimerIRQ_Disable
                0x00003edc       0x18 .\ARM_GCC_493\Debug\USB_UART01.a(ReceiveTimerIRQ.o)
                0x00003edc                ReceiveTimerIRQ_Disable
 .text.Receive_Timer_Init
                0x00003ef4       0x4c .\ARM_GCC_493\Debug\USB_UART01.a(Receive_Timer.o)
                0x00003ef4                Receive_Timer_Init
 .text.Receive_Timer_Enable
                0x00003f40       0x20 .\ARM_GCC_493\Debug\USB_UART01.a(Receive_Timer.o)
                0x00003f40                Receive_Timer_Enable
 .text.Receive_Timer_Start
                0x00003f60       0x20 .\ARM_GCC_493\Debug\USB_UART01.a(Receive_Timer.o)
                0x00003f60                Receive_Timer_Start
 .text.Receive_Timer_SetInterruptMode
                0x00003f80       0x20 .\ARM_GCC_493\Debug\USB_UART01.a(Receive_Timer.o)
                0x00003f80                Receive_Timer_SetInterruptMode
 .text.Receive_Timer_ReadStatusRegister
                0x00003fa0       0x18 .\ARM_GCC_493\Debug\USB_UART01.a(Receive_Timer.o)
                0x00003fa0                Receive_Timer_ReadStatusRegister
 .text.Receive_Timer_WritePeriod
                0x00003fb8       0x20 .\ARM_GCC_493\Debug\USB_UART01.a(Receive_Timer.o)
                0x00003fb8                Receive_Timer_WritePeriod
 .text.Receive_Timer_ReadCapture
                0x00003fd8       0x18 .\ARM_GCC_493\Debug\USB_UART01.a(Receive_Timer.o)
                0x00003fd8                Receive_Timer_ReadCapture
 .text.Receive_Timer_WriteCounter
                0x00003ff0       0x20 .\ARM_GCC_493\Debug\USB_UART01.a(Receive_Timer.o)
                0x00003ff0                Receive_Timer_WriteCounter
 .text.Receive_Timer_ClearFIFO
                0x00004010       0x1c .\ARM_GCC_493\Debug\USB_UART01.a(Receive_Timer.o)
                0x00004010                Receive_Timer_ClearFIFO
 .text.USBUART_1_DispatchClassRqst
                0x0000402c       0x90 .\ARM_GCC_493\Debug\USB_UART01.a(USBUART_1_cls.o)
                0x0000402c                USBUART_1_DispatchClassRqst
 .text          0x000040bc      0x370 d:/program files/cypress/psoc creator/3.3/psoc creator/import/gnu/arm/4.9.3/bin/../lib/gcc/arm-none-eabi/4.9.3/armv7-m\libgcc.a(_arm_addsubdf3.o)
                0x000040bc                __aeabi_drsub
                0x000040c4                __aeabi_dsub
                0x000040c4                __subdf3
                0x000040c8                __aeabi_dadd
                0x000040c8                __adddf3
                0x00004340                __floatunsidf
                0x00004340                __aeabi_ui2d
                0x00004360                __floatsidf
                0x00004360                __aeabi_i2d
                0x00004384                __aeabi_f2d
                0x00004384                __extendsfdf2
                0x000043c0                __floatundidf
                0x000043c0                __aeabi_ul2d
                0x000043d0                __floatdidf
                0x000043d0                __aeabi_l2d
 .text          0x0000442c      0x424 d:/program files/cypress/psoc creator/3.3/psoc creator/import/gnu/arm/4.9.3/bin/../lib/gcc/arm-none-eabi/4.9.3/armv7-m\libgcc.a(_arm_muldivdf3.o)
                0x0000442c                __aeabi_dmul
                0x0000442c                __muldf3
                0x00004680                __divdf3
                0x00004680                __aeabi_ddiv
 .text          0x00004850       0x50 d:/program files/cypress/psoc creator/3.3/psoc creator/import/gnu/arm/4.9.3/bin/../lib/gcc/arm-none-eabi/4.9.3/armv7-m\libgcc.a(_arm_fixdfsi.o)
                0x00004850                __aeabi_d2iz
                0x00004850                __fixdfsi
 .text.__errno  0x000048a0        0xc d:/program files/cypress/psoc creator/3.3/psoc creator/import/gnu/arm/4.9.3/bin/../lib/gcc/arm-none-eabi/4.9.3/../../../../arm-none-eabi/lib/armv7-m\libg_nano.a(lib_a-errno.o)
                0x000048a0                __errno
 .text.__libc_init_array
                0x000048ac       0x4c d:/program files/cypress/psoc creator/3.3/psoc creator/import/gnu/arm/4.9.3/bin/../lib/gcc/arm-none-eabi/4.9.3/../../../../arm-none-eabi/lib/armv7-m\libg_nano.a(lib_a-init.o)
                0x000048ac                __libc_init_array
 .text.memcpy   0x000048f8       0x16 d:/program files/cypress/psoc creator/3.3/psoc creator/import/gnu/arm/4.9.3/bin/../lib/gcc/arm-none-eabi/4.9.3/../../../../arm-none-eabi/lib/armv7-m\libg_nano.a(lib_a-memcpy.o)
                0x000048f8                memcpy
 .text.memset   0x0000490e       0x10 d:/program files/cypress/psoc creator/3.3/psoc creator/import/gnu/arm/4.9.3/bin/../lib/gcc/arm-none-eabi/4.9.3/../../../../arm-none-eabi/lib/armv7-m\libg_nano.a(lib_a-memset.o)
                0x0000490e                memset
 *fill*         0x0000491e        0x2 
 .text.srand    0x00004920       0x50 d:/program files/cypress/psoc creator/3.3/psoc creator/import/gnu/arm/4.9.3/bin/../lib/gcc/arm-none-eabi/4.9.3/../../../../arm-none-eabi/lib/armv7-m\libg_nano.a(lib_a-rand.o)
                0x00004920                srand
 .text.rand     0x00004970       0x74 d:/program files/cypress/psoc creator/3.3/psoc creator/import/gnu/arm/4.9.3/bin/../lib/gcc/arm-none-eabi/4.9.3/../../../../arm-none-eabi/lib/armv7-m\libg_nano.a(lib_a-rand.o)
                0x00004970                rand
 .text.time     0x000049e4       0x28 d:/program files/cypress/psoc creator/3.3/psoc creator/import/gnu/arm/4.9.3/bin/../lib/gcc/arm-none-eabi/4.9.3/../../../../arm-none-eabi/lib/armv7-m\libg_nano.a(lib_a-time.o)
                0x000049e4                time
 .text._gettimeofday_r
                0x00004a0c       0x24 d:/program files/cypress/psoc creator/3.3/psoc creator/import/gnu/arm/4.9.3/bin/../lib/gcc/arm-none-eabi/4.9.3/../../../../arm-none-eabi/lib/armv7-m\libg_nano.a(lib_a-gettimeofdayr.o)
                0x00004a0c                _gettimeofday_r
 .text.malloc   0x00004a30       0x10 d:/program files/cypress/psoc creator/3.3/psoc creator/import/gnu/arm/4.9.3/bin/../lib/gcc/arm-none-eabi/4.9.3/../../../../arm-none-eabi/lib/armv7-m\libg_nano.a(lib_a-malloc.o)
                0x00004a30                malloc
 .text._malloc_r
                0x00004a40       0xac d:/program files/cypress/psoc creator/3.3/psoc creator/import/gnu/arm/4.9.3/bin/../lib/gcc/arm-none-eabi/4.9.3/../../../../arm-none-eabi/lib/armv7-m\libg_nano.a(lib_a-nano-mallocr.o)
                0x00004a40                _malloc_r
 .text._sbrk_r  0x00004aec       0x20 d:/program files/cypress/psoc creator/3.3/psoc creator/import/gnu/arm/4.9.3/bin/../lib/gcc/arm-none-eabi/4.9.3/../../../../arm-none-eabi/lib/armv7-m\libg_nano.a(lib_a-sbrkr.o)
                0x00004aec                _sbrk_r
 .text._gettimeofday
                0x00004b0c       0x10 d:/program files/cypress/psoc creator/3.3/psoc creator/import/gnu/arm/4.9.3/bin/../lib/gcc/arm-none-eabi/4.9.3/../../../../arm-none-eabi/lib/armv7-m\libnosys.a(gettod.o)
                0x00004b0c                _gettimeofday
 *(.plt)
 *(.gnu.warning)
 *(.glue_7t)
 .glue_7t       0x00000000        0x0 linker stubs
 *(.glue_7)
 .glue_7        0x00000000        0x0 linker stubs
 *(.vfp11_veneer)
 .vfp11_veneer  0x00000000        0x0 linker stubs
 *(.bootloader)
 *(.ARM.extab* .gnu.linkonce.armextab.*)
 *(.gcc_except_table)

.v4_bx          0x00004b1c        0x0
 .v4_bx         0x00000000        0x0 linker stubs

.iplt           0x00004b1c        0x0
 .iplt          0x00000000        0x0 d:/program files/cypress/psoc creator/3.3/psoc creator/import/gnu/arm/4.9.3/bin/../lib/gcc/arm-none-eabi/4.9.3/armv7-m/crtbegin.o

.eh_frame_hdr
 *(.eh_frame_hdr)

.eh_frame       0x00004b1c        0x4
 *(.eh_frame)
 .eh_frame      0x00004b1c        0x0 d:/program files/cypress/psoc creator/3.3/psoc creator/import/gnu/arm/4.9.3/bin/../lib/gcc/arm-none-eabi/4.9.3/armv7-m/crtbegin.o
 .eh_frame      0x00004b1c        0x4 d:/program files/cypress/psoc creator/3.3/psoc creator/import/gnu/arm/4.9.3/bin/../lib/gcc/arm-none-eabi/4.9.3/armv7-m/crtend.o
                0x00004b20                PROVIDE (__exidx_start, .)

.ARM.exidx
 *(.ARM.exidx* .gnu.linkonce.armexidx.*)
                0x00004b20                __exidx_end = .

.rodata         0x00004b20      0x4f0
 *(.rodata .rodata.* .gnu.linkonce.r.*)
 .rodata        0x00004b20      0x2d0 .\ARM_GCC_493\Debug\USB_UART01.a(cyfitter_cfg.o)
 .rodata        0x00004df0        0x4 .\ARM_GCC_493\Debug\USB_UART01.a(USBUART_1_cdc.o)
 .rodata        0x00004df4       0x14 .\ARM_GCC_493\Debug\USB_UART01.a(USBUART_1_std.o)
 .rodata        0x00004e08      0x1cc .\ARM_GCC_493\Debug\USB_UART01.a(USBUART_1_descr.o)
                0x00004e08                USBUART_1_DEVICE0_DESCR
                0x00004e1c                USBUART_1_DEVICE0_CONFIGURATION0_DESCR
                0x00004e60                USBUART_1_STRING_DESCRIPTORS
                0x00004f00                USBUART_1_SN_STRING_DESCRIPTOR
                0x00004f04                USBUART_1_HIDREPORT_DESCRIPTOR1
                0x00004f3c                USBUART_1_DEVICE0_CONFIGURATION0_EP_SETTINGS_TABLE
                0x00004f54                USBUART_1_DEVICE0_CONFIGURATION0_INTERFACE_CLASS
                0x00004f58                USBUART_1_DEVICE0_CONFIGURATION0_TABLE
                0x00004f80                USBUART_1_DEVICE0_TABLE
                0x00004f90                USBUART_1_TABLE
                0x00004f98                USBUART_1_MSOS_DESCRIPTOR
                0x00004fac                USBUART_1_MSOS_CONFIGURATION_DESCR
 .rodata.str1.1
                0x00004fd4        0x2 d:/program files/cypress/psoc creator/3.3/psoc creator/import/gnu/arm/4.9.3/bin/../lib/gcc/arm-none-eabi/4.9.3/../../../../arm-none-eabi/lib/armv7-m\libg_nano.a(lib_a-impure.o)
                0x00004fd8                . = ALIGN (0x4)
 *fill*         0x00004fd6        0x2 
 *(.init)
 .init          0x00004fd8        0x4 d:/program files/cypress/psoc creator/3.3/psoc creator/import/gnu/arm/4.9.3/bin/../lib/gcc/arm-none-eabi/4.9.3/armv7-m/crti.o
                0x00004fd8                _init
 .init          0x00004fdc        0x8 d:/program files/cypress/psoc creator/3.3/psoc creator/import/gnu/arm/4.9.3/bin/../lib/gcc/arm-none-eabi/4.9.3/armv7-m/crtn.o
                0x00004fe4                . = ALIGN (0x4)
                0x00004fe4                __preinit_array_start = .
 *(.preinit_array)
                0x00004fe4                __preinit_array_end = .
                0x00004fe4                . = ALIGN (0x4)
                0x00004fe4                __init_array_start = .
 *(SORT(.init_array.*))
 *(.init_array)
 .init_array    0x00004fe4        0x4 d:/program files/cypress/psoc creator/3.3/psoc creator/import/gnu/arm/4.9.3/bin/../lib/gcc/arm-none-eabi/4.9.3/armv7-m/crtbegin.o
 .init_array    0x00004fe8        0x4 .\ARM_GCC_493\Debug\Cm3Start.o
                0x00004fec                __init_array_end = .
                0x00004fec                . = ALIGN (0x4)
 *(.fini)
 .fini          0x00004fec        0x4 d:/program files/cypress/psoc creator/3.3/psoc creator/import/gnu/arm/4.9.3/bin/../lib/gcc/arm-none-eabi/4.9.3/armv7-m/crti.o
                0x00004fec                _fini
 .fini          0x00004ff0        0x8 d:/program files/cypress/psoc creator/3.3/psoc creator/import/gnu/arm/4.9.3/bin/../lib/gcc/arm-none-eabi/4.9.3/armv7-m/crtn.o
                0x00004ff8                . = ALIGN (0x4)
                0x00004ff8                __fini_array_start = .
 *(.fini_array)
 .fini_array    0x00004ff8        0x4 d:/program files/cypress/psoc creator/3.3/psoc creator/import/gnu/arm/4.9.3/bin/../lib/gcc/arm-none-eabi/4.9.3/armv7-m/crtbegin.o
 *(SORT(.fini_array.*))
                0x00004ffc                __fini_array_end = .
                0x00004ffc                . = ALIGN (0x4)
 *crtbegin.o(.ctors)
 *(EXCLUDE_FILE(*crtend.o) .ctors)
 *(SORT(.ctors.*))
 *crtend.o(.ctors)
                0x00004ffc                . = ALIGN (0x4)
 *crtbegin.o(.dtors)
 *(EXCLUDE_FILE(*crtend.o) .dtors)
 *(SORT(.dtors.*))
 *crtend.o(.dtors)
                0x00004ffc                . = ALIGN (0x4)
                0x00004ffc                __cy_regions = .
                0x00004ffc        0x4 LONG 0x5010 __cy_region_init_ram
                0x00005000        0x4 LONG 0x1fff8108 __cy_region_start_data
                0x00005004        0x4 LONG 0x88 __cy_region_init_size_ram
                0x00005008        0x4 LONG 0xf98 __cy_region_zero_size_ram
                0x0000500c                __cy_regions_end = .
                0x00005010                . = ALIGN (0x8)
 *fill*         0x0000500c        0x4 
                0x00005010                _etext = .

.cy_checksum_exclude
                0x00005010        0x0
 *(.cy_checksum_exclude)

.ramvectors     0x1fff8000      0x100
                0x1fff8000                __cy_region_start_ram = .
 *(.ramvectors)
 .ramvectors    0x1fff8000      0x100 .\ARM_GCC_493\Debug\Cm3Start.o
                0x1fff8000                CyRamVectors

.noinit         0x1fff8100        0x5
 *(.noinit)
 .noinit        0x1fff8100        0x4 .\ARM_GCC_493\Debug\Cm3Start.o
 .noinit        0x1fff8104        0x1 .\ARM_GCC_493\Debug\USB_UART01.a(CyLib.o)
                0x1fff8104                CyResetStatus

.data           0x1fff8108       0x88 load address 0x00005010
                0x1fff8108                __cy_region_start_data = .
 *(.jcr)
 .jcr           0x1fff8108        0x0 d:/program files/cypress/psoc creator/3.3/psoc creator/import/gnu/arm/4.9.3/bin/../lib/gcc/arm-none-eabi/4.9.3/armv7-m/crtbegin.o
 .jcr           0x1fff8108        0x4 d:/program files/cypress/psoc creator/3.3/psoc creator/import/gnu/arm/4.9.3/bin/../lib/gcc/arm-none-eabi/4.9.3/armv7-m/crtend.o
 *(.got.plt)
 *(.got)
 *(.shdata)
 *(.data .data.* .gnu.linkonce.d.*)
 .data          0x1fff810c        0x4 .\ARM_GCC_493\Debug\Cm3Start.o
 .data          0x1fff8110        0x8 .\ARM_GCC_493\Debug\USB_UART01.a(USBUART_1_cdc.o)
                0x1fff8110                USBUART_1_lineCoding
 .data          0x1fff8118       0x10 .\ARM_GCC_493\Debug\USB_UART01.a(CyLib.o)
                0x1fff8118                cydelay_freq_hz
                0x1fff811c                cydelay_freq_khz
                0x1fff8120                cydelay_freq_mhz
                0x1fff8124                cydelay_32k_ms
 .data.impure_data
                0x1fff8128       0x60 d:/program files/cypress/psoc creator/3.3/psoc creator/import/gnu/arm/4.9.3/bin/../lib/gcc/arm-none-eabi/4.9.3/../../../../arm-none-eabi/lib/armv7-m\libg_nano.a(lib_a-impure.o)
 .data._impure_ptr
                0x1fff8188        0x4 d:/program files/cypress/psoc creator/3.3/psoc creator/import/gnu/arm/4.9.3/bin/../lib/gcc/arm-none-eabi/4.9.3/../../../../arm-none-eabi/lib/armv7-m\libg_nano.a(lib_a-impure.o)
                0x1fff8188                _impure_ptr
                0x1fff8190                . = ALIGN (0x8)
 *fill*         0x1fff818c        0x4 
 *(.ram)
                0x1fff8190                _edata = .

.igot.plt       0x1fff8190        0x0 load address 0x00005098
 .igot.plt      0x00000000        0x0 d:/program files/cypress/psoc creator/3.3/psoc creator/import/gnu/arm/4.9.3/bin/../lib/gcc/arm-none-eabi/4.9.3/armv7-m/crtbegin.o

.bss            0x1fff8190      0xf98 load address 0x00005098
                0x1fff8190                PROVIDE (__bss_start__, .)
 *(.shbss)
 *(.bss .bss.* .gnu.linkonce.b.*)
 .bss           0x1fff8190       0x1c d:/program files/cypress/psoc creator/3.3/psoc creator/import/gnu/arm/4.9.3/bin/../lib/gcc/arm-none-eabi/4.9.3/armv7-m/crtbegin.o
 .bss           0x1fff81ac       0x14 .\ARM_GCC_493\Debug\main.o
                0x1fff81ac                halfBitIndex
                0x1fff81b0                currentDataPos
                0x1fff81b4                currentRXCharPosition
                0x1fff81b8                TX_DESTINATION_ADDRESS
                0x1fff81bc                headerValid
 .bss           0x1fff81c0        0x1 .\ARM_GCC_493\Debug\USB_UART01.a(USBUART_1.o)
                0x1fff81c0                USBUART_1_initVar
 *fill*         0x1fff81c1        0x3 
 .bss           0x1fff81c4        0x4 .\ARM_GCC_493\Debug\USB_UART01.a(USBUART_1_std.o)
 .bss           0x1fff81c8        0x2 .\ARM_GCC_493\Debug\USB_UART01.a(LCD.o)
                0x1fff81c8                LCD_enableState
                0x1fff81c9                LCD_initVar
 .bss           0x1fff81ca        0x1 .\ARM_GCC_493\Debug\USB_UART01.a(Timer.o)
                0x1fff81ca                Timer_initVar
 .bss           0x1fff81cb        0x1 .\ARM_GCC_493\Debug\USB_UART01.a(Idle_Collision_Timer.o)
                0x1fff81cb                Idle_Collision_Timer_initVar
 .bss           0x1fff81cc        0x1 .\ARM_GCC_493\Debug\USB_UART01.a(Receive_Timer.o)
                0x1fff81cc                Receive_Timer_initVar
 *fill*         0x1fff81cd        0x3 
 .bss.__malloc_sbrk_start
                0x1fff81d0        0x4 d:/program files/cypress/psoc creator/3.3/psoc creator/import/gnu/arm/4.9.3/bin/../lib/gcc/arm-none-eabi/4.9.3/../../../../arm-none-eabi/lib/armv7-m\libg_nano.a(lib_a-nano-mallocr.o)
                0x1fff81d0                __malloc_sbrk_start
 .bss.__malloc_free_list
                0x1fff81d4        0x4 d:/program files/cypress/psoc creator/3.3/psoc creator/import/gnu/arm/4.9.3/bin/../lib/gcc/arm-none-eabi/4.9.3/../../../../arm-none-eabi/lib/armv7-m\libg_nano.a(lib_a-nano-mallocr.o)
                0x1fff81d4                __malloc_free_list
 *(COMMON)
 COMMON         0x1fff81d8      0xe7c .\ARM_GCC_493\Debug\main.o
                0x1fff81d8                lengthOfData
                0x1fff81dc                crcState
                0x1fff81e0                receivedDataIndex
                0x1fff81e4                dataTransmissionComplete
                0x1fff81e8                diffManEncodedData
                0x1fff8f68                powerOnEdge
                0x1fff8f6c                diffManReceivedData
                0x1fff8fd8                rxChar
                0x1fff9044                messageLength
                0x1fff9048                receivedDataCount
                0x1fff904c                networkState
                0x1fff904d                receivedChar
                0x1fff904e                timerExpired
                0x1fff9050                headerCRC
 COMMON         0x1fff9054        0x5 .\ARM_GCC_493\Debug\USB_UART01.a(USBUART_1_cdc.o)
                0x1fff9054                USBUART_1_cdc_data_out_ep
                0x1fff9055                USBUART_1_cdc_data_in_ep
                0x1fff9056                USBUART_1_lineControlBitmap
                0x1fff9058                USBUART_1_lineChanged
 *fill*         0x1fff9059        0x3 
 COMMON         0x1fff905c       0x97 .\ARM_GCC_493\Debug\USB_UART01.a(USBUART_1_drv.o)
                0x1fff905c                USBUART_1_ep0Mode
                0x1fff905d                USBUART_1_lastPacketSize
                0x1fff905e                USBUART_1_configurationChanged
                0x1fff905f                USBUART_1_configuration
                0x1fff9060                USBUART_1_interfaceNumber
                0x1fff9061                USBUART_1_deviceStatus
                0x1fff9062                USBUART_1_ep0Toggle
                0x1fff9064                USBUART_1_interfaceClass
                0x1fff9068                USBUART_1_interfaceSetting
                0x1fff906c                USBUART_1_currentTD
                0x1fff9078                USBUART_1_ep0Count
                0x1fff907c                USBUART_1_EP
                0x1fff90e8                USBUART_1_interfaceSetting_last
                0x1fff90ea                USBUART_1_transferByteCount
                0x1fff90ec                USBUART_1_transferState
                0x1fff90ed                USBUART_1_device
                0x1fff90f0                USBUART_1_interfaceStatus
                0x1fff90f2                USBUART_1_deviceAddress
 *fill*         0x1fff90f3        0x1 
 COMMON         0x1fff90f4        0xa .\ARM_GCC_493\Debug\USB_UART01.a(USBUART_1_hid.o)
                0x1fff90f4                USBUART_1_hidProtocol
                0x1fff90f8                USBUART_1_hidIdleTimer
                0x1fff90fc                USBUART_1_hidIdleRate
 *fill*         0x1fff90fe        0x2 
 COMMON         0x1fff9100       0x22 .\ARM_GCC_493\Debug\USB_UART01.a(USBUART_1_descr.o)
                0x1fff9100                USBUART_1_idSerialNumberStringDescriptor
 *fill*         0x1fff9122        0x2 
 COMMON         0x1fff9124        0x4 d:/program files/cypress/psoc creator/3.3/psoc creator/import/gnu/arm/4.9.3/bin/../lib/gcc/arm-none-eabi/4.9.3/../../../../arm-none-eabi/lib/armv7-m\libg_nano.a(lib_a-reent.o)
                0x1fff9124                errno
                0x1fff9128                . = ALIGN (0x8)
 *(.ram.b)
                0x1fff9128                _end = .
                0x1fff9128                __end = .
                0x1fff9128                PROVIDE (end, .)
                0x1fff9128                PROVIDE (__bss_end__, .)
                0x00005010                __cy_region_init_ram = LOADADDR (.data)
                0x00000088                __cy_region_init_size_ram = (_edata - ADDR (.data))
                0x00000f98                __cy_region_zero_size_ram = (_end - _edata)

.heap           0x1fff9128       0x80 load address 0x00005098
                0x1fff9128                . = _end
                0x1fff91a8                . = (. + 0x80)
 *fill*         0x1fff9128       0x80 
                0x1fff91a8                __cy_heap_limit = .

.stack          0x20007800      0x800
                0x20007800                __cy_stack_limit = .
                0x20008000                . = (. + 0x800)
 *fill*         0x20007800      0x800 
                0x00000001                ASSERT ((__cy_stack_limit >= __cy_heap_limit), region RAM overflowed with stack)
                0x00000000                cy_checksum_exclude_size = (CY_APPL_LOADABLE == 0x1)?SIZEOF (.cy_checksum_exclude):0x0
                0x00000001                ASSERT ((cy_checksum_exclude_size <= CY_CHECKSUM_EXCLUDE_SIZE), CY_BOOT: Section .cy_checksum_exclude size exceedes specified limit.)

.cyloadermeta
 *(.cyloadermeta)

.cyloadablemeta
 *(.cyloadablemeta)

.cyconfigecc    0x80000000        0x4
 *(.cyconfigecc)
 .cyconfigecc   0x80000000        0x4 .\ARM_GCC_493\Debug\cymetadata.o
                0x80000000                cy_meta_configecc

.cycustnvl      0x90000000        0x4
 *(.cycustnvl)
 .cycustnvl     0x90000000        0x4 .\ARM_GCC_493\Debug\cymetadata.o
                0x90000000                cy_meta_custnvl

.cywolatch      0x90100000        0x4
 *(.cywolatch)
 .cywolatch     0x90100000        0x4 .\ARM_GCC_493\Debug\cymetadata.o
                0x90100000                cy_meta_wonvl

.cyeeprom       0x90200000        0x0
 *(.cyeeprom)
                0x00000001                ASSERT ((. <= ((0x90200000 + ee_offset) + ee_size)), .cyeeprom data will not fit in EEPROM)

.cyflashprotect
                0x90400000      0x100
 *(.cyflashprotect)
 .cyflashprotect
                0x90400000      0x100 .\ARM_GCC_493\Debug\cymetadata.o
                0x90400000                cy_meta_flashprotect

.cymeta         0x90500000        0xc
 *(.cymeta)
 .cymeta        0x90500000        0xc .\ARM_GCC_493\Debug\cymetadata.o
                0x90500000                cy_metadata

.rel.dyn        0x00005098        0x0 load address 0x9050000c
 .rel.iplt      0x00000000        0x0 d:/program files/cypress/psoc creator/3.3/psoc creator/import/gnu/arm/4.9.3/bin/../lib/gcc/arm-none-eabi/4.9.3/armv7-m/crtbegin.o

.stab           0x00000000       0x24
 *(.stab)
 .stab          0x00000000       0x24 d:/program files/cypress/psoc creator/3.3/psoc creator/import/gnu/arm/4.9.3/bin/../lib/gcc/arm-none-eabi/4.9.3/../../../../arm-none-eabi/lib/armv7-m\libnosys.a(gettod.o)

.stabstr        0x00000000       0x4e
 *(.stabstr)
 .stabstr       0x00000000       0x4e d:/program files/cypress/psoc creator/3.3/psoc creator/import/gnu/arm/4.9.3/bin/../lib/gcc/arm-none-eabi/4.9.3/../../../../arm-none-eabi/lib/armv7-m\libnosys.a(gettod.o)

.debug
 *(.debug)

.line
 *(.line)

.debug_srcinfo
 *(.debug_srcinfo)

.debug_sfnames
 *(.debug_sfnames)

.debug_aranges  0x00000000      0xe60
 *(.debug_aranges)
 .debug_aranges
                0x00000000       0xa0 .\ARM_GCC_493\Debug\main.o
 .debug_aranges
                0x000000a0       0x18 .\ARM_GCC_493\Debug\cymetadata.o
 .debug_aranges
                0x000000b8       0x48 .\ARM_GCC_493\Debug\Cm3Start.o
 .debug_aranges
                0x00000100       0x60 .\ARM_GCC_493\Debug\USB_UART01.a(cyfitter_cfg.o)
 .debug_aranges
                0x00000160       0xb0 .\ARM_GCC_493\Debug\USB_UART01.a(USBUART_1.o)
 .debug_aranges
                0x00000210       0xb0 .\ARM_GCC_493\Debug\USB_UART01.a(USBUART_1_cdc.o)
 .debug_aranges
                0x000002c0       0x98 .\ARM_GCC_493\Debug\USB_UART01.a(USBUART_1_drv.o)
 .debug_aranges
                0x00000358       0x40 .\ARM_GCC_493\Debug\USB_UART01.a(USBUART_1_episr.o)
 .debug_aranges
                0x00000398       0x48 .\ARM_GCC_493\Debug\USB_UART01.a(USBUART_1_hid.o)
 .debug_aranges
                0x000003e0       0x78 .\ARM_GCC_493\Debug\USB_UART01.a(USBUART_1_std.o)
 .debug_aranges
                0x00000458       0x20 .\ARM_GCC_493\Debug\USB_UART01.a(USBUART_1_vnd.o)
 .debug_aranges
                0x00000478       0x98 .\ARM_GCC_493\Debug\USB_UART01.a(LCD.o)
 .debug_aranges
                0x00000510       0x20 .\ARM_GCC_493\Debug\USB_UART01.a(CyBootAsmGnu.o)
 .debug_aranges
                0x00000530      0x298 .\ARM_GCC_493\Debug\USB_UART01.a(CyLib.o)
 .debug_aranges
                0x000007c8       0x98 .\ARM_GCC_493\Debug\USB_UART01.a(cyPm.o)
 .debug_aranges
                0x00000860       0x38 .\ARM_GCC_493\Debug\USB_UART01.a(TX_pin.o)
 .debug_aranges
                0x00000898       0x90 .\ARM_GCC_493\Debug\USB_UART01.a(Timer.o)
 .debug_aranges
                0x00000928       0x80 .\ARM_GCC_493\Debug\USB_UART01.a(TimerISR.o)
 .debug_aranges
                0x000009a8       0x38 .\ARM_GCC_493\Debug\USB_UART01.a(LED4.o)
 .debug_aranges
                0x000009e0       0x88 .\ARM_GCC_493\Debug\USB_UART01.a(Idle_Collision_Timer.o)
 .debug_aranges
                0x00000a68       0x40 .\ARM_GCC_493\Debug\USB_UART01.a(Receive.o)
 .debug_aranges
                0x00000aa8       0x80 .\ARM_GCC_493\Debug\USB_UART01.a(Edge_detect_IRQ.o)
 .debug_aranges
                0x00000b28       0x80 .\ARM_GCC_493\Debug\USB_UART01.a(Idle_Collision_IRQ.o)
 .debug_aranges
                0x00000ba8       0x38 .\ARM_GCC_493\Debug\USB_UART01.a(LED3.o)
 .debug_aranges
                0x00000be0       0x38 .\ARM_GCC_493\Debug\USB_UART01.a(LED2.o)
 .debug_aranges
                0x00000c18       0x80 .\ARM_GCC_493\Debug\USB_UART01.a(ReceiveTimerIRQ.o)
 .debug_aranges
                0x00000c98       0x90 .\ARM_GCC_493\Debug\USB_UART01.a(Receive_Timer.o)
 .debug_aranges
                0x00000d28       0x20 .\ARM_GCC_493\Debug\USB_UART01.a(USBUART_1_cls.o)
 .debug_aranges
                0x00000d48       0x18 .\ARM_GCC_493\Debug\USB_UART01.a(USBUART_1_descr.o)
 .debug_aranges
                0x00000d60       0x88 .\ARM_GCC_493\Debug\USB_UART01.a(CyFlash.o)
 .debug_aranges
                0x00000de8       0x78 .\ARM_GCC_493\Debug\USB_UART01.a(CySpc.o)

.debug_pubnames
 *(.debug_pubnames)

.debug_info     0x00000000     0x6744
 *(.debug_info .gnu.linkonce.wi.*)
 .debug_info    0x00000000      0x5e9 .\ARM_GCC_493\Debug\main.o
 .debug_info    0x000005e9      0x139 .\ARM_GCC_493\Debug\cymetadata.o
 .debug_info    0x00000722      0x317 .\ARM_GCC_493\Debug\Cm3Start.o
 .debug_info    0x00000a39      0x4a2 .\ARM_GCC_493\Debug\USB_UART01.a(cyfitter_cfg.o)
 .debug_info    0x00000edb      0x601 .\ARM_GCC_493\Debug\USB_UART01.a(USBUART_1.o)
 .debug_info    0x000014dc      0x56f .\ARM_GCC_493\Debug\USB_UART01.a(USBUART_1_cdc.o)
 .debug_info    0x00001a4b      0x4ed .\ARM_GCC_493\Debug\USB_UART01.a(USBUART_1_drv.o)
 .debug_info    0x00001f38      0x1a6 .\ARM_GCC_493\Debug\USB_UART01.a(USBUART_1_episr.o)
 .debug_info    0x000020de      0x34e .\ARM_GCC_493\Debug\USB_UART01.a(USBUART_1_hid.o)
 .debug_info    0x0000242c      0x7bb .\ARM_GCC_493\Debug\USB_UART01.a(USBUART_1_std.o)
 .debug_info    0x00002be7      0x177 .\ARM_GCC_493\Debug\USB_UART01.a(USBUART_1_vnd.o)
 .debug_info    0x00002d5e      0x3c4 .\ARM_GCC_493\Debug\USB_UART01.a(LCD.o)
 .debug_info    0x00003122       0x87 .\ARM_GCC_493\Debug\USB_UART01.a(CyBootAsmGnu.o)
 .debug_info    0x000031a9      0xe31 .\ARM_GCC_493\Debug\USB_UART01.a(CyLib.o)
 .debug_info    0x00003fda      0x55f .\ARM_GCC_493\Debug\USB_UART01.a(cyPm.o)
 .debug_info    0x00004539      0x11d .\ARM_GCC_493\Debug\USB_UART01.a(TX_pin.o)
 .debug_info    0x00004656      0x252 .\ARM_GCC_493\Debug\USB_UART01.a(Timer.o)
 .debug_info    0x000048a8      0x238 .\ARM_GCC_493\Debug\USB_UART01.a(TimerISR.o)
 .debug_info    0x00004ae0      0x11d .\ARM_GCC_493\Debug\USB_UART01.a(LED4.o)
 .debug_info    0x00004bfd      0x23c .\ARM_GCC_493\Debug\USB_UART01.a(Idle_Collision_Timer.o)
 .debug_info    0x00004e39      0x132 .\ARM_GCC_493\Debug\USB_UART01.a(Receive.o)
 .debug_info    0x00004f6b      0x238 .\ARM_GCC_493\Debug\USB_UART01.a(Edge_detect_IRQ.o)
 .debug_info    0x000051a3      0x238 .\ARM_GCC_493\Debug\USB_UART01.a(Idle_Collision_IRQ.o)
 .debug_info    0x000053db      0x11d .\ARM_GCC_493\Debug\USB_UART01.a(LED3.o)
 .debug_info    0x000054f8      0x11d .\ARM_GCC_493\Debug\USB_UART01.a(LED2.o)
 .debug_info    0x00005615      0x238 .\ARM_GCC_493\Debug\USB_UART01.a(ReceiveTimerIRQ.o)
 .debug_info    0x0000584d      0x252 .\ARM_GCC_493\Debug\USB_UART01.a(Receive_Timer.o)
 .debug_info    0x00005a9f      0x19b .\ARM_GCC_493\Debug\USB_UART01.a(USBUART_1_cls.o)
 .debug_info    0x00005c3a      0x2f3 .\ARM_GCC_493\Debug\USB_UART01.a(USBUART_1_descr.o)
 .debug_info    0x00005f2d      0x3c1 .\ARM_GCC_493\Debug\USB_UART01.a(CyFlash.o)
 .debug_info    0x000062ee      0x456 .\ARM_GCC_493\Debug\USB_UART01.a(CySpc.o)

.debug_abbrev   0x00000000     0x24ae
 *(.debug_abbrev)
 .debug_abbrev  0x00000000      0x235 .\ARM_GCC_493\Debug\main.o
 .debug_abbrev  0x00000235       0x5d .\ARM_GCC_493\Debug\cymetadata.o
 .debug_abbrev  0x00000292      0x1b6 .\ARM_GCC_493\Debug\Cm3Start.o
 .debug_abbrev  0x00000448      0x187 .\ARM_GCC_493\Debug\USB_UART01.a(cyfitter_cfg.o)
 .debug_abbrev  0x000005cf      0x1bf .\ARM_GCC_493\Debug\USB_UART01.a(USBUART_1.o)
 .debug_abbrev  0x0000078e      0x1db .\ARM_GCC_493\Debug\USB_UART01.a(USBUART_1_cdc.o)
 .debug_abbrev  0x00000969      0x179 .\ARM_GCC_493\Debug\USB_UART01.a(USBUART_1_drv.o)
 .debug_abbrev  0x00000ae2       0xd2 .\ARM_GCC_493\Debug\USB_UART01.a(USBUART_1_episr.o)
 .debug_abbrev  0x00000bb4      0x15e .\ARM_GCC_493\Debug\USB_UART01.a(USBUART_1_hid.o)
 .debug_abbrev  0x00000d12      0x1ac .\ARM_GCC_493\Debug\USB_UART01.a(USBUART_1_std.o)
 .debug_abbrev  0x00000ebe       0xc5 .\ARM_GCC_493\Debug\USB_UART01.a(USBUART_1_vnd.o)
 .debug_abbrev  0x00000f83      0x12d .\ARM_GCC_493\Debug\USB_UART01.a(LCD.o)
 .debug_abbrev  0x000010b0       0x14 .\ARM_GCC_493\Debug\USB_UART01.a(CyBootAsmGnu.o)
 .debug_abbrev  0x000010c4      0x217 .\ARM_GCC_493\Debug\USB_UART01.a(CyLib.o)
 .debug_abbrev  0x000012db      0x16e .\ARM_GCC_493\Debug\USB_UART01.a(cyPm.o)
 .debug_abbrev  0x00001449       0x9d .\ARM_GCC_493\Debug\USB_UART01.a(TX_pin.o)
 .debug_abbrev  0x000014e6      0x128 .\ARM_GCC_493\Debug\USB_UART01.a(Timer.o)
 .debug_abbrev  0x0000160e      0x17f .\ARM_GCC_493\Debug\USB_UART01.a(TimerISR.o)
 .debug_abbrev  0x0000178d       0x9d .\ARM_GCC_493\Debug\USB_UART01.a(LED4.o)
 .debug_abbrev  0x0000182a       0xf6 .\ARM_GCC_493\Debug\USB_UART01.a(Idle_Collision_Timer.o)
 .debug_abbrev  0x00001920       0x9d .\ARM_GCC_493\Debug\USB_UART01.a(Receive.o)
 .debug_abbrev  0x000019bd      0x17f .\ARM_GCC_493\Debug\USB_UART01.a(Edge_detect_IRQ.o)
 .debug_abbrev  0x00001b3c      0x17f .\ARM_GCC_493\Debug\USB_UART01.a(Idle_Collision_IRQ.o)
 .debug_abbrev  0x00001cbb       0x9d .\ARM_GCC_493\Debug\USB_UART01.a(LED3.o)
 .debug_abbrev  0x00001d58       0x9d .\ARM_GCC_493\Debug\USB_UART01.a(LED2.o)
 .debug_abbrev  0x00001df5      0x17f .\ARM_GCC_493\Debug\USB_UART01.a(ReceiveTimerIRQ.o)
 .debug_abbrev  0x00001f74      0x128 .\ARM_GCC_493\Debug\USB_UART01.a(Receive_Timer.o)
 .debug_abbrev  0x0000209c       0xc5 .\ARM_GCC_493\Debug\USB_UART01.a(USBUART_1_cls.o)
 .debug_abbrev  0x00002161       0xa7 .\ARM_GCC_493\Debug\USB_UART01.a(USBUART_1_descr.o)
 .debug_abbrev  0x00002208      0x12d .\ARM_GCC_493\Debug\USB_UART01.a(CyFlash.o)
 .debug_abbrev  0x00002335      0x179 .\ARM_GCC_493\Debug\USB_UART01.a(CySpc.o)

.debug_line     0x00000000     0x3826
 *(.debug_line)
 .debug_line    0x00000000      0x499 .\ARM_GCC_493\Debug\main.o
 .debug_line    0x00000499       0x53 .\ARM_GCC_493\Debug\cymetadata.o
 .debug_line    0x000004ec      0x1d6 .\ARM_GCC_493\Debug\Cm3Start.o
 .debug_line    0x000006c2      0x1f3 .\ARM_GCC_493\Debug\USB_UART01.a(cyfitter_cfg.o)
 .debug_line    0x000008b5      0x2e2 .\ARM_GCC_493\Debug\USB_UART01.a(USBUART_1.o)
 .debug_line    0x00000b97      0x242 .\ARM_GCC_493\Debug\USB_UART01.a(USBUART_1_cdc.o)
 .debug_line    0x00000dd9      0x21a .\ARM_GCC_493\Debug\USB_UART01.a(USBUART_1_drv.o)
 .debug_line    0x00000ff3       0xec .\ARM_GCC_493\Debug\USB_UART01.a(USBUART_1_episr.o)
 .debug_line    0x000010df      0x199 .\ARM_GCC_493\Debug\USB_UART01.a(USBUART_1_hid.o)
 .debug_line    0x00001278      0x459 .\ARM_GCC_493\Debug\USB_UART01.a(USBUART_1_std.o)
 .debug_line    0x000016d1       0x97 .\ARM_GCC_493\Debug\USB_UART01.a(USBUART_1_vnd.o)
 .debug_line    0x00001768      0x1e3 .\ARM_GCC_493\Debug\USB_UART01.a(LCD.o)
 .debug_line    0x0000194b       0x7f .\ARM_GCC_493\Debug\USB_UART01.a(CyBootAsmGnu.o)
 .debug_line    0x000019ca      0x872 .\ARM_GCC_493\Debug\USB_UART01.a(CyLib.o)
 .debug_line    0x0000223c      0x381 .\ARM_GCC_493\Debug\USB_UART01.a(cyPm.o)
 .debug_line    0x000025bd       0x97 .\ARM_GCC_493\Debug\USB_UART01.a(TX_pin.o)
 .debug_line    0x00002654      0x170 .\ARM_GCC_493\Debug\USB_UART01.a(Timer.o)
 .debug_line    0x000027c4      0x16c .\ARM_GCC_493\Debug\USB_UART01.a(TimerISR.o)
 .debug_line    0x00002930       0x95 .\ARM_GCC_493\Debug\USB_UART01.a(LED4.o)
 .debug_line    0x000029c5      0x16f .\ARM_GCC_493\Debug\USB_UART01.a(Idle_Collision_Timer.o)
 .debug_line    0x00002b34       0xaa .\ARM_GCC_493\Debug\USB_UART01.a(Receive.o)
 .debug_line    0x00002bde      0x163 .\ARM_GCC_493\Debug\USB_UART01.a(Edge_detect_IRQ.o)
 .debug_line    0x00002d41      0x176 .\ARM_GCC_493\Debug\USB_UART01.a(Idle_Collision_IRQ.o)
 .debug_line    0x00002eb7       0x95 .\ARM_GCC_493\Debug\USB_UART01.a(LED3.o)
 .debug_line    0x00002f4c       0x95 .\ARM_GCC_493\Debug\USB_UART01.a(LED2.o)
 .debug_line    0x00002fe1      0x173 .\ARM_GCC_493\Debug\USB_UART01.a(ReceiveTimerIRQ.o)
 .debug_line    0x00003154      0x178 .\ARM_GCC_493\Debug\USB_UART01.a(Receive_Timer.o)
 .debug_line    0x000032cc       0xa2 .\ARM_GCC_493\Debug\USB_UART01.a(USBUART_1_cls.o)
 .debug_line    0x0000336e       0x67 .\ARM_GCC_493\Debug\USB_UART01.a(USBUART_1_descr.o)
 .debug_line    0x000033d5      0x21a .\ARM_GCC_493\Debug\USB_UART01.a(CyFlash.o)
 .debug_line    0x000035ef      0x237 .\ARM_GCC_493\Debug\USB_UART01.a(CySpc.o)

.debug_frame    0x00000000     0x39a4
 *(.debug_frame)
 .debug_frame   0x00000000      0x270 .\ARM_GCC_493\Debug\main.o
 .debug_frame   0x00000270       0xd8 .\ARM_GCC_493\Debug\Cm3Start.o
 .debug_frame   0x00000348      0x16c .\ARM_GCC_493\Debug\USB_UART01.a(cyfitter_cfg.o)
 .debug_frame   0x000004b4      0x308 .\ARM_GCC_493\Debug\USB_UART01.a(USBUART_1.o)
 .debug_frame   0x000007bc      0x2e4 .\ARM_GCC_493\Debug\USB_UART01.a(USBUART_1_cdc.o)
 .debug_frame   0x00000aa0      0x23c .\ARM_GCC_493\Debug\USB_UART01.a(USBUART_1_drv.o)
 .debug_frame   0x00000cdc       0xbc .\ARM_GCC_493\Debug\USB_UART01.a(USBUART_1_episr.o)
 .debug_frame   0x00000d98      0x100 .\ARM_GCC_493\Debug\USB_UART01.a(USBUART_1_hid.o)
 .debug_frame   0x00000e98      0x1f4 .\ARM_GCC_493\Debug\USB_UART01.a(USBUART_1_std.o)
 .debug_frame   0x0000108c       0x38 .\ARM_GCC_493\Debug\USB_UART01.a(USBUART_1_vnd.o)
 .debug_frame   0x000010c4      0x260 .\ARM_GCC_493\Debug\USB_UART01.a(LCD.o)
 .debug_frame   0x00001324      0xbe8 .\ARM_GCC_493\Debug\USB_UART01.a(CyLib.o)
 .debug_frame   0x00001f0c      0x234 .\ARM_GCC_493\Debug\USB_UART01.a(cyPm.o)
 .debug_frame   0x00002140       0xa8 .\ARM_GCC_493\Debug\USB_UART01.a(TX_pin.o)
 .debug_frame   0x000021e8      0x230 .\ARM_GCC_493\Debug\USB_UART01.a(Timer.o)
 .debug_frame   0x00002418      0x1e8 .\ARM_GCC_493\Debug\USB_UART01.a(TimerISR.o)
 .debug_frame   0x00002600       0xa8 .\ARM_GCC_493\Debug\USB_UART01.a(LED4.o)
 .debug_frame   0x000026a8      0x208 .\ARM_GCC_493\Debug\USB_UART01.a(Idle_Collision_Timer.o)
 .debug_frame   0x000028b0       0xcc .\ARM_GCC_493\Debug\USB_UART01.a(Receive.o)
 .debug_frame   0x0000297c      0x1e8 .\ARM_GCC_493\Debug\USB_UART01.a(Edge_detect_IRQ.o)
 .debug_frame   0x00002b64      0x1e8 .\ARM_GCC_493\Debug\USB_UART01.a(Idle_Collision_IRQ.o)
 .debug_frame   0x00002d4c       0xa8 .\ARM_GCC_493\Debug\USB_UART01.a(LED3.o)
 .debug_frame   0x00002df4       0xa8 .\ARM_GCC_493\Debug\USB_UART01.a(LED2.o)
 .debug_frame   0x00002e9c      0x1e8 .\ARM_GCC_493\Debug\USB_UART01.a(ReceiveTimerIRQ.o)
 .debug_frame   0x00003084      0x230 .\ARM_GCC_493\Debug\USB_UART01.a(Receive_Timer.o)
 .debug_frame   0x000032b4       0x38 .\ARM_GCC_493\Debug\USB_UART01.a(USBUART_1_cls.o)
 .debug_frame   0x000032ec      0x238 .\ARM_GCC_493\Debug\USB_UART01.a(CyFlash.o)
 .debug_frame   0x00003524      0x1f8 .\ARM_GCC_493\Debug\USB_UART01.a(CySpc.o)
 .debug_frame   0x0000371c       0x20 d:/program files/cypress/psoc creator/3.3/psoc creator/import/gnu/arm/4.9.3/bin/../lib/gcc/arm-none-eabi/4.9.3/../../../../arm-none-eabi/lib/armv7-m\libg_nano.a(lib_a-errno.o)
 .debug_frame   0x0000373c       0x28 d:/program files/cypress/psoc creator/3.3/psoc creator/import/gnu/arm/4.9.3/bin/../lib/gcc/arm-none-eabi/4.9.3/../../../../arm-none-eabi/lib/armv7-m\libg_nano.a(lib_a-exit.o)
 .debug_frame   0x00003764       0x2c d:/program files/cypress/psoc creator/3.3/psoc creator/import/gnu/arm/4.9.3/bin/../lib/gcc/arm-none-eabi/4.9.3/../../../../arm-none-eabi/lib/armv7-m\libg_nano.a(lib_a-init.o)
 .debug_frame   0x00003790       0x28 d:/program files/cypress/psoc creator/3.3/psoc creator/import/gnu/arm/4.9.3/bin/../lib/gcc/arm-none-eabi/4.9.3/../../../../arm-none-eabi/lib/armv7-m\libg_nano.a(lib_a-memcpy.o)
 .debug_frame   0x000037b8       0x20 d:/program files/cypress/psoc creator/3.3/psoc creator/import/gnu/arm/4.9.3/bin/../lib/gcc/arm-none-eabi/4.9.3/../../../../arm-none-eabi/lib/armv7-m\libg_nano.a(lib_a-memset.o)
 .debug_frame   0x000037d8       0x44 d:/program files/cypress/psoc creator/3.3/psoc creator/import/gnu/arm/4.9.3/bin/../lib/gcc/arm-none-eabi/4.9.3/../../../../arm-none-eabi/lib/armv7-m\libg_nano.a(lib_a-rand.o)
 .debug_frame   0x0000381c       0x2c d:/program files/cypress/psoc creator/3.3/psoc creator/import/gnu/arm/4.9.3/bin/../lib/gcc/arm-none-eabi/4.9.3/../../../../arm-none-eabi/lib/armv7-m\libg_nano.a(lib_a-time.o)
 .debug_frame   0x00003848       0x2c d:/program files/cypress/psoc creator/3.3/psoc creator/import/gnu/arm/4.9.3/bin/../lib/gcc/arm-none-eabi/4.9.3/../../../../arm-none-eabi/lib/armv7-m\libg_nano.a(lib_a-gettimeofdayr.o)
 .debug_frame   0x00003874       0x30 d:/program files/cypress/psoc creator/3.3/psoc creator/import/gnu/arm/4.9.3/bin/../lib/gcc/arm-none-eabi/4.9.3/../../../../arm-none-eabi/lib/armv7-m\libg_nano.a(lib_a-malloc.o)
 .debug_frame   0x000038a4       0x2c d:/program files/cypress/psoc creator/3.3/psoc creator/import/gnu/arm/4.9.3/bin/../lib/gcc/arm-none-eabi/4.9.3/../../../../arm-none-eabi/lib/armv7-m\libg_nano.a(lib_a-nano-freer.o)
 .debug_frame   0x000038d0       0x2c d:/program files/cypress/psoc creator/3.3/psoc creator/import/gnu/arm/4.9.3/bin/../lib/gcc/arm-none-eabi/4.9.3/../../../../arm-none-eabi/lib/armv7-m\libg_nano.a(lib_a-nano-mallocr.o)
 .debug_frame   0x000038fc       0x5c d:/program files/cypress/psoc creator/3.3/psoc creator/import/gnu/arm/4.9.3/bin/../lib/gcc/arm-none-eabi/4.9.3/../../../../arm-none-eabi/lib/armv7-m\libg_nano.a(lib_a-reent.o)
 .debug_frame   0x00003958       0x2c d:/program files/cypress/psoc creator/3.3/psoc creator/import/gnu/arm/4.9.3/bin/../lib/gcc/arm-none-eabi/4.9.3/../../../../arm-none-eabi/lib/armv7-m\libg_nano.a(lib_a-sbrkr.o)
 .debug_frame   0x00003984       0x20 d:/program files/cypress/psoc creator/3.3/psoc creator/import/gnu/arm/4.9.3/bin/../lib/gcc/arm-none-eabi/4.9.3/../../../../arm-none-eabi/lib/armv7-m\libnosys.a(gettod.o)

.debug_str      0x00000000     0x32af
 *(.debug_str)
 .debug_str     0x00000000      0x437 .\ARM_GCC_493\Debug\main.o
                                0x480 (size before relaxing)
 .debug_str     0x00000437       0xb5 .\ARM_GCC_493\Debug\cymetadata.o
                                0x1e8 (size before relaxing)
 .debug_str     0x000004ec      0x139 .\ARM_GCC_493\Debug\Cm3Start.o
                                0x2c9 (size before relaxing)
 .debug_str     0x00000625      0x1d6 .\ARM_GCC_493\Debug\USB_UART01.a(cyfitter_cfg.o)
                                0x389 (size before relaxing)
 .debug_str     0x000007fb      0x397 .\ARM_GCC_493\Debug\USB_UART01.a(USBUART_1.o)
                                0x538 (size before relaxing)
 .debug_str     0x00000b92      0x2e9 .\ARM_GCC_493\Debug\USB_UART01.a(USBUART_1_cdc.o)
                                0x51c (size before relaxing)
 .debug_str     0x00000e7b      0x2c0 .\ARM_GCC_493\Debug\USB_UART01.a(USBUART_1_drv.o)
                                0x61b (size before relaxing)
 .debug_str     0x0000113b       0x8e .\ARM_GCC_493\Debug\USB_UART01.a(USBUART_1_episr.o)
                                0x282 (size before relaxing)
 .debug_str     0x000011c9      0x136 .\ARM_GCC_493\Debug\USB_UART01.a(USBUART_1_hid.o)
                                0x38d (size before relaxing)
 .debug_str     0x000012ff      0x2c8 .\ARM_GCC_493\Debug\USB_UART01.a(USBUART_1_std.o)
                                0x6a4 (size before relaxing)
 .debug_str     0x000015c7       0x67 .\ARM_GCC_493\Debug\USB_UART01.a(USBUART_1_vnd.o)
                                0x25b (size before relaxing)
 .debug_str     0x0000162e      0x16c .\ARM_GCC_493\Debug\USB_UART01.a(LCD.o)
                                0x30b (size before relaxing)
 .debug_str     0x0000179a      0x7cd .\ARM_GCC_493\Debug\USB_UART01.a(CyLib.o)
                                0x9c4 (size before relaxing)
 .debug_str     0x00001f67      0x367 .\ARM_GCC_493\Debug\USB_UART01.a(cyPm.o)
                                0x529 (size before relaxing)
 .debug_str     0x000022ce       0x6d .\ARM_GCC_493\Debug\USB_UART01.a(TX_pin.o)
                                0x1e5 (size before relaxing)
 .debug_str     0x0000233b       0x46 .\ARM_GCC_493\Debug\USB_UART01.a(Timer.o)
                                0x300 (size before relaxing)
 .debug_str     0x00002381      0x112 .\ARM_GCC_493\Debug\USB_UART01.a(TimerISR.o)
                                0x2c2 (size before relaxing)
 .debug_str     0x00002493       0x58 .\ARM_GCC_493\Debug\USB_UART01.a(LED4.o)
                                0x1db (size before relaxing)
 .debug_str     0x000024eb      0x22f .\ARM_GCC_493\Debug\USB_UART01.a(Idle_Collision_Timer.o)
                                0x3d7 (size before relaxing)
 .debug_str     0x0000271a       0x7e .\ARM_GCC_493\Debug\USB_UART01.a(Receive.o)
                                0x201 (size before relaxing)
 .debug_str     0x00002798      0x174 .\ARM_GCC_493\Debug\USB_UART01.a(Edge_detect_IRQ.o)
                                0x324 (size before relaxing)
 .debug_str     0x0000290c      0x19e .\ARM_GCC_493\Debug\USB_UART01.a(Idle_Collision_IRQ.o)
                                0x34e (size before relaxing)
 .debug_str     0x00002aaa       0x58 .\ARM_GCC_493\Debug\USB_UART01.a(LED3.o)
                                0x1db (size before relaxing)
 .debug_str     0x00002b02       0x58 .\ARM_GCC_493\Debug\USB_UART01.a(LED2.o)
                                0x1db (size before relaxing)
 .debug_str     0x00002b5a      0x174 .\ARM_GCC_493\Debug\USB_UART01.a(ReceiveTimerIRQ.o)
                                0x31d (size before relaxing)
 .debug_str     0x00002cce      0x1e8 .\ARM_GCC_493\Debug\USB_UART01.a(Receive_Timer.o)
                                0x389 (size before relaxing)
 .debug_str     0x00002eb6       0x45 .\ARM_GCC_493\Debug\USB_UART01.a(USBUART_1_cls.o)
                                0x271 (size before relaxing)
 .debug_str     0x00002efb      0x134 .\ARM_GCC_493\Debug\USB_UART01.a(USBUART_1_descr.o)
                                0x3c2 (size before relaxing)
 .debug_str     0x0000302f      0x15f .\ARM_GCC_493\Debug\USB_UART01.a(CyFlash.o)
                                0x300 (size before relaxing)
 .debug_str     0x0000318e      0x121 .\ARM_GCC_493\Debug\USB_UART01.a(CySpc.o)
                                0x2e5 (size before relaxing)

.debug_loc
 *(.debug_loc)

.debug_macinfo
 *(.debug_macinfo)

.debug_ranges   0x00000000      0xc50
 *(.debug_ranges)
 .debug_ranges  0x00000000       0x90 .\ARM_GCC_493\Debug\main.o
 .debug_ranges  0x00000090       0x38 .\ARM_GCC_493\Debug\Cm3Start.o
 .debug_ranges  0x000000c8       0x50 .\ARM_GCC_493\Debug\USB_UART01.a(cyfitter_cfg.o)
 .debug_ranges  0x00000118       0xa0 .\ARM_GCC_493\Debug\USB_UART01.a(USBUART_1.o)
 .debug_ranges  0x000001b8       0xa0 .\ARM_GCC_493\Debug\USB_UART01.a(USBUART_1_cdc.o)
 .debug_ranges  0x00000258       0x88 .\ARM_GCC_493\Debug\USB_UART01.a(USBUART_1_drv.o)
 .debug_ranges  0x000002e0       0x30 .\ARM_GCC_493\Debug\USB_UART01.a(USBUART_1_episr.o)
 .debug_ranges  0x00000310       0x38 .\ARM_GCC_493\Debug\USB_UART01.a(USBUART_1_hid.o)
 .debug_ranges  0x00000348       0x68 .\ARM_GCC_493\Debug\USB_UART01.a(USBUART_1_std.o)
 .debug_ranges  0x000003b0       0x10 .\ARM_GCC_493\Debug\USB_UART01.a(USBUART_1_vnd.o)
 .debug_ranges  0x000003c0       0x88 .\ARM_GCC_493\Debug\USB_UART01.a(LCD.o)
 .debug_ranges  0x00000448      0x288 .\ARM_GCC_493\Debug\USB_UART01.a(CyLib.o)
 .debug_ranges  0x000006d0       0x88 .\ARM_GCC_493\Debug\USB_UART01.a(cyPm.o)
 .debug_ranges  0x00000758       0x28 .\ARM_GCC_493\Debug\USB_UART01.a(TX_pin.o)
 .debug_ranges  0x00000780       0x80 .\ARM_GCC_493\Debug\USB_UART01.a(Timer.o)
 .debug_ranges  0x00000800       0x70 .\ARM_GCC_493\Debug\USB_UART01.a(TimerISR.o)
 .debug_ranges  0x00000870       0x28 .\ARM_GCC_493\Debug\USB_UART01.a(LED4.o)
 .debug_ranges  0x00000898       0x78 .\ARM_GCC_493\Debug\USB_UART01.a(Idle_Collision_Timer.o)
 .debug_ranges  0x00000910       0x30 .\ARM_GCC_493\Debug\USB_UART01.a(Receive.o)
 .debug_ranges  0x00000940       0x70 .\ARM_GCC_493\Debug\USB_UART01.a(Edge_detect_IRQ.o)
 .debug_ranges  0x000009b0       0x70 .\ARM_GCC_493\Debug\USB_UART01.a(Idle_Collision_IRQ.o)
 .debug_ranges  0x00000a20       0x28 .\ARM_GCC_493\Debug\USB_UART01.a(LED3.o)
 .debug_ranges  0x00000a48       0x28 .\ARM_GCC_493\Debug\USB_UART01.a(LED2.o)
 .debug_ranges  0x00000a70       0x70 .\ARM_GCC_493\Debug\USB_UART01.a(ReceiveTimerIRQ.o)
 .debug_ranges  0x00000ae0       0x80 .\ARM_GCC_493\Debug\USB_UART01.a(Receive_Timer.o)
 .debug_ranges  0x00000b60       0x10 .\ARM_GCC_493\Debug\USB_UART01.a(USBUART_1_cls.o)
 .debug_ranges  0x00000b70       0x78 .\ARM_GCC_493\Debug\USB_UART01.a(CyFlash.o)
 .debug_ranges  0x00000be8       0x68 .\ARM_GCC_493\Debug\USB_UART01.a(CySpc.o)

.comment        0x00000000       0x70
 .comment       0x00000000       0x70 .\ARM_GCC_493\Debug\main.o
                                 0x71 (size before relaxing)
 .comment       0x00000000       0x71 .\ARM_GCC_493\Debug\cymetadata.o
 .comment       0x00000000       0x71 .\ARM_GCC_493\Debug\Cm3Start.o
 .comment       0x00000000       0x71 .\ARM_GCC_493\Debug\USB_UART01.a(cyfitter_cfg.o)
 .comment       0x00000000       0x71 .\ARM_GCC_493\Debug\USB_UART01.a(USBUART_1.o)
 .comment       0x00000000       0x71 .\ARM_GCC_493\Debug\USB_UART01.a(USBUART_1_cdc.o)
 .comment       0x00000000       0x71 .\ARM_GCC_493\Debug\USB_UART01.a(USBUART_1_drv.o)
 .comment       0x00000000       0x71 .\ARM_GCC_493\Debug\USB_UART01.a(USBUART_1_episr.o)
 .comment       0x00000000       0x71 .\ARM_GCC_493\Debug\USB_UART01.a(USBUART_1_hid.o)
 .comment       0x00000000       0x71 .\ARM_GCC_493\Debug\USB_UART01.a(USBUART_1_std.o)
 .comment       0x00000000       0x71 .\ARM_GCC_493\Debug\USB_UART01.a(USBUART_1_vnd.o)
 .comment       0x00000000       0x71 .\ARM_GCC_493\Debug\USB_UART01.a(LCD.o)
 .comment       0x00000000       0x71 .\ARM_GCC_493\Debug\USB_UART01.a(CyLib.o)
 .comment       0x00000000       0x71 .\ARM_GCC_493\Debug\USB_UART01.a(cyPm.o)
 .comment       0x00000000       0x71 .\ARM_GCC_493\Debug\USB_UART01.a(TX_pin.o)
 .comment       0x00000000       0x71 .\ARM_GCC_493\Debug\USB_UART01.a(Timer.o)
 .comment       0x00000000       0x71 .\ARM_GCC_493\Debug\USB_UART01.a(TimerISR.o)
 .comment       0x00000000       0x71 .\ARM_GCC_493\Debug\USB_UART01.a(LED4.o)
 .comment       0x00000000       0x71 .\ARM_GCC_493\Debug\USB_UART01.a(Idle_Collision_Timer.o)
 .comment       0x00000000       0x71 .\ARM_GCC_493\Debug\USB_UART01.a(Receive.o)
 .comment       0x00000000       0x71 .\ARM_GCC_493\Debug\USB_UART01.a(Edge_detect_IRQ.o)
 .comment       0x00000000       0x71 .\ARM_GCC_493\Debug\USB_UART01.a(Idle_Collision_IRQ.o)
 .comment       0x00000000       0x71 .\ARM_GCC_493\Debug\USB_UART01.a(LED3.o)
 .comment       0x00000000       0x71 .\ARM_GCC_493\Debug\USB_UART01.a(LED2.o)
 .comment       0x00000000       0x71 .\ARM_GCC_493\Debug\USB_UART01.a(ReceiveTimerIRQ.o)
 .comment       0x00000000       0x71 .\ARM_GCC_493\Debug\USB_UART01.a(Receive_Timer.o)
 .comment       0x00000000       0x71 .\ARM_GCC_493\Debug\USB_UART01.a(USBUART_1_cls.o)
 .comment       0x00000000       0x71 .\ARM_GCC_493\Debug\USB_UART01.a(USBUART_1_descr.o)
 .comment       0x00000000       0x71 .\ARM_GCC_493\Debug\USB_UART01.a(CyFlash.o)
 .comment       0x00000000       0x71 .\ARM_GCC_493\Debug\USB_UART01.a(CySpc.o)

.debug_weaknames
 *(.debug_weaknames)

.debug_funcnames
 *(.debug_funcnames)

.debug_typenames
 *(.debug_typenames)

.debug_varnames
 *(.debug_varnames)

.note.gnu.arm.ident
 *(.note.gnu.arm.ident)

.ARM.attributes
                0x00000000       0x29
 *(.ARM.attributes)
 .ARM.attributes
                0x00000000       0x1d d:/program files/cypress/psoc creator/3.3/psoc creator/import/gnu/arm/4.9.3/bin/../lib/gcc/arm-none-eabi/4.9.3/armv7-m/crti.o
 .ARM.attributes
                0x0000001d       0x2d d:/program files/cypress/psoc creator/3.3/psoc creator/import/gnu/arm/4.9.3/bin/../lib/gcc/arm-none-eabi/4.9.3/armv7-m/crtbegin.o
 .ARM.attributes
                0x0000004a       0x1b d:/program files/cypress/psoc creator/3.3/psoc creator/import/gnu/arm/4.9.3/bin/../lib/gcc/arm-none-eabi/4.9.3/../../../../arm-none-eabi/lib/armv7-m/crt0.o
 .ARM.attributes
                0x00000065       0x33 .\ARM_GCC_493\Debug\main.o
 .ARM.attributes
                0x00000098       0x33 .\ARM_GCC_493\Debug\cymetadata.o
 .ARM.attributes
                0x000000cb       0x33 .\ARM_GCC_493\Debug\Cm3Start.o
 .ARM.attributes
                0x000000fe       0x33 .\ARM_GCC_493\Debug\USB_UART01.a(cyfitter_cfg.o)
 .ARM.attributes
                0x00000131       0x33 .\ARM_GCC_493\Debug\USB_UART01.a(USBUART_1.o)
 .ARM.attributes
                0x00000164       0x33 .\ARM_GCC_493\Debug\USB_UART01.a(USBUART_1_cdc.o)
 .ARM.attributes
                0x00000197       0x33 .\ARM_GCC_493\Debug\USB_UART01.a(USBUART_1_drv.o)
 .ARM.attributes
                0x000001ca       0x33 .\ARM_GCC_493\Debug\USB_UART01.a(USBUART_1_episr.o)
 .ARM.attributes
                0x000001fd       0x33 .\ARM_GCC_493\Debug\USB_UART01.a(USBUART_1_hid.o)
 .ARM.attributes
                0x00000230       0x33 .\ARM_GCC_493\Debug\USB_UART01.a(USBUART_1_std.o)
 .ARM.attributes
                0x00000263       0x33 .\ARM_GCC_493\Debug\USB_UART01.a(USBUART_1_vnd.o)
 .ARM.attributes
                0x00000296       0x33 .\ARM_GCC_493\Debug\USB_UART01.a(LCD.o)
 .ARM.attributes
                0x000002c9       0x21 .\ARM_GCC_493\Debug\USB_UART01.a(CyBootAsmGnu.o)
 .ARM.attributes
                0x000002ea       0x33 .\ARM_GCC_493\Debug\USB_UART01.a(CyLib.o)
 .ARM.attributes
                0x0000031d       0x33 .\ARM_GCC_493\Debug\USB_UART01.a(cyPm.o)
 .ARM.attributes
                0x00000350       0x33 .\ARM_GCC_493\Debug\USB_UART01.a(TX_pin.o)
 .ARM.attributes
                0x00000383       0x33 .\ARM_GCC_493\Debug\USB_UART01.a(Timer.o)
 .ARM.attributes
                0x000003b6       0x33 .\ARM_GCC_493\Debug\USB_UART01.a(TimerISR.o)
 .ARM.attributes
                0x000003e9       0x33 .\ARM_GCC_493\Debug\USB_UART01.a(LED4.o)
 .ARM.attributes
                0x0000041c       0x33 .\ARM_GCC_493\Debug\USB_UART01.a(Idle_Collision_Timer.o)
 .ARM.attributes
                0x0000044f       0x33 .\ARM_GCC_493\Debug\USB_UART01.a(Receive.o)
 .ARM.attributes
                0x00000482       0x33 .\ARM_GCC_493\Debug\USB_UART01.a(Edge_detect_IRQ.o)
 .ARM.attributes
                0x000004b5       0x33 .\ARM_GCC_493\Debug\USB_UART01.a(Idle_Collision_IRQ.o)
 .ARM.attributes
                0x000004e8       0x33 .\ARM_GCC_493\Debug\USB_UART01.a(LED3.o)
 .ARM.attributes
                0x0000051b       0x33 .\ARM_GCC_493\Debug\USB_UART01.a(LED2.o)
 .ARM.attributes
                0x0000054e       0x33 .\ARM_GCC_493\Debug\USB_UART01.a(ReceiveTimerIRQ.o)
 .ARM.attributes
                0x00000581       0x33 .\ARM_GCC_493\Debug\USB_UART01.a(Receive_Timer.o)
 .ARM.attributes
                0x000005b4       0x33 .\ARM_GCC_493\Debug\USB_UART01.a(USBUART_1_cls.o)
 .ARM.attributes
                0x000005e7       0x33 .\ARM_GCC_493\Debug\USB_UART01.a(USBUART_1_descr.o)
 .ARM.attributes
                0x0000061a       0x33 .\ARM_GCC_493\Debug\USB_UART01.a(CyFlash.o)
 .ARM.attributes
                0x0000064d       0x33 .\ARM_GCC_493\Debug\USB_UART01.a(CySpc.o)
 .ARM.attributes
                0x00000680       0x1d d:/program files/cypress/psoc creator/3.3/psoc creator/import/gnu/arm/4.9.3/bin/../lib/gcc/arm-none-eabi/4.9.3/armv7-m\libgcc.a(_arm_addsubdf3.o)
 .ARM.attributes
                0x0000069d       0x1d d:/program files/cypress/psoc creator/3.3/psoc creator/import/gnu/arm/4.9.3/bin/../lib/gcc/arm-none-eabi/4.9.3/armv7-m\libgcc.a(_arm_muldivdf3.o)
 .ARM.attributes
                0x000006ba       0x1d d:/program files/cypress/psoc creator/3.3/psoc creator/import/gnu/arm/4.9.3/bin/../lib/gcc/arm-none-eabi/4.9.3/armv7-m\libgcc.a(_arm_fixdfsi.o)
 .ARM.attributes
                0x000006d7       0x2d d:/program files/cypress/psoc creator/3.3/psoc creator/import/gnu/arm/4.9.3/bin/../lib/gcc/arm-none-eabi/4.9.3/../../../../arm-none-eabi/lib/armv7-m\libg_nano.a(lib_a-errno.o)
 .ARM.attributes
                0x00000704       0x2d d:/program files/cypress/psoc creator/3.3/psoc creator/import/gnu/arm/4.9.3/bin/../lib/gcc/arm-none-eabi/4.9.3/../../../../arm-none-eabi/lib/armv7-m\libg_nano.a(lib_a-exit.o)
 .ARM.attributes
                0x00000731       0x2d d:/program files/cypress/psoc creator/3.3/psoc creator/import/gnu/arm/4.9.3/bin/../lib/gcc/arm-none-eabi/4.9.3/../../../../arm-none-eabi/lib/armv7-m\libg_nano.a(lib_a-impure.o)
 .ARM.attributes
                0x0000075e       0x2d d:/program files/cypress/psoc creator/3.3/psoc creator/import/gnu/arm/4.9.3/bin/../lib/gcc/arm-none-eabi/4.9.3/../../../../arm-none-eabi/lib/armv7-m\libg_nano.a(lib_a-init.o)
 .ARM.attributes
                0x0000078b       0x2d d:/program files/cypress/psoc creator/3.3/psoc creator/import/gnu/arm/4.9.3/bin/../lib/gcc/arm-none-eabi/4.9.3/../../../../arm-none-eabi/lib/armv7-m\libg_nano.a(lib_a-memcpy.o)
 .ARM.attributes
                0x000007b8       0x2d d:/program files/cypress/psoc creator/3.3/psoc creator/import/gnu/arm/4.9.3/bin/../lib/gcc/arm-none-eabi/4.9.3/../../../../arm-none-eabi/lib/armv7-m\libg_nano.a(lib_a-memset.o)
 .ARM.attributes
                0x000007e5       0x2d d:/program files/cypress/psoc creator/3.3/psoc creator/import/gnu/arm/4.9.3/bin/../lib/gcc/arm-none-eabi/4.9.3/../../../../arm-none-eabi/lib/armv7-m\libg_nano.a(lib_a-rand.o)
 .ARM.attributes
                0x00000812       0x2d d:/program files/cypress/psoc creator/3.3/psoc creator/import/gnu/arm/4.9.3/bin/../lib/gcc/arm-none-eabi/4.9.3/../../../../arm-none-eabi/lib/armv7-m\libg_nano.a(lib_a-time.o)
 .ARM.attributes
                0x0000083f       0x2d d:/program files/cypress/psoc creator/3.3/psoc creator/import/gnu/arm/4.9.3/bin/../lib/gcc/arm-none-eabi/4.9.3/../../../../arm-none-eabi/lib/armv7-m\libg_nano.a(lib_a-gettimeofdayr.o)
 .ARM.attributes
                0x0000086c       0x2d d:/program files/cypress/psoc creator/3.3/psoc creator/import/gnu/arm/4.9.3/bin/../lib/gcc/arm-none-eabi/4.9.3/../../../../arm-none-eabi/lib/armv7-m\libg_nano.a(lib_a-malloc.o)
 .ARM.attributes
                0x00000899       0x2d d:/program files/cypress/psoc creator/3.3/psoc creator/import/gnu/arm/4.9.3/bin/../lib/gcc/arm-none-eabi/4.9.3/../../../../arm-none-eabi/lib/armv7-m\libg_nano.a(lib_a-nano-freer.o)
 .ARM.attributes
                0x000008c6       0x2d d:/program files/cypress/psoc creator/3.3/psoc creator/import/gnu/arm/4.9.3/bin/../lib/gcc/arm-none-eabi/4.9.3/../../../../arm-none-eabi/lib/armv7-m\libg_nano.a(lib_a-nano-mallocr.o)
 .ARM.attributes
                0x000008f3       0x2d d:/program files/cypress/psoc creator/3.3/psoc creator/import/gnu/arm/4.9.3/bin/../lib/gcc/arm-none-eabi/4.9.3/../../../../arm-none-eabi/lib/armv7-m\libg_nano.a(lib_a-reent.o)
 .ARM.attributes
                0x00000920       0x2d d:/program files/cypress/psoc creator/3.3/psoc creator/import/gnu/arm/4.9.3/bin/../lib/gcc/arm-none-eabi/4.9.3/../../../../arm-none-eabi/lib/armv7-m\libg_nano.a(lib_a-sbrkr.o)
 .ARM.attributes
                0x0000094d       0x2d d:/program files/cypress/psoc creator/3.3/psoc creator/import/gnu/arm/4.9.3/bin/../lib/gcc/arm-none-eabi/4.9.3/armv7-m/crtend.o
 .ARM.attributes
                0x0000097a       0x1d d:/program files/cypress/psoc creator/3.3/psoc creator/import/gnu/arm/4.9.3/bin/../lib/gcc/arm-none-eabi/4.9.3/armv7-m/crtn.o
 .ARM.attributes
                0x00000997       0x2d d:/program files/cypress/psoc creator/3.3/psoc creator/import/gnu/arm/4.9.3/bin/../lib/gcc/arm-none-eabi/4.9.3/../../../../arm-none-eabi/lib/armv7-m\libnosys.a(gettod.o)

/DISCARD/
 *(.note.GNU-stack)
OUTPUT(.\ARM_GCC_493\Debug\USB_UART01.elf elf32-littlearm)
