ARM GAS  C:\Users\mrowiecn\AppData\Local\Temp\ccPfQm34.s 			page 1


   1              		.syntax unified
   2              		.cpu cortex-m3
   3              		.fpu softvfp
   4              		.eabi_attribute 20, 1
   5              		.eabi_attribute 21, 1
   6              		.eabi_attribute 23, 3
   7              		.eabi_attribute 24, 1
   8              		.eabi_attribute 25, 1
   9              		.eabi_attribute 26, 1
  10              		.eabi_attribute 30, 6
  11              		.eabi_attribute 34, 1
  12              		.eabi_attribute 18, 4
  13              		.thumb
  14              		.file	"USBUART_1_cls.c"
  15              		.text
  16              	.Ltext0:
  17              		.cfi_sections	.debug_frame
  18              		.section	.text.USBUART_1_DispatchClassRqst,"ax",%progbits
  19              		.align	2
  20              		.global	USBUART_1_DispatchClassRqst
  21              		.thumb
  22              		.thumb_func
  23              		.type	USBUART_1_DispatchClassRqst, %function
  24              	USBUART_1_DispatchClassRqst:
  25              	.LFB0:
  26              		.file 1 ".\\Generated_Source\\PSoC5\\USBUART_1_cls.c"
   1:.\Generated_Source\PSoC5/USBUART_1_cls.c **** /*******************************************************************************
   2:.\Generated_Source\PSoC5/USBUART_1_cls.c **** * File Name: USBUART_1_cls.c
   3:.\Generated_Source\PSoC5/USBUART_1_cls.c **** * Version 2.80
   4:.\Generated_Source\PSoC5/USBUART_1_cls.c **** *
   5:.\Generated_Source\PSoC5/USBUART_1_cls.c **** * Description:
   6:.\Generated_Source\PSoC5/USBUART_1_cls.c **** *  USB Class request handler.
   7:.\Generated_Source\PSoC5/USBUART_1_cls.c **** *
   8:.\Generated_Source\PSoC5/USBUART_1_cls.c **** * Note:
   9:.\Generated_Source\PSoC5/USBUART_1_cls.c **** *
  10:.\Generated_Source\PSoC5/USBUART_1_cls.c **** ********************************************************************************
  11:.\Generated_Source\PSoC5/USBUART_1_cls.c **** * Copyright 2008-2014, Cypress Semiconductor Corporation.  All rights reserved.
  12:.\Generated_Source\PSoC5/USBUART_1_cls.c **** * You may use this file only in accordance with the license, terms, conditions,
  13:.\Generated_Source\PSoC5/USBUART_1_cls.c **** * disclaimers, and limitations in the end user license agreement accompanying
  14:.\Generated_Source\PSoC5/USBUART_1_cls.c **** * the software package with which this file was provided.
  15:.\Generated_Source\PSoC5/USBUART_1_cls.c **** *******************************************************************************/
  16:.\Generated_Source\PSoC5/USBUART_1_cls.c **** 
  17:.\Generated_Source\PSoC5/USBUART_1_cls.c **** #include "USBUART_1.h"
  18:.\Generated_Source\PSoC5/USBUART_1_cls.c **** 
  19:.\Generated_Source\PSoC5/USBUART_1_cls.c **** #if(USBUART_1_EXTERN_CLS == USBUART_1_FALSE)
  20:.\Generated_Source\PSoC5/USBUART_1_cls.c **** 
  21:.\Generated_Source\PSoC5/USBUART_1_cls.c **** #include "USBUART_1_pvt.h"
  22:.\Generated_Source\PSoC5/USBUART_1_cls.c **** #include "cyapicallbacks.h"
  23:.\Generated_Source\PSoC5/USBUART_1_cls.c **** 
  24:.\Generated_Source\PSoC5/USBUART_1_cls.c **** 
  25:.\Generated_Source\PSoC5/USBUART_1_cls.c **** /***************************************
  26:.\Generated_Source\PSoC5/USBUART_1_cls.c **** * User Implemented Class Driver Declarations.
  27:.\Generated_Source\PSoC5/USBUART_1_cls.c **** ***************************************/
  28:.\Generated_Source\PSoC5/USBUART_1_cls.c **** /* `#START USER_DEFINED_CLASS_DECLARATIONS` Place your declaration here */
  29:.\Generated_Source\PSoC5/USBUART_1_cls.c **** 
  30:.\Generated_Source\PSoC5/USBUART_1_cls.c **** /* `#END` */
  31:.\Generated_Source\PSoC5/USBUART_1_cls.c **** 
ARM GAS  C:\Users\mrowiecn\AppData\Local\Temp\ccPfQm34.s 			page 2


  32:.\Generated_Source\PSoC5/USBUART_1_cls.c **** 
  33:.\Generated_Source\PSoC5/USBUART_1_cls.c **** /*******************************************************************************
  34:.\Generated_Source\PSoC5/USBUART_1_cls.c **** * Function Name: USBUART_1_DispatchClassRqst
  35:.\Generated_Source\PSoC5/USBUART_1_cls.c **** ********************************************************************************
  36:.\Generated_Source\PSoC5/USBUART_1_cls.c **** * Summary:
  37:.\Generated_Source\PSoC5/USBUART_1_cls.c **** *  This routine dispatches class specific requests depend on interface class.
  38:.\Generated_Source\PSoC5/USBUART_1_cls.c **** *
  39:.\Generated_Source\PSoC5/USBUART_1_cls.c **** * Parameters:
  40:.\Generated_Source\PSoC5/USBUART_1_cls.c **** *  None.
  41:.\Generated_Source\PSoC5/USBUART_1_cls.c **** *
  42:.\Generated_Source\PSoC5/USBUART_1_cls.c **** * Return:
  43:.\Generated_Source\PSoC5/USBUART_1_cls.c **** *  requestHandled.
  44:.\Generated_Source\PSoC5/USBUART_1_cls.c **** *
  45:.\Generated_Source\PSoC5/USBUART_1_cls.c **** * Reentrant:
  46:.\Generated_Source\PSoC5/USBUART_1_cls.c **** *  No.
  47:.\Generated_Source\PSoC5/USBUART_1_cls.c **** *
  48:.\Generated_Source\PSoC5/USBUART_1_cls.c **** *******************************************************************************/
  49:.\Generated_Source\PSoC5/USBUART_1_cls.c **** uint8 USBUART_1_DispatchClassRqst(void) 
  50:.\Generated_Source\PSoC5/USBUART_1_cls.c **** {
  27              		.loc 1 50 0
  28              		.cfi_startproc
  29              		@ args = 0, pretend = 0, frame = 8
  30              		@ frame_needed = 1, uses_anonymous_args = 0
  31 0000 80B5     		push	{r7, lr}
  32              		.cfi_def_cfa_offset 8
  33              		.cfi_offset 7, -8
  34              		.cfi_offset 14, -4
  35 0002 82B0     		sub	sp, sp, #8
  36              		.cfi_def_cfa_offset 16
  37 0004 00AF     		add	r7, sp, #0
  38              		.cfi_def_cfa_register 7
  51:.\Generated_Source\PSoC5/USBUART_1_cls.c ****     uint8 requestHandled = USBUART_1_FALSE;
  39              		.loc 1 51 0
  40 0006 0023     		movs	r3, #0
  41 0008 FB71     		strb	r3, [r7, #7]
  52:.\Generated_Source\PSoC5/USBUART_1_cls.c ****     uint8 interfaceNumber = 0u;
  42              		.loc 1 52 0
  43 000a 0023     		movs	r3, #0
  44 000c BB71     		strb	r3, [r7, #6]
  53:.\Generated_Source\PSoC5/USBUART_1_cls.c **** 
  54:.\Generated_Source\PSoC5/USBUART_1_cls.c ****     switch(CY_GET_REG8(USBUART_1_bmRequestType) & USBUART_1_RQST_RCPT_MASK)
  45              		.loc 1 54 0
  46 000e 1C4B     		ldr	r3, .L13
  47 0010 1B78     		ldrb	r3, [r3]
  48 0012 DBB2     		uxtb	r3, r3
  49 0014 03F00303 		and	r3, r3, #3
  50 0018 012B     		cmp	r3, #1
  51 001a 02D0     		beq	.L3
  52 001c 022B     		cmp	r3, #2
  53 001e 04D0     		beq	.L4
  55:.\Generated_Source\PSoC5/USBUART_1_cls.c ****     {
  56:.\Generated_Source\PSoC5/USBUART_1_cls.c ****         case USBUART_1_RQST_RCPT_IFC:        /* Class-specific request directed to an interface */
  57:.\Generated_Source\PSoC5/USBUART_1_cls.c ****             interfaceNumber = CY_GET_REG8(USBUART_1_wIndexLo); /* wIndexLo contain Interface number
  58:.\Generated_Source\PSoC5/USBUART_1_cls.c ****             break;
  59:.\Generated_Source\PSoC5/USBUART_1_cls.c ****         case USBUART_1_RQST_RCPT_EP:         /* Class-specific request directed to the endpoint */
  60:.\Generated_Source\PSoC5/USBUART_1_cls.c ****             /* Find related interface to the endpoint, wIndexLo contain EP number */
  61:.\Generated_Source\PSoC5/USBUART_1_cls.c ****             interfaceNumber = USBUART_1_EP[CY_GET_REG8(USBUART_1_wIndexLo) &
ARM GAS  C:\Users\mrowiecn\AppData\Local\Temp\ccPfQm34.s 			page 3


  62:.\Generated_Source\PSoC5/USBUART_1_cls.c ****                               USBUART_1_DIR_UNUSED].interface;
  63:.\Generated_Source\PSoC5/USBUART_1_cls.c ****             break;
  64:.\Generated_Source\PSoC5/USBUART_1_cls.c ****         default:    /* RequestHandled is initialized as FALSE by default */
  65:.\Generated_Source\PSoC5/USBUART_1_cls.c ****             break;
  54              		.loc 1 65 0
  55 0020 12E0     		b	.L5
  56              	.L3:
  57:.\Generated_Source\PSoC5/USBUART_1_cls.c ****             break;
  57              		.loc 1 57 0
  58 0022 184B     		ldr	r3, .L13+4
  59 0024 1B78     		ldrb	r3, [r3]
  60 0026 BB71     		strb	r3, [r7, #6]
  58:.\Generated_Source\PSoC5/USBUART_1_cls.c ****         case USBUART_1_RQST_RCPT_EP:         /* Class-specific request directed to the endpoint */
  61              		.loc 1 58 0
  62 0028 0EE0     		b	.L5
  63              	.L4:
  61:.\Generated_Source\PSoC5/USBUART_1_cls.c ****                               USBUART_1_DIR_UNUSED].interface;
  64              		.loc 1 61 0
  65 002a 164B     		ldr	r3, .L13+4
  66 002c 1B78     		ldrb	r3, [r3]
  67 002e DBB2     		uxtb	r3, r3
  68 0030 03F07F02 		and	r2, r3, #127
  69 0034 1449     		ldr	r1, .L13+8
  70 0036 1346     		mov	r3, r2
  71 0038 5B00     		lsls	r3, r3, #1
  72 003a 1344     		add	r3, r3, r2
  73 003c 9B00     		lsls	r3, r3, #2
  74 003e 0B44     		add	r3, r3, r1
  75 0040 0833     		adds	r3, r3, #8
  76 0042 9B78     		ldrb	r3, [r3, #2]
  77 0044 BB71     		strb	r3, [r7, #6]
  63:.\Generated_Source\PSoC5/USBUART_1_cls.c ****         default:    /* RequestHandled is initialized as FALSE by default */
  78              		.loc 1 63 0
  79 0046 00BF     		nop
  80              	.L5:
  66:.\Generated_Source\PSoC5/USBUART_1_cls.c ****     }
  67:.\Generated_Source\PSoC5/USBUART_1_cls.c ****     /* Handle Class request depend on interface type */
  68:.\Generated_Source\PSoC5/USBUART_1_cls.c ****     switch(USBUART_1_interfaceClass[interfaceNumber])
  81              		.loc 1 68 0
  82 0048 104B     		ldr	r3, .L13+12
  83 004a 1A68     		ldr	r2, [r3]
  84 004c BB79     		ldrb	r3, [r7, #6]	@ zero_extendqisi2
  85 004e 1344     		add	r3, r3, r2
  86 0050 1B78     		ldrb	r3, [r3]	@ zero_extendqisi2
  87 0052 022B     		cmp	r3, #2
  88 0054 09D0     		beq	.L7
  89 0056 032B     		cmp	r3, #3
  90 0058 02D0     		beq	.L8
  91 005a 012B     		cmp	r3, #1
  92 005c 0AD0     		beq	.L12
  69:.\Generated_Source\PSoC5/USBUART_1_cls.c ****     {
  70:.\Generated_Source\PSoC5/USBUART_1_cls.c ****         case USBUART_1_CLASS_HID:
  71:.\Generated_Source\PSoC5/USBUART_1_cls.c ****             #if defined(USBUART_1_ENABLE_HID_CLASS)
  72:.\Generated_Source\PSoC5/USBUART_1_cls.c ****                 requestHandled = USBUART_1_DispatchHIDClassRqst();
  73:.\Generated_Source\PSoC5/USBUART_1_cls.c ****             #endif /* USBUART_1_ENABLE_HID_CLASS */
  74:.\Generated_Source\PSoC5/USBUART_1_cls.c ****             break;
  75:.\Generated_Source\PSoC5/USBUART_1_cls.c ****         case USBUART_1_CLASS_AUDIO:
ARM GAS  C:\Users\mrowiecn\AppData\Local\Temp\ccPfQm34.s 			page 4


  76:.\Generated_Source\PSoC5/USBUART_1_cls.c ****             #if defined(USBUART_1_ENABLE_AUDIO_CLASS)
  77:.\Generated_Source\PSoC5/USBUART_1_cls.c ****                 requestHandled = USBUART_1_DispatchAUDIOClassRqst();
  78:.\Generated_Source\PSoC5/USBUART_1_cls.c ****             #endif /* USBUART_1_CLASS_AUDIO */
  79:.\Generated_Source\PSoC5/USBUART_1_cls.c ****             break;
  80:.\Generated_Source\PSoC5/USBUART_1_cls.c ****         case USBUART_1_CLASS_CDC:
  81:.\Generated_Source\PSoC5/USBUART_1_cls.c ****             #if defined(USBUART_1_ENABLE_CDC_CLASS)
  82:.\Generated_Source\PSoC5/USBUART_1_cls.c ****                 requestHandled = USBUART_1_DispatchCDCClassRqst();
  83:.\Generated_Source\PSoC5/USBUART_1_cls.c ****             #endif /* USBUART_1_ENABLE_CDC_CLASS */
  84:.\Generated_Source\PSoC5/USBUART_1_cls.c ****             break;
  85:.\Generated_Source\PSoC5/USBUART_1_cls.c ****         default:    /* requestHandled is initialized as FALSE by default */
  86:.\Generated_Source\PSoC5/USBUART_1_cls.c ****             break;
  93              		.loc 1 86 0
  94 005e 0AE0     		b	.L10
  95              	.L8:
  72:.\Generated_Source\PSoC5/USBUART_1_cls.c ****             #endif /* USBUART_1_ENABLE_HID_CLASS */
  96              		.loc 1 72 0
  97 0060 FFF7FEFF 		bl	USBUART_1_DispatchHIDClassRqst
  98 0064 0346     		mov	r3, r0
  99 0066 FB71     		strb	r3, [r7, #7]
  74:.\Generated_Source\PSoC5/USBUART_1_cls.c ****         case USBUART_1_CLASS_AUDIO:
 100              		.loc 1 74 0
 101 0068 05E0     		b	.L10
 102              	.L7:
  82:.\Generated_Source\PSoC5/USBUART_1_cls.c ****             #endif /* USBUART_1_ENABLE_CDC_CLASS */
 103              		.loc 1 82 0
 104 006a FFF7FEFF 		bl	USBUART_1_DispatchCDCClassRqst
 105 006e 0346     		mov	r3, r0
 106 0070 FB71     		strb	r3, [r7, #7]
  84:.\Generated_Source\PSoC5/USBUART_1_cls.c ****         default:    /* requestHandled is initialized as FALSE by default */
 107              		.loc 1 84 0
 108 0072 00E0     		b	.L10
 109              	.L12:
  79:.\Generated_Source\PSoC5/USBUART_1_cls.c ****         case USBUART_1_CLASS_CDC:
 110              		.loc 1 79 0
 111 0074 00BF     		nop
 112              	.L10:
  87:.\Generated_Source\PSoC5/USBUART_1_cls.c ****     }
  88:.\Generated_Source\PSoC5/USBUART_1_cls.c **** 
  89:.\Generated_Source\PSoC5/USBUART_1_cls.c ****     /* `#START USER_DEFINED_CLASS_CODE` Place your Class request here */
  90:.\Generated_Source\PSoC5/USBUART_1_cls.c **** 
  91:.\Generated_Source\PSoC5/USBUART_1_cls.c ****     /* `#END` */
  92:.\Generated_Source\PSoC5/USBUART_1_cls.c **** 
  93:.\Generated_Source\PSoC5/USBUART_1_cls.c ****     #ifdef USBUART_1_DISPATCH_CLASS_RQST_CALLBACK
  94:.\Generated_Source\PSoC5/USBUART_1_cls.c ****         USBUART_1_DispatchClassRqst_Callback();
  95:.\Generated_Source\PSoC5/USBUART_1_cls.c ****     #endif /* USBUART_1_DISPATCH_CLASS_RQST_CALLBACK */
  96:.\Generated_Source\PSoC5/USBUART_1_cls.c **** 
  97:.\Generated_Source\PSoC5/USBUART_1_cls.c ****     return(requestHandled);
 113              		.loc 1 97 0
 114 0076 FB79     		ldrb	r3, [r7, #7]	@ zero_extendqisi2
  98:.\Generated_Source\PSoC5/USBUART_1_cls.c **** }
 115              		.loc 1 98 0
 116 0078 1846     		mov	r0, r3
 117 007a 0837     		adds	r7, r7, #8
 118              		.cfi_def_cfa_offset 8
 119 007c BD46     		mov	sp, r7
 120              		.cfi_def_cfa_register 13
 121              		@ sp needed
ARM GAS  C:\Users\mrowiecn\AppData\Local\Temp\ccPfQm34.s 			page 5


 122 007e 80BD     		pop	{r7, pc}
 123              	.L14:
 124              		.align	2
 125              	.L13:
 126 0080 00600040 		.word	1073766400
 127 0084 04600040 		.word	1073766404
 128 0088 00000000 		.word	USBUART_1_EP
 129 008c 00000000 		.word	USBUART_1_interfaceClass
 130              		.cfi_endproc
 131              	.LFE0:
 132              		.size	USBUART_1_DispatchClassRqst, .-USBUART_1_DispatchClassRqst
 133              		.text
 134              	.Letext0:
 135              		.file 2 ".\\Generated_Source\\PSoC5\\cytypes.h"
 136              		.file 3 ".\\Generated_Source\\PSoC5\\USBUART_1.h"
 137              		.file 4 ".\\Generated_Source\\PSoC5\\USBUART_1_pvt.h"
 138              		.section	.debug_info,"",%progbits
 139              	.Ldebug_info0:
 140 0000 97010000 		.4byte	0x197
 141 0004 0400     		.2byte	0x4
 142 0006 00000000 		.4byte	.Ldebug_abbrev0
 143 000a 04       		.byte	0x4
 144 000b 01       		.uleb128 0x1
 145 000c 23010000 		.4byte	.LASF30
 146 0010 01       		.byte	0x1
 147 0011 00000000 		.4byte	.LASF31
 148 0015 36000000 		.4byte	.LASF32
 149 0019 00000000 		.4byte	.Ldebug_ranges0+0
 150 001d 00000000 		.4byte	0
 151 0021 00000000 		.4byte	.Ldebug_line0
 152 0025 02       		.uleb128 0x2
 153 0026 01       		.byte	0x1
 154 0027 06       		.byte	0x6
 155 0028 74020000 		.4byte	.LASF0
 156 002c 02       		.uleb128 0x2
 157 002d 01       		.byte	0x1
 158 002e 08       		.byte	0x8
 159 002f D0000000 		.4byte	.LASF1
 160 0033 02       		.uleb128 0x2
 161 0034 02       		.byte	0x2
 162 0035 05       		.byte	0x5
 163 0036 51020000 		.4byte	.LASF2
 164 003a 02       		.uleb128 0x2
 165 003b 02       		.byte	0x2
 166 003c 07       		.byte	0x7
 167 003d 83000000 		.4byte	.LASF3
 168 0041 02       		.uleb128 0x2
 169 0042 04       		.byte	0x4
 170 0043 05       		.byte	0x5
 171 0044 6B020000 		.4byte	.LASF4
 172 0048 02       		.uleb128 0x2
 173 0049 04       		.byte	0x4
 174 004a 07       		.byte	0x7
 175 004b E3000000 		.4byte	.LASF5
 176 004f 02       		.uleb128 0x2
 177 0050 08       		.byte	0x8
 178 0051 05       		.byte	0x5
ARM GAS  C:\Users\mrowiecn\AppData\Local\Temp\ccPfQm34.s 			page 6


 179 0052 1A020000 		.4byte	.LASF6
 180 0056 02       		.uleb128 0x2
 181 0057 08       		.byte	0x8
 182 0058 07       		.byte	0x7
 183 0059 E9010000 		.4byte	.LASF7
 184 005d 03       		.uleb128 0x3
 185 005e 04       		.byte	0x4
 186 005f 05       		.byte	0x5
 187 0060 696E7400 		.ascii	"int\000"
 188 0064 02       		.uleb128 0x2
 189 0065 04       		.byte	0x4
 190 0066 07       		.byte	0x7
 191 0067 DC010000 		.4byte	.LASF8
 192 006b 04       		.uleb128 0x4
 193 006c 5B020000 		.4byte	.LASF9
 194 0070 02       		.byte	0x2
 195 0071 C2       		.byte	0xc2
 196 0072 2C000000 		.4byte	0x2c
 197 0076 04       		.uleb128 0x4
 198 0077 CA010000 		.4byte	.LASF10
 199 007b 02       		.byte	0x2
 200 007c C3       		.byte	0xc3
 201 007d 3A000000 		.4byte	0x3a
 202 0081 02       		.uleb128 0x2
 203 0082 04       		.byte	0x4
 204 0083 04       		.byte	0x4
 205 0084 C1000000 		.4byte	.LASF11
 206 0088 02       		.uleb128 0x2
 207 0089 08       		.byte	0x8
 208 008a 04       		.byte	0x4
 209 008b B1010000 		.4byte	.LASF12
 210 008f 02       		.uleb128 0x2
 211 0090 01       		.byte	0x1
 212 0091 08       		.byte	0x8
 213 0092 41020000 		.4byte	.LASF13
 214 0096 05       		.uleb128 0x5
 215 0097 DE000000 		.4byte	.LASF14
 216 009b 02       		.byte	0x2
 217 009c 6C01     		.2byte	0x16c
 218 009e A2000000 		.4byte	0xa2
 219 00a2 06       		.uleb128 0x6
 220 00a3 6B000000 		.4byte	0x6b
 221 00a7 02       		.uleb128 0x2
 222 00a8 04       		.byte	0x4
 223 00a9 07       		.byte	0x7
 224 00aa 0A020000 		.4byte	.LASF15
 225 00ae 07       		.uleb128 0x7
 226 00af 0C       		.byte	0xc
 227 00b0 03       		.byte	0x3
 228 00b1 7D       		.byte	0x7d
 229 00b2 23010000 		.4byte	0x123
 230 00b6 08       		.uleb128 0x8
 231 00b7 B8010000 		.4byte	.LASF16
 232 00bb 03       		.byte	0x3
 233 00bc 7F       		.byte	0x7f
 234 00bd 6B000000 		.4byte	0x6b
 235 00c1 00       		.byte	0
ARM GAS  C:\Users\mrowiecn\AppData\Local\Temp\ccPfQm34.s 			page 7


 236 00c2 08       		.uleb128 0x8
 237 00c3 D1010000 		.4byte	.LASF17
 238 00c7 03       		.byte	0x3
 239 00c8 80       		.byte	0x80
 240 00c9 6B000000 		.4byte	0x6b
 241 00cd 01       		.byte	0x1
 242 00ce 08       		.uleb128 0x8
 243 00cf 00020000 		.4byte	.LASF18
 244 00d3 03       		.byte	0x3
 245 00d4 81       		.byte	0x81
 246 00d5 6B000000 		.4byte	0x6b
 247 00d9 02       		.byte	0x2
 248 00da 08       		.uleb128 0x8
 249 00db C7000000 		.4byte	.LASF19
 250 00df 03       		.byte	0x3
 251 00e0 82       		.byte	0x82
 252 00e1 6B000000 		.4byte	0x6b
 253 00e5 03       		.byte	0x3
 254 00e6 08       		.uleb128 0x8
 255 00e7 F5000000 		.4byte	.LASF20
 256 00eb 03       		.byte	0x3
 257 00ec 83       		.byte	0x83
 258 00ed 6B000000 		.4byte	0x6b
 259 00f1 04       		.byte	0x4
 260 00f2 08       		.uleb128 0x8
 261 00f3 13020000 		.4byte	.LASF21
 262 00f7 03       		.byte	0x3
 263 00f8 84       		.byte	0x84
 264 00f9 6B000000 		.4byte	0x6b
 265 00fd 05       		.byte	0x5
 266 00fe 08       		.uleb128 0x8
 267 00ff BF010000 		.4byte	.LASF22
 268 0103 03       		.byte	0x3
 269 0104 85       		.byte	0x85
 270 0105 76000000 		.4byte	0x76
 271 0109 06       		.byte	0x6
 272 010a 08       		.uleb128 0x8
 273 010b 46020000 		.4byte	.LASF23
 274 010f 03       		.byte	0x3
 275 0110 86       		.byte	0x86
 276 0111 76000000 		.4byte	0x76
 277 0115 08       		.byte	0x8
 278 0116 08       		.uleb128 0x8
 279 0117 61020000 		.4byte	.LASF24
 280 011b 03       		.byte	0x3
 281 011c 87       		.byte	0x87
 282 011d 6B000000 		.4byte	0x6b
 283 0121 0A       		.byte	0xa
 284 0122 00       		.byte	0
 285 0123 04       		.uleb128 0x4
 286 0124 28020000 		.4byte	.LASF25
 287 0128 03       		.byte	0x3
 288 0129 88       		.byte	0x88
 289 012a AE000000 		.4byte	0xae
 290 012e 09       		.uleb128 0x9
 291 012f 96000000 		.4byte	.LASF33
 292 0133 01       		.byte	0x1
ARM GAS  C:\Users\mrowiecn\AppData\Local\Temp\ccPfQm34.s 			page 8


 293 0134 31       		.byte	0x31
 294 0135 6B000000 		.4byte	0x6b
 295 0139 00000000 		.4byte	.LFB0
 296 013d 90000000 		.4byte	.LFE0-.LFB0
 297 0141 01       		.uleb128 0x1
 298 0142 9C       		.byte	0x9c
 299 0143 64010000 		.4byte	0x164
 300 0147 0A       		.uleb128 0xa
 301 0148 B2000000 		.4byte	.LASF26
 302 014c 01       		.byte	0x1
 303 014d 33       		.byte	0x33
 304 014e 6B000000 		.4byte	0x6b
 305 0152 02       		.uleb128 0x2
 306 0153 91       		.byte	0x91
 307 0154 77       		.sleb128 -9
 308 0155 0A       		.uleb128 0xa
 309 0156 13010000 		.4byte	.LASF27
 310 015a 01       		.byte	0x1
 311 015b 34       		.byte	0x34
 312 015c 6B000000 		.4byte	0x6b
 313 0160 02       		.uleb128 0x2
 314 0161 91       		.byte	0x91
 315 0162 76       		.sleb128 -10
 316 0163 00       		.byte	0
 317 0164 0B       		.uleb128 0xb
 318 0165 FA000000 		.4byte	.LASF28
 319 0169 04       		.byte	0x4
 320 016a 33       		.byte	0x33
 321 016b 6F010000 		.4byte	0x16f
 322 016f 0C       		.uleb128 0xc
 323 0170 04       		.byte	0x4
 324 0171 75010000 		.4byte	0x175
 325 0175 0D       		.uleb128 0xd
 326 0176 6B000000 		.4byte	0x6b
 327 017a 0E       		.uleb128 0xe
 328 017b 23010000 		.4byte	0x123
 329 017f 8A010000 		.4byte	0x18a
 330 0183 0F       		.uleb128 0xf
 331 0184 A7000000 		.4byte	0xa7
 332 0188 08       		.byte	0x8
 333 0189 00       		.byte	0
 334 018a 0B       		.uleb128 0xb
 335 018b 29000000 		.4byte	.LASF29
 336 018f 04       		.byte	0x4
 337 0190 35       		.byte	0x35
 338 0191 95010000 		.4byte	0x195
 339 0195 06       		.uleb128 0x6
 340 0196 7A010000 		.4byte	0x17a
 341 019a 00       		.byte	0
 342              		.section	.debug_abbrev,"",%progbits
 343              	.Ldebug_abbrev0:
 344 0000 01       		.uleb128 0x1
 345 0001 11       		.uleb128 0x11
 346 0002 01       		.byte	0x1
 347 0003 25       		.uleb128 0x25
 348 0004 0E       		.uleb128 0xe
 349 0005 13       		.uleb128 0x13
ARM GAS  C:\Users\mrowiecn\AppData\Local\Temp\ccPfQm34.s 			page 9


 350 0006 0B       		.uleb128 0xb
 351 0007 03       		.uleb128 0x3
 352 0008 0E       		.uleb128 0xe
 353 0009 1B       		.uleb128 0x1b
 354 000a 0E       		.uleb128 0xe
 355 000b 55       		.uleb128 0x55
 356 000c 17       		.uleb128 0x17
 357 000d 11       		.uleb128 0x11
 358 000e 01       		.uleb128 0x1
 359 000f 10       		.uleb128 0x10
 360 0010 17       		.uleb128 0x17
 361 0011 00       		.byte	0
 362 0012 00       		.byte	0
 363 0013 02       		.uleb128 0x2
 364 0014 24       		.uleb128 0x24
 365 0015 00       		.byte	0
 366 0016 0B       		.uleb128 0xb
 367 0017 0B       		.uleb128 0xb
 368 0018 3E       		.uleb128 0x3e
 369 0019 0B       		.uleb128 0xb
 370 001a 03       		.uleb128 0x3
 371 001b 0E       		.uleb128 0xe
 372 001c 00       		.byte	0
 373 001d 00       		.byte	0
 374 001e 03       		.uleb128 0x3
 375 001f 24       		.uleb128 0x24
 376 0020 00       		.byte	0
 377 0021 0B       		.uleb128 0xb
 378 0022 0B       		.uleb128 0xb
 379 0023 3E       		.uleb128 0x3e
 380 0024 0B       		.uleb128 0xb
 381 0025 03       		.uleb128 0x3
 382 0026 08       		.uleb128 0x8
 383 0027 00       		.byte	0
 384 0028 00       		.byte	0
 385 0029 04       		.uleb128 0x4
 386 002a 16       		.uleb128 0x16
 387 002b 00       		.byte	0
 388 002c 03       		.uleb128 0x3
 389 002d 0E       		.uleb128 0xe
 390 002e 3A       		.uleb128 0x3a
 391 002f 0B       		.uleb128 0xb
 392 0030 3B       		.uleb128 0x3b
 393 0031 0B       		.uleb128 0xb
 394 0032 49       		.uleb128 0x49
 395 0033 13       		.uleb128 0x13
 396 0034 00       		.byte	0
 397 0035 00       		.byte	0
 398 0036 05       		.uleb128 0x5
 399 0037 16       		.uleb128 0x16
 400 0038 00       		.byte	0
 401 0039 03       		.uleb128 0x3
 402 003a 0E       		.uleb128 0xe
 403 003b 3A       		.uleb128 0x3a
 404 003c 0B       		.uleb128 0xb
 405 003d 3B       		.uleb128 0x3b
 406 003e 05       		.uleb128 0x5
ARM GAS  C:\Users\mrowiecn\AppData\Local\Temp\ccPfQm34.s 			page 10


 407 003f 49       		.uleb128 0x49
 408 0040 13       		.uleb128 0x13
 409 0041 00       		.byte	0
 410 0042 00       		.byte	0
 411 0043 06       		.uleb128 0x6
 412 0044 35       		.uleb128 0x35
 413 0045 00       		.byte	0
 414 0046 49       		.uleb128 0x49
 415 0047 13       		.uleb128 0x13
 416 0048 00       		.byte	0
 417 0049 00       		.byte	0
 418 004a 07       		.uleb128 0x7
 419 004b 13       		.uleb128 0x13
 420 004c 01       		.byte	0x1
 421 004d 0B       		.uleb128 0xb
 422 004e 0B       		.uleb128 0xb
 423 004f 3A       		.uleb128 0x3a
 424 0050 0B       		.uleb128 0xb
 425 0051 3B       		.uleb128 0x3b
 426 0052 0B       		.uleb128 0xb
 427 0053 01       		.uleb128 0x1
 428 0054 13       		.uleb128 0x13
 429 0055 00       		.byte	0
 430 0056 00       		.byte	0
 431 0057 08       		.uleb128 0x8
 432 0058 0D       		.uleb128 0xd
 433 0059 00       		.byte	0
 434 005a 03       		.uleb128 0x3
 435 005b 0E       		.uleb128 0xe
 436 005c 3A       		.uleb128 0x3a
 437 005d 0B       		.uleb128 0xb
 438 005e 3B       		.uleb128 0x3b
 439 005f 0B       		.uleb128 0xb
 440 0060 49       		.uleb128 0x49
 441 0061 13       		.uleb128 0x13
 442 0062 38       		.uleb128 0x38
 443 0063 0B       		.uleb128 0xb
 444 0064 00       		.byte	0
 445 0065 00       		.byte	0
 446 0066 09       		.uleb128 0x9
 447 0067 2E       		.uleb128 0x2e
 448 0068 01       		.byte	0x1
 449 0069 3F       		.uleb128 0x3f
 450 006a 19       		.uleb128 0x19
 451 006b 03       		.uleb128 0x3
 452 006c 0E       		.uleb128 0xe
 453 006d 3A       		.uleb128 0x3a
 454 006e 0B       		.uleb128 0xb
 455 006f 3B       		.uleb128 0x3b
 456 0070 0B       		.uleb128 0xb
 457 0071 27       		.uleb128 0x27
 458 0072 19       		.uleb128 0x19
 459 0073 49       		.uleb128 0x49
 460 0074 13       		.uleb128 0x13
 461 0075 11       		.uleb128 0x11
 462 0076 01       		.uleb128 0x1
 463 0077 12       		.uleb128 0x12
ARM GAS  C:\Users\mrowiecn\AppData\Local\Temp\ccPfQm34.s 			page 11


 464 0078 06       		.uleb128 0x6
 465 0079 40       		.uleb128 0x40
 466 007a 18       		.uleb128 0x18
 467 007b 9642     		.uleb128 0x2116
 468 007d 19       		.uleb128 0x19
 469 007e 01       		.uleb128 0x1
 470 007f 13       		.uleb128 0x13
 471 0080 00       		.byte	0
 472 0081 00       		.byte	0
 473 0082 0A       		.uleb128 0xa
 474 0083 34       		.uleb128 0x34
 475 0084 00       		.byte	0
 476 0085 03       		.uleb128 0x3
 477 0086 0E       		.uleb128 0xe
 478 0087 3A       		.uleb128 0x3a
 479 0088 0B       		.uleb128 0xb
 480 0089 3B       		.uleb128 0x3b
 481 008a 0B       		.uleb128 0xb
 482 008b 49       		.uleb128 0x49
 483 008c 13       		.uleb128 0x13
 484 008d 02       		.uleb128 0x2
 485 008e 18       		.uleb128 0x18
 486 008f 00       		.byte	0
 487 0090 00       		.byte	0
 488 0091 0B       		.uleb128 0xb
 489 0092 34       		.uleb128 0x34
 490 0093 00       		.byte	0
 491 0094 03       		.uleb128 0x3
 492 0095 0E       		.uleb128 0xe
 493 0096 3A       		.uleb128 0x3a
 494 0097 0B       		.uleb128 0xb
 495 0098 3B       		.uleb128 0x3b
 496 0099 0B       		.uleb128 0xb
 497 009a 49       		.uleb128 0x49
 498 009b 13       		.uleb128 0x13
 499 009c 3F       		.uleb128 0x3f
 500 009d 19       		.uleb128 0x19
 501 009e 3C       		.uleb128 0x3c
 502 009f 19       		.uleb128 0x19
 503 00a0 00       		.byte	0
 504 00a1 00       		.byte	0
 505 00a2 0C       		.uleb128 0xc
 506 00a3 0F       		.uleb128 0xf
 507 00a4 00       		.byte	0
 508 00a5 0B       		.uleb128 0xb
 509 00a6 0B       		.uleb128 0xb
 510 00a7 49       		.uleb128 0x49
 511 00a8 13       		.uleb128 0x13
 512 00a9 00       		.byte	0
 513 00aa 00       		.byte	0
 514 00ab 0D       		.uleb128 0xd
 515 00ac 26       		.uleb128 0x26
 516 00ad 00       		.byte	0
 517 00ae 49       		.uleb128 0x49
 518 00af 13       		.uleb128 0x13
 519 00b0 00       		.byte	0
 520 00b1 00       		.byte	0
ARM GAS  C:\Users\mrowiecn\AppData\Local\Temp\ccPfQm34.s 			page 12


 521 00b2 0E       		.uleb128 0xe
 522 00b3 01       		.uleb128 0x1
 523 00b4 01       		.byte	0x1
 524 00b5 49       		.uleb128 0x49
 525 00b6 13       		.uleb128 0x13
 526 00b7 01       		.uleb128 0x1
 527 00b8 13       		.uleb128 0x13
 528 00b9 00       		.byte	0
 529 00ba 00       		.byte	0
 530 00bb 0F       		.uleb128 0xf
 531 00bc 21       		.uleb128 0x21
 532 00bd 00       		.byte	0
 533 00be 49       		.uleb128 0x49
 534 00bf 13       		.uleb128 0x13
 535 00c0 2F       		.uleb128 0x2f
 536 00c1 0B       		.uleb128 0xb
 537 00c2 00       		.byte	0
 538 00c3 00       		.byte	0
 539 00c4 00       		.byte	0
 540              		.section	.debug_aranges,"",%progbits
 541 0000 1C000000 		.4byte	0x1c
 542 0004 0200     		.2byte	0x2
 543 0006 00000000 		.4byte	.Ldebug_info0
 544 000a 04       		.byte	0x4
 545 000b 00       		.byte	0
 546 000c 0000     		.2byte	0
 547 000e 0000     		.2byte	0
 548 0010 00000000 		.4byte	.LFB0
 549 0014 90000000 		.4byte	.LFE0-.LFB0
 550 0018 00000000 		.4byte	0
 551 001c 00000000 		.4byte	0
 552              		.section	.debug_ranges,"",%progbits
 553              	.Ldebug_ranges0:
 554 0000 00000000 		.4byte	.LFB0
 555 0004 90000000 		.4byte	.LFE0
 556 0008 00000000 		.4byte	0
 557 000c 00000000 		.4byte	0
 558              		.section	.debug_line,"",%progbits
 559              	.Ldebug_line0:
 560 0000 9E000000 		.section	.debug_str,"MS",%progbits,1
 560      02006E00 
 560      00000201 
 560      FB0E0D00 
 560      01010101 
 561              	.LASF31:
 562 0000 2E5C4765 		.ascii	".\\Generated_Source\\PSoC5\\USBUART_1_cls.c\000"
 562      6E657261 
 562      7465645F 
 562      536F7572 
 562      63655C50 
 563              	.LASF29:
 564 0029 55534255 		.ascii	"USBUART_1_EP\000"
 564      4152545F 
 564      315F4550 
 564      00
 565              	.LASF32:
 566 0036 443A5C4D 		.ascii	"D:\\MyDocs\\Documents\\CE4950\\Networking\\Networki"
ARM GAS  C:\Users\mrowiecn\AppData\Local\Temp\ccPfQm34.s 			page 13


 566      79446F63 
 566      735C446F 
 566      63756D65 
 566      6E74735C 
 567 0064 6E675C55 		.ascii	"ng\\USB_UART01\\USB_UART01.cydsn\000"
 567      53425F55 
 567      41525430 
 567      315C5553 
 567      425F5541 
 568              	.LASF3:
 569 0083 73686F72 		.ascii	"short unsigned int\000"
 569      7420756E 
 569      7369676E 
 569      65642069 
 569      6E7400
 570              	.LASF33:
 571 0096 55534255 		.ascii	"USBUART_1_DispatchClassRqst\000"
 571      4152545F 
 571      315F4469 
 571      73706174 
 571      6368436C 
 572              	.LASF26:
 573 00b2 72657175 		.ascii	"requestHandled\000"
 573      65737448 
 573      616E646C 
 573      656400
 574              	.LASF11:
 575 00c1 666C6F61 		.ascii	"float\000"
 575      7400
 576              	.LASF19:
 577 00c7 6570546F 		.ascii	"epToggle\000"
 577      67676C65 
 577      00
 578              	.LASF1:
 579 00d0 756E7369 		.ascii	"unsigned char\000"
 579      676E6564 
 579      20636861 
 579      7200
 580              	.LASF14:
 581 00de 72656738 		.ascii	"reg8\000"
 581      00
 582              	.LASF5:
 583 00e3 6C6F6E67 		.ascii	"long unsigned int\000"
 583      20756E73 
 583      69676E65 
 583      6420696E 
 583      7400
 584              	.LASF20:
 585 00f5 61646472 		.ascii	"addr\000"
 585      00
 586              	.LASF28:
 587 00fa 55534255 		.ascii	"USBUART_1_interfaceClass\000"
 587      4152545F 
 587      315F696E 
 587      74657266 
 587      61636543 
 588              	.LASF27:
ARM GAS  C:\Users\mrowiecn\AppData\Local\Temp\ccPfQm34.s 			page 14


 589 0113 696E7465 		.ascii	"interfaceNumber\000"
 589      72666163 
 589      654E756D 
 589      62657200 
 590              	.LASF30:
 591 0123 474E5520 		.ascii	"GNU C 4.9.3 20150303 (release) [ARM/embedded-4_9-br"
 591      4320342E 
 591      392E3320 
 591      32303135 
 591      30333033 
 592 0156 616E6368 		.ascii	"anch revision 221220] -mcpu=cortex-m3 -mthumb -g -O"
 592      20726576 
 592      6973696F 
 592      6E203232 
 592      31323230 
 593 0189 30202D66 		.ascii	"0 -ffunction-sections -ffat-lto-objects\000"
 593      66756E63 
 593      74696F6E 
 593      2D736563 
 593      74696F6E 
 594              	.LASF12:
 595 01b1 646F7562 		.ascii	"double\000"
 595      6C6500
 596              	.LASF16:
 597 01b8 61747472 		.ascii	"attrib\000"
 597      696200
 598              	.LASF22:
 599 01bf 62756666 		.ascii	"buffOffset\000"
 599      4F666673 
 599      657400
 600              	.LASF10:
 601 01ca 75696E74 		.ascii	"uint16\000"
 601      313600
 602              	.LASF17:
 603 01d1 61706945 		.ascii	"apiEpState\000"
 603      70537461 
 603      746500
 604              	.LASF8:
 605 01dc 756E7369 		.ascii	"unsigned int\000"
 605      676E6564 
 605      20696E74 
 605      00
 606              	.LASF7:
 607 01e9 6C6F6E67 		.ascii	"long long unsigned int\000"
 607      206C6F6E 
 607      6720756E 
 607      7369676E 
 607      65642069 
 608              	.LASF18:
 609 0200 68774570 		.ascii	"hwEpState\000"
 609      53746174 
 609      6500
 610              	.LASF15:
 611 020a 73697A65 		.ascii	"sizetype\000"
 611      74797065 
 611      00
 612              	.LASF21:
ARM GAS  C:\Users\mrowiecn\AppData\Local\Temp\ccPfQm34.s 			page 15


 613 0213 65704D6F 		.ascii	"epMode\000"
 613      646500
 614              	.LASF6:
 615 021a 6C6F6E67 		.ascii	"long long int\000"
 615      206C6F6E 
 615      6720696E 
 615      7400
 616              	.LASF25:
 617 0228 545F5553 		.ascii	"T_USBUART_1_EP_CTL_BLOCK\000"
 617      42554152 
 617      545F315F 
 617      45505F43 
 617      544C5F42 
 618              	.LASF13:
 619 0241 63686172 		.ascii	"char\000"
 619      00
 620              	.LASF23:
 621 0246 62756666 		.ascii	"bufferSize\000"
 621      65725369 
 621      7A6500
 622              	.LASF2:
 623 0251 73686F72 		.ascii	"short int\000"
 623      7420696E 
 623      7400
 624              	.LASF9:
 625 025b 75696E74 		.ascii	"uint8\000"
 625      3800
 626              	.LASF24:
 627 0261 696E7465 		.ascii	"interface\000"
 627      72666163 
 627      6500
 628              	.LASF4:
 629 026b 6C6F6E67 		.ascii	"long int\000"
 629      20696E74 
 629      00
 630              	.LASF0:
 631 0274 7369676E 		.ascii	"signed char\000"
 631      65642063 
 631      68617200 
 632              		.ident	"GCC: (GNU Tools for ARM Embedded Processors) 4.9.3 20150303 (release) [ARM/embedded-4_9-br
